[2026-03-18 05:43:18,924][HYDRA] Filtered: +loggers=['autrainer.loggers.TensorBoardLogger'] +seed=1 +learning_rate=0.01 +batch_size=4 dataset=AIBO-2cl-IS09-llds model=Cnn14-16k-T optimizer=Adam with expr: {'expr': "dataset['id'] == 'AIBO-2cl-IS09-llds' and model['id'] != 'Seq-FFNN-IS09'"}
[2026-03-18 05:43:19,045][HYDRA] Filtered: +loggers=['autrainer.loggers.TensorBoardLogger'] +seed=1 +learning_rate=0.01 +batch_size=4 dataset=AIBO-2cl-IS09-llds model=Cnn14-16k-T optimizer=SGD with expr: {'expr': "dataset['id'] == 'AIBO-2cl-IS09-llds' and model['id'] != 'Seq-FFNN-IS09'"}
[2026-03-18 05:43:19,167][HYDRA] Filtered: +loggers=['autrainer.loggers.TensorBoardLogger'] +seed=1 +learning_rate=0.01 +batch_size=4 dataset=AIBO-2cl-IS09-llds model=ResNet-50-T optimizer=Adam with expr: {'expr': "dataset['id'] == 'AIBO-2cl-IS09-llds' and model['id'] != 'Seq-FFNN-IS09'"}
[2026-03-18 05:43:19,287][HYDRA] Filtered: +loggers=['autrainer.loggers.TensorBoardLogger'] +seed=1 +learning_rate=0.01 +batch_size=4 dataset=AIBO-2cl-IS09-llds model=ResNet-50-T optimizer=SGD with expr: {'expr': "dataset['id'] == 'AIBO-2cl-IS09-llds' and model['id'] != 'Seq-FFNN-IS09'"}
[2026-03-18 05:43:19,409][HYDRA] Filtered: +loggers=['autrainer.loggers.TensorBoardLogger'] +seed=1 +learning_rate=0.01 +batch_size=4 dataset=AIBO-2cl-IS09-llds model=Whisper-FFNN-Tiny-T optimizer=Adam with expr: {'expr': "dataset['id'] == 'AIBO-2cl-IS09-llds' and model['id'] != 'Seq-FFNN-IS09'"}
[2026-03-18 05:43:19,551][HYDRA] Filtered: +loggers=['autrainer.loggers.TensorBoardLogger'] +seed=1 +learning_rate=0.01 +batch_size=4 dataset=AIBO-2cl-IS09-llds model=Whisper-FFNN-Tiny-T optimizer=SGD with expr: {'expr': "dataset['id'] == 'AIBO-2cl-IS09-llds' and model['id'] != 'Seq-FFNN-IS09'"}
[2026-03-18 05:43:19,672][HYDRA] Filtered: +loggers=['autrainer.loggers.TensorBoardLogger'] +seed=1 +learning_rate=0.01 +batch_size=4 dataset=AIBO-2cl-IS09-llds model=w2v2-l-emo optimizer=Adam with expr: {'expr': "dataset['id'] == 'AIBO-2cl-IS09-llds' and model['id'] != 'Seq-FFNN-IS09'"}
[2026-03-18 05:43:19,793][HYDRA] Filtered: +loggers=['autrainer.loggers.TensorBoardLogger'] +seed=1 +learning_rate=0.01 +batch_size=4 dataset=AIBO-2cl-IS09-llds model=w2v2-l-emo optimizer=SGD with expr: {'expr': "dataset['id'] == 'AIBO-2cl-IS09-llds' and model['id'] != 'Seq-FFNN-IS09'"}
[2026-03-18 05:43:21,181][HYDRA] Filtered: +loggers=['autrainer.loggers.TensorBoardLogger'] +seed=1 +learning_rate=0.01 +batch_size=4 dataset=AIBO-2cl-wav model=Seq-FFNN-IS09 optimizer=Adam with expr: {'expr': 'dataset[\'id\'] == "AIBO-2cl-wav" and model[\'id\'] in ["Cnn14-16k-T","ResNet50-T","Seq-FFNN-IS09"]'}
[2026-03-18 05:43:21,302][HYDRA] Filtered: +loggers=['autrainer.loggers.TensorBoardLogger'] +seed=1 +learning_rate=0.01 +batch_size=4 dataset=AIBO-2cl-wav model=Seq-FFNN-IS09 optimizer=SGD with expr: {'expr': 'dataset[\'id\'] == "AIBO-2cl-wav" and model[\'id\'] in ["Cnn14-16k-T","ResNet50-T","Seq-FFNN-IS09"]'}
[2026-03-18 05:43:21,424][HYDRA] Filtered: +loggers=['autrainer.loggers.TensorBoardLogger'] +seed=1 +learning_rate=0.01 +batch_size=4 dataset=AIBO-2cl-wav model=Cnn14-16k-T optimizer=Adam with expr: {'expr': 'dataset[\'id\'] == "AIBO-2cl-wav" and model[\'id\'] in ["Cnn14-16k-T","ResNet50-T","Seq-FFNN-IS09"]'}
[2026-03-18 05:43:21,545][HYDRA] Filtered: +loggers=['autrainer.loggers.TensorBoardLogger'] +seed=1 +learning_rate=0.01 +batch_size=4 dataset=AIBO-2cl-wav model=Cnn14-16k-T optimizer=SGD with expr: {'expr': 'dataset[\'id\'] == "AIBO-2cl-wav" and model[\'id\'] in ["Cnn14-16k-T","ResNet50-T","Seq-FFNN-IS09"]'}
[2026-03-18 05:43:22,671][HYDRA] Filtered: +loggers=['autrainer.loggers.TensorBoardLogger'] +seed=1 +learning_rate=0.01 +batch_size=8 dataset=AIBO-2cl-IS09-llds model=Cnn14-16k-T optimizer=Adam with expr: {'expr': "dataset['id'] == 'AIBO-2cl-IS09-llds' and model['id'] != 'Seq-FFNN-IS09'"}
[2026-03-18 05:43:22,791][HYDRA] Filtered: +loggers=['autrainer.loggers.TensorBoardLogger'] +seed=1 +learning_rate=0.01 +batch_size=8 dataset=AIBO-2cl-IS09-llds model=Cnn14-16k-T optimizer=SGD with expr: {'expr': "dataset['id'] == 'AIBO-2cl-IS09-llds' and model['id'] != 'Seq-FFNN-IS09'"}
[2026-03-18 05:43:22,909][HYDRA] Filtered: +loggers=['autrainer.loggers.TensorBoardLogger'] +seed=1 +learning_rate=0.01 +batch_size=8 dataset=AIBO-2cl-IS09-llds model=ResNet-50-T optimizer=Adam with expr: {'expr': "dataset['id'] == 'AIBO-2cl-IS09-llds' and model['id'] != 'Seq-FFNN-IS09'"}
[2026-03-18 05:43:23,028][HYDRA] Filtered: +loggers=['autrainer.loggers.TensorBoardLogger'] +seed=1 +learning_rate=0.01 +batch_size=8 dataset=AIBO-2cl-IS09-llds model=ResNet-50-T optimizer=SGD with expr: {'expr': "dataset['id'] == 'AIBO-2cl-IS09-llds' and model['id'] != 'Seq-FFNN-IS09'"}
[2026-03-18 05:43:23,149][HYDRA] Filtered: +loggers=['autrainer.loggers.TensorBoardLogger'] +seed=1 +learning_rate=0.01 +batch_size=8 dataset=AIBO-2cl-IS09-llds model=Whisper-FFNN-Tiny-T optimizer=Adam with expr: {'expr': "dataset['id'] == 'AIBO-2cl-IS09-llds' and model['id'] != 'Seq-FFNN-IS09'"}
[2026-03-18 05:43:23,270][HYDRA] Filtered: +loggers=['autrainer.loggers.TensorBoardLogger'] +seed=1 +learning_rate=0.01 +batch_size=8 dataset=AIBO-2cl-IS09-llds model=Whisper-FFNN-Tiny-T optimizer=SGD with expr: {'expr': "dataset['id'] == 'AIBO-2cl-IS09-llds' and model['id'] != 'Seq-FFNN-IS09'"}
[2026-03-18 05:43:23,391][HYDRA] Filtered: +loggers=['autrainer.loggers.TensorBoardLogger'] +seed=1 +learning_rate=0.01 +batch_size=8 dataset=AIBO-2cl-IS09-llds model=w2v2-l-emo optimizer=Adam with expr: {'expr': "dataset['id'] == 'AIBO-2cl-IS09-llds' and model['id'] != 'Seq-FFNN-IS09'"}
[2026-03-18 05:43:23,512][HYDRA] Filtered: +loggers=['autrainer.loggers.TensorBoardLogger'] +seed=1 +learning_rate=0.01 +batch_size=8 dataset=AIBO-2cl-IS09-llds model=w2v2-l-emo optimizer=SGD with expr: {'expr': "dataset['id'] == 'AIBO-2cl-IS09-llds' and model['id'] != 'Seq-FFNN-IS09'"}
[2026-03-18 05:43:24,887][HYDRA] Filtered: +loggers=['autrainer.loggers.TensorBoardLogger'] +seed=1 +learning_rate=0.01 +batch_size=8 dataset=AIBO-2cl-wav model=Seq-FFNN-IS09 optimizer=Adam with expr: {'expr': 'dataset[\'id\'] == "AIBO-2cl-wav" and model[\'id\'] in ["Cnn14-16k-T","ResNet50-T","Seq-FFNN-IS09"]'}
[2026-03-18 05:43:25,008][HYDRA] Filtered: +loggers=['autrainer.loggers.TensorBoardLogger'] +seed=1 +learning_rate=0.01 +batch_size=8 dataset=AIBO-2cl-wav model=Seq-FFNN-IS09 optimizer=SGD with expr: {'expr': 'dataset[\'id\'] == "AIBO-2cl-wav" and model[\'id\'] in ["Cnn14-16k-T","ResNet50-T","Seq-FFNN-IS09"]'}
[2026-03-18 05:43:25,128][HYDRA] Filtered: +loggers=['autrainer.loggers.TensorBoardLogger'] +seed=1 +learning_rate=0.01 +batch_size=8 dataset=AIBO-2cl-wav model=Cnn14-16k-T optimizer=Adam with expr: {'expr': 'dataset[\'id\'] == "AIBO-2cl-wav" and model[\'id\'] in ["Cnn14-16k-T","ResNet50-T","Seq-FFNN-IS09"]'}
[2026-03-18 05:43:25,248][HYDRA] Filtered: +loggers=['autrainer.loggers.TensorBoardLogger'] +seed=1 +learning_rate=0.01 +batch_size=8 dataset=AIBO-2cl-wav model=Cnn14-16k-T optimizer=SGD with expr: {'expr': 'dataset[\'id\'] == "AIBO-2cl-wav" and model[\'id\'] in ["Cnn14-16k-T","ResNet50-T","Seq-FFNN-IS09"]'}
[2026-03-18 05:43:26,369][HYDRA] Filtered: +loggers=['autrainer.loggers.TensorBoardLogger'] +seed=1 +learning_rate=0.01 +batch_size=16 dataset=AIBO-2cl-IS09-llds model=Cnn14-16k-T optimizer=Adam with expr: {'expr': "dataset['id'] == 'AIBO-2cl-IS09-llds' and model['id'] != 'Seq-FFNN-IS09'"}
[2026-03-18 05:43:26,488][HYDRA] Filtered: +loggers=['autrainer.loggers.TensorBoardLogger'] +seed=1 +learning_rate=0.01 +batch_size=16 dataset=AIBO-2cl-IS09-llds model=Cnn14-16k-T optimizer=SGD with expr: {'expr': "dataset['id'] == 'AIBO-2cl-IS09-llds' and model['id'] != 'Seq-FFNN-IS09'"}
[2026-03-18 05:43:26,606][HYDRA] Filtered: +loggers=['autrainer.loggers.TensorBoardLogger'] +seed=1 +learning_rate=0.01 +batch_size=16 dataset=AIBO-2cl-IS09-llds model=ResNet-50-T optimizer=Adam with expr: {'expr': "dataset['id'] == 'AIBO-2cl-IS09-llds' and model['id'] != 'Seq-FFNN-IS09'"}
[2026-03-18 05:43:26,725][HYDRA] Filtered: +loggers=['autrainer.loggers.TensorBoardLogger'] +seed=1 +learning_rate=0.01 +batch_size=16 dataset=AIBO-2cl-IS09-llds model=ResNet-50-T optimizer=SGD with expr: {'expr': "dataset['id'] == 'AIBO-2cl-IS09-llds' and model['id'] != 'Seq-FFNN-IS09'"}
[2026-03-18 05:43:26,867][HYDRA] Filtered: +loggers=['autrainer.loggers.TensorBoardLogger'] +seed=1 +learning_rate=0.01 +batch_size=16 dataset=AIBO-2cl-IS09-llds model=Whisper-FFNN-Tiny-T optimizer=Adam with expr: {'expr': "dataset['id'] == 'AIBO-2cl-IS09-llds' and model['id'] != 'Seq-FFNN-IS09'"}
[2026-03-18 05:43:26,987][HYDRA] Filtered: +loggers=['autrainer.loggers.TensorBoardLogger'] +seed=1 +learning_rate=0.01 +batch_size=16 dataset=AIBO-2cl-IS09-llds model=Whisper-FFNN-Tiny-T optimizer=SGD with expr: {'expr': "dataset['id'] == 'AIBO-2cl-IS09-llds' and model['id'] != 'Seq-FFNN-IS09'"}
[2026-03-18 05:43:27,108][HYDRA] Filtered: +loggers=['autrainer.loggers.TensorBoardLogger'] +seed=1 +learning_rate=0.01 +batch_size=16 dataset=AIBO-2cl-IS09-llds model=w2v2-l-emo optimizer=Adam with expr: {'expr': "dataset['id'] == 'AIBO-2cl-IS09-llds' and model['id'] != 'Seq-FFNN-IS09'"}
[2026-03-18 05:43:27,228][HYDRA] Filtered: +loggers=['autrainer.loggers.TensorBoardLogger'] +seed=1 +learning_rate=0.01 +batch_size=16 dataset=AIBO-2cl-IS09-llds model=w2v2-l-emo optimizer=SGD with expr: {'expr': "dataset['id'] == 'AIBO-2cl-IS09-llds' and model['id'] != 'Seq-FFNN-IS09'"}
[2026-03-18 05:43:28,592][HYDRA] Filtered: +loggers=['autrainer.loggers.TensorBoardLogger'] +seed=1 +learning_rate=0.01 +batch_size=16 dataset=AIBO-2cl-wav model=Seq-FFNN-IS09 optimizer=Adam with expr: {'expr': 'dataset[\'id\'] == "AIBO-2cl-wav" and model[\'id\'] in ["Cnn14-16k-T","ResNet50-T","Seq-FFNN-IS09"]'}
[2026-03-18 05:43:28,712][HYDRA] Filtered: +loggers=['autrainer.loggers.TensorBoardLogger'] +seed=1 +learning_rate=0.01 +batch_size=16 dataset=AIBO-2cl-wav model=Seq-FFNN-IS09 optimizer=SGD with expr: {'expr': 'dataset[\'id\'] == "AIBO-2cl-wav" and model[\'id\'] in ["Cnn14-16k-T","ResNet50-T","Seq-FFNN-IS09"]'}
[2026-03-18 05:43:28,832][HYDRA] Filtered: +loggers=['autrainer.loggers.TensorBoardLogger'] +seed=1 +learning_rate=0.01 +batch_size=16 dataset=AIBO-2cl-wav model=Cnn14-16k-T optimizer=Adam with expr: {'expr': 'dataset[\'id\'] == "AIBO-2cl-wav" and model[\'id\'] in ["Cnn14-16k-T","ResNet50-T","Seq-FFNN-IS09"]'}
[2026-03-18 05:43:28,952][HYDRA] Filtered: +loggers=['autrainer.loggers.TensorBoardLogger'] +seed=1 +learning_rate=0.01 +batch_size=16 dataset=AIBO-2cl-wav model=Cnn14-16k-T optimizer=SGD with expr: {'expr': 'dataset[\'id\'] == "AIBO-2cl-wav" and model[\'id\'] in ["Cnn14-16k-T","ResNet50-T","Seq-FFNN-IS09"]'}
[2026-03-18 05:43:30,060][HYDRA] Filtered: +loggers=['autrainer.loggers.TensorBoardLogger'] +seed=1 +learning_rate=0.001 +batch_size=4 dataset=AIBO-2cl-IS09-llds model=Cnn14-16k-T optimizer=Adam with expr: {'expr': "dataset['id'] == 'AIBO-2cl-IS09-llds' and model['id'] != 'Seq-FFNN-IS09'"}
[2026-03-18 05:43:30,180][HYDRA] Filtered: +loggers=['autrainer.loggers.TensorBoardLogger'] +seed=1 +learning_rate=0.001 +batch_size=4 dataset=AIBO-2cl-IS09-llds model=Cnn14-16k-T optimizer=SGD with expr: {'expr': "dataset['id'] == 'AIBO-2cl-IS09-llds' and model['id'] != 'Seq-FFNN-IS09'"}
[2026-03-18 05:43:30,299][HYDRA] Filtered: +loggers=['autrainer.loggers.TensorBoardLogger'] +seed=1 +learning_rate=0.001 +batch_size=4 dataset=AIBO-2cl-IS09-llds model=ResNet-50-T optimizer=Adam with expr: {'expr': "dataset['id'] == 'AIBO-2cl-IS09-llds' and model['id'] != 'Seq-FFNN-IS09'"}
[2026-03-18 05:43:30,418][HYDRA] Filtered: +loggers=['autrainer.loggers.TensorBoardLogger'] +seed=1 +learning_rate=0.001 +batch_size=4 dataset=AIBO-2cl-IS09-llds model=ResNet-50-T optimizer=SGD with expr: {'expr': "dataset['id'] == 'AIBO-2cl-IS09-llds' and model['id'] != 'Seq-FFNN-IS09'"}
[2026-03-18 05:43:30,538][HYDRA] Filtered: +loggers=['autrainer.loggers.TensorBoardLogger'] +seed=1 +learning_rate=0.001 +batch_size=4 dataset=AIBO-2cl-IS09-llds model=Whisper-FFNN-Tiny-T optimizer=Adam with expr: {'expr': "dataset['id'] == 'AIBO-2cl-IS09-llds' and model['id'] != 'Seq-FFNN-IS09'"}
[2026-03-18 05:43:30,659][HYDRA] Filtered: +loggers=['autrainer.loggers.TensorBoardLogger'] +seed=1 +learning_rate=0.001 +batch_size=4 dataset=AIBO-2cl-IS09-llds model=Whisper-FFNN-Tiny-T optimizer=SGD with expr: {'expr': "dataset['id'] == 'AIBO-2cl-IS09-llds' and model['id'] != 'Seq-FFNN-IS09'"}
[2026-03-18 05:43:30,780][HYDRA] Filtered: +loggers=['autrainer.loggers.TensorBoardLogger'] +seed=1 +learning_rate=0.001 +batch_size=4 dataset=AIBO-2cl-IS09-llds model=w2v2-l-emo optimizer=Adam with expr: {'expr': "dataset['id'] == 'AIBO-2cl-IS09-llds' and model['id'] != 'Seq-FFNN-IS09'"}
[2026-03-18 05:43:30,901][HYDRA] Filtered: +loggers=['autrainer.loggers.TensorBoardLogger'] +seed=1 +learning_rate=0.001 +batch_size=4 dataset=AIBO-2cl-IS09-llds model=w2v2-l-emo optimizer=SGD with expr: {'expr': "dataset['id'] == 'AIBO-2cl-IS09-llds' and model['id'] != 'Seq-FFNN-IS09'"}
[2026-03-18 05:43:32,265][HYDRA] Filtered: +loggers=['autrainer.loggers.TensorBoardLogger'] +seed=1 +learning_rate=0.001 +batch_size=4 dataset=AIBO-2cl-wav model=Seq-FFNN-IS09 optimizer=Adam with expr: {'expr': 'dataset[\'id\'] == "AIBO-2cl-wav" and model[\'id\'] in ["Cnn14-16k-T","ResNet50-T","Seq-FFNN-IS09"]'}
[2026-03-18 05:43:32,385][HYDRA] Filtered: +loggers=['autrainer.loggers.TensorBoardLogger'] +seed=1 +learning_rate=0.001 +batch_size=4 dataset=AIBO-2cl-wav model=Seq-FFNN-IS09 optimizer=SGD with expr: {'expr': 'dataset[\'id\'] == "AIBO-2cl-wav" and model[\'id\'] in ["Cnn14-16k-T","ResNet50-T","Seq-FFNN-IS09"]'}
[2026-03-18 05:43:32,526][HYDRA] Filtered: +loggers=['autrainer.loggers.TensorBoardLogger'] +seed=1 +learning_rate=0.001 +batch_size=4 dataset=AIBO-2cl-wav model=Cnn14-16k-T optimizer=Adam with expr: {'expr': 'dataset[\'id\'] == "AIBO-2cl-wav" and model[\'id\'] in ["Cnn14-16k-T","ResNet50-T","Seq-FFNN-IS09"]'}
[2026-03-18 05:43:32,647][HYDRA] Filtered: +loggers=['autrainer.loggers.TensorBoardLogger'] +seed=1 +learning_rate=0.001 +batch_size=4 dataset=AIBO-2cl-wav model=Cnn14-16k-T optimizer=SGD with expr: {'expr': 'dataset[\'id\'] == "AIBO-2cl-wav" and model[\'id\'] in ["Cnn14-16k-T","ResNet50-T","Seq-FFNN-IS09"]'}
[2026-03-18 05:43:33,731][HYDRA] Filtered: +loggers=['autrainer.loggers.TensorBoardLogger'] +seed=1 +learning_rate=0.001 +batch_size=8 dataset=AIBO-2cl-IS09-llds model=Cnn14-16k-T optimizer=Adam with expr: {'expr': "dataset['id'] == 'AIBO-2cl-IS09-llds' and model['id'] != 'Seq-FFNN-IS09'"}
[2026-03-18 05:43:33,850][HYDRA] Filtered: +loggers=['autrainer.loggers.TensorBoardLogger'] +seed=1 +learning_rate=0.001 +batch_size=8 dataset=AIBO-2cl-IS09-llds model=Cnn14-16k-T optimizer=SGD with expr: {'expr': "dataset['id'] == 'AIBO-2cl-IS09-llds' and model['id'] != 'Seq-FFNN-IS09'"}
[2026-03-18 05:43:33,992][HYDRA] Filtered: +loggers=['autrainer.loggers.TensorBoardLogger'] +seed=1 +learning_rate=0.001 +batch_size=8 dataset=AIBO-2cl-IS09-llds model=ResNet-50-T optimizer=Adam with expr: {'expr': "dataset['id'] == 'AIBO-2cl-IS09-llds' and model['id'] != 'Seq-FFNN-IS09'"}
[2026-03-18 05:43:34,111][HYDRA] Filtered: +loggers=['autrainer.loggers.TensorBoardLogger'] +seed=1 +learning_rate=0.001 +batch_size=8 dataset=AIBO-2cl-IS09-llds model=ResNet-50-T optimizer=SGD with expr: {'expr': "dataset['id'] == 'AIBO-2cl-IS09-llds' and model['id'] != 'Seq-FFNN-IS09'"}
[2026-03-18 05:43:34,231][HYDRA] Filtered: +loggers=['autrainer.loggers.TensorBoardLogger'] +seed=1 +learning_rate=0.001 +batch_size=8 dataset=AIBO-2cl-IS09-llds model=Whisper-FFNN-Tiny-T optimizer=Adam with expr: {'expr': "dataset['id'] == 'AIBO-2cl-IS09-llds' and model['id'] != 'Seq-FFNN-IS09'"}
[2026-03-18 05:43:34,352][HYDRA] Filtered: +loggers=['autrainer.loggers.TensorBoardLogger'] +seed=1 +learning_rate=0.001 +batch_size=8 dataset=AIBO-2cl-IS09-llds model=Whisper-FFNN-Tiny-T optimizer=SGD with expr: {'expr': "dataset['id'] == 'AIBO-2cl-IS09-llds' and model['id'] != 'Seq-FFNN-IS09'"}
[2026-03-18 05:43:34,473][HYDRA] Filtered: +loggers=['autrainer.loggers.TensorBoardLogger'] +seed=1 +learning_rate=0.001 +batch_size=8 dataset=AIBO-2cl-IS09-llds model=w2v2-l-emo optimizer=Adam with expr: {'expr': "dataset['id'] == 'AIBO-2cl-IS09-llds' and model['id'] != 'Seq-FFNN-IS09'"}
[2026-03-18 05:43:34,593][HYDRA] Filtered: +loggers=['autrainer.loggers.TensorBoardLogger'] +seed=1 +learning_rate=0.001 +batch_size=8 dataset=AIBO-2cl-IS09-llds model=w2v2-l-emo optimizer=SGD with expr: {'expr': "dataset['id'] == 'AIBO-2cl-IS09-llds' and model['id'] != 'Seq-FFNN-IS09'"}
[2026-03-18 05:43:35,957][HYDRA] Filtered: +loggers=['autrainer.loggers.TensorBoardLogger'] +seed=1 +learning_rate=0.001 +batch_size=8 dataset=AIBO-2cl-wav model=Seq-FFNN-IS09 optimizer=Adam with expr: {'expr': 'dataset[\'id\'] == "AIBO-2cl-wav" and model[\'id\'] in ["Cnn14-16k-T","ResNet50-T","Seq-FFNN-IS09"]'}
[2026-03-18 05:43:36,077][HYDRA] Filtered: +loggers=['autrainer.loggers.TensorBoardLogger'] +seed=1 +learning_rate=0.001 +batch_size=8 dataset=AIBO-2cl-wav model=Seq-FFNN-IS09 optimizer=SGD with expr: {'expr': 'dataset[\'id\'] == "AIBO-2cl-wav" and model[\'id\'] in ["Cnn14-16k-T","ResNet50-T","Seq-FFNN-IS09"]'}
[2026-03-18 05:43:36,197][HYDRA] Filtered: +loggers=['autrainer.loggers.TensorBoardLogger'] +seed=1 +learning_rate=0.001 +batch_size=8 dataset=AIBO-2cl-wav model=Cnn14-16k-T optimizer=Adam with expr: {'expr': 'dataset[\'id\'] == "AIBO-2cl-wav" and model[\'id\'] in ["Cnn14-16k-T","ResNet50-T","Seq-FFNN-IS09"]'}
[2026-03-18 05:43:36,317][HYDRA] Filtered: +loggers=['autrainer.loggers.TensorBoardLogger'] +seed=1 +learning_rate=0.001 +batch_size=8 dataset=AIBO-2cl-wav model=Cnn14-16k-T optimizer=SGD with expr: {'expr': 'dataset[\'id\'] == "AIBO-2cl-wav" and model[\'id\'] in ["Cnn14-16k-T","ResNet50-T","Seq-FFNN-IS09"]'}
[2026-03-18 05:43:37,425][HYDRA] Filtered: +loggers=['autrainer.loggers.TensorBoardLogger'] +seed=1 +learning_rate=0.001 +batch_size=16 dataset=AIBO-2cl-IS09-llds model=Cnn14-16k-T optimizer=Adam with expr: {'expr': "dataset['id'] == 'AIBO-2cl-IS09-llds' and model['id'] != 'Seq-FFNN-IS09'"}
[2026-03-18 05:43:37,544][HYDRA] Filtered: +loggers=['autrainer.loggers.TensorBoardLogger'] +seed=1 +learning_rate=0.001 +batch_size=16 dataset=AIBO-2cl-IS09-llds model=Cnn14-16k-T optimizer=SGD with expr: {'expr': "dataset['id'] == 'AIBO-2cl-IS09-llds' and model['id'] != 'Seq-FFNN-IS09'"}
[2026-03-18 05:43:37,663][HYDRA] Filtered: +loggers=['autrainer.loggers.TensorBoardLogger'] +seed=1 +learning_rate=0.001 +batch_size=16 dataset=AIBO-2cl-IS09-llds model=ResNet-50-T optimizer=Adam with expr: {'expr': "dataset['id'] == 'AIBO-2cl-IS09-llds' and model['id'] != 'Seq-FFNN-IS09'"}
[2026-03-18 05:43:37,781][HYDRA] Filtered: +loggers=['autrainer.loggers.TensorBoardLogger'] +seed=1 +learning_rate=0.001 +batch_size=16 dataset=AIBO-2cl-IS09-llds model=ResNet-50-T optimizer=SGD with expr: {'expr': "dataset['id'] == 'AIBO-2cl-IS09-llds' and model['id'] != 'Seq-FFNN-IS09'"}
[2026-03-18 05:43:37,901][HYDRA] Filtered: +loggers=['autrainer.loggers.TensorBoardLogger'] +seed=1 +learning_rate=0.001 +batch_size=16 dataset=AIBO-2cl-IS09-llds model=Whisper-FFNN-Tiny-T optimizer=Adam with expr: {'expr': "dataset['id'] == 'AIBO-2cl-IS09-llds' and model['id'] != 'Seq-FFNN-IS09'"}
[2026-03-18 05:43:38,022][HYDRA] Filtered: +loggers=['autrainer.loggers.TensorBoardLogger'] +seed=1 +learning_rate=0.001 +batch_size=16 dataset=AIBO-2cl-IS09-llds model=Whisper-FFNN-Tiny-T optimizer=SGD with expr: {'expr': "dataset['id'] == 'AIBO-2cl-IS09-llds' and model['id'] != 'Seq-FFNN-IS09'"}
[2026-03-18 05:43:38,142][HYDRA] Filtered: +loggers=['autrainer.loggers.TensorBoardLogger'] +seed=1 +learning_rate=0.001 +batch_size=16 dataset=AIBO-2cl-IS09-llds model=w2v2-l-emo optimizer=Adam with expr: {'expr': "dataset['id'] == 'AIBO-2cl-IS09-llds' and model['id'] != 'Seq-FFNN-IS09'"}
[2026-03-18 05:43:38,285][HYDRA] Filtered: +loggers=['autrainer.loggers.TensorBoardLogger'] +seed=1 +learning_rate=0.001 +batch_size=16 dataset=AIBO-2cl-IS09-llds model=w2v2-l-emo optimizer=SGD with expr: {'expr': "dataset['id'] == 'AIBO-2cl-IS09-llds' and model['id'] != 'Seq-FFNN-IS09'"}
[2026-03-18 05:43:39,625][HYDRA] Filtered: +loggers=['autrainer.loggers.TensorBoardLogger'] +seed=1 +learning_rate=0.001 +batch_size=16 dataset=AIBO-2cl-wav model=Seq-FFNN-IS09 optimizer=Adam with expr: {'expr': 'dataset[\'id\'] == "AIBO-2cl-wav" and model[\'id\'] in ["Cnn14-16k-T","ResNet50-T","Seq-FFNN-IS09"]'}
[2026-03-18 05:43:39,770][HYDRA] Filtered: +loggers=['autrainer.loggers.TensorBoardLogger'] +seed=1 +learning_rate=0.001 +batch_size=16 dataset=AIBO-2cl-wav model=Seq-FFNN-IS09 optimizer=SGD with expr: {'expr': 'dataset[\'id\'] == "AIBO-2cl-wav" and model[\'id\'] in ["Cnn14-16k-T","ResNet50-T","Seq-FFNN-IS09"]'}
[2026-03-18 05:43:39,889][HYDRA] Filtered: +loggers=['autrainer.loggers.TensorBoardLogger'] +seed=1 +learning_rate=0.001 +batch_size=16 dataset=AIBO-2cl-wav model=Cnn14-16k-T optimizer=Adam with expr: {'expr': 'dataset[\'id\'] == "AIBO-2cl-wav" and model[\'id\'] in ["Cnn14-16k-T","ResNet50-T","Seq-FFNN-IS09"]'}
[2026-03-18 05:43:40,009][HYDRA] Filtered: +loggers=['autrainer.loggers.TensorBoardLogger'] +seed=1 +learning_rate=0.001 +batch_size=16 dataset=AIBO-2cl-wav model=Cnn14-16k-T optimizer=SGD with expr: {'expr': 'dataset[\'id\'] == "AIBO-2cl-wav" and model[\'id\'] in ["Cnn14-16k-T","ResNet50-T","Seq-FFNN-IS09"]'}
[2026-03-18 05:43:41,116][HYDRA] Filtered: +loggers=['autrainer.loggers.TensorBoardLogger'] +seed=1 +learning_rate=0.0001 +batch_size=4 dataset=AIBO-2cl-IS09-llds model=Cnn14-16k-T optimizer=Adam with expr: {'expr': "dataset['id'] == 'AIBO-2cl-IS09-llds' and model['id'] != 'Seq-FFNN-IS09'"}
[2026-03-18 05:43:41,236][HYDRA] Filtered: +loggers=['autrainer.loggers.TensorBoardLogger'] +seed=1 +learning_rate=0.0001 +batch_size=4 dataset=AIBO-2cl-IS09-llds model=Cnn14-16k-T optimizer=SGD with expr: {'expr': "dataset['id'] == 'AIBO-2cl-IS09-llds' and model['id'] != 'Seq-FFNN-IS09'"}
[2026-03-18 05:43:41,355][HYDRA] Filtered: +loggers=['autrainer.loggers.TensorBoardLogger'] +seed=1 +learning_rate=0.0001 +batch_size=4 dataset=AIBO-2cl-IS09-llds model=ResNet-50-T optimizer=Adam with expr: {'expr': "dataset['id'] == 'AIBO-2cl-IS09-llds' and model['id'] != 'Seq-FFNN-IS09'"}
[2026-03-18 05:43:41,472][HYDRA] Filtered: +loggers=['autrainer.loggers.TensorBoardLogger'] +seed=1 +learning_rate=0.0001 +batch_size=4 dataset=AIBO-2cl-IS09-llds model=ResNet-50-T optimizer=SGD with expr: {'expr': "dataset['id'] == 'AIBO-2cl-IS09-llds' and model['id'] != 'Seq-FFNN-IS09'"}
[2026-03-18 05:43:41,593][HYDRA] Filtered: +loggers=['autrainer.loggers.TensorBoardLogger'] +seed=1 +learning_rate=0.0001 +batch_size=4 dataset=AIBO-2cl-IS09-llds model=Whisper-FFNN-Tiny-T optimizer=Adam with expr: {'expr': "dataset['id'] == 'AIBO-2cl-IS09-llds' and model['id'] != 'Seq-FFNN-IS09'"}
[2026-03-18 05:43:41,713][HYDRA] Filtered: +loggers=['autrainer.loggers.TensorBoardLogger'] +seed=1 +learning_rate=0.0001 +batch_size=4 dataset=AIBO-2cl-IS09-llds model=Whisper-FFNN-Tiny-T optimizer=SGD with expr: {'expr': "dataset['id'] == 'AIBO-2cl-IS09-llds' and model['id'] != 'Seq-FFNN-IS09'"}
[2026-03-18 05:43:41,833][HYDRA] Filtered: +loggers=['autrainer.loggers.TensorBoardLogger'] +seed=1 +learning_rate=0.0001 +batch_size=4 dataset=AIBO-2cl-IS09-llds model=w2v2-l-emo optimizer=Adam with expr: {'expr': "dataset['id'] == 'AIBO-2cl-IS09-llds' and model['id'] != 'Seq-FFNN-IS09'"}
[2026-03-18 05:43:41,954][HYDRA] Filtered: +loggers=['autrainer.loggers.TensorBoardLogger'] +seed=1 +learning_rate=0.0001 +batch_size=4 dataset=AIBO-2cl-IS09-llds model=w2v2-l-emo optimizer=SGD with expr: {'expr': "dataset['id'] == 'AIBO-2cl-IS09-llds' and model['id'] != 'Seq-FFNN-IS09'"}
[2026-03-18 05:43:43,324][HYDRA] Filtered: +loggers=['autrainer.loggers.TensorBoardLogger'] +seed=1 +learning_rate=0.0001 +batch_size=4 dataset=AIBO-2cl-wav model=Seq-FFNN-IS09 optimizer=Adam with expr: {'expr': 'dataset[\'id\'] == "AIBO-2cl-wav" and model[\'id\'] in ["Cnn14-16k-T","ResNet50-T","Seq-FFNN-IS09"]'}
[2026-03-18 05:43:43,444][HYDRA] Filtered: +loggers=['autrainer.loggers.TensorBoardLogger'] +seed=1 +learning_rate=0.0001 +batch_size=4 dataset=AIBO-2cl-wav model=Seq-FFNN-IS09 optimizer=SGD with expr: {'expr': 'dataset[\'id\'] == "AIBO-2cl-wav" and model[\'id\'] in ["Cnn14-16k-T","ResNet50-T","Seq-FFNN-IS09"]'}
[2026-03-18 05:43:43,564][HYDRA] Filtered: +loggers=['autrainer.loggers.TensorBoardLogger'] +seed=1 +learning_rate=0.0001 +batch_size=4 dataset=AIBO-2cl-wav model=Cnn14-16k-T optimizer=Adam with expr: {'expr': 'dataset[\'id\'] == "AIBO-2cl-wav" and model[\'id\'] in ["Cnn14-16k-T","ResNet50-T","Seq-FFNN-IS09"]'}
[2026-03-18 05:43:43,683][HYDRA] Filtered: +loggers=['autrainer.loggers.TensorBoardLogger'] +seed=1 +learning_rate=0.0001 +batch_size=4 dataset=AIBO-2cl-wav model=Cnn14-16k-T optimizer=SGD with expr: {'expr': 'dataset[\'id\'] == "AIBO-2cl-wav" and model[\'id\'] in ["Cnn14-16k-T","ResNet50-T","Seq-FFNN-IS09"]'}
[2026-03-18 05:43:44,793][HYDRA] Filtered: +loggers=['autrainer.loggers.TensorBoardLogger'] +seed=1 +learning_rate=0.0001 +batch_size=8 dataset=AIBO-2cl-IS09-llds model=Cnn14-16k-T optimizer=Adam with expr: {'expr': "dataset['id'] == 'AIBO-2cl-IS09-llds' and model['id'] != 'Seq-FFNN-IS09'"}
[2026-03-18 05:43:44,912][HYDRA] Filtered: +loggers=['autrainer.loggers.TensorBoardLogger'] +seed=1 +learning_rate=0.0001 +batch_size=8 dataset=AIBO-2cl-IS09-llds model=Cnn14-16k-T optimizer=SGD with expr: {'expr': "dataset['id'] == 'AIBO-2cl-IS09-llds' and model['id'] != 'Seq-FFNN-IS09'"}
[2026-03-18 05:43:45,030][HYDRA] Filtered: +loggers=['autrainer.loggers.TensorBoardLogger'] +seed=1 +learning_rate=0.0001 +batch_size=8 dataset=AIBO-2cl-IS09-llds model=ResNet-50-T optimizer=Adam with expr: {'expr': "dataset['id'] == 'AIBO-2cl-IS09-llds' and model['id'] != 'Seq-FFNN-IS09'"}
[2026-03-18 05:43:45,149][HYDRA] Filtered: +loggers=['autrainer.loggers.TensorBoardLogger'] +seed=1 +learning_rate=0.0001 +batch_size=8 dataset=AIBO-2cl-IS09-llds model=ResNet-50-T optimizer=SGD with expr: {'expr': "dataset['id'] == 'AIBO-2cl-IS09-llds' and model['id'] != 'Seq-FFNN-IS09'"}
[2026-03-18 05:43:45,269][HYDRA] Filtered: +loggers=['autrainer.loggers.TensorBoardLogger'] +seed=1 +learning_rate=0.0001 +batch_size=8 dataset=AIBO-2cl-IS09-llds model=Whisper-FFNN-Tiny-T optimizer=Adam with expr: {'expr': "dataset['id'] == 'AIBO-2cl-IS09-llds' and model['id'] != 'Seq-FFNN-IS09'"}
[2026-03-18 05:43:45,389][HYDRA] Filtered: +loggers=['autrainer.loggers.TensorBoardLogger'] +seed=1 +learning_rate=0.0001 +batch_size=8 dataset=AIBO-2cl-IS09-llds model=Whisper-FFNN-Tiny-T optimizer=SGD with expr: {'expr': "dataset['id'] == 'AIBO-2cl-IS09-llds' and model['id'] != 'Seq-FFNN-IS09'"}
[2026-03-18 05:43:45,533][HYDRA] Filtered: +loggers=['autrainer.loggers.TensorBoardLogger'] +seed=1 +learning_rate=0.0001 +batch_size=8 dataset=AIBO-2cl-IS09-llds model=w2v2-l-emo optimizer=Adam with expr: {'expr': "dataset['id'] == 'AIBO-2cl-IS09-llds' and model['id'] != 'Seq-FFNN-IS09'"}
[2026-03-18 05:43:45,654][HYDRA] Filtered: +loggers=['autrainer.loggers.TensorBoardLogger'] +seed=1 +learning_rate=0.0001 +batch_size=8 dataset=AIBO-2cl-IS09-llds model=w2v2-l-emo optimizer=SGD with expr: {'expr': "dataset['id'] == 'AIBO-2cl-IS09-llds' and model['id'] != 'Seq-FFNN-IS09'"}
[2026-03-18 05:43:47,016][HYDRA] Filtered: +loggers=['autrainer.loggers.TensorBoardLogger'] +seed=1 +learning_rate=0.0001 +batch_size=8 dataset=AIBO-2cl-wav model=Seq-FFNN-IS09 optimizer=Adam with expr: {'expr': 'dataset[\'id\'] == "AIBO-2cl-wav" and model[\'id\'] in ["Cnn14-16k-T","ResNet50-T","Seq-FFNN-IS09"]'}
[2026-03-18 05:43:47,137][HYDRA] Filtered: +loggers=['autrainer.loggers.TensorBoardLogger'] +seed=1 +learning_rate=0.0001 +batch_size=8 dataset=AIBO-2cl-wav model=Seq-FFNN-IS09 optimizer=SGD with expr: {'expr': 'dataset[\'id\'] == "AIBO-2cl-wav" and model[\'id\'] in ["Cnn14-16k-T","ResNet50-T","Seq-FFNN-IS09"]'}
[2026-03-18 05:43:47,257][HYDRA] Filtered: +loggers=['autrainer.loggers.TensorBoardLogger'] +seed=1 +learning_rate=0.0001 +batch_size=8 dataset=AIBO-2cl-wav model=Cnn14-16k-T optimizer=Adam with expr: {'expr': 'dataset[\'id\'] == "AIBO-2cl-wav" and model[\'id\'] in ["Cnn14-16k-T","ResNet50-T","Seq-FFNN-IS09"]'}
[2026-03-18 05:43:47,377][HYDRA] Filtered: +loggers=['autrainer.loggers.TensorBoardLogger'] +seed=1 +learning_rate=0.0001 +batch_size=8 dataset=AIBO-2cl-wav model=Cnn14-16k-T optimizer=SGD with expr: {'expr': 'dataset[\'id\'] == "AIBO-2cl-wav" and model[\'id\'] in ["Cnn14-16k-T","ResNet50-T","Seq-FFNN-IS09"]'}
[2026-03-18 05:43:48,486][HYDRA] Filtered: +loggers=['autrainer.loggers.TensorBoardLogger'] +seed=1 +learning_rate=0.0001 +batch_size=16 dataset=AIBO-2cl-IS09-llds model=Cnn14-16k-T optimizer=Adam with expr: {'expr': "dataset['id'] == 'AIBO-2cl-IS09-llds' and model['id'] != 'Seq-FFNN-IS09'"}
[2026-03-18 05:43:48,606][HYDRA] Filtered: +loggers=['autrainer.loggers.TensorBoardLogger'] +seed=1 +learning_rate=0.0001 +batch_size=16 dataset=AIBO-2cl-IS09-llds model=Cnn14-16k-T optimizer=SGD with expr: {'expr': "dataset['id'] == 'AIBO-2cl-IS09-llds' and model['id'] != 'Seq-FFNN-IS09'"}
[2026-03-18 05:43:48,724][HYDRA] Filtered: +loggers=['autrainer.loggers.TensorBoardLogger'] +seed=1 +learning_rate=0.0001 +batch_size=16 dataset=AIBO-2cl-IS09-llds model=ResNet-50-T optimizer=Adam with expr: {'expr': "dataset['id'] == 'AIBO-2cl-IS09-llds' and model['id'] != 'Seq-FFNN-IS09'"}
[2026-03-18 05:43:48,843][HYDRA] Filtered: +loggers=['autrainer.loggers.TensorBoardLogger'] +seed=1 +learning_rate=0.0001 +batch_size=16 dataset=AIBO-2cl-IS09-llds model=ResNet-50-T optimizer=SGD with expr: {'expr': "dataset['id'] == 'AIBO-2cl-IS09-llds' and model['id'] != 'Seq-FFNN-IS09'"}
[2026-03-18 05:43:48,964][HYDRA] Filtered: +loggers=['autrainer.loggers.TensorBoardLogger'] +seed=1 +learning_rate=0.0001 +batch_size=16 dataset=AIBO-2cl-IS09-llds model=Whisper-FFNN-Tiny-T optimizer=Adam with expr: {'expr': "dataset['id'] == 'AIBO-2cl-IS09-llds' and model['id'] != 'Seq-FFNN-IS09'"}
[2026-03-18 05:43:49,085][HYDRA] Filtered: +loggers=['autrainer.loggers.TensorBoardLogger'] +seed=1 +learning_rate=0.0001 +batch_size=16 dataset=AIBO-2cl-IS09-llds model=Whisper-FFNN-Tiny-T optimizer=SGD with expr: {'expr': "dataset['id'] == 'AIBO-2cl-IS09-llds' and model['id'] != 'Seq-FFNN-IS09'"}
[2026-03-18 05:43:49,205][HYDRA] Filtered: +loggers=['autrainer.loggers.TensorBoardLogger'] +seed=1 +learning_rate=0.0001 +batch_size=16 dataset=AIBO-2cl-IS09-llds model=w2v2-l-emo optimizer=Adam with expr: {'expr': "dataset['id'] == 'AIBO-2cl-IS09-llds' and model['id'] != 'Seq-FFNN-IS09'"}
[2026-03-18 05:43:49,325][HYDRA] Filtered: +loggers=['autrainer.loggers.TensorBoardLogger'] +seed=1 +learning_rate=0.0001 +batch_size=16 dataset=AIBO-2cl-IS09-llds model=w2v2-l-emo optimizer=SGD with expr: {'expr': "dataset['id'] == 'AIBO-2cl-IS09-llds' and model['id'] != 'Seq-FFNN-IS09'"}
[2026-03-18 05:43:50,692][HYDRA] Filtered: +loggers=['autrainer.loggers.TensorBoardLogger'] +seed=1 +learning_rate=0.0001 +batch_size=16 dataset=AIBO-2cl-wav model=Seq-FFNN-IS09 optimizer=Adam with expr: {'expr': 'dataset[\'id\'] == "AIBO-2cl-wav" and model[\'id\'] in ["Cnn14-16k-T","ResNet50-T","Seq-FFNN-IS09"]'}
[2026-03-18 05:43:50,813][HYDRA] Filtered: +loggers=['autrainer.loggers.TensorBoardLogger'] +seed=1 +learning_rate=0.0001 +batch_size=16 dataset=AIBO-2cl-wav model=Seq-FFNN-IS09 optimizer=SGD with expr: {'expr': 'dataset[\'id\'] == "AIBO-2cl-wav" and model[\'id\'] in ["Cnn14-16k-T","ResNet50-T","Seq-FFNN-IS09"]'}
[2026-03-18 05:43:50,933][HYDRA] Filtered: +loggers=['autrainer.loggers.TensorBoardLogger'] +seed=1 +learning_rate=0.0001 +batch_size=16 dataset=AIBO-2cl-wav model=Cnn14-16k-T optimizer=Adam with expr: {'expr': 'dataset[\'id\'] == "AIBO-2cl-wav" and model[\'id\'] in ["Cnn14-16k-T","ResNet50-T","Seq-FFNN-IS09"]'}
[2026-03-18 05:43:51,052][HYDRA] Filtered: +loggers=['autrainer.loggers.TensorBoardLogger'] +seed=1 +learning_rate=0.0001 +batch_size=16 dataset=AIBO-2cl-wav model=Cnn14-16k-T optimizer=SGD with expr: {'expr': 'dataset[\'id\'] == "AIBO-2cl-wav" and model[\'id\'] in ["Cnn14-16k-T","ResNet50-T","Seq-FFNN-IS09"]'}
[2026-03-18 05:44:09,525][HYDRA] Launching 162 jobs locally
[2026-03-18 05:44:09,525][HYDRA] 	#0 : +loggers=['autrainer.loggers.TensorBoardLogger'] +seed=1 +learning_rate=0.01 +batch_size=4 dataset=AIBO-2cl-IS09-llds model=Seq-FFNN-IS09 optimizer=Adam
[2026-03-18 05:44:14,666][speechbrain.utils.checkpoints][DEBUG] - Registered checkpoint save hook for _speechbrain_save
[2026-03-18 05:44:14,666][speechbrain.utils.checkpoints][DEBUG] - Registered checkpoint load hook for _speechbrain_load
[2026-03-18 05:44:14,666][speechbrain.utils.checkpoints][DEBUG] - Registered checkpoint save hook for save
[2026-03-18 05:44:14,666][speechbrain.utils.checkpoints][DEBUG] - Registered checkpoint load hook for load
[2026-03-18 05:44:14,942][speechbrain.utils.quirks][INFO] - Applied quirks (see `speechbrain.utils.quirks`): [allow_tf32, disable_jit_profiling]
[2026-03-18 05:44:14,943][speechbrain.utils.quirks][INFO] - Excluded quirks specified by the `SB_DISABLE_QUIRKS` environment (comma-separated list): []
[2026-03-18 05:44:14,944][speechbrain.utils.checkpoints][DEBUG] - Registered checkpoint save hook for _save
[2026-03-18 05:44:14,944][speechbrain.utils.checkpoints][DEBUG] - Registered checkpoint load hook for _recover
[2026-03-18 05:44:14,949][speechbrain.utils.checkpoints][DEBUG] - Registered checkpoint save hook for _save
[2026-03-18 05:44:14,949][speechbrain.utils.checkpoints][DEBUG] - Registered checkpoint load hook for _load
[2026-03-18 05:44:14,949][speechbrain.utils.checkpoints][DEBUG] - Registered parameter transfer hook for _load
[2026-03-18 05:44:15,997][HYDRA] 	#1 : +loggers=['autrainer.loggers.TensorBoardLogger'] +seed=1 +learning_rate=0.01 +batch_size=4 dataset=AIBO-2cl-IS09-llds model=Seq-FFNN-IS09 optimizer=SGD
[2026-03-18 05:44:16,469][HYDRA] 	#2 : +loggers=['autrainer.loggers.TensorBoardLogger'] +seed=1 +learning_rate=0.01 +batch_size=4 dataset=AIBO-2cl-mel-16k model=Seq-FFNN-IS09 optimizer=Adam
[2026-03-18 05:44:16,679][HYDRA] 	#3 : +loggers=['autrainer.loggers.TensorBoardLogger'] +seed=1 +learning_rate=0.01 +batch_size=4 dataset=AIBO-2cl-mel-16k model=Seq-FFNN-IS09 optimizer=SGD
[2026-03-18 05:44:16,866][HYDRA] 	#4 : +loggers=['autrainer.loggers.TensorBoardLogger'] +seed=1 +learning_rate=0.01 +batch_size=4 dataset=AIBO-2cl-mel-16k model=Cnn14-16k-T optimizer=Adam
[2026-03-18 05:44:17,050][HYDRA] 	#5 : +loggers=['autrainer.loggers.TensorBoardLogger'] +seed=1 +learning_rate=0.01 +batch_size=4 dataset=AIBO-2cl-mel-16k model=Cnn14-16k-T optimizer=SGD
[2026-03-18 05:44:17,235][HYDRA] 	#6 : +loggers=['autrainer.loggers.TensorBoardLogger'] +seed=1 +learning_rate=0.01 +batch_size=4 dataset=AIBO-2cl-mel-16k model=ResNet-50-T optimizer=Adam
[2026-03-18 05:44:17,417][HYDRA] 	#7 : +loggers=['autrainer.loggers.TensorBoardLogger'] +seed=1 +learning_rate=0.01 +batch_size=4 dataset=AIBO-2cl-mel-16k model=ResNet-50-T optimizer=SGD
[2026-03-18 05:44:17,600][HYDRA] 	#8 : +loggers=['autrainer.loggers.TensorBoardLogger'] +seed=1 +learning_rate=0.01 +batch_size=4 dataset=AIBO-2cl-mel-16k model=Whisper-FFNN-Tiny-T optimizer=Adam
[2026-03-18 05:44:18,134][HYDRA] 	#9 : +loggers=['autrainer.loggers.TensorBoardLogger'] +seed=1 +learning_rate=0.01 +batch_size=4 dataset=AIBO-2cl-mel-16k model=Whisper-FFNN-Tiny-T optimizer=SGD
[2026-03-18 05:44:18,854][HYDRA] 	#10 : +loggers=['autrainer.loggers.TensorBoardLogger'] +seed=1 +learning_rate=0.01 +batch_size=4 dataset=AIBO-2cl-mel-16k model=w2v2-l-emo optimizer=Adam
[2026-03-18 05:44:19,342][HYDRA] 	#11 : +loggers=['autrainer.loggers.TensorBoardLogger'] +seed=1 +learning_rate=0.01 +batch_size=4 dataset=AIBO-2cl-mel-16k model=w2v2-l-emo optimizer=SGD
[2026-03-18 05:44:19,808][HYDRA] 	#12 : +loggers=['autrainer.loggers.TensorBoardLogger'] +seed=1 +learning_rate=0.01 +batch_size=4 dataset=AIBO-2cl-wav model=ResNet-50-T optimizer=Adam
[2026-03-18 05:44:20,006][HYDRA] 	#13 : +loggers=['autrainer.loggers.TensorBoardLogger'] +seed=1 +learning_rate=0.01 +batch_size=4 dataset=AIBO-2cl-wav model=ResNet-50-T optimizer=SGD
[2026-03-18 05:44:20,185][HYDRA] 	#14 : +loggers=['autrainer.loggers.TensorBoardLogger'] +seed=1 +learning_rate=0.01 +batch_size=4 dataset=AIBO-2cl-wav model=Whisper-FFNN-Tiny-T optimizer=Adam
[2026-03-18 05:44:20,643][HYDRA] 	#15 : +loggers=['autrainer.loggers.TensorBoardLogger'] +seed=1 +learning_rate=0.01 +batch_size=4 dataset=AIBO-2cl-wav model=Whisper-FFNN-Tiny-T optimizer=SGD
[2026-03-18 05:44:21,109][HYDRA] 	#16 : +loggers=['autrainer.loggers.TensorBoardLogger'] +seed=1 +learning_rate=0.01 +batch_size=4 dataset=AIBO-2cl-wav model=w2v2-l-emo optimizer=Adam
[2026-03-18 05:44:21,574][HYDRA] 	#17 : +loggers=['autrainer.loggers.TensorBoardLogger'] +seed=1 +learning_rate=0.01 +batch_size=4 dataset=AIBO-2cl-wav model=w2v2-l-emo optimizer=SGD
[2026-03-18 05:44:22,038][HYDRA] 	#18 : +loggers=['autrainer.loggers.TensorBoardLogger'] +seed=1 +learning_rate=0.01 +batch_size=8 dataset=AIBO-2cl-IS09-llds model=Seq-FFNN-IS09 optimizer=Adam
[2026-03-18 05:44:22,522][HYDRA] 	#19 : +loggers=['autrainer.loggers.TensorBoardLogger'] +seed=1 +learning_rate=0.01 +batch_size=8 dataset=AIBO-2cl-IS09-llds model=Seq-FFNN-IS09 optimizer=SGD
[2026-03-18 05:44:22,982][HYDRA] 	#20 : +loggers=['autrainer.loggers.TensorBoardLogger'] +seed=1 +learning_rate=0.01 +batch_size=8 dataset=AIBO-2cl-mel-16k model=Seq-FFNN-IS09 optimizer=Adam
[2026-03-18 05:44:23,180][HYDRA] 	#21 : +loggers=['autrainer.loggers.TensorBoardLogger'] +seed=1 +learning_rate=0.01 +batch_size=8 dataset=AIBO-2cl-mel-16k model=Seq-FFNN-IS09 optimizer=SGD
[2026-03-18 05:44:23,365][HYDRA] 	#22 : +loggers=['autrainer.loggers.TensorBoardLogger'] +seed=1 +learning_rate=0.01 +batch_size=8 dataset=AIBO-2cl-mel-16k model=Cnn14-16k-T optimizer=Adam
[2026-03-18 05:44:23,548][HYDRA] 	#23 : +loggers=['autrainer.loggers.TensorBoardLogger'] +seed=1 +learning_rate=0.01 +batch_size=8 dataset=AIBO-2cl-mel-16k model=Cnn14-16k-T optimizer=SGD
[2026-03-18 05:44:23,733][HYDRA] 	#24 : +loggers=['autrainer.loggers.TensorBoardLogger'] +seed=1 +learning_rate=0.01 +batch_size=8 dataset=AIBO-2cl-mel-16k model=ResNet-50-T optimizer=Adam
[2026-03-18 05:44:23,915][HYDRA] 	#25 : +loggers=['autrainer.loggers.TensorBoardLogger'] +seed=1 +learning_rate=0.01 +batch_size=8 dataset=AIBO-2cl-mel-16k model=ResNet-50-T optimizer=SGD
[2026-03-18 05:44:24,098][HYDRA] 	#26 : +loggers=['autrainer.loggers.TensorBoardLogger'] +seed=1 +learning_rate=0.01 +batch_size=8 dataset=AIBO-2cl-mel-16k model=Whisper-FFNN-Tiny-T optimizer=Adam
[2026-03-18 05:44:24,561][HYDRA] 	#27 : +loggers=['autrainer.loggers.TensorBoardLogger'] +seed=1 +learning_rate=0.01 +batch_size=8 dataset=AIBO-2cl-mel-16k model=Whisper-FFNN-Tiny-T optimizer=SGD
[2026-03-18 05:44:25,022][HYDRA] 	#28 : +loggers=['autrainer.loggers.TensorBoardLogger'] +seed=1 +learning_rate=0.01 +batch_size=8 dataset=AIBO-2cl-mel-16k model=w2v2-l-emo optimizer=Adam
[2026-03-18 05:44:25,485][HYDRA] 	#29 : +loggers=['autrainer.loggers.TensorBoardLogger'] +seed=1 +learning_rate=0.01 +batch_size=8 dataset=AIBO-2cl-mel-16k model=w2v2-l-emo optimizer=SGD
[2026-03-18 05:44:25,957][HYDRA] 	#30 : +loggers=['autrainer.loggers.TensorBoardLogger'] +seed=1 +learning_rate=0.01 +batch_size=8 dataset=AIBO-2cl-wav model=ResNet-50-T optimizer=Adam
[2026-03-18 05:44:26,462][HYDRA] 	#31 : +loggers=['autrainer.loggers.TensorBoardLogger'] +seed=1 +learning_rate=0.01 +batch_size=8 dataset=AIBO-2cl-wav model=ResNet-50-T optimizer=SGD
[2026-03-18 05:44:26,647][HYDRA] 	#32 : +loggers=['autrainer.loggers.TensorBoardLogger'] +seed=1 +learning_rate=0.01 +batch_size=8 dataset=AIBO-2cl-wav model=Whisper-FFNN-Tiny-T optimizer=Adam
[2026-03-18 05:44:27,091][HYDRA] 	#33 : +loggers=['autrainer.loggers.TensorBoardLogger'] +seed=1 +learning_rate=0.01 +batch_size=8 dataset=AIBO-2cl-wav model=Whisper-FFNN-Tiny-T optimizer=SGD
[2026-03-18 05:44:27,540][HYDRA] 	#34 : +loggers=['autrainer.loggers.TensorBoardLogger'] +seed=1 +learning_rate=0.01 +batch_size=8 dataset=AIBO-2cl-wav model=w2v2-l-emo optimizer=Adam
[2026-03-18 05:44:28,015][HYDRA] 	#35 : +loggers=['autrainer.loggers.TensorBoardLogger'] +seed=1 +learning_rate=0.01 +batch_size=8 dataset=AIBO-2cl-wav model=w2v2-l-emo optimizer=SGD
[2026-03-18 05:44:28,483][HYDRA] 	#36 : +loggers=['autrainer.loggers.TensorBoardLogger'] +seed=1 +learning_rate=0.01 +batch_size=16 dataset=AIBO-2cl-IS09-llds model=Seq-FFNN-IS09 optimizer=Adam
[2026-03-18 05:44:28,970][HYDRA] 	#37 : +loggers=['autrainer.loggers.TensorBoardLogger'] +seed=1 +learning_rate=0.01 +batch_size=16 dataset=AIBO-2cl-IS09-llds model=Seq-FFNN-IS09 optimizer=SGD
[2026-03-18 05:44:29,431][HYDRA] 	#38 : +loggers=['autrainer.loggers.TensorBoardLogger'] +seed=1 +learning_rate=0.01 +batch_size=16 dataset=AIBO-2cl-mel-16k model=Seq-FFNN-IS09 optimizer=Adam
[2026-03-18 05:44:29,619][HYDRA] 	#39 : +loggers=['autrainer.loggers.TensorBoardLogger'] +seed=1 +learning_rate=0.01 +batch_size=16 dataset=AIBO-2cl-mel-16k model=Seq-FFNN-IS09 optimizer=SGD
[2026-03-18 05:44:29,809][HYDRA] 	#40 : +loggers=['autrainer.loggers.TensorBoardLogger'] +seed=1 +learning_rate=0.01 +batch_size=16 dataset=AIBO-2cl-mel-16k model=Cnn14-16k-T optimizer=Adam
[2026-03-18 05:44:29,994][HYDRA] 	#41 : +loggers=['autrainer.loggers.TensorBoardLogger'] +seed=1 +learning_rate=0.01 +batch_size=16 dataset=AIBO-2cl-mel-16k model=Cnn14-16k-T optimizer=SGD
[2026-03-18 05:44:30,179][HYDRA] 	#42 : +loggers=['autrainer.loggers.TensorBoardLogger'] +seed=1 +learning_rate=0.01 +batch_size=16 dataset=AIBO-2cl-mel-16k model=ResNet-50-T optimizer=Adam
[2026-03-18 05:44:30,362][HYDRA] 	#43 : +loggers=['autrainer.loggers.TensorBoardLogger'] +seed=1 +learning_rate=0.01 +batch_size=16 dataset=AIBO-2cl-mel-16k model=ResNet-50-T optimizer=SGD
[2026-03-18 05:44:30,547][HYDRA] 	#44 : +loggers=['autrainer.loggers.TensorBoardLogger'] +seed=1 +learning_rate=0.01 +batch_size=16 dataset=AIBO-2cl-mel-16k model=Whisper-FFNN-Tiny-T optimizer=Adam
[2026-03-18 05:44:30,994][HYDRA] 	#45 : +loggers=['autrainer.loggers.TensorBoardLogger'] +seed=1 +learning_rate=0.01 +batch_size=16 dataset=AIBO-2cl-mel-16k model=Whisper-FFNN-Tiny-T optimizer=SGD
[2026-03-18 05:44:31,432][HYDRA] 	#46 : +loggers=['autrainer.loggers.TensorBoardLogger'] +seed=1 +learning_rate=0.01 +batch_size=16 dataset=AIBO-2cl-mel-16k model=w2v2-l-emo optimizer=Adam
[2026-03-18 05:44:31,870][HYDRA] 	#47 : +loggers=['autrainer.loggers.TensorBoardLogger'] +seed=1 +learning_rate=0.01 +batch_size=16 dataset=AIBO-2cl-mel-16k model=w2v2-l-emo optimizer=SGD
[2026-03-18 05:44:32,309][HYDRA] 	#48 : +loggers=['autrainer.loggers.TensorBoardLogger'] +seed=1 +learning_rate=0.01 +batch_size=16 dataset=AIBO-2cl-wav model=ResNet-50-T optimizer=Adam
[2026-03-18 05:44:32,481][HYDRA] 	#49 : +loggers=['autrainer.loggers.TensorBoardLogger'] +seed=1 +learning_rate=0.01 +batch_size=16 dataset=AIBO-2cl-wav model=ResNet-50-T optimizer=SGD
[2026-03-18 05:44:32,658][HYDRA] 	#50 : +loggers=['autrainer.loggers.TensorBoardLogger'] +seed=1 +learning_rate=0.01 +batch_size=16 dataset=AIBO-2cl-wav model=Whisper-FFNN-Tiny-T optimizer=Adam
[2026-03-18 05:44:33,103][HYDRA] 	#51 : +loggers=['autrainer.loggers.TensorBoardLogger'] +seed=1 +learning_rate=0.01 +batch_size=16 dataset=AIBO-2cl-wav model=Whisper-FFNN-Tiny-T optimizer=SGD
[2026-03-18 05:44:33,561][HYDRA] 	#52 : +loggers=['autrainer.loggers.TensorBoardLogger'] +seed=1 +learning_rate=0.01 +batch_size=16 dataset=AIBO-2cl-wav model=w2v2-l-emo optimizer=Adam
[2026-03-18 05:44:34,018][HYDRA] 	#53 : +loggers=['autrainer.loggers.TensorBoardLogger'] +seed=1 +learning_rate=0.01 +batch_size=16 dataset=AIBO-2cl-wav model=w2v2-l-emo optimizer=SGD
[2026-03-18 05:44:34,479][HYDRA] 	#54 : +loggers=['autrainer.loggers.TensorBoardLogger'] +seed=1 +learning_rate=0.001 +batch_size=4 dataset=AIBO-2cl-IS09-llds model=Seq-FFNN-IS09 optimizer=Adam
[2026-03-18 05:44:34,960][HYDRA] 	#55 : +loggers=['autrainer.loggers.TensorBoardLogger'] +seed=1 +learning_rate=0.001 +batch_size=4 dataset=AIBO-2cl-IS09-llds model=Seq-FFNN-IS09 optimizer=SGD
[2026-03-18 05:44:35,751][HYDRA] 	#56 : +loggers=['autrainer.loggers.TensorBoardLogger'] +seed=1 +learning_rate=0.001 +batch_size=4 dataset=AIBO-2cl-mel-16k model=Seq-FFNN-IS09 optimizer=Adam
[2026-03-18 05:44:35,945][HYDRA] 	#57 : +loggers=['autrainer.loggers.TensorBoardLogger'] +seed=1 +learning_rate=0.001 +batch_size=4 dataset=AIBO-2cl-mel-16k model=Seq-FFNN-IS09 optimizer=SGD
[2026-03-18 05:44:36,135][HYDRA] 	#58 : +loggers=['autrainer.loggers.TensorBoardLogger'] +seed=1 +learning_rate=0.001 +batch_size=4 dataset=AIBO-2cl-mel-16k model=Cnn14-16k-T optimizer=Adam
[2026-03-18 05:44:36,321][HYDRA] 	#59 : +loggers=['autrainer.loggers.TensorBoardLogger'] +seed=1 +learning_rate=0.001 +batch_size=4 dataset=AIBO-2cl-mel-16k model=Cnn14-16k-T optimizer=SGD
[2026-03-18 05:44:36,501][HYDRA] 	#60 : +loggers=['autrainer.loggers.TensorBoardLogger'] +seed=1 +learning_rate=0.001 +batch_size=4 dataset=AIBO-2cl-mel-16k model=ResNet-50-T optimizer=Adam
[2026-03-18 05:44:36,683][HYDRA] 	#61 : +loggers=['autrainer.loggers.TensorBoardLogger'] +seed=1 +learning_rate=0.001 +batch_size=4 dataset=AIBO-2cl-mel-16k model=ResNet-50-T optimizer=SGD
[2026-03-18 05:44:36,867][HYDRA] 	#62 : +loggers=['autrainer.loggers.TensorBoardLogger'] +seed=1 +learning_rate=0.001 +batch_size=4 dataset=AIBO-2cl-mel-16k model=Whisper-FFNN-Tiny-T optimizer=Adam
[2026-03-18 05:44:37,315][HYDRA] 	#63 : +loggers=['autrainer.loggers.TensorBoardLogger'] +seed=1 +learning_rate=0.001 +batch_size=4 dataset=AIBO-2cl-mel-16k model=Whisper-FFNN-Tiny-T optimizer=SGD
[2026-03-18 05:44:37,777][HYDRA] 	#64 : +loggers=['autrainer.loggers.TensorBoardLogger'] +seed=1 +learning_rate=0.001 +batch_size=4 dataset=AIBO-2cl-mel-16k model=w2v2-l-emo optimizer=Adam
[2026-03-18 05:44:38,234][HYDRA] 	#65 : +loggers=['autrainer.loggers.TensorBoardLogger'] +seed=1 +learning_rate=0.001 +batch_size=4 dataset=AIBO-2cl-mel-16k model=w2v2-l-emo optimizer=SGD
[2026-03-18 05:44:38,689][HYDRA] 	#66 : +loggers=['autrainer.loggers.TensorBoardLogger'] +seed=1 +learning_rate=0.001 +batch_size=4 dataset=AIBO-2cl-wav model=ResNet-50-T optimizer=Adam
[2026-03-18 05:44:38,886][HYDRA] 	#67 : +loggers=['autrainer.loggers.TensorBoardLogger'] +seed=1 +learning_rate=0.001 +batch_size=4 dataset=AIBO-2cl-wav model=ResNet-50-T optimizer=SGD
[2026-03-18 05:44:39,062][HYDRA] 	#68 : +loggers=['autrainer.loggers.TensorBoardLogger'] +seed=1 +learning_rate=0.001 +batch_size=4 dataset=AIBO-2cl-wav model=Whisper-FFNN-Tiny-T optimizer=Adam
[2026-03-18 05:44:39,514][HYDRA] 	#69 : +loggers=['autrainer.loggers.TensorBoardLogger'] +seed=1 +learning_rate=0.001 +batch_size=4 dataset=AIBO-2cl-wav model=Whisper-FFNN-Tiny-T optimizer=SGD
[2026-03-18 05:44:39,982][HYDRA] 	#70 : +loggers=['autrainer.loggers.TensorBoardLogger'] +seed=1 +learning_rate=0.001 +batch_size=4 dataset=AIBO-2cl-wav model=w2v2-l-emo optimizer=Adam
[2026-03-18 05:44:40,438][HYDRA] 	#71 : +loggers=['autrainer.loggers.TensorBoardLogger'] +seed=1 +learning_rate=0.001 +batch_size=4 dataset=AIBO-2cl-wav model=w2v2-l-emo optimizer=SGD
[2026-03-18 05:44:40,898][HYDRA] 	#72 : +loggers=['autrainer.loggers.TensorBoardLogger'] +seed=1 +learning_rate=0.001 +batch_size=8 dataset=AIBO-2cl-IS09-llds model=Seq-FFNN-IS09 optimizer=Adam
[2026-03-18 05:44:41,381][HYDRA] 	#73 : +loggers=['autrainer.loggers.TensorBoardLogger'] +seed=1 +learning_rate=0.001 +batch_size=8 dataset=AIBO-2cl-IS09-llds model=Seq-FFNN-IS09 optimizer=SGD
[2026-03-18 05:44:41,854][HYDRA] 	#74 : +loggers=['autrainer.loggers.TensorBoardLogger'] +seed=1 +learning_rate=0.001 +batch_size=8 dataset=AIBO-2cl-mel-16k model=Seq-FFNN-IS09 optimizer=Adam
[2026-03-18 05:44:42,043][HYDRA] 	#75 : +loggers=['autrainer.loggers.TensorBoardLogger'] +seed=1 +learning_rate=0.001 +batch_size=8 dataset=AIBO-2cl-mel-16k model=Seq-FFNN-IS09 optimizer=SGD
[2026-03-18 05:44:42,234][HYDRA] 	#76 : +loggers=['autrainer.loggers.TensorBoardLogger'] +seed=1 +learning_rate=0.001 +batch_size=8 dataset=AIBO-2cl-mel-16k model=Cnn14-16k-T optimizer=Adam
[2026-03-18 05:44:42,421][HYDRA] 	#77 : +loggers=['autrainer.loggers.TensorBoardLogger'] +seed=1 +learning_rate=0.001 +batch_size=8 dataset=AIBO-2cl-mel-16k model=Cnn14-16k-T optimizer=SGD
[2026-03-18 05:44:42,605][HYDRA] 	#78 : +loggers=['autrainer.loggers.TensorBoardLogger'] +seed=1 +learning_rate=0.001 +batch_size=8 dataset=AIBO-2cl-mel-16k model=ResNet-50-T optimizer=Adam
[2026-03-18 05:44:42,787][HYDRA] 	#79 : +loggers=['autrainer.loggers.TensorBoardLogger'] +seed=1 +learning_rate=0.001 +batch_size=8 dataset=AIBO-2cl-mel-16k model=ResNet-50-T optimizer=SGD
[2026-03-18 05:44:42,969][HYDRA] 	#80 : +loggers=['autrainer.loggers.TensorBoardLogger'] +seed=1 +learning_rate=0.001 +batch_size=8 dataset=AIBO-2cl-mel-16k model=Whisper-FFNN-Tiny-T optimizer=Adam
[2026-03-18 05:44:43,417][HYDRA] 	#81 : +loggers=['autrainer.loggers.TensorBoardLogger'] +seed=1 +learning_rate=0.001 +batch_size=8 dataset=AIBO-2cl-mel-16k model=Whisper-FFNN-Tiny-T optimizer=SGD
[2026-03-18 05:44:43,877][HYDRA] 	#82 : +loggers=['autrainer.loggers.TensorBoardLogger'] +seed=1 +learning_rate=0.001 +batch_size=8 dataset=AIBO-2cl-mel-16k model=w2v2-l-emo optimizer=Adam
[2026-03-18 05:44:44,321][HYDRA] 	#83 : +loggers=['autrainer.loggers.TensorBoardLogger'] +seed=1 +learning_rate=0.001 +batch_size=8 dataset=AIBO-2cl-mel-16k model=w2v2-l-emo optimizer=SGD
[2026-03-18 05:44:44,784][HYDRA] 	#84 : +loggers=['autrainer.loggers.TensorBoardLogger'] +seed=1 +learning_rate=0.001 +batch_size=8 dataset=AIBO-2cl-wav model=ResNet-50-T optimizer=Adam
[2026-03-18 05:44:45,313][HYDRA] 	#85 : +loggers=['autrainer.loggers.TensorBoardLogger'] +seed=1 +learning_rate=0.001 +batch_size=8 dataset=AIBO-2cl-wav model=ResNet-50-T optimizer=SGD
[2026-03-18 05:44:45,491][HYDRA] 	#86 : +loggers=['autrainer.loggers.TensorBoardLogger'] +seed=1 +learning_rate=0.001 +batch_size=8 dataset=AIBO-2cl-wav model=Whisper-FFNN-Tiny-T optimizer=Adam
[2026-03-18 05:44:46,027][HYDRA] 	#87 : +loggers=['autrainer.loggers.TensorBoardLogger'] +seed=1 +learning_rate=0.001 +batch_size=8 dataset=AIBO-2cl-wav model=Whisper-FFNN-Tiny-T optimizer=SGD
[2026-03-18 05:44:46,493][HYDRA] 	#88 : +loggers=['autrainer.loggers.TensorBoardLogger'] +seed=1 +learning_rate=0.001 +batch_size=8 dataset=AIBO-2cl-wav model=w2v2-l-emo optimizer=Adam
[2026-03-18 05:44:46,959][HYDRA] 	#89 : +loggers=['autrainer.loggers.TensorBoardLogger'] +seed=1 +learning_rate=0.001 +batch_size=8 dataset=AIBO-2cl-wav model=w2v2-l-emo optimizer=SGD
[2026-03-18 05:44:47,430][HYDRA] 	#90 : +loggers=['autrainer.loggers.TensorBoardLogger'] +seed=1 +learning_rate=0.001 +batch_size=16 dataset=AIBO-2cl-IS09-llds model=Seq-FFNN-IS09 optimizer=Adam
[2026-03-18 05:44:47,907][HYDRA] 	#91 : +loggers=['autrainer.loggers.TensorBoardLogger'] +seed=1 +learning_rate=0.001 +batch_size=16 dataset=AIBO-2cl-IS09-llds model=Seq-FFNN-IS09 optimizer=SGD
[2026-03-18 05:44:48,380][HYDRA] 	#92 : +loggers=['autrainer.loggers.TensorBoardLogger'] +seed=1 +learning_rate=0.001 +batch_size=16 dataset=AIBO-2cl-mel-16k model=Seq-FFNN-IS09 optimizer=Adam
[2026-03-18 05:44:48,570][HYDRA] 	#93 : +loggers=['autrainer.loggers.TensorBoardLogger'] +seed=1 +learning_rate=0.001 +batch_size=16 dataset=AIBO-2cl-mel-16k model=Seq-FFNN-IS09 optimizer=SGD
[2026-03-18 05:44:48,761][HYDRA] 	#94 : +loggers=['autrainer.loggers.TensorBoardLogger'] +seed=1 +learning_rate=0.001 +batch_size=16 dataset=AIBO-2cl-mel-16k model=Cnn14-16k-T optimizer=Adam
[2026-03-18 05:44:48,947][HYDRA] 	#95 : +loggers=['autrainer.loggers.TensorBoardLogger'] +seed=1 +learning_rate=0.001 +batch_size=16 dataset=AIBO-2cl-mel-16k model=Cnn14-16k-T optimizer=SGD
[2026-03-18 05:44:49,131][HYDRA] 	#96 : +loggers=['autrainer.loggers.TensorBoardLogger'] +seed=1 +learning_rate=0.001 +batch_size=16 dataset=AIBO-2cl-mel-16k model=ResNet-50-T optimizer=Adam
[2026-03-18 05:44:49,314][HYDRA] 	#97 : +loggers=['autrainer.loggers.TensorBoardLogger'] +seed=1 +learning_rate=0.001 +batch_size=16 dataset=AIBO-2cl-mel-16k model=ResNet-50-T optimizer=SGD
[2026-03-18 05:44:49,496][HYDRA] 	#98 : +loggers=['autrainer.loggers.TensorBoardLogger'] +seed=1 +learning_rate=0.001 +batch_size=16 dataset=AIBO-2cl-mel-16k model=Whisper-FFNN-Tiny-T optimizer=Adam
[2026-03-18 05:44:49,953][HYDRA] 	#99 : +loggers=['autrainer.loggers.TensorBoardLogger'] +seed=1 +learning_rate=0.001 +batch_size=16 dataset=AIBO-2cl-mel-16k model=Whisper-FFNN-Tiny-T optimizer=SGD
[2026-03-18 05:44:50,423][HYDRA] 	#100 : +loggers=['autrainer.loggers.TensorBoardLogger'] +seed=1 +learning_rate=0.001 +batch_size=16 dataset=AIBO-2cl-mel-16k model=w2v2-l-emo optimizer=Adam
[2026-03-18 05:44:50,893][HYDRA] 	#101 : +loggers=['autrainer.loggers.TensorBoardLogger'] +seed=1 +learning_rate=0.001 +batch_size=16 dataset=AIBO-2cl-mel-16k model=w2v2-l-emo optimizer=SGD
[2026-03-18 05:44:51,363][HYDRA] 	#102 : +loggers=['autrainer.loggers.TensorBoardLogger'] +seed=1 +learning_rate=0.001 +batch_size=16 dataset=AIBO-2cl-wav model=ResNet-50-T optimizer=Adam
[2026-03-18 05:44:51,560][HYDRA] 	#103 : +loggers=['autrainer.loggers.TensorBoardLogger'] +seed=1 +learning_rate=0.001 +batch_size=16 dataset=AIBO-2cl-wav model=ResNet-50-T optimizer=SGD
[2026-03-18 05:44:51,737][HYDRA] 	#104 : +loggers=['autrainer.loggers.TensorBoardLogger'] +seed=1 +learning_rate=0.001 +batch_size=16 dataset=AIBO-2cl-wav model=Whisper-FFNN-Tiny-T optimizer=Adam
[2026-03-18 05:44:52,186][HYDRA] 	#105 : +loggers=['autrainer.loggers.TensorBoardLogger'] +seed=1 +learning_rate=0.001 +batch_size=16 dataset=AIBO-2cl-wav model=Whisper-FFNN-Tiny-T optimizer=SGD
[2026-03-18 05:44:52,642][HYDRA] 	#106 : +loggers=['autrainer.loggers.TensorBoardLogger'] +seed=1 +learning_rate=0.001 +batch_size=16 dataset=AIBO-2cl-wav model=w2v2-l-emo optimizer=Adam
[2026-03-18 05:44:53,085][HYDRA] 	#107 : +loggers=['autrainer.loggers.TensorBoardLogger'] +seed=1 +learning_rate=0.001 +batch_size=16 dataset=AIBO-2cl-wav model=w2v2-l-emo optimizer=SGD
[2026-03-18 05:44:53,548][HYDRA] 	#108 : +loggers=['autrainer.loggers.TensorBoardLogger'] +seed=1 +learning_rate=0.0001 +batch_size=4 dataset=AIBO-2cl-IS09-llds model=Seq-FFNN-IS09 optimizer=Adam
[2026-03-18 05:44:54,022][HYDRA] 	#109 : +loggers=['autrainer.loggers.TensorBoardLogger'] +seed=1 +learning_rate=0.0001 +batch_size=4 dataset=AIBO-2cl-IS09-llds model=Seq-FFNN-IS09 optimizer=SGD
[2026-03-18 05:44:54,490][HYDRA] 	#110 : +loggers=['autrainer.loggers.TensorBoardLogger'] +seed=1 +learning_rate=0.0001 +batch_size=4 dataset=AIBO-2cl-mel-16k model=Seq-FFNN-IS09 optimizer=Adam
[2026-03-18 05:44:54,685][HYDRA] 	#111 : +loggers=['autrainer.loggers.TensorBoardLogger'] +seed=1 +learning_rate=0.0001 +batch_size=4 dataset=AIBO-2cl-mel-16k model=Seq-FFNN-IS09 optimizer=SGD
[2026-03-18 05:44:54,881][HYDRA] 	#112 : +loggers=['autrainer.loggers.TensorBoardLogger'] +seed=1 +learning_rate=0.0001 +batch_size=4 dataset=AIBO-2cl-mel-16k model=Cnn14-16k-T optimizer=Adam
[2026-03-18 05:44:55,068][HYDRA] 	#113 : +loggers=['autrainer.loggers.TensorBoardLogger'] +seed=1 +learning_rate=0.0001 +batch_size=4 dataset=AIBO-2cl-mel-16k model=Cnn14-16k-T optimizer=SGD
[2026-03-18 05:44:55,253][HYDRA] 	#114 : +loggers=['autrainer.loggers.TensorBoardLogger'] +seed=1 +learning_rate=0.0001 +batch_size=4 dataset=AIBO-2cl-mel-16k model=ResNet-50-T optimizer=Adam
[2026-03-18 05:44:55,438][HYDRA] 	#115 : +loggers=['autrainer.loggers.TensorBoardLogger'] +seed=1 +learning_rate=0.0001 +batch_size=4 dataset=AIBO-2cl-mel-16k model=ResNet-50-T optimizer=SGD
[2026-03-18 05:44:55,622][HYDRA] 	#116 : +loggers=['autrainer.loggers.TensorBoardLogger'] +seed=1 +learning_rate=0.0001 +batch_size=4 dataset=AIBO-2cl-mel-16k model=Whisper-FFNN-Tiny-T optimizer=Adam
[2026-03-18 05:44:56,071][HYDRA] 	#117 : +loggers=['autrainer.loggers.TensorBoardLogger'] +seed=1 +learning_rate=0.0001 +batch_size=4 dataset=AIBO-2cl-mel-16k model=Whisper-FFNN-Tiny-T optimizer=SGD
[2026-03-18 05:44:56,952][HYDRA] 	#118 : +loggers=['autrainer.loggers.TensorBoardLogger'] +seed=1 +learning_rate=0.0001 +batch_size=4 dataset=AIBO-2cl-mel-16k model=w2v2-l-emo optimizer=Adam
[2026-03-18 05:44:57,398][HYDRA] 	#119 : +loggers=['autrainer.loggers.TensorBoardLogger'] +seed=1 +learning_rate=0.0001 +batch_size=4 dataset=AIBO-2cl-mel-16k model=w2v2-l-emo optimizer=SGD
[2026-03-18 05:44:57,868][HYDRA] 	#120 : +loggers=['autrainer.loggers.TensorBoardLogger'] +seed=1 +learning_rate=0.0001 +batch_size=4 dataset=AIBO-2cl-wav model=ResNet-50-T optimizer=Adam
[2026-03-18 05:44:58,066][HYDRA] 	#121 : +loggers=['autrainer.loggers.TensorBoardLogger'] +seed=1 +learning_rate=0.0001 +batch_size=4 dataset=AIBO-2cl-wav model=ResNet-50-T optimizer=SGD
[2026-03-18 05:44:58,246][HYDRA] 	#122 : +loggers=['autrainer.loggers.TensorBoardLogger'] +seed=1 +learning_rate=0.0001 +batch_size=4 dataset=AIBO-2cl-wav model=Whisper-FFNN-Tiny-T optimizer=Adam
[2026-03-18 05:44:58,701][HYDRA] 	#123 : +loggers=['autrainer.loggers.TensorBoardLogger'] +seed=1 +learning_rate=0.0001 +batch_size=4 dataset=AIBO-2cl-wav model=Whisper-FFNN-Tiny-T optimizer=SGD
[2026-03-18 05:44:59,213][HYDRA] 	#124 : +loggers=['autrainer.loggers.TensorBoardLogger'] +seed=1 +learning_rate=0.0001 +batch_size=4 dataset=AIBO-2cl-wav model=w2v2-l-emo optimizer=Adam
[2026-03-18 05:44:59,673][HYDRA] 	#125 : +loggers=['autrainer.loggers.TensorBoardLogger'] +seed=1 +learning_rate=0.0001 +batch_size=4 dataset=AIBO-2cl-wav model=w2v2-l-emo optimizer=SGD
[2026-03-18 05:45:00,138][HYDRA] 	#126 : +loggers=['autrainer.loggers.TensorBoardLogger'] +seed=1 +learning_rate=0.0001 +batch_size=8 dataset=AIBO-2cl-IS09-llds model=Seq-FFNN-IS09 optimizer=Adam
[2026-03-18 05:45:00,623][HYDRA] 	#127 : +loggers=['autrainer.loggers.TensorBoardLogger'] +seed=1 +learning_rate=0.0001 +batch_size=8 dataset=AIBO-2cl-IS09-llds model=Seq-FFNN-IS09 optimizer=SGD
[2026-03-18 05:45:01,078][HYDRA] 	#128 : +loggers=['autrainer.loggers.TensorBoardLogger'] +seed=1 +learning_rate=0.0001 +batch_size=8 dataset=AIBO-2cl-mel-16k model=Seq-FFNN-IS09 optimizer=Adam
[2026-03-18 05:45:01,267][HYDRA] 	#129 : +loggers=['autrainer.loggers.TensorBoardLogger'] +seed=1 +learning_rate=0.0001 +batch_size=8 dataset=AIBO-2cl-mel-16k model=Seq-FFNN-IS09 optimizer=SGD
[2026-03-18 05:45:01,462][HYDRA] 	#130 : +loggers=['autrainer.loggers.TensorBoardLogger'] +seed=1 +learning_rate=0.0001 +batch_size=8 dataset=AIBO-2cl-mel-16k model=Cnn14-16k-T optimizer=Adam
[2026-03-18 05:45:01,646][HYDRA] 	#131 : +loggers=['autrainer.loggers.TensorBoardLogger'] +seed=1 +learning_rate=0.0001 +batch_size=8 dataset=AIBO-2cl-mel-16k model=Cnn14-16k-T optimizer=SGD
[2026-03-18 05:45:01,825][HYDRA] 	#132 : +loggers=['autrainer.loggers.TensorBoardLogger'] +seed=1 +learning_rate=0.0001 +batch_size=8 dataset=AIBO-2cl-mel-16k model=ResNet-50-T optimizer=Adam
[2026-03-18 05:45:02,007][HYDRA] 	#133 : +loggers=['autrainer.loggers.TensorBoardLogger'] +seed=1 +learning_rate=0.0001 +batch_size=8 dataset=AIBO-2cl-mel-16k model=ResNet-50-T optimizer=SGD
[2026-03-18 05:45:02,189][HYDRA] 	#134 : +loggers=['autrainer.loggers.TensorBoardLogger'] +seed=1 +learning_rate=0.0001 +batch_size=8 dataset=AIBO-2cl-mel-16k model=Whisper-FFNN-Tiny-T optimizer=Adam
[2026-03-18 05:45:02,640][HYDRA] 	#135 : +loggers=['autrainer.loggers.TensorBoardLogger'] +seed=1 +learning_rate=0.0001 +batch_size=8 dataset=AIBO-2cl-mel-16k model=Whisper-FFNN-Tiny-T optimizer=SGD
[2026-03-18 05:45:03,160][HYDRA] 	#136 : +loggers=['autrainer.loggers.TensorBoardLogger'] +seed=1 +learning_rate=0.0001 +batch_size=8 dataset=AIBO-2cl-mel-16k model=w2v2-l-emo optimizer=Adam
[2026-03-18 05:45:03,624][HYDRA] 	#137 : +loggers=['autrainer.loggers.TensorBoardLogger'] +seed=1 +learning_rate=0.0001 +batch_size=8 dataset=AIBO-2cl-mel-16k model=w2v2-l-emo optimizer=SGD
[2026-03-18 05:45:04,096][HYDRA] 	#138 : +loggers=['autrainer.loggers.TensorBoardLogger'] +seed=1 +learning_rate=0.0001 +batch_size=8 dataset=AIBO-2cl-wav model=ResNet-50-T optimizer=Adam
[2026-03-18 05:45:04,294][HYDRA] 	#139 : +loggers=['autrainer.loggers.TensorBoardLogger'] +seed=1 +learning_rate=0.0001 +batch_size=8 dataset=AIBO-2cl-wav model=ResNet-50-T optimizer=SGD
[2026-03-18 05:45:04,472][HYDRA] 	#140 : +loggers=['autrainer.loggers.TensorBoardLogger'] +seed=1 +learning_rate=0.0001 +batch_size=8 dataset=AIBO-2cl-wav model=Whisper-FFNN-Tiny-T optimizer=Adam
[2026-03-18 05:45:04,925][HYDRA] 	#141 : +loggers=['autrainer.loggers.TensorBoardLogger'] +seed=1 +learning_rate=0.0001 +batch_size=8 dataset=AIBO-2cl-wav model=Whisper-FFNN-Tiny-T optimizer=SGD
[2026-03-18 05:45:05,395][HYDRA] 	#142 : +loggers=['autrainer.loggers.TensorBoardLogger'] +seed=1 +learning_rate=0.0001 +batch_size=8 dataset=AIBO-2cl-wav model=w2v2-l-emo optimizer=Adam
[2026-03-18 05:45:05,856][HYDRA] 	#143 : +loggers=['autrainer.loggers.TensorBoardLogger'] +seed=1 +learning_rate=0.0001 +batch_size=8 dataset=AIBO-2cl-wav model=w2v2-l-emo optimizer=SGD
[2026-03-18 05:45:06,321][HYDRA] 	#144 : +loggers=['autrainer.loggers.TensorBoardLogger'] +seed=1 +learning_rate=0.0001 +batch_size=16 dataset=AIBO-2cl-IS09-llds model=Seq-FFNN-IS09 optimizer=Adam
[2026-03-18 05:45:06,807][HYDRA] 	#145 : +loggers=['autrainer.loggers.TensorBoardLogger'] +seed=1 +learning_rate=0.0001 +batch_size=16 dataset=AIBO-2cl-IS09-llds model=Seq-FFNN-IS09 optimizer=SGD
[2026-03-18 05:45:07,290][HYDRA] 	#146 : +loggers=['autrainer.loggers.TensorBoardLogger'] +seed=1 +learning_rate=0.0001 +batch_size=16 dataset=AIBO-2cl-mel-16k model=Seq-FFNN-IS09 optimizer=Adam
[2026-03-18 05:45:07,477][HYDRA] 	#147 : +loggers=['autrainer.loggers.TensorBoardLogger'] +seed=1 +learning_rate=0.0001 +batch_size=16 dataset=AIBO-2cl-mel-16k model=Seq-FFNN-IS09 optimizer=SGD
[2026-03-18 05:45:07,673][HYDRA] 	#148 : +loggers=['autrainer.loggers.TensorBoardLogger'] +seed=1 +learning_rate=0.0001 +batch_size=16 dataset=AIBO-2cl-mel-16k model=Cnn14-16k-T optimizer=Adam
[2026-03-18 05:45:07,852][HYDRA] 	#149 : +loggers=['autrainer.loggers.TensorBoardLogger'] +seed=1 +learning_rate=0.0001 +batch_size=16 dataset=AIBO-2cl-mel-16k model=Cnn14-16k-T optimizer=SGD
[2026-03-18 05:45:08,037][HYDRA] 	#150 : +loggers=['autrainer.loggers.TensorBoardLogger'] +seed=1 +learning_rate=0.0001 +batch_size=16 dataset=AIBO-2cl-mel-16k model=ResNet-50-T optimizer=Adam
[2026-03-18 05:45:08,221][HYDRA] 	#151 : +loggers=['autrainer.loggers.TensorBoardLogger'] +seed=1 +learning_rate=0.0001 +batch_size=16 dataset=AIBO-2cl-mel-16k model=ResNet-50-T optimizer=SGD
[2026-03-18 05:45:08,405][HYDRA] 	#152 : +loggers=['autrainer.loggers.TensorBoardLogger'] +seed=1 +learning_rate=0.0001 +batch_size=16 dataset=AIBO-2cl-mel-16k model=Whisper-FFNN-Tiny-T optimizer=Adam
[2026-03-18 05:45:09,389][HYDRA] 	#153 : +loggers=['autrainer.loggers.TensorBoardLogger'] +seed=1 +learning_rate=0.0001 +batch_size=16 dataset=AIBO-2cl-mel-16k model=Whisper-FFNN-Tiny-T optimizer=SGD
[2026-03-18 05:45:09,835][HYDRA] 	#154 : +loggers=['autrainer.loggers.TensorBoardLogger'] +seed=1 +learning_rate=0.0001 +batch_size=16 dataset=AIBO-2cl-mel-16k model=w2v2-l-emo optimizer=Adam
[2026-03-18 05:45:10,273][HYDRA] 	#155 : +loggers=['autrainer.loggers.TensorBoardLogger'] +seed=1 +learning_rate=0.0001 +batch_size=16 dataset=AIBO-2cl-mel-16k model=w2v2-l-emo optimizer=SGD
[2026-03-18 05:45:10,710][HYDRA] 	#156 : +loggers=['autrainer.loggers.TensorBoardLogger'] +seed=1 +learning_rate=0.0001 +batch_size=16 dataset=AIBO-2cl-wav model=ResNet-50-T optimizer=Adam
[2026-03-18 05:45:10,882][HYDRA] 	#157 : +loggers=['autrainer.loggers.TensorBoardLogger'] +seed=1 +learning_rate=0.0001 +batch_size=16 dataset=AIBO-2cl-wav model=ResNet-50-T optimizer=SGD
[2026-03-18 05:45:11,061][HYDRA] 	#158 : +loggers=['autrainer.loggers.TensorBoardLogger'] +seed=1 +learning_rate=0.0001 +batch_size=16 dataset=AIBO-2cl-wav model=Whisper-FFNN-Tiny-T optimizer=Adam
[2026-03-18 05:45:11,513][HYDRA] 	#159 : +loggers=['autrainer.loggers.TensorBoardLogger'] +seed=1 +learning_rate=0.0001 +batch_size=16 dataset=AIBO-2cl-wav model=Whisper-FFNN-Tiny-T optimizer=SGD
[2026-03-18 05:45:11,981][HYDRA] 	#160 : +loggers=['autrainer.loggers.TensorBoardLogger'] +seed=1 +learning_rate=0.0001 +batch_size=16 dataset=AIBO-2cl-wav model=w2v2-l-emo optimizer=Adam
[2026-03-18 05:45:12,447][HYDRA] 	#161 : +loggers=['autrainer.loggers.TensorBoardLogger'] +seed=1 +learning_rate=0.0001 +batch_size=16 dataset=AIBO-2cl-wav model=w2v2-l-emo optimizer=SGD
