Traceback (most recent call last):
  File "/home/ge62niq/data/chi-gpu1/ge62niq/personalized_ser/.venv310/lib/python3.10/site-packages/hydra/_internal/utils.py", line 220, in run_and_report
    return func()
  File "/home/ge62niq/data/chi-gpu1/ge62niq/personalized_ser/.venv310/lib/python3.10/site-packages/hydra/_internal/utils.py", line 458, in <lambda>
    lambda: hydra.run(
  File "/home/ge62niq/data/chi-gpu1/ge62niq/personalized_ser/.venv310/lib/python3.10/site-packages/hydra/_internal/hydra.py", line 105, in run
    cfg = self.compose_config(
  File "/home/ge62niq/data/chi-gpu1/ge62niq/personalized_ser/.venv310/lib/python3.10/site-packages/hydra/_internal/hydra.py", line 594, in compose_config
    cfg = self.config_loader.load_configuration(
  File "/home/ge62niq/data/chi-gpu1/ge62niq/personalized_ser/.venv310/lib/python3.10/site-packages/hydra/_internal/config_loader_impl.py", line 142, in load_configuration
    return self._load_configuration_impl(
  File "/home/ge62niq/data/chi-gpu1/ge62niq/personalized_ser/.venv310/lib/python3.10/site-packages/hydra/_internal/config_loader_impl.py", line 244, in _load_configuration_impl
    parsed_overrides, caching_repo = self._parse_overrides_and_create_caching_repo(
  File "/home/ge62niq/data/chi-gpu1/ge62niq/personalized_ser/.venv310/lib/python3.10/site-packages/hydra/_internal/config_loader_impl.py", line 230, in _parse_overrides_and_create_caching_repo
    self._process_config_searchpath(config_name, parsed_overrides, caching_repo)
  File "/home/ge62niq/data/chi-gpu1/ge62niq/personalized_ser/.venv310/lib/python3.10/site-packages/hydra/_internal/config_loader_impl.py", line 159, in _process_config_searchpath
    loaded = repo.load_config(config_path=config_name)
  File "/home/ge62niq/data/chi-gpu1/ge62niq/personalized_ser/.venv310/lib/python3.10/site-packages/hydra/_internal/config_repository.py", line 348, in load_config
    ret = self.delegate.load_config(config_path=config_path)
  File "/home/ge62niq/data/chi-gpu1/ge62niq/personalized_ser/.venv310/lib/python3.10/site-packages/hydra/_internal/config_repository.py", line 91, in load_config
    ret = source.load_config(config_path=config_path)
  File "/home/ge62niq/data/chi-gpu1/ge62niq/personalized_ser/.venv310/lib/python3.10/site-packages/hydra/_internal/core_plugins/file_config_source.py", line 31, in load_config
    cfg = OmegaConf.load(f)
  File "/home/ge62niq/data/chi-gpu1/ge62niq/personalized_ser/.venv310/lib/python3.10/site-packages/omegaconf/omegaconf.py", line 192, in load
    obj = yaml.load(file_, Loader=get_yaml_loader())
  File "/home/ge62niq/data/chi-gpu1/ge62niq/personalized_ser/.venv310/lib/python3.10/site-packages/yaml/__init__.py", line 81, in load
    return loader.get_single_data()
  File "/home/ge62niq/data/chi-gpu1/ge62niq/personalized_ser/.venv310/lib/python3.10/site-packages/yaml/constructor.py", line 49, in get_single_data
    node = self.get_single_node()
  File "/home/ge62niq/data/chi-gpu1/ge62niq/personalized_ser/.venv310/lib/python3.10/site-packages/yaml/composer.py", line 36, in get_single_node
    document = self.compose_document()
  File "/home/ge62niq/data/chi-gpu1/ge62niq/personalized_ser/.venv310/lib/python3.10/site-packages/yaml/composer.py", line 55, in compose_document
    node = self.compose_node(None, None)
  File "/home/ge62niq/data/chi-gpu1/ge62niq/personalized_ser/.venv310/lib/python3.10/site-packages/yaml/composer.py", line 84, in compose_node
    node = self.compose_mapping_node(anchor)
  File "/home/ge62niq/data/chi-gpu1/ge62niq/personalized_ser/.venv310/lib/python3.10/site-packages/yaml/composer.py", line 133, in compose_mapping_node
    item_value = self.compose_node(node, item_key)
  File "/home/ge62niq/data/chi-gpu1/ge62niq/personalized_ser/.venv310/lib/python3.10/site-packages/yaml/composer.py", line 84, in compose_node
    node = self.compose_mapping_node(anchor)
  File "/home/ge62niq/data/chi-gpu1/ge62niq/personalized_ser/.venv310/lib/python3.10/site-packages/yaml/composer.py", line 133, in compose_mapping_node
    item_value = self.compose_node(node, item_key)
  File "/home/ge62niq/data/chi-gpu1/ge62niq/personalized_ser/.venv310/lib/python3.10/site-packages/yaml/composer.py", line 84, in compose_node
    node = self.compose_mapping_node(anchor)
  File "/home/ge62niq/data/chi-gpu1/ge62niq/personalized_ser/.venv310/lib/python3.10/site-packages/yaml/composer.py", line 133, in compose_mapping_node
    item_value = self.compose_node(node, item_key)
  File "/home/ge62niq/data/chi-gpu1/ge62niq/personalized_ser/.venv310/lib/python3.10/site-packages/yaml/composer.py", line 84, in compose_node
    node = self.compose_mapping_node(anchor)
  File "/home/ge62niq/data/chi-gpu1/ge62niq/personalized_ser/.venv310/lib/python3.10/site-packages/yaml/composer.py", line 127, in compose_mapping_node
    while not self.check_event(MappingEndEvent):
  File "/home/ge62niq/data/chi-gpu1/ge62niq/personalized_ser/.venv310/lib/python3.10/site-packages/yaml/parser.py", line 98, in check_event
    self.current_event = self.state()
  File "/home/ge62niq/data/chi-gpu1/ge62niq/personalized_ser/.venv310/lib/python3.10/site-packages/yaml/parser.py", line 428, in parse_block_mapping_key
    if self.check_token(KeyToken):
  File "/home/ge62niq/data/chi-gpu1/ge62niq/personalized_ser/.venv310/lib/python3.10/site-packages/yaml/scanner.py", line 115, in check_token
    while self.need_more_tokens():
  File "/home/ge62niq/data/chi-gpu1/ge62niq/personalized_ser/.venv310/lib/python3.10/site-packages/yaml/scanner.py", line 152, in need_more_tokens
    self.stale_possible_simple_keys()
  File "/home/ge62niq/data/chi-gpu1/ge62niq/personalized_ser/.venv310/lib/python3.10/site-packages/yaml/scanner.py", line 291, in stale_possible_simple_keys
    raise ScannerError("while scanning a simple key", key.mark,
yaml.scanner.ScannerError: while scanning a simple key
  in "/tmp/tmpu60a8mtm/aibo.5cl.tuning.yaml", line 17, column 1
could not find expected ':'
  in "/tmp/tmpu60a8mtm/aibo.5cl.tuning.yaml", line 18, column 18
slurmstepd: error: pam_close_session: Cannot make/remove an entry for the specified session
