[2026-03-18 09:38:37,720][HYDRA] Launching 270 jobs locally
[2026-03-18 09:38:37,720][HYDRA] 	#0 : +loggers=['autrainer.loggers.TensorBoardLogger'] +seed=1 +learning_rate=0.01 +batch_size=4 dataset=AIBO-5cl-IS09-llds model=Seq-FFNN-IS09 optimizer=Adam
[2026-03-18 09:38:43,111][speechbrain.utils.checkpoints][DEBUG] - Registered checkpoint save hook for _speechbrain_save
[2026-03-18 09:38:43,111][speechbrain.utils.checkpoints][DEBUG] - Registered checkpoint load hook for _speechbrain_load
[2026-03-18 09:38:43,111][speechbrain.utils.checkpoints][DEBUG] - Registered checkpoint save hook for save
[2026-03-18 09:38:43,111][speechbrain.utils.checkpoints][DEBUG] - Registered checkpoint load hook for load
[2026-03-18 09:38:43,376][speechbrain.utils.quirks][INFO] - Applied quirks (see `speechbrain.utils.quirks`): [allow_tf32, disable_jit_profiling]
[2026-03-18 09:38:43,377][speechbrain.utils.quirks][INFO] - Excluded quirks specified by the `SB_DISABLE_QUIRKS` environment (comma-separated list): []
[2026-03-18 09:38:43,378][speechbrain.utils.checkpoints][DEBUG] - Registered checkpoint save hook for _save
[2026-03-18 09:38:43,378][speechbrain.utils.checkpoints][DEBUG] - Registered checkpoint load hook for _recover
[2026-03-18 09:38:43,382][speechbrain.utils.checkpoints][DEBUG] - Registered checkpoint save hook for _save
[2026-03-18 09:38:43,382][speechbrain.utils.checkpoints][DEBUG] - Registered checkpoint load hook for _load
[2026-03-18 09:38:43,382][speechbrain.utils.checkpoints][DEBUG] - Registered parameter transfer hook for _load
[2026-03-18 09:38:44,582][HYDRA] 	#1 : +loggers=['autrainer.loggers.TensorBoardLogger'] +seed=1 +learning_rate=0.01 +batch_size=4 dataset=AIBO-5cl-IS09-llds model=Seq-FFNN-IS09 optimizer=SGD
[2026-03-18 09:38:45,192][HYDRA] 	#2 : +loggers=['autrainer.loggers.TensorBoardLogger'] +seed=1 +learning_rate=0.01 +batch_size=4 dataset=AIBO-5cl-IS09-llds model=Cnn14-16k-T optimizer=Adam
[2026-03-18 09:38:45,665][HYDRA] 	#3 : +loggers=['autrainer.loggers.TensorBoardLogger'] +seed=1 +learning_rate=0.01 +batch_size=4 dataset=AIBO-5cl-IS09-llds model=Cnn14-16k-T optimizer=SGD
[2026-03-18 09:38:45,858][HYDRA] 	#4 : +loggers=['autrainer.loggers.TensorBoardLogger'] +seed=1 +learning_rate=0.01 +batch_size=4 dataset=AIBO-5cl-IS09-llds model=ResNet-50-T optimizer=Adam
[2026-03-18 09:38:46,049][HYDRA] 	#5 : +loggers=['autrainer.loggers.TensorBoardLogger'] +seed=1 +learning_rate=0.01 +batch_size=4 dataset=AIBO-5cl-IS09-llds model=ResNet-50-T optimizer=SGD
[2026-03-18 09:38:46,241][HYDRA] 	#6 : +loggers=['autrainer.loggers.TensorBoardLogger'] +seed=1 +learning_rate=0.01 +batch_size=4 dataset=AIBO-5cl-IS09-llds model=Whisper-FFNN-Tiny-T optimizer=Adam
[2026-03-18 09:38:46,877][HYDRA] 	#7 : +loggers=['autrainer.loggers.TensorBoardLogger'] +seed=1 +learning_rate=0.01 +batch_size=4 dataset=AIBO-5cl-IS09-llds model=Whisper-FFNN-Tiny-T optimizer=SGD
[2026-03-18 09:38:47,401][HYDRA] 	#8 : +loggers=['autrainer.loggers.TensorBoardLogger'] +seed=1 +learning_rate=0.01 +batch_size=4 dataset=AIBO-5cl-IS09-llds model=w2v2-l-emo optimizer=Adam
[2026-03-18 09:38:47,916][HYDRA] 	#9 : +loggers=['autrainer.loggers.TensorBoardLogger'] +seed=1 +learning_rate=0.01 +batch_size=4 dataset=AIBO-5cl-IS09-llds model=w2v2-l-emo optimizer=SGD
[2026-03-18 09:38:48,441][HYDRA] 	#10 : +loggers=['autrainer.loggers.TensorBoardLogger'] +seed=1 +learning_rate=0.01 +batch_size=4 dataset=AIBO-5cl-mel-16k model=Seq-FFNN-IS09 optimizer=Adam
[2026-03-18 09:38:49,577][HYDRA] 	#11 : +loggers=['autrainer.loggers.TensorBoardLogger'] +seed=1 +learning_rate=0.01 +batch_size=4 dataset=AIBO-5cl-mel-16k model=Seq-FFNN-IS09 optimizer=SGD
[2026-03-18 09:38:50,278][HYDRA] 	#12 : +loggers=['autrainer.loggers.TensorBoardLogger'] +seed=1 +learning_rate=0.01 +batch_size=4 dataset=AIBO-5cl-mel-16k model=Cnn14-16k-T optimizer=Adam
[2026-03-18 09:38:50,471][HYDRA] 	#13 : +loggers=['autrainer.loggers.TensorBoardLogger'] +seed=1 +learning_rate=0.01 +batch_size=4 dataset=AIBO-5cl-mel-16k model=Cnn14-16k-T optimizer=SGD
[2026-03-18 09:38:50,667][HYDRA] 	#14 : +loggers=['autrainer.loggers.TensorBoardLogger'] +seed=1 +learning_rate=0.01 +batch_size=4 dataset=AIBO-5cl-mel-16k model=ResNet-50-T optimizer=Adam
[2026-03-18 09:38:50,858][HYDRA] 	#15 : +loggers=['autrainer.loggers.TensorBoardLogger'] +seed=1 +learning_rate=0.01 +batch_size=4 dataset=AIBO-5cl-mel-16k model=ResNet-50-T optimizer=SGD
[2026-03-18 09:38:51,052][HYDRA] 	#16 : +loggers=['autrainer.loggers.TensorBoardLogger'] +seed=1 +learning_rate=0.01 +batch_size=4 dataset=AIBO-5cl-mel-16k model=Whisper-FFNN-Tiny-T optimizer=Adam
[2026-03-18 09:38:51,936][HYDRA] 	#17 : +loggers=['autrainer.loggers.TensorBoardLogger'] +seed=1 +learning_rate=0.01 +batch_size=4 dataset=AIBO-5cl-mel-16k model=Whisper-FFNN-Tiny-T optimizer=SGD
[2026-03-18 09:38:52,456][HYDRA] 	#18 : +loggers=['autrainer.loggers.TensorBoardLogger'] +seed=1 +learning_rate=0.01 +batch_size=4 dataset=AIBO-5cl-mel-16k model=w2v2-l-emo optimizer=Adam
[2026-03-18 09:38:52,995][HYDRA] 	#19 : +loggers=['autrainer.loggers.TensorBoardLogger'] +seed=1 +learning_rate=0.01 +batch_size=4 dataset=AIBO-5cl-mel-16k model=w2v2-l-emo optimizer=SGD
[2026-03-18 09:38:53,527][HYDRA] 	#20 : +loggers=['autrainer.loggers.TensorBoardLogger'] +seed=1 +learning_rate=0.01 +batch_size=4 dataset=AIBO-5cl-wav model=Seq-FFNN-IS09 optimizer=Adam
[2026-03-18 09:38:53,738][HYDRA] 	#21 : +loggers=['autrainer.loggers.TensorBoardLogger'] +seed=1 +learning_rate=0.01 +batch_size=4 dataset=AIBO-5cl-wav model=Seq-FFNN-IS09 optimizer=SGD
[2026-03-18 09:38:53,926][HYDRA] 	#22 : +loggers=['autrainer.loggers.TensorBoardLogger'] +seed=1 +learning_rate=0.01 +batch_size=4 dataset=AIBO-5cl-wav model=Cnn14-16k-T optimizer=Adam
[2026-03-18 09:38:54,113][HYDRA] 	#23 : +loggers=['autrainer.loggers.TensorBoardLogger'] +seed=1 +learning_rate=0.01 +batch_size=4 dataset=AIBO-5cl-wav model=Cnn14-16k-T optimizer=SGD
[2026-03-18 09:38:54,310][HYDRA] 	#24 : +loggers=['autrainer.loggers.TensorBoardLogger'] +seed=1 +learning_rate=0.01 +batch_size=4 dataset=AIBO-5cl-wav model=ResNet-50-T optimizer=Adam
[2026-03-18 09:38:54,496][HYDRA] 	#25 : +loggers=['autrainer.loggers.TensorBoardLogger'] +seed=1 +learning_rate=0.01 +batch_size=4 dataset=AIBO-5cl-wav model=ResNet-50-T optimizer=SGD
[2026-03-18 09:38:54,681][HYDRA] 	#26 : +loggers=['autrainer.loggers.TensorBoardLogger'] +seed=1 +learning_rate=0.01 +batch_size=4 dataset=AIBO-5cl-wav model=Whisper-FFNN-Tiny-T optimizer=Adam
[2026-03-18 09:38:55,214][HYDRA] 	#27 : +loggers=['autrainer.loggers.TensorBoardLogger'] +seed=1 +learning_rate=0.01 +batch_size=4 dataset=AIBO-5cl-wav model=Whisper-FFNN-Tiny-T optimizer=SGD
[2026-03-18 09:38:55,735][HYDRA] 	#28 : +loggers=['autrainer.loggers.TensorBoardLogger'] +seed=1 +learning_rate=0.01 +batch_size=4 dataset=AIBO-5cl-wav model=w2v2-l-emo optimizer=Adam
[2026-03-18 09:38:56,238][HYDRA] 	#29 : +loggers=['autrainer.loggers.TensorBoardLogger'] +seed=1 +learning_rate=0.01 +batch_size=4 dataset=AIBO-5cl-wav model=w2v2-l-emo optimizer=SGD
[2026-03-18 09:38:56,793][HYDRA] 	#30 : +loggers=['autrainer.loggers.TensorBoardLogger'] +seed=1 +learning_rate=0.01 +batch_size=8 dataset=AIBO-5cl-IS09-llds model=Seq-FFNN-IS09 optimizer=Adam
[2026-03-18 09:38:57,445][HYDRA] 	#31 : +loggers=['autrainer.loggers.TensorBoardLogger'] +seed=1 +learning_rate=0.01 +batch_size=8 dataset=AIBO-5cl-IS09-llds model=Seq-FFNN-IS09 optimizer=SGD
[2026-03-18 09:38:58,058][HYDRA] 	#32 : +loggers=['autrainer.loggers.TensorBoardLogger'] +seed=1 +learning_rate=0.01 +batch_size=8 dataset=AIBO-5cl-IS09-llds model=Cnn14-16k-T optimizer=Adam
[2026-03-18 09:38:58,252][HYDRA] 	#33 : +loggers=['autrainer.loggers.TensorBoardLogger'] +seed=1 +learning_rate=0.01 +batch_size=8 dataset=AIBO-5cl-IS09-llds model=Cnn14-16k-T optimizer=SGD
[2026-03-18 09:38:58,446][HYDRA] 	#34 : +loggers=['autrainer.loggers.TensorBoardLogger'] +seed=1 +learning_rate=0.01 +batch_size=8 dataset=AIBO-5cl-IS09-llds model=ResNet-50-T optimizer=Adam
[2026-03-18 09:38:58,641][HYDRA] 	#35 : +loggers=['autrainer.loggers.TensorBoardLogger'] +seed=1 +learning_rate=0.01 +batch_size=8 dataset=AIBO-5cl-IS09-llds model=ResNet-50-T optimizer=SGD
[2026-03-18 09:38:58,847][HYDRA] 	#36 : +loggers=['autrainer.loggers.TensorBoardLogger'] +seed=1 +learning_rate=0.01 +batch_size=8 dataset=AIBO-5cl-IS09-llds model=Whisper-FFNN-Tiny-T optimizer=Adam
[2026-03-18 09:38:59,352][HYDRA] 	#37 : +loggers=['autrainer.loggers.TensorBoardLogger'] +seed=1 +learning_rate=0.01 +batch_size=8 dataset=AIBO-5cl-IS09-llds model=Whisper-FFNN-Tiny-T optimizer=SGD
[2026-03-18 09:38:59,895][HYDRA] 	#38 : +loggers=['autrainer.loggers.TensorBoardLogger'] +seed=1 +learning_rate=0.01 +batch_size=8 dataset=AIBO-5cl-IS09-llds model=w2v2-l-emo optimizer=Adam
[2026-03-18 09:39:00,597][HYDRA] 	#39 : +loggers=['autrainer.loggers.TensorBoardLogger'] +seed=1 +learning_rate=0.01 +batch_size=8 dataset=AIBO-5cl-IS09-llds model=w2v2-l-emo optimizer=SGD
[2026-03-18 09:39:01,103][HYDRA] 	#40 : +loggers=['autrainer.loggers.TensorBoardLogger'] +seed=1 +learning_rate=0.01 +batch_size=8 dataset=AIBO-5cl-mel-16k model=Seq-FFNN-IS09 optimizer=Adam
[2026-03-18 09:39:02,264][HYDRA] 	#41 : +loggers=['autrainer.loggers.TensorBoardLogger'] +seed=1 +learning_rate=0.01 +batch_size=8 dataset=AIBO-5cl-mel-16k model=Seq-FFNN-IS09 optimizer=SGD
[2026-03-18 09:39:02,967][HYDRA] 	#42 : +loggers=['autrainer.loggers.TensorBoardLogger'] +seed=1 +learning_rate=0.01 +batch_size=8 dataset=AIBO-5cl-mel-16k model=Cnn14-16k-T optimizer=Adam
[2026-03-18 09:39:03,160][HYDRA] 	#43 : +loggers=['autrainer.loggers.TensorBoardLogger'] +seed=1 +learning_rate=0.01 +batch_size=8 dataset=AIBO-5cl-mel-16k model=Cnn14-16k-T optimizer=SGD
[2026-03-18 09:39:03,352][HYDRA] 	#44 : +loggers=['autrainer.loggers.TensorBoardLogger'] +seed=1 +learning_rate=0.01 +batch_size=8 dataset=AIBO-5cl-mel-16k model=ResNet-50-T optimizer=Adam
[2026-03-18 09:39:03,545][HYDRA] 	#45 : +loggers=['autrainer.loggers.TensorBoardLogger'] +seed=1 +learning_rate=0.01 +batch_size=8 dataset=AIBO-5cl-mel-16k model=ResNet-50-T optimizer=SGD
[2026-03-18 09:39:03,737][HYDRA] 	#46 : +loggers=['autrainer.loggers.TensorBoardLogger'] +seed=1 +learning_rate=0.01 +batch_size=8 dataset=AIBO-5cl-mel-16k model=Whisper-FFNN-Tiny-T optimizer=Adam
[2026-03-18 09:39:04,262][HYDRA] 	#47 : +loggers=['autrainer.loggers.TensorBoardLogger'] +seed=1 +learning_rate=0.01 +batch_size=8 dataset=AIBO-5cl-mel-16k model=Whisper-FFNN-Tiny-T optimizer=SGD
[2026-03-18 09:39:04,784][HYDRA] 	#48 : +loggers=['autrainer.loggers.TensorBoardLogger'] +seed=1 +learning_rate=0.01 +batch_size=8 dataset=AIBO-5cl-mel-16k model=w2v2-l-emo optimizer=Adam
[2026-03-18 09:39:05,285][HYDRA] 	#49 : +loggers=['autrainer.loggers.TensorBoardLogger'] +seed=1 +learning_rate=0.01 +batch_size=8 dataset=AIBO-5cl-mel-16k model=w2v2-l-emo optimizer=SGD
[2026-03-18 09:39:05,781][HYDRA] 	#50 : +loggers=['autrainer.loggers.TensorBoardLogger'] +seed=1 +learning_rate=0.01 +batch_size=8 dataset=AIBO-5cl-wav model=Seq-FFNN-IS09 optimizer=Adam
[2026-03-18 09:39:05,969][HYDRA] 	#51 : +loggers=['autrainer.loggers.TensorBoardLogger'] +seed=1 +learning_rate=0.01 +batch_size=8 dataset=AIBO-5cl-wav model=Seq-FFNN-IS09 optimizer=SGD
[2026-03-18 09:39:06,157][HYDRA] 	#52 : +loggers=['autrainer.loggers.TensorBoardLogger'] +seed=1 +learning_rate=0.01 +batch_size=8 dataset=AIBO-5cl-wav model=Cnn14-16k-T optimizer=Adam
[2026-03-18 09:39:06,343][HYDRA] 	#53 : +loggers=['autrainer.loggers.TensorBoardLogger'] +seed=1 +learning_rate=0.01 +batch_size=8 dataset=AIBO-5cl-wav model=Cnn14-16k-T optimizer=SGD
[2026-03-18 09:39:06,529][HYDRA] 	#54 : +loggers=['autrainer.loggers.TensorBoardLogger'] +seed=1 +learning_rate=0.01 +batch_size=8 dataset=AIBO-5cl-wav model=ResNet-50-T optimizer=Adam
[2026-03-18 09:39:06,716][HYDRA] 	#55 : +loggers=['autrainer.loggers.TensorBoardLogger'] +seed=1 +learning_rate=0.01 +batch_size=8 dataset=AIBO-5cl-wav model=ResNet-50-T optimizer=SGD
[2026-03-18 09:39:06,900][HYDRA] 	#56 : +loggers=['autrainer.loggers.TensorBoardLogger'] +seed=1 +learning_rate=0.01 +batch_size=8 dataset=AIBO-5cl-wav model=Whisper-FFNN-Tiny-T optimizer=Adam
[2026-03-18 09:39:07,415][HYDRA] 	#57 : +loggers=['autrainer.loggers.TensorBoardLogger'] +seed=1 +learning_rate=0.01 +batch_size=8 dataset=AIBO-5cl-wav model=Whisper-FFNN-Tiny-T optimizer=SGD
[2026-03-18 09:39:07,938][HYDRA] 	#58 : +loggers=['autrainer.loggers.TensorBoardLogger'] +seed=1 +learning_rate=0.01 +batch_size=8 dataset=AIBO-5cl-wav model=w2v2-l-emo optimizer=Adam
[2026-03-18 09:39:08,455][HYDRA] 	#59 : +loggers=['autrainer.loggers.TensorBoardLogger'] +seed=1 +learning_rate=0.01 +batch_size=8 dataset=AIBO-5cl-wav model=w2v2-l-emo optimizer=SGD
[2026-03-18 09:39:08,997][HYDRA] 	#60 : +loggers=['autrainer.loggers.TensorBoardLogger'] +seed=1 +learning_rate=0.01 +batch_size=16 dataset=AIBO-5cl-IS09-llds model=Seq-FFNN-IS09 optimizer=Adam
[2026-03-18 09:39:09,627][HYDRA] 	#61 : +loggers=['autrainer.loggers.TensorBoardLogger'] +seed=1 +learning_rate=0.01 +batch_size=16 dataset=AIBO-5cl-IS09-llds model=Seq-FFNN-IS09 optimizer=SGD
[2026-03-18 09:39:10,258][HYDRA] 	#62 : +loggers=['autrainer.loggers.TensorBoardLogger'] +seed=1 +learning_rate=0.01 +batch_size=16 dataset=AIBO-5cl-IS09-llds model=Cnn14-16k-T optimizer=Adam
[2026-03-18 09:39:10,452][HYDRA] 	#63 : +loggers=['autrainer.loggers.TensorBoardLogger'] +seed=1 +learning_rate=0.01 +batch_size=16 dataset=AIBO-5cl-IS09-llds model=Cnn14-16k-T optimizer=SGD
[2026-03-18 09:39:10,647][HYDRA] 	#64 : +loggers=['autrainer.loggers.TensorBoardLogger'] +seed=1 +learning_rate=0.01 +batch_size=16 dataset=AIBO-5cl-IS09-llds model=ResNet-50-T optimizer=Adam
[2026-03-18 09:39:10,837][HYDRA] 	#65 : +loggers=['autrainer.loggers.TensorBoardLogger'] +seed=1 +learning_rate=0.01 +batch_size=16 dataset=AIBO-5cl-IS09-llds model=ResNet-50-T optimizer=SGD
[2026-03-18 09:39:11,028][HYDRA] 	#66 : +loggers=['autrainer.loggers.TensorBoardLogger'] +seed=1 +learning_rate=0.01 +batch_size=16 dataset=AIBO-5cl-IS09-llds model=Whisper-FFNN-Tiny-T optimizer=Adam
[2026-03-18 09:39:11,526][HYDRA] 	#67 : +loggers=['autrainer.loggers.TensorBoardLogger'] +seed=1 +learning_rate=0.01 +batch_size=16 dataset=AIBO-5cl-IS09-llds model=Whisper-FFNN-Tiny-T optimizer=SGD
[2026-03-18 09:39:12,036][HYDRA] 	#68 : +loggers=['autrainer.loggers.TensorBoardLogger'] +seed=1 +learning_rate=0.01 +batch_size=16 dataset=AIBO-5cl-IS09-llds model=w2v2-l-emo optimizer=Adam
[2026-03-18 09:39:13,011][HYDRA] 	#69 : +loggers=['autrainer.loggers.TensorBoardLogger'] +seed=1 +learning_rate=0.01 +batch_size=16 dataset=AIBO-5cl-IS09-llds model=w2v2-l-emo optimizer=SGD
[2026-03-18 09:39:13,539][HYDRA] 	#70 : +loggers=['autrainer.loggers.TensorBoardLogger'] +seed=1 +learning_rate=0.01 +batch_size=16 dataset=AIBO-5cl-mel-16k model=Seq-FFNN-IS09 optimizer=Adam
[2026-03-18 09:39:14,285][HYDRA] 	#71 : +loggers=['autrainer.loggers.TensorBoardLogger'] +seed=1 +learning_rate=0.01 +batch_size=16 dataset=AIBO-5cl-mel-16k model=Seq-FFNN-IS09 optimizer=SGD
[2026-03-18 09:39:15,007][HYDRA] 	#72 : +loggers=['autrainer.loggers.TensorBoardLogger'] +seed=1 +learning_rate=0.01 +batch_size=16 dataset=AIBO-5cl-mel-16k model=Cnn14-16k-T optimizer=Adam
[2026-03-18 09:39:15,204][HYDRA] 	#73 : +loggers=['autrainer.loggers.TensorBoardLogger'] +seed=1 +learning_rate=0.01 +batch_size=16 dataset=AIBO-5cl-mel-16k model=Cnn14-16k-T optimizer=SGD
[2026-03-18 09:39:15,398][HYDRA] 	#74 : +loggers=['autrainer.loggers.TensorBoardLogger'] +seed=1 +learning_rate=0.01 +batch_size=16 dataset=AIBO-5cl-mel-16k model=ResNet-50-T optimizer=Adam
[2026-03-18 09:39:15,592][HYDRA] 	#75 : +loggers=['autrainer.loggers.TensorBoardLogger'] +seed=1 +learning_rate=0.01 +batch_size=16 dataset=AIBO-5cl-mel-16k model=ResNet-50-T optimizer=SGD
[2026-03-18 09:39:15,785][HYDRA] 	#76 : +loggers=['autrainer.loggers.TensorBoardLogger'] +seed=1 +learning_rate=0.01 +batch_size=16 dataset=AIBO-5cl-mel-16k model=Whisper-FFNN-Tiny-T optimizer=Adam
[2026-03-18 09:39:16,324][HYDRA] 	#77 : +loggers=['autrainer.loggers.TensorBoardLogger'] +seed=1 +learning_rate=0.01 +batch_size=16 dataset=AIBO-5cl-mel-16k model=Whisper-FFNN-Tiny-T optimizer=SGD
[2026-03-18 09:39:16,859][HYDRA] 	#78 : +loggers=['autrainer.loggers.TensorBoardLogger'] +seed=1 +learning_rate=0.01 +batch_size=16 dataset=AIBO-5cl-mel-16k model=w2v2-l-emo optimizer=Adam
[2026-03-18 09:39:17,383][HYDRA] 	#79 : +loggers=['autrainer.loggers.TensorBoardLogger'] +seed=1 +learning_rate=0.01 +batch_size=16 dataset=AIBO-5cl-mel-16k model=w2v2-l-emo optimizer=SGD
[2026-03-18 09:39:17,918][HYDRA] 	#80 : +loggers=['autrainer.loggers.TensorBoardLogger'] +seed=1 +learning_rate=0.01 +batch_size=16 dataset=AIBO-5cl-wav model=Seq-FFNN-IS09 optimizer=Adam
[2026-03-18 09:39:18,107][HYDRA] 	#81 : +loggers=['autrainer.loggers.TensorBoardLogger'] +seed=1 +learning_rate=0.01 +batch_size=16 dataset=AIBO-5cl-wav model=Seq-FFNN-IS09 optimizer=SGD
[2026-03-18 09:39:18,303][HYDRA] 	#82 : +loggers=['autrainer.loggers.TensorBoardLogger'] +seed=1 +learning_rate=0.01 +batch_size=16 dataset=AIBO-5cl-wav model=Cnn14-16k-T optimizer=Adam
[2026-03-18 09:39:18,491][HYDRA] 	#83 : +loggers=['autrainer.loggers.TensorBoardLogger'] +seed=1 +learning_rate=0.01 +batch_size=16 dataset=AIBO-5cl-wav model=Cnn14-16k-T optimizer=SGD
[2026-03-18 09:39:18,678][HYDRA] 	#84 : +loggers=['autrainer.loggers.TensorBoardLogger'] +seed=1 +learning_rate=0.01 +batch_size=16 dataset=AIBO-5cl-wav model=ResNet-50-T optimizer=Adam
[2026-03-18 09:39:18,863][HYDRA] 	#85 : +loggers=['autrainer.loggers.TensorBoardLogger'] +seed=1 +learning_rate=0.01 +batch_size=16 dataset=AIBO-5cl-wav model=ResNet-50-T optimizer=SGD
[2026-03-18 09:39:19,048][HYDRA] 	#86 : +loggers=['autrainer.loggers.TensorBoardLogger'] +seed=1 +learning_rate=0.01 +batch_size=16 dataset=AIBO-5cl-wav model=Whisper-FFNN-Tiny-T optimizer=Adam
[2026-03-18 09:39:19,587][HYDRA] 	#87 : +loggers=['autrainer.loggers.TensorBoardLogger'] +seed=1 +learning_rate=0.01 +batch_size=16 dataset=AIBO-5cl-wav model=Whisper-FFNN-Tiny-T optimizer=SGD
[2026-03-18 09:39:20,102][HYDRA] 	#88 : +loggers=['autrainer.loggers.TensorBoardLogger'] +seed=1 +learning_rate=0.01 +batch_size=16 dataset=AIBO-5cl-wav model=w2v2-l-emo optimizer=Adam
[2026-03-18 09:39:20,605][HYDRA] 	#89 : +loggers=['autrainer.loggers.TensorBoardLogger'] +seed=1 +learning_rate=0.01 +batch_size=16 dataset=AIBO-5cl-wav model=w2v2-l-emo optimizer=SGD
[2026-03-18 09:39:21,125][HYDRA] 	#90 : +loggers=['autrainer.loggers.TensorBoardLogger'] +seed=1 +learning_rate=0.001 +batch_size=4 dataset=AIBO-5cl-IS09-llds model=Seq-FFNN-IS09 optimizer=Adam
[2026-03-18 09:39:21,761][HYDRA] 	#91 : +loggers=['autrainer.loggers.TensorBoardLogger'] +seed=1 +learning_rate=0.001 +batch_size=4 dataset=AIBO-5cl-IS09-llds model=Seq-FFNN-IS09 optimizer=SGD
[2026-03-18 09:39:22,376][HYDRA] 	#92 : +loggers=['autrainer.loggers.TensorBoardLogger'] +seed=1 +learning_rate=0.001 +batch_size=4 dataset=AIBO-5cl-IS09-llds model=Cnn14-16k-T optimizer=Adam
[2026-03-18 09:39:22,574][HYDRA] 	#93 : +loggers=['autrainer.loggers.TensorBoardLogger'] +seed=1 +learning_rate=0.001 +batch_size=4 dataset=AIBO-5cl-IS09-llds model=Cnn14-16k-T optimizer=SGD
[2026-03-18 09:39:22,779][HYDRA] 	#94 : +loggers=['autrainer.loggers.TensorBoardLogger'] +seed=1 +learning_rate=0.001 +batch_size=4 dataset=AIBO-5cl-IS09-llds model=ResNet-50-T optimizer=Adam
[2026-03-18 09:39:22,972][HYDRA] 	#95 : +loggers=['autrainer.loggers.TensorBoardLogger'] +seed=1 +learning_rate=0.001 +batch_size=4 dataset=AIBO-5cl-IS09-llds model=ResNet-50-T optimizer=SGD
[2026-03-18 09:39:23,162][HYDRA] 	#96 : +loggers=['autrainer.loggers.TensorBoardLogger'] +seed=1 +learning_rate=0.001 +batch_size=4 dataset=AIBO-5cl-IS09-llds model=Whisper-FFNN-Tiny-T optimizer=Adam
[2026-03-18 09:39:23,673][HYDRA] 	#97 : +loggers=['autrainer.loggers.TensorBoardLogger'] +seed=1 +learning_rate=0.001 +batch_size=4 dataset=AIBO-5cl-IS09-llds model=Whisper-FFNN-Tiny-T optimizer=SGD
[2026-03-18 09:39:24,218][HYDRA] 	#98 : +loggers=['autrainer.loggers.TensorBoardLogger'] +seed=1 +learning_rate=0.001 +batch_size=4 dataset=AIBO-5cl-IS09-llds model=w2v2-l-emo optimizer=Adam
[2026-03-18 09:39:24,777][HYDRA] 	#99 : +loggers=['autrainer.loggers.TensorBoardLogger'] +seed=1 +learning_rate=0.001 +batch_size=4 dataset=AIBO-5cl-IS09-llds model=w2v2-l-emo optimizer=SGD
[2026-03-18 09:39:25,848][HYDRA] 	#100 : +loggers=['autrainer.loggers.TensorBoardLogger'] +seed=1 +learning_rate=0.001 +batch_size=4 dataset=AIBO-5cl-mel-16k model=Seq-FFNN-IS09 optimizer=Adam
[2026-03-18 09:39:26,589][HYDRA] 	#101 : +loggers=['autrainer.loggers.TensorBoardLogger'] +seed=1 +learning_rate=0.001 +batch_size=4 dataset=AIBO-5cl-mel-16k model=Seq-FFNN-IS09 optimizer=SGD
[2026-03-18 09:39:27,302][HYDRA] 	#102 : +loggers=['autrainer.loggers.TensorBoardLogger'] +seed=1 +learning_rate=0.001 +batch_size=4 dataset=AIBO-5cl-mel-16k model=Cnn14-16k-T optimizer=Adam
[2026-03-18 09:39:27,497][HYDRA] 	#103 : +loggers=['autrainer.loggers.TensorBoardLogger'] +seed=1 +learning_rate=0.001 +batch_size=4 dataset=AIBO-5cl-mel-16k model=Cnn14-16k-T optimizer=SGD
[2026-03-18 09:39:27,691][HYDRA] 	#104 : +loggers=['autrainer.loggers.TensorBoardLogger'] +seed=1 +learning_rate=0.001 +batch_size=4 dataset=AIBO-5cl-mel-16k model=ResNet-50-T optimizer=Adam
[2026-03-18 09:39:27,887][HYDRA] 	#105 : +loggers=['autrainer.loggers.TensorBoardLogger'] +seed=1 +learning_rate=0.001 +batch_size=4 dataset=AIBO-5cl-mel-16k model=ResNet-50-T optimizer=SGD
[2026-03-18 09:39:28,081][HYDRA] 	#106 : +loggers=['autrainer.loggers.TensorBoardLogger'] +seed=1 +learning_rate=0.001 +batch_size=4 dataset=AIBO-5cl-mel-16k model=Whisper-FFNN-Tiny-T optimizer=Adam
[2026-03-18 09:39:28,583][HYDRA] 	#107 : +loggers=['autrainer.loggers.TensorBoardLogger'] +seed=1 +learning_rate=0.001 +batch_size=4 dataset=AIBO-5cl-mel-16k model=Whisper-FFNN-Tiny-T optimizer=SGD
[2026-03-18 09:39:29,086][HYDRA] 	#108 : +loggers=['autrainer.loggers.TensorBoardLogger'] +seed=1 +learning_rate=0.001 +batch_size=4 dataset=AIBO-5cl-mel-16k model=w2v2-l-emo optimizer=Adam
[2026-03-18 09:39:29,601][HYDRA] 	#109 : +loggers=['autrainer.loggers.TensorBoardLogger'] +seed=1 +learning_rate=0.001 +batch_size=4 dataset=AIBO-5cl-mel-16k model=w2v2-l-emo optimizer=SGD
[2026-03-18 09:39:30,109][HYDRA] 	#110 : +loggers=['autrainer.loggers.TensorBoardLogger'] +seed=1 +learning_rate=0.001 +batch_size=4 dataset=AIBO-5cl-wav model=Seq-FFNN-IS09 optimizer=Adam
[2026-03-18 09:39:30,324][HYDRA] 	#111 : +loggers=['autrainer.loggers.TensorBoardLogger'] +seed=1 +learning_rate=0.001 +batch_size=4 dataset=AIBO-5cl-wav model=Seq-FFNN-IS09 optimizer=SGD
[2026-03-18 09:39:30,515][HYDRA] 	#112 : +loggers=['autrainer.loggers.TensorBoardLogger'] +seed=1 +learning_rate=0.001 +batch_size=4 dataset=AIBO-5cl-wav model=Cnn14-16k-T optimizer=Adam
[2026-03-18 09:39:30,701][HYDRA] 	#113 : +loggers=['autrainer.loggers.TensorBoardLogger'] +seed=1 +learning_rate=0.001 +batch_size=4 dataset=AIBO-5cl-wav model=Cnn14-16k-T optimizer=SGD
[2026-03-18 09:39:30,896][HYDRA] 	#114 : +loggers=['autrainer.loggers.TensorBoardLogger'] +seed=1 +learning_rate=0.001 +batch_size=4 dataset=AIBO-5cl-wav model=ResNet-50-T optimizer=Adam
[2026-03-18 09:39:31,091][HYDRA] 	#115 : +loggers=['autrainer.loggers.TensorBoardLogger'] +seed=1 +learning_rate=0.001 +batch_size=4 dataset=AIBO-5cl-wav model=ResNet-50-T optimizer=SGD
[2026-03-18 09:39:31,283][HYDRA] 	#116 : +loggers=['autrainer.loggers.TensorBoardLogger'] +seed=1 +learning_rate=0.001 +batch_size=4 dataset=AIBO-5cl-wav model=Whisper-FFNN-Tiny-T optimizer=Adam
[2026-03-18 09:39:31,791][HYDRA] 	#117 : +loggers=['autrainer.loggers.TensorBoardLogger'] +seed=1 +learning_rate=0.001 +batch_size=4 dataset=AIBO-5cl-wav model=Whisper-FFNN-Tiny-T optimizer=SGD
[2026-03-18 09:39:32,320][HYDRA] 	#118 : +loggers=['autrainer.loggers.TensorBoardLogger'] +seed=1 +learning_rate=0.001 +batch_size=4 dataset=AIBO-5cl-wav model=w2v2-l-emo optimizer=Adam
[2026-03-18 09:39:32,845][HYDRA] 	#119 : +loggers=['autrainer.loggers.TensorBoardLogger'] +seed=1 +learning_rate=0.001 +batch_size=4 dataset=AIBO-5cl-wav model=w2v2-l-emo optimizer=SGD
[2026-03-18 09:39:33,366][HYDRA] 	#120 : +loggers=['autrainer.loggers.TensorBoardLogger'] +seed=1 +learning_rate=0.001 +batch_size=8 dataset=AIBO-5cl-IS09-llds model=Seq-FFNN-IS09 optimizer=Adam
[2026-03-18 09:39:33,976][HYDRA] 	#121 : +loggers=['autrainer.loggers.TensorBoardLogger'] +seed=1 +learning_rate=0.001 +batch_size=8 dataset=AIBO-5cl-IS09-llds model=Seq-FFNN-IS09 optimizer=SGD
[2026-03-18 09:39:34,599][HYDRA] 	#122 : +loggers=['autrainer.loggers.TensorBoardLogger'] +seed=1 +learning_rate=0.001 +batch_size=8 dataset=AIBO-5cl-IS09-llds model=Cnn14-16k-T optimizer=Adam
[2026-03-18 09:39:34,826][HYDRA] 	#123 : +loggers=['autrainer.loggers.TensorBoardLogger'] +seed=1 +learning_rate=0.001 +batch_size=8 dataset=AIBO-5cl-IS09-llds model=Cnn14-16k-T optimizer=SGD
[2026-03-18 09:39:35,020][HYDRA] 	#124 : +loggers=['autrainer.loggers.TensorBoardLogger'] +seed=1 +learning_rate=0.001 +batch_size=8 dataset=AIBO-5cl-IS09-llds model=ResNet-50-T optimizer=Adam
[2026-03-18 09:39:35,211][HYDRA] 	#125 : +loggers=['autrainer.loggers.TensorBoardLogger'] +seed=1 +learning_rate=0.001 +batch_size=8 dataset=AIBO-5cl-IS09-llds model=ResNet-50-T optimizer=SGD
[2026-03-18 09:39:35,407][HYDRA] 	#126 : +loggers=['autrainer.loggers.TensorBoardLogger'] +seed=1 +learning_rate=0.001 +batch_size=8 dataset=AIBO-5cl-IS09-llds model=Whisper-FFNN-Tiny-T optimizer=Adam
[2026-03-18 09:39:35,931][HYDRA] 	#127 : +loggers=['autrainer.loggers.TensorBoardLogger'] +seed=1 +learning_rate=0.001 +batch_size=8 dataset=AIBO-5cl-IS09-llds model=Whisper-FFNN-Tiny-T optimizer=SGD
[2026-03-18 09:39:36,470][HYDRA] 	#128 : +loggers=['autrainer.loggers.TensorBoardLogger'] +seed=1 +learning_rate=0.001 +batch_size=8 dataset=AIBO-5cl-IS09-llds model=w2v2-l-emo optimizer=Adam
[2026-03-18 09:39:36,988][HYDRA] 	#129 : +loggers=['autrainer.loggers.TensorBoardLogger'] +seed=1 +learning_rate=0.001 +batch_size=8 dataset=AIBO-5cl-IS09-llds model=w2v2-l-emo optimizer=SGD
[2026-03-18 09:39:37,488][HYDRA] 	#130 : +loggers=['autrainer.loggers.TensorBoardLogger'] +seed=1 +learning_rate=0.001 +batch_size=8 dataset=AIBO-5cl-mel-16k model=Seq-FFNN-IS09 optimizer=Adam
[2026-03-18 09:39:38,218][HYDRA] 	#131 : +loggers=['autrainer.loggers.TensorBoardLogger'] +seed=1 +learning_rate=0.001 +batch_size=8 dataset=AIBO-5cl-mel-16k model=Seq-FFNN-IS09 optimizer=SGD
[2026-03-18 09:39:38,914][HYDRA] 	#132 : +loggers=['autrainer.loggers.TensorBoardLogger'] +seed=1 +learning_rate=0.001 +batch_size=8 dataset=AIBO-5cl-mel-16k model=Cnn14-16k-T optimizer=Adam
[2026-03-18 09:39:39,108][HYDRA] 	#133 : +loggers=['autrainer.loggers.TensorBoardLogger'] +seed=1 +learning_rate=0.001 +batch_size=8 dataset=AIBO-5cl-mel-16k model=Cnn14-16k-T optimizer=SGD
[2026-03-18 09:39:39,969][HYDRA] 	#134 : +loggers=['autrainer.loggers.TensorBoardLogger'] +seed=1 +learning_rate=0.001 +batch_size=8 dataset=AIBO-5cl-mel-16k model=ResNet-50-T optimizer=Adam
[2026-03-18 09:39:40,161][HYDRA] 	#135 : +loggers=['autrainer.loggers.TensorBoardLogger'] +seed=1 +learning_rate=0.001 +batch_size=8 dataset=AIBO-5cl-mel-16k model=ResNet-50-T optimizer=SGD
[2026-03-18 09:39:40,362][HYDRA] 	#136 : +loggers=['autrainer.loggers.TensorBoardLogger'] +seed=1 +learning_rate=0.001 +batch_size=8 dataset=AIBO-5cl-mel-16k model=Whisper-FFNN-Tiny-T optimizer=Adam
[2026-03-18 09:39:40,871][HYDRA] 	#137 : +loggers=['autrainer.loggers.TensorBoardLogger'] +seed=1 +learning_rate=0.001 +batch_size=8 dataset=AIBO-5cl-mel-16k model=Whisper-FFNN-Tiny-T optimizer=SGD
[2026-03-18 09:39:41,393][HYDRA] 	#138 : +loggers=['autrainer.loggers.TensorBoardLogger'] +seed=1 +learning_rate=0.001 +batch_size=8 dataset=AIBO-5cl-mel-16k model=w2v2-l-emo optimizer=Adam
[2026-03-18 09:39:41,895][HYDRA] 	#139 : +loggers=['autrainer.loggers.TensorBoardLogger'] +seed=1 +learning_rate=0.001 +batch_size=8 dataset=AIBO-5cl-mel-16k model=w2v2-l-emo optimizer=SGD
[2026-03-18 09:39:42,414][HYDRA] 	#140 : +loggers=['autrainer.loggers.TensorBoardLogger'] +seed=1 +learning_rate=0.001 +batch_size=8 dataset=AIBO-5cl-wav model=Seq-FFNN-IS09 optimizer=Adam
[2026-03-18 09:39:42,637][HYDRA] 	#141 : +loggers=['autrainer.loggers.TensorBoardLogger'] +seed=1 +learning_rate=0.001 +batch_size=8 dataset=AIBO-5cl-wav model=Seq-FFNN-IS09 optimizer=SGD
[2026-03-18 09:39:42,835][HYDRA] 	#142 : +loggers=['autrainer.loggers.TensorBoardLogger'] +seed=1 +learning_rate=0.001 +batch_size=8 dataset=AIBO-5cl-wav model=Cnn14-16k-T optimizer=Adam
[2026-03-18 09:39:43,026][HYDRA] 	#143 : +loggers=['autrainer.loggers.TensorBoardLogger'] +seed=1 +learning_rate=0.001 +batch_size=8 dataset=AIBO-5cl-wav model=Cnn14-16k-T optimizer=SGD
[2026-03-18 09:39:43,215][HYDRA] 	#144 : +loggers=['autrainer.loggers.TensorBoardLogger'] +seed=1 +learning_rate=0.001 +batch_size=8 dataset=AIBO-5cl-wav model=ResNet-50-T optimizer=Adam
[2026-03-18 09:39:43,402][HYDRA] 	#145 : +loggers=['autrainer.loggers.TensorBoardLogger'] +seed=1 +learning_rate=0.001 +batch_size=8 dataset=AIBO-5cl-wav model=ResNet-50-T optimizer=SGD
[2026-03-18 09:39:43,590][HYDRA] 	#146 : +loggers=['autrainer.loggers.TensorBoardLogger'] +seed=1 +learning_rate=0.001 +batch_size=8 dataset=AIBO-5cl-wav model=Whisper-FFNN-Tiny-T optimizer=Adam
[2026-03-18 09:39:44,106][HYDRA] 	#147 : +loggers=['autrainer.loggers.TensorBoardLogger'] +seed=1 +learning_rate=0.001 +batch_size=8 dataset=AIBO-5cl-wav model=Whisper-FFNN-Tiny-T optimizer=SGD
[2026-03-18 09:39:44,640][HYDRA] 	#148 : +loggers=['autrainer.loggers.TensorBoardLogger'] +seed=1 +learning_rate=0.001 +batch_size=8 dataset=AIBO-5cl-wav model=w2v2-l-emo optimizer=Adam
[2026-03-18 09:39:45,166][HYDRA] 	#149 : +loggers=['autrainer.loggers.TensorBoardLogger'] +seed=1 +learning_rate=0.001 +batch_size=8 dataset=AIBO-5cl-wav model=w2v2-l-emo optimizer=SGD
[2026-03-18 09:39:45,691][HYDRA] 	#150 : +loggers=['autrainer.loggers.TensorBoardLogger'] +seed=1 +learning_rate=0.001 +batch_size=16 dataset=AIBO-5cl-IS09-llds model=Seq-FFNN-IS09 optimizer=Adam
[2026-03-18 09:39:46,330][HYDRA] 	#151 : +loggers=['autrainer.loggers.TensorBoardLogger'] +seed=1 +learning_rate=0.001 +batch_size=16 dataset=AIBO-5cl-IS09-llds model=Seq-FFNN-IS09 optimizer=SGD
[2026-03-18 09:39:46,940][HYDRA] 	#152 : +loggers=['autrainer.loggers.TensorBoardLogger'] +seed=1 +learning_rate=0.001 +batch_size=16 dataset=AIBO-5cl-IS09-llds model=Cnn14-16k-T optimizer=Adam
[2026-03-18 09:39:47,137][HYDRA] 	#153 : +loggers=['autrainer.loggers.TensorBoardLogger'] +seed=1 +learning_rate=0.001 +batch_size=16 dataset=AIBO-5cl-IS09-llds model=Cnn14-16k-T optimizer=SGD
[2026-03-18 09:39:47,330][HYDRA] 	#154 : +loggers=['autrainer.loggers.TensorBoardLogger'] +seed=1 +learning_rate=0.001 +batch_size=16 dataset=AIBO-5cl-IS09-llds model=ResNet-50-T optimizer=Adam
[2026-03-18 09:39:47,522][HYDRA] 	#155 : +loggers=['autrainer.loggers.TensorBoardLogger'] +seed=1 +learning_rate=0.001 +batch_size=16 dataset=AIBO-5cl-IS09-llds model=ResNet-50-T optimizer=SGD
[2026-03-18 09:39:47,714][HYDRA] 	#156 : +loggers=['autrainer.loggers.TensorBoardLogger'] +seed=1 +learning_rate=0.001 +batch_size=16 dataset=AIBO-5cl-IS09-llds model=Whisper-FFNN-Tiny-T optimizer=Adam
[2026-03-18 09:39:48,221][HYDRA] 	#157 : +loggers=['autrainer.loggers.TensorBoardLogger'] +seed=1 +learning_rate=0.001 +batch_size=16 dataset=AIBO-5cl-IS09-llds model=Whisper-FFNN-Tiny-T optimizer=SGD
[2026-03-18 09:39:48,739][HYDRA] 	#158 : +loggers=['autrainer.loggers.TensorBoardLogger'] +seed=1 +learning_rate=0.001 +batch_size=16 dataset=AIBO-5cl-IS09-llds model=w2v2-l-emo optimizer=Adam
[2026-03-18 09:39:49,257][HYDRA] 	#159 : +loggers=['autrainer.loggers.TensorBoardLogger'] +seed=1 +learning_rate=0.001 +batch_size=16 dataset=AIBO-5cl-IS09-llds model=w2v2-l-emo optimizer=SGD
[2026-03-18 09:39:49,782][HYDRA] 	#160 : +loggers=['autrainer.loggers.TensorBoardLogger'] +seed=1 +learning_rate=0.001 +batch_size=16 dataset=AIBO-5cl-mel-16k model=Seq-FFNN-IS09 optimizer=Adam
[2026-03-18 09:39:50,512][HYDRA] 	#161 : +loggers=['autrainer.loggers.TensorBoardLogger'] +seed=1 +learning_rate=0.001 +batch_size=16 dataset=AIBO-5cl-mel-16k model=Seq-FFNN-IS09 optimizer=SGD
[2026-03-18 09:39:51,211][HYDRA] 	#162 : +loggers=['autrainer.loggers.TensorBoardLogger'] +seed=1 +learning_rate=0.001 +batch_size=16 dataset=AIBO-5cl-mel-16k model=Cnn14-16k-T optimizer=Adam
[2026-03-18 09:39:51,405][HYDRA] 	#163 : +loggers=['autrainer.loggers.TensorBoardLogger'] +seed=1 +learning_rate=0.001 +batch_size=16 dataset=AIBO-5cl-mel-16k model=Cnn14-16k-T optimizer=SGD
[2026-03-18 09:39:51,599][HYDRA] 	#164 : +loggers=['autrainer.loggers.TensorBoardLogger'] +seed=1 +learning_rate=0.001 +batch_size=16 dataset=AIBO-5cl-mel-16k model=ResNet-50-T optimizer=Adam
[2026-03-18 09:39:51,796][HYDRA] 	#165 : +loggers=['autrainer.loggers.TensorBoardLogger'] +seed=1 +learning_rate=0.001 +batch_size=16 dataset=AIBO-5cl-mel-16k model=ResNet-50-T optimizer=SGD
[2026-03-18 09:39:51,993][HYDRA] 	#166 : +loggers=['autrainer.loggers.TensorBoardLogger'] +seed=1 +learning_rate=0.001 +batch_size=16 dataset=AIBO-5cl-mel-16k model=Whisper-FFNN-Tiny-T optimizer=Adam
[2026-03-18 09:39:52,506][HYDRA] 	#167 : +loggers=['autrainer.loggers.TensorBoardLogger'] +seed=1 +learning_rate=0.001 +batch_size=16 dataset=AIBO-5cl-mel-16k model=Whisper-FFNN-Tiny-T optimizer=SGD
[2026-03-18 09:39:53,034][HYDRA] 	#168 : +loggers=['autrainer.loggers.TensorBoardLogger'] +seed=1 +learning_rate=0.001 +batch_size=16 dataset=AIBO-5cl-mel-16k model=w2v2-l-emo optimizer=Adam
[2026-03-18 09:39:53,561][HYDRA] 	#169 : +loggers=['autrainer.loggers.TensorBoardLogger'] +seed=1 +learning_rate=0.001 +batch_size=16 dataset=AIBO-5cl-mel-16k model=w2v2-l-emo optimizer=SGD
[2026-03-18 09:39:54,089][HYDRA] 	#170 : +loggers=['autrainer.loggers.TensorBoardLogger'] +seed=1 +learning_rate=0.001 +batch_size=16 dataset=AIBO-5cl-wav model=Seq-FFNN-IS09 optimizer=Adam
[2026-03-18 09:39:54,304][HYDRA] 	#171 : +loggers=['autrainer.loggers.TensorBoardLogger'] +seed=1 +learning_rate=0.001 +batch_size=16 dataset=AIBO-5cl-wav model=Seq-FFNN-IS09 optimizer=SGD
[2026-03-18 09:39:54,494][HYDRA] 	#172 : +loggers=['autrainer.loggers.TensorBoardLogger'] +seed=1 +learning_rate=0.001 +batch_size=16 dataset=AIBO-5cl-wav model=Cnn14-16k-T optimizer=Adam
[2026-03-18 09:39:54,684][HYDRA] 	#173 : +loggers=['autrainer.loggers.TensorBoardLogger'] +seed=1 +learning_rate=0.001 +batch_size=16 dataset=AIBO-5cl-wav model=Cnn14-16k-T optimizer=SGD
[2026-03-18 09:39:55,594][HYDRA] 	#174 : +loggers=['autrainer.loggers.TensorBoardLogger'] +seed=1 +learning_rate=0.001 +batch_size=16 dataset=AIBO-5cl-wav model=ResNet-50-T optimizer=Adam
[2026-03-18 09:39:55,780][HYDRA] 	#175 : +loggers=['autrainer.loggers.TensorBoardLogger'] +seed=1 +learning_rate=0.001 +batch_size=16 dataset=AIBO-5cl-wav model=ResNet-50-T optimizer=SGD
[2026-03-18 09:39:55,966][HYDRA] 	#176 : +loggers=['autrainer.loggers.TensorBoardLogger'] +seed=1 +learning_rate=0.001 +batch_size=16 dataset=AIBO-5cl-wav model=Whisper-FFNN-Tiny-T optimizer=Adam
[2026-03-18 09:39:56,491][HYDRA] 	#177 : +loggers=['autrainer.loggers.TensorBoardLogger'] +seed=1 +learning_rate=0.001 +batch_size=16 dataset=AIBO-5cl-wav model=Whisper-FFNN-Tiny-T optimizer=SGD
[2026-03-18 09:39:57,011][HYDRA] 	#178 : +loggers=['autrainer.loggers.TensorBoardLogger'] +seed=1 +learning_rate=0.001 +batch_size=16 dataset=AIBO-5cl-wav model=w2v2-l-emo optimizer=Adam
[2026-03-18 09:39:57,504][HYDRA] 	#179 : +loggers=['autrainer.loggers.TensorBoardLogger'] +seed=1 +learning_rate=0.001 +batch_size=16 dataset=AIBO-5cl-wav model=w2v2-l-emo optimizer=SGD
[2026-03-18 09:39:58,014][HYDRA] 	#180 : +loggers=['autrainer.loggers.TensorBoardLogger'] +seed=1 +learning_rate=0.0001 +batch_size=4 dataset=AIBO-5cl-IS09-llds model=Seq-FFNN-IS09 optimizer=Adam
[2026-03-18 09:39:58,675][HYDRA] 	#181 : +loggers=['autrainer.loggers.TensorBoardLogger'] +seed=1 +learning_rate=0.0001 +batch_size=4 dataset=AIBO-5cl-IS09-llds model=Seq-FFNN-IS09 optimizer=SGD
[2026-03-18 09:39:59,296][HYDRA] 	#182 : +loggers=['autrainer.loggers.TensorBoardLogger'] +seed=1 +learning_rate=0.0001 +batch_size=4 dataset=AIBO-5cl-IS09-llds model=Cnn14-16k-T optimizer=Adam
[2026-03-18 09:39:59,492][HYDRA] 	#183 : +loggers=['autrainer.loggers.TensorBoardLogger'] +seed=1 +learning_rate=0.0001 +batch_size=4 dataset=AIBO-5cl-IS09-llds model=Cnn14-16k-T optimizer=SGD
[2026-03-18 09:39:59,696][HYDRA] 	#184 : +loggers=['autrainer.loggers.TensorBoardLogger'] +seed=1 +learning_rate=0.0001 +batch_size=4 dataset=AIBO-5cl-IS09-llds model=ResNet-50-T optimizer=Adam
[2026-03-18 09:39:59,891][HYDRA] 	#185 : +loggers=['autrainer.loggers.TensorBoardLogger'] +seed=1 +learning_rate=0.0001 +batch_size=4 dataset=AIBO-5cl-IS09-llds model=ResNet-50-T optimizer=SGD
[2026-03-18 09:40:00,083][HYDRA] 	#186 : +loggers=['autrainer.loggers.TensorBoardLogger'] +seed=1 +learning_rate=0.0001 +batch_size=4 dataset=AIBO-5cl-IS09-llds model=Whisper-FFNN-Tiny-T optimizer=Adam
[2026-03-18 09:40:00,601][HYDRA] 	#187 : +loggers=['autrainer.loggers.TensorBoardLogger'] +seed=1 +learning_rate=0.0001 +batch_size=4 dataset=AIBO-5cl-IS09-llds model=Whisper-FFNN-Tiny-T optimizer=SGD
[2026-03-18 09:40:01,146][HYDRA] 	#188 : +loggers=['autrainer.loggers.TensorBoardLogger'] +seed=1 +learning_rate=0.0001 +batch_size=4 dataset=AIBO-5cl-IS09-llds model=w2v2-l-emo optimizer=Adam
[2026-03-18 09:40:01,665][HYDRA] 	#189 : +loggers=['autrainer.loggers.TensorBoardLogger'] +seed=1 +learning_rate=0.0001 +batch_size=4 dataset=AIBO-5cl-IS09-llds model=w2v2-l-emo optimizer=SGD
[2026-03-18 09:40:02,256][HYDRA] 	#190 : +loggers=['autrainer.loggers.TensorBoardLogger'] +seed=1 +learning_rate=0.0001 +batch_size=4 dataset=AIBO-5cl-mel-16k model=Seq-FFNN-IS09 optimizer=Adam
[2026-03-18 09:40:02,967][HYDRA] 	#191 : +loggers=['autrainer.loggers.TensorBoardLogger'] +seed=1 +learning_rate=0.0001 +batch_size=4 dataset=AIBO-5cl-mel-16k model=Seq-FFNN-IS09 optimizer=SGD
[2026-03-18 09:40:03,660][HYDRA] 	#192 : +loggers=['autrainer.loggers.TensorBoardLogger'] +seed=1 +learning_rate=0.0001 +batch_size=4 dataset=AIBO-5cl-mel-16k model=Cnn14-16k-T optimizer=Adam
[2026-03-18 09:40:03,852][HYDRA] 	#193 : +loggers=['autrainer.loggers.TensorBoardLogger'] +seed=1 +learning_rate=0.0001 +batch_size=4 dataset=AIBO-5cl-mel-16k model=Cnn14-16k-T optimizer=SGD
[2026-03-18 09:40:04,048][HYDRA] 	#194 : +loggers=['autrainer.loggers.TensorBoardLogger'] +seed=1 +learning_rate=0.0001 +batch_size=4 dataset=AIBO-5cl-mel-16k model=ResNet-50-T optimizer=Adam
[2026-03-18 09:40:04,240][HYDRA] 	#195 : +loggers=['autrainer.loggers.TensorBoardLogger'] +seed=1 +learning_rate=0.0001 +batch_size=4 dataset=AIBO-5cl-mel-16k model=ResNet-50-T optimizer=SGD
[2026-03-18 09:40:04,433][HYDRA] 	#196 : +loggers=['autrainer.loggers.TensorBoardLogger'] +seed=1 +learning_rate=0.0001 +batch_size=4 dataset=AIBO-5cl-mel-16k model=Whisper-FFNN-Tiny-T optimizer=Adam
[2026-03-18 09:40:04,936][HYDRA] 	#197 : +loggers=['autrainer.loggers.TensorBoardLogger'] +seed=1 +learning_rate=0.0001 +batch_size=4 dataset=AIBO-5cl-mel-16k model=Whisper-FFNN-Tiny-T optimizer=SGD
[2026-03-18 09:40:05,438][HYDRA] 	#198 : +loggers=['autrainer.loggers.TensorBoardLogger'] +seed=1 +learning_rate=0.0001 +batch_size=4 dataset=AIBO-5cl-mel-16k model=w2v2-l-emo optimizer=Adam
[2026-03-18 09:40:05,961][HYDRA] 	#199 : +loggers=['autrainer.loggers.TensorBoardLogger'] +seed=1 +learning_rate=0.0001 +batch_size=4 dataset=AIBO-5cl-mel-16k model=w2v2-l-emo optimizer=SGD
[2026-03-18 09:40:06,460][HYDRA] 	#200 : +loggers=['autrainer.loggers.TensorBoardLogger'] +seed=1 +learning_rate=0.0001 +batch_size=4 dataset=AIBO-5cl-wav model=Seq-FFNN-IS09 optimizer=Adam
[2026-03-18 09:40:06,676][HYDRA] 	#201 : +loggers=['autrainer.loggers.TensorBoardLogger'] +seed=1 +learning_rate=0.0001 +batch_size=4 dataset=AIBO-5cl-wav model=Seq-FFNN-IS09 optimizer=SGD
[2026-03-18 09:40:06,867][HYDRA] 	#202 : +loggers=['autrainer.loggers.TensorBoardLogger'] +seed=1 +learning_rate=0.0001 +batch_size=4 dataset=AIBO-5cl-wav model=Cnn14-16k-T optimizer=Adam
[2026-03-18 09:40:07,055][HYDRA] 	#203 : +loggers=['autrainer.loggers.TensorBoardLogger'] +seed=1 +learning_rate=0.0001 +batch_size=4 dataset=AIBO-5cl-wav model=Cnn14-16k-T optimizer=SGD
[2026-03-18 09:40:07,241][HYDRA] 	#204 : +loggers=['autrainer.loggers.TensorBoardLogger'] +seed=1 +learning_rate=0.0001 +batch_size=4 dataset=AIBO-5cl-wav model=ResNet-50-T optimizer=Adam
[2026-03-18 09:40:07,426][HYDRA] 	#205 : +loggers=['autrainer.loggers.TensorBoardLogger'] +seed=1 +learning_rate=0.0001 +batch_size=4 dataset=AIBO-5cl-wav model=ResNet-50-T optimizer=SGD
[2026-03-18 09:40:07,611][HYDRA] 	#206 : +loggers=['autrainer.loggers.TensorBoardLogger'] +seed=1 +learning_rate=0.0001 +batch_size=4 dataset=AIBO-5cl-wav model=Whisper-FFNN-Tiny-T optimizer=Adam
[2026-03-18 09:40:08,306][HYDRA] 	#207 : +loggers=['autrainer.loggers.TensorBoardLogger'] +seed=1 +learning_rate=0.0001 +batch_size=4 dataset=AIBO-5cl-wav model=Whisper-FFNN-Tiny-T optimizer=SGD
[2026-03-18 09:40:08,838][HYDRA] 	#208 : +loggers=['autrainer.loggers.TensorBoardLogger'] +seed=1 +learning_rate=0.0001 +batch_size=4 dataset=AIBO-5cl-wav model=w2v2-l-emo optimizer=Adam
[2026-03-18 09:40:09,444][HYDRA] 	#209 : +loggers=['autrainer.loggers.TensorBoardLogger'] +seed=1 +learning_rate=0.0001 +batch_size=4 dataset=AIBO-5cl-wav model=w2v2-l-emo optimizer=SGD
[2026-03-18 09:40:09,972][HYDRA] 	#210 : +loggers=['autrainer.loggers.TensorBoardLogger'] +seed=1 +learning_rate=0.0001 +batch_size=8 dataset=AIBO-5cl-IS09-llds model=Seq-FFNN-IS09 optimizer=Adam
[2026-03-18 09:40:10,619][HYDRA] 	#211 : +loggers=['autrainer.loggers.TensorBoardLogger'] +seed=1 +learning_rate=0.0001 +batch_size=8 dataset=AIBO-5cl-IS09-llds model=Seq-FFNN-IS09 optimizer=SGD
[2026-03-18 09:40:11,263][HYDRA] 	#212 : +loggers=['autrainer.loggers.TensorBoardLogger'] +seed=1 +learning_rate=0.0001 +batch_size=8 dataset=AIBO-5cl-IS09-llds model=Cnn14-16k-T optimizer=Adam
[2026-03-18 09:40:11,460][HYDRA] 	#213 : +loggers=['autrainer.loggers.TensorBoardLogger'] +seed=1 +learning_rate=0.0001 +batch_size=8 dataset=AIBO-5cl-IS09-llds model=Cnn14-16k-T optimizer=SGD
[2026-03-18 09:40:11,654][HYDRA] 	#214 : +loggers=['autrainer.loggers.TensorBoardLogger'] +seed=1 +learning_rate=0.0001 +batch_size=8 dataset=AIBO-5cl-IS09-llds model=ResNet-50-T optimizer=Adam
[2026-03-18 09:40:11,847][HYDRA] 	#215 : +loggers=['autrainer.loggers.TensorBoardLogger'] +seed=1 +learning_rate=0.0001 +batch_size=8 dataset=AIBO-5cl-IS09-llds model=ResNet-50-T optimizer=SGD
[2026-03-18 09:40:12,038][HYDRA] 	#216 : +loggers=['autrainer.loggers.TensorBoardLogger'] +seed=1 +learning_rate=0.0001 +batch_size=8 dataset=AIBO-5cl-IS09-llds model=Whisper-FFNN-Tiny-T optimizer=Adam
[2026-03-18 09:40:12,547][HYDRA] 	#217 : +loggers=['autrainer.loggers.TensorBoardLogger'] +seed=1 +learning_rate=0.0001 +batch_size=8 dataset=AIBO-5cl-IS09-llds model=Whisper-FFNN-Tiny-T optimizer=SGD
[2026-03-18 09:40:13,869][HYDRA] 	#218 : +loggers=['autrainer.loggers.TensorBoardLogger'] +seed=1 +learning_rate=0.0001 +batch_size=8 dataset=AIBO-5cl-IS09-llds model=w2v2-l-emo optimizer=Adam
[2026-03-18 09:40:14,395][HYDRA] 	#219 : +loggers=['autrainer.loggers.TensorBoardLogger'] +seed=1 +learning_rate=0.0001 +batch_size=8 dataset=AIBO-5cl-IS09-llds model=w2v2-l-emo optimizer=SGD
[2026-03-18 09:40:14,924][HYDRA] 	#220 : +loggers=['autrainer.loggers.TensorBoardLogger'] +seed=1 +learning_rate=0.0001 +batch_size=8 dataset=AIBO-5cl-mel-16k model=Seq-FFNN-IS09 optimizer=Adam
[2026-03-18 09:40:15,647][HYDRA] 	#221 : +loggers=['autrainer.loggers.TensorBoardLogger'] +seed=1 +learning_rate=0.0001 +batch_size=8 dataset=AIBO-5cl-mel-16k model=Seq-FFNN-IS09 optimizer=SGD
[2026-03-18 09:40:16,381][HYDRA] 	#222 : +loggers=['autrainer.loggers.TensorBoardLogger'] +seed=1 +learning_rate=0.0001 +batch_size=8 dataset=AIBO-5cl-mel-16k model=Cnn14-16k-T optimizer=Adam
[2026-03-18 09:40:16,579][HYDRA] 	#223 : +loggers=['autrainer.loggers.TensorBoardLogger'] +seed=1 +learning_rate=0.0001 +batch_size=8 dataset=AIBO-5cl-mel-16k model=Cnn14-16k-T optimizer=SGD
[2026-03-18 09:40:16,773][HYDRA] 	#224 : +loggers=['autrainer.loggers.TensorBoardLogger'] +seed=1 +learning_rate=0.0001 +batch_size=8 dataset=AIBO-5cl-mel-16k model=ResNet-50-T optimizer=Adam
[2026-03-18 09:40:16,964][HYDRA] 	#225 : +loggers=['autrainer.loggers.TensorBoardLogger'] +seed=1 +learning_rate=0.0001 +batch_size=8 dataset=AIBO-5cl-mel-16k model=ResNet-50-T optimizer=SGD
[2026-03-18 09:40:17,154][HYDRA] 	#226 : +loggers=['autrainer.loggers.TensorBoardLogger'] +seed=1 +learning_rate=0.0001 +batch_size=8 dataset=AIBO-5cl-mel-16k model=Whisper-FFNN-Tiny-T optimizer=Adam
[2026-03-18 09:40:17,662][HYDRA] 	#227 : +loggers=['autrainer.loggers.TensorBoardLogger'] +seed=1 +learning_rate=0.0001 +batch_size=8 dataset=AIBO-5cl-mel-16k model=Whisper-FFNN-Tiny-T optimizer=SGD
[2026-03-18 09:40:18,182][HYDRA] 	#228 : +loggers=['autrainer.loggers.TensorBoardLogger'] +seed=1 +learning_rate=0.0001 +batch_size=8 dataset=AIBO-5cl-mel-16k model=w2v2-l-emo optimizer=Adam
[2026-03-18 09:40:18,706][HYDRA] 	#229 : +loggers=['autrainer.loggers.TensorBoardLogger'] +seed=1 +learning_rate=0.0001 +batch_size=8 dataset=AIBO-5cl-mel-16k model=w2v2-l-emo optimizer=SGD
[2026-03-18 09:40:19,206][HYDRA] 	#230 : +loggers=['autrainer.loggers.TensorBoardLogger'] +seed=1 +learning_rate=0.0001 +batch_size=8 dataset=AIBO-5cl-wav model=Seq-FFNN-IS09 optimizer=Adam
[2026-03-18 09:40:19,418][HYDRA] 	#231 : +loggers=['autrainer.loggers.TensorBoardLogger'] +seed=1 +learning_rate=0.0001 +batch_size=8 dataset=AIBO-5cl-wav model=Seq-FFNN-IS09 optimizer=SGD
[2026-03-18 09:40:19,606][HYDRA] 	#232 : +loggers=['autrainer.loggers.TensorBoardLogger'] +seed=1 +learning_rate=0.0001 +batch_size=8 dataset=AIBO-5cl-wav model=Cnn14-16k-T optimizer=Adam
[2026-03-18 09:40:19,793][HYDRA] 	#233 : +loggers=['autrainer.loggers.TensorBoardLogger'] +seed=1 +learning_rate=0.0001 +batch_size=8 dataset=AIBO-5cl-wav model=Cnn14-16k-T optimizer=SGD
[2026-03-18 09:40:19,979][HYDRA] 	#234 : +loggers=['autrainer.loggers.TensorBoardLogger'] +seed=1 +learning_rate=0.0001 +batch_size=8 dataset=AIBO-5cl-wav model=ResNet-50-T optimizer=Adam
[2026-03-18 09:40:20,164][HYDRA] 	#235 : +loggers=['autrainer.loggers.TensorBoardLogger'] +seed=1 +learning_rate=0.0001 +batch_size=8 dataset=AIBO-5cl-wav model=ResNet-50-T optimizer=SGD
[2026-03-18 09:40:20,352][HYDRA] 	#236 : +loggers=['autrainer.loggers.TensorBoardLogger'] +seed=1 +learning_rate=0.0001 +batch_size=8 dataset=AIBO-5cl-wav model=Whisper-FFNN-Tiny-T optimizer=Adam
[2026-03-18 09:40:20,885][HYDRA] 	#237 : +loggers=['autrainer.loggers.TensorBoardLogger'] +seed=1 +learning_rate=0.0001 +batch_size=8 dataset=AIBO-5cl-wav model=Whisper-FFNN-Tiny-T optimizer=SGD
[2026-03-18 09:40:21,428][HYDRA] 	#238 : +loggers=['autrainer.loggers.TensorBoardLogger'] +seed=1 +learning_rate=0.0001 +batch_size=8 dataset=AIBO-5cl-wav model=w2v2-l-emo optimizer=Adam
[2026-03-18 09:40:21,974][HYDRA] 	#239 : +loggers=['autrainer.loggers.TensorBoardLogger'] +seed=1 +learning_rate=0.0001 +batch_size=8 dataset=AIBO-5cl-wav model=w2v2-l-emo optimizer=SGD
[2026-03-18 09:40:22,502][HYDRA] 	#240 : +loggers=['autrainer.loggers.TensorBoardLogger'] +seed=1 +learning_rate=0.0001 +batch_size=16 dataset=AIBO-5cl-IS09-llds model=Seq-FFNN-IS09 optimizer=Adam
[2026-03-18 09:40:23,161][HYDRA] 	#241 : +loggers=['autrainer.loggers.TensorBoardLogger'] +seed=1 +learning_rate=0.0001 +batch_size=16 dataset=AIBO-5cl-IS09-llds model=Seq-FFNN-IS09 optimizer=SGD
[2026-03-18 09:40:23,798][HYDRA] 	#242 : +loggers=['autrainer.loggers.TensorBoardLogger'] +seed=1 +learning_rate=0.0001 +batch_size=16 dataset=AIBO-5cl-IS09-llds model=Cnn14-16k-T optimizer=Adam
[2026-03-18 09:40:24,008][HYDRA] 	#243 : +loggers=['autrainer.loggers.TensorBoardLogger'] +seed=1 +learning_rate=0.0001 +batch_size=16 dataset=AIBO-5cl-IS09-llds model=Cnn14-16k-T optimizer=SGD
[2026-03-18 09:40:24,205][HYDRA] 	#244 : +loggers=['autrainer.loggers.TensorBoardLogger'] +seed=1 +learning_rate=0.0001 +batch_size=16 dataset=AIBO-5cl-IS09-llds model=ResNet-50-T optimizer=Adam
[2026-03-18 09:40:24,396][HYDRA] 	#245 : +loggers=['autrainer.loggers.TensorBoardLogger'] +seed=1 +learning_rate=0.0001 +batch_size=16 dataset=AIBO-5cl-IS09-llds model=ResNet-50-T optimizer=SGD
[2026-03-18 09:40:24,588][HYDRA] 	#246 : +loggers=['autrainer.loggers.TensorBoardLogger'] +seed=1 +learning_rate=0.0001 +batch_size=16 dataset=AIBO-5cl-IS09-llds model=Whisper-FFNN-Tiny-T optimizer=Adam
[2026-03-18 09:40:25,095][HYDRA] 	#247 : +loggers=['autrainer.loggers.TensorBoardLogger'] +seed=1 +learning_rate=0.0001 +batch_size=16 dataset=AIBO-5cl-IS09-llds model=Whisper-FFNN-Tiny-T optimizer=SGD
[2026-03-18 09:40:25,617][HYDRA] 	#248 : +loggers=['autrainer.loggers.TensorBoardLogger'] +seed=1 +learning_rate=0.0001 +batch_size=16 dataset=AIBO-5cl-IS09-llds model=w2v2-l-emo optimizer=Adam
[2026-03-18 09:40:26,163][HYDRA] 	#249 : +loggers=['autrainer.loggers.TensorBoardLogger'] +seed=1 +learning_rate=0.0001 +batch_size=16 dataset=AIBO-5cl-IS09-llds model=w2v2-l-emo optimizer=SGD
[2026-03-18 09:40:26,735][HYDRA] 	#250 : +loggers=['autrainer.loggers.TensorBoardLogger'] +seed=1 +learning_rate=0.0001 +batch_size=16 dataset=AIBO-5cl-mel-16k model=Seq-FFNN-IS09 optimizer=Adam
[2026-03-18 09:40:27,463][HYDRA] 	#251 : +loggers=['autrainer.loggers.TensorBoardLogger'] +seed=1 +learning_rate=0.0001 +batch_size=16 dataset=AIBO-5cl-mel-16k model=Seq-FFNN-IS09 optimizer=SGD
[2026-03-18 09:40:28,170][HYDRA] 	#252 : +loggers=['autrainer.loggers.TensorBoardLogger'] +seed=1 +learning_rate=0.0001 +batch_size=16 dataset=AIBO-5cl-mel-16k model=Cnn14-16k-T optimizer=Adam
[2026-03-18 09:40:28,365][HYDRA] 	#253 : +loggers=['autrainer.loggers.TensorBoardLogger'] +seed=1 +learning_rate=0.0001 +batch_size=16 dataset=AIBO-5cl-mel-16k model=Cnn14-16k-T optimizer=SGD
[2026-03-18 09:40:28,557][HYDRA] 	#254 : +loggers=['autrainer.loggers.TensorBoardLogger'] +seed=1 +learning_rate=0.0001 +batch_size=16 dataset=AIBO-5cl-mel-16k model=ResNet-50-T optimizer=Adam
[2026-03-18 09:40:28,758][HYDRA] 	#255 : +loggers=['autrainer.loggers.TensorBoardLogger'] +seed=1 +learning_rate=0.0001 +batch_size=16 dataset=AIBO-5cl-mel-16k model=ResNet-50-T optimizer=SGD
[2026-03-18 09:40:28,949][HYDRA] 	#256 : +loggers=['autrainer.loggers.TensorBoardLogger'] +seed=1 +learning_rate=0.0001 +batch_size=16 dataset=AIBO-5cl-mel-16k model=Whisper-FFNN-Tiny-T optimizer=Adam
[2026-03-18 09:40:29,462][HYDRA] 	#257 : +loggers=['autrainer.loggers.TensorBoardLogger'] +seed=1 +learning_rate=0.0001 +batch_size=16 dataset=AIBO-5cl-mel-16k model=Whisper-FFNN-Tiny-T optimizer=SGD
[2026-03-18 09:40:29,993][HYDRA] 	#258 : +loggers=['autrainer.loggers.TensorBoardLogger'] +seed=1 +learning_rate=0.0001 +batch_size=16 dataset=AIBO-5cl-mel-16k model=w2v2-l-emo optimizer=Adam
[2026-03-18 09:40:30,517][HYDRA] 	#259 : +loggers=['autrainer.loggers.TensorBoardLogger'] +seed=1 +learning_rate=0.0001 +batch_size=16 dataset=AIBO-5cl-mel-16k model=w2v2-l-emo optimizer=SGD
[2026-03-18 09:40:31,048][HYDRA] 	#260 : +loggers=['autrainer.loggers.TensorBoardLogger'] +seed=1 +learning_rate=0.0001 +batch_size=16 dataset=AIBO-5cl-wav model=Seq-FFNN-IS09 optimizer=Adam
[2026-03-18 09:40:31,261][HYDRA] 	#261 : +loggers=['autrainer.loggers.TensorBoardLogger'] +seed=1 +learning_rate=0.0001 +batch_size=16 dataset=AIBO-5cl-wav model=Seq-FFNN-IS09 optimizer=SGD
[2026-03-18 09:40:31,487][HYDRA] 	#262 : +loggers=['autrainer.loggers.TensorBoardLogger'] +seed=1 +learning_rate=0.0001 +batch_size=16 dataset=AIBO-5cl-wav model=Cnn14-16k-T optimizer=Adam
[2026-03-18 09:40:31,671][HYDRA] 	#263 : +loggers=['autrainer.loggers.TensorBoardLogger'] +seed=1 +learning_rate=0.0001 +batch_size=16 dataset=AIBO-5cl-wav model=Cnn14-16k-T optimizer=SGD
[2026-03-18 09:40:31,859][HYDRA] 	#264 : +loggers=['autrainer.loggers.TensorBoardLogger'] +seed=1 +learning_rate=0.0001 +batch_size=16 dataset=AIBO-5cl-wav model=ResNet-50-T optimizer=Adam
[2026-03-18 09:40:32,052][HYDRA] 	#265 : +loggers=['autrainer.loggers.TensorBoardLogger'] +seed=1 +learning_rate=0.0001 +batch_size=16 dataset=AIBO-5cl-wav model=ResNet-50-T optimizer=SGD
[2026-03-18 09:40:32,237][HYDRA] 	#266 : +loggers=['autrainer.loggers.TensorBoardLogger'] +seed=1 +learning_rate=0.0001 +batch_size=16 dataset=AIBO-5cl-wav model=Whisper-FFNN-Tiny-T optimizer=Adam
[2026-03-18 09:40:32,738][HYDRA] 	#267 : +loggers=['autrainer.loggers.TensorBoardLogger'] +seed=1 +learning_rate=0.0001 +batch_size=16 dataset=AIBO-5cl-wav model=Whisper-FFNN-Tiny-T optimizer=SGD
[2026-03-18 09:40:33,249][HYDRA] 	#268 : +loggers=['autrainer.loggers.TensorBoardLogger'] +seed=1 +learning_rate=0.0001 +batch_size=16 dataset=AIBO-5cl-wav model=w2v2-l-emo optimizer=Adam
[2026-03-18 09:40:34,695][HYDRA] 	#269 : +loggers=['autrainer.loggers.TensorBoardLogger'] +seed=1 +learning_rate=0.0001 +batch_size=16 dataset=AIBO-5cl-wav model=w2v2-l-emo optimizer=SGD
