[2026-03-18 10:09:05,281][HYDRA] Launching 108 jobs locally
[2026-03-18 10:09:05,281][HYDRA] 	#0 : +loggers=['autrainer.loggers.TensorBoardLogger'] +seed=1 +learning_rate=0.01 +batch_size=4 dataset=AIBO-2cl-wav model=w2v2-l-emo optimizer=Adam
[2026-03-18 10:09:10,423][speechbrain.utils.checkpoints][DEBUG] - Registered checkpoint save hook for _speechbrain_save
[2026-03-18 10:09:10,424][speechbrain.utils.checkpoints][DEBUG] - Registered checkpoint load hook for _speechbrain_load
[2026-03-18 10:09:10,424][speechbrain.utils.checkpoints][DEBUG] - Registered checkpoint save hook for save
[2026-03-18 10:09:10,424][speechbrain.utils.checkpoints][DEBUG] - Registered checkpoint load hook for load
[2026-03-18 10:09:10,693][speechbrain.utils.quirks][INFO] - Applied quirks (see `speechbrain.utils.quirks`): [allow_tf32, disable_jit_profiling]
[2026-03-18 10:09:10,694][speechbrain.utils.quirks][INFO] - Excluded quirks specified by the `SB_DISABLE_QUIRKS` environment (comma-separated list): []
[2026-03-18 10:09:10,695][speechbrain.utils.checkpoints][DEBUG] - Registered checkpoint save hook for _save
[2026-03-18 10:09:10,695][speechbrain.utils.checkpoints][DEBUG] - Registered checkpoint load hook for _recover
[2026-03-18 10:09:10,699][speechbrain.utils.checkpoints][DEBUG] - Registered checkpoint save hook for _save
[2026-03-18 10:09:10,699][speechbrain.utils.checkpoints][DEBUG] - Registered checkpoint load hook for _load
[2026-03-18 10:09:10,699][speechbrain.utils.checkpoints][DEBUG] - Registered parameter transfer hook for _load
[2026-03-18 10:09:32,102][HYDRA] 	#1 : +loggers=['autrainer.loggers.TensorBoardLogger'] +seed=1 +learning_rate=0.01 +batch_size=4 dataset=AIBO-2cl-wav model=w2v2-l-emo optimizer=SGD
[2026-03-18 10:09:52,212][HYDRA] 	#2 : +loggers=['autrainer.loggers.TensorBoardLogger'] +seed=1 +learning_rate=0.01 +batch_size=4 dataset=AIBO-2cl-wav model=w2v2-l-rob optimizer=Adam
[2026-03-18 10:10:25,018][HYDRA] 	#3 : +loggers=['autrainer.loggers.TensorBoardLogger'] +seed=1 +learning_rate=0.01 +batch_size=4 dataset=AIBO-2cl-wav model=w2v2-l-rob optimizer=SGD
[2026-03-18 10:10:57,491][HYDRA] 	#4 : +loggers=['autrainer.loggers.TensorBoardLogger'] +seed=1 +learning_rate=0.01 +batch_size=4 dataset=AIBO-2cl-wav model=w2v2-b optimizer=Adam
[2026-03-18 10:11:12,105][HYDRA] 	#5 : +loggers=['autrainer.loggers.TensorBoardLogger'] +seed=1 +learning_rate=0.01 +batch_size=4 dataset=AIBO-2cl-wav model=w2v2-b optimizer=SGD
[2026-03-18 10:11:26,546][HYDRA] 	#6 : +loggers=['autrainer.loggers.TensorBoardLogger'] +seed=1 +learning_rate=0.01 +batch_size=4 dataset=AIBO-5cl-wav model=w2v2-l-emo optimizer=Adam
[2026-03-18 10:11:46,438][HYDRA] 	#7 : +loggers=['autrainer.loggers.TensorBoardLogger'] +seed=1 +learning_rate=0.01 +batch_size=4 dataset=AIBO-5cl-wav model=w2v2-l-emo optimizer=SGD
[2026-03-18 10:12:06,628][HYDRA] 	#8 : +loggers=['autrainer.loggers.TensorBoardLogger'] +seed=1 +learning_rate=0.01 +batch_size=4 dataset=AIBO-5cl-wav model=w2v2-l-rob optimizer=Adam
[2026-03-18 10:12:39,155][HYDRA] 	#9 : +loggers=['autrainer.loggers.TensorBoardLogger'] +seed=1 +learning_rate=0.01 +batch_size=4 dataset=AIBO-5cl-wav model=w2v2-l-rob optimizer=SGD
[2026-03-18 10:13:11,360][HYDRA] 	#10 : +loggers=['autrainer.loggers.TensorBoardLogger'] +seed=1 +learning_rate=0.01 +batch_size=4 dataset=AIBO-5cl-wav model=w2v2-b optimizer=Adam
[2026-03-18 10:13:25,130][HYDRA] 	#11 : +loggers=['autrainer.loggers.TensorBoardLogger'] +seed=1 +learning_rate=0.01 +batch_size=4 dataset=AIBO-5cl-wav model=w2v2-b optimizer=SGD
[2026-03-18 10:13:39,007][HYDRA] 	#12 : +loggers=['autrainer.loggers.TensorBoardLogger'] +seed=1 +learning_rate=0.01 +batch_size=8 dataset=AIBO-2cl-wav model=w2v2-l-emo optimizer=Adam
[2026-03-18 10:14:05,203][HYDRA] 	#13 : +loggers=['autrainer.loggers.TensorBoardLogger'] +seed=1 +learning_rate=0.01 +batch_size=8 dataset=AIBO-2cl-wav model=w2v2-l-emo optimizer=SGD
[2026-03-18 10:14:31,597][HYDRA] 	#14 : +loggers=['autrainer.loggers.TensorBoardLogger'] +seed=1 +learning_rate=0.01 +batch_size=8 dataset=AIBO-2cl-wav model=w2v2-l-rob optimizer=Adam
[2026-03-18 10:15:10,209][HYDRA] 	#15 : +loggers=['autrainer.loggers.TensorBoardLogger'] +seed=1 +learning_rate=0.01 +batch_size=8 dataset=AIBO-2cl-wav model=w2v2-l-rob optimizer=SGD
[2026-03-18 10:15:48,606][HYDRA] 	#16 : +loggers=['autrainer.loggers.TensorBoardLogger'] +seed=1 +learning_rate=0.01 +batch_size=8 dataset=AIBO-2cl-wav model=w2v2-b optimizer=Adam
[2026-03-18 10:16:09,115][HYDRA] 	#17 : +loggers=['autrainer.loggers.TensorBoardLogger'] +seed=1 +learning_rate=0.01 +batch_size=8 dataset=AIBO-2cl-wav model=w2v2-b optimizer=SGD
[2026-03-18 10:16:29,557][HYDRA] 	#18 : +loggers=['autrainer.loggers.TensorBoardLogger'] +seed=1 +learning_rate=0.01 +batch_size=8 dataset=AIBO-5cl-wav model=w2v2-l-emo optimizer=Adam
[2026-03-18 10:16:56,090][HYDRA] 	#19 : +loggers=['autrainer.loggers.TensorBoardLogger'] +seed=1 +learning_rate=0.01 +batch_size=8 dataset=AIBO-5cl-wav model=w2v2-l-emo optimizer=SGD
[2026-03-18 10:17:22,511][HYDRA] 	#20 : +loggers=['autrainer.loggers.TensorBoardLogger'] +seed=1 +learning_rate=0.01 +batch_size=8 dataset=AIBO-5cl-wav model=w2v2-l-rob optimizer=Adam
[2026-03-18 10:18:01,360][HYDRA] 	#21 : +loggers=['autrainer.loggers.TensorBoardLogger'] +seed=1 +learning_rate=0.01 +batch_size=8 dataset=AIBO-5cl-wav model=w2v2-l-rob optimizer=SGD
