/bin/sh: line 1: pip: command not found
/bin/sh: line 1: pip: command not found
/bin/sh: line 1: pip: command not found
/bin/sh: line 1: pip: command not found
/bin/sh: line 1: pip: command not found
/bin/sh: line 1: pip: command not found
/bin/sh: line 1: pip: command not found
/bin/sh: line 1: pip: command not found
/bin/sh: line 1: pip: command not found
/bin/sh: line 1: pip: command not found
/bin/sh: line 1: pip: command not found
/bin/sh: line 1: pip: command not found
/bin/sh: line 1: pip: command not found
/bin/sh: line 1: pip: command not found
/bin/sh: line 1: pip: command not found
/bin/sh: line 1: pip: command not found
/bin/sh: line 1: pip: command not found
/bin/sh: line 1: pip: command not found
/bin/sh: line 1: pip: command not found
/bin/sh: line 1: pip: command not found
/bin/sh: line 1: pip: command not found
/bin/sh: line 1: pip: command not found
/bin/sh: line 1: pip: command not found
/bin/sh: line 1: pip: command not found
/bin/sh: line 1: pip: command not found
/bin/sh: line 1: pip: command not found
/bin/sh: line 1: pip: command not found
/bin/sh: line 1: pip: command not found
/bin/sh: line 1: pip: command not found
/bin/sh: line 1: pip: command not found
/bin/sh: line 1: pip: command not found
/bin/sh: line 1: pip: command not found
/bin/sh: line 1: pip: command not found
/bin/sh: line 1: pip: command not found
/bin/sh: line 1: pip: command not found
/bin/sh: line 1: pip: command not found
/bin/sh: line 1: pip: command not found
/bin/sh: line 1: pip: command not found
/bin/sh: line 1: pip: command not found
/bin/sh: line 1: pip: command not found
/bin/sh: line 1: pip: command not found
/bin/sh: line 1: pip: command not found
/bin/sh: line 1: pip: command not found
/bin/sh: line 1: pip: command not found
/bin/sh: line 1: pip: command not found
/bin/sh: line 1: pip: command not found
/bin/sh: line 1: pip: command not found
/bin/sh: line 1: pip: command not found
/bin/sh: line 1: pip: command not found
/bin/sh: line 1: pip: command not found
/bin/sh: line 1: pip: command not found
/bin/sh: line 1: pip: command not found
/bin/sh: line 1: pip: command not found
/bin/sh: line 1: pip: command not found
/bin/sh: line 1: pip: command not found
/bin/sh: line 1: pip: command not found
/bin/sh: line 1: pip: command not found
/bin/sh: line 1: pip: command not found
/bin/sh: line 1: pip: command not found
/bin/sh: line 1: pip: command not found
/bin/sh: line 1: pip: command not found
/bin/sh: line 1: pip: command not found
/bin/sh: line 1: pip: command not found
/bin/sh: line 1: pip: command not found
/bin/sh: line 1: pip: command not found
/bin/sh: line 1: pip: command not found
/bin/sh: line 1: pip: command not found
/bin/sh: line 1: pip: command not found
/bin/sh: line 1: pip: command not found
/bin/sh: line 1: pip: command not found
/bin/sh: line 1: pip: command not found
/bin/sh: line 1: pip: command not found
/bin/sh: line 1: pip: command not found
/bin/sh: line 1: pip: command not found
/bin/sh: line 1: pip: command not found
/bin/sh: line 1: pip: command not found
/bin/sh: line 1: pip: command not found
/bin/sh: line 1: pip: command not found
/bin/sh: line 1: pip: command not found
/bin/sh: line 1: pip: command not found
/bin/sh: line 1: pip: command not found
/bin/sh: line 1: pip: command not found
/bin/sh: line 1: pip: command not found
/bin/sh: line 1: pip: command not found
/bin/sh: line 1: pip: command not found
/bin/sh: line 1: pip: command not found
/bin/sh: line 1: pip: command not found
/bin/sh: line 1: pip: command not found
/bin/sh: line 1: pip: command not found
/bin/sh: line 1: pip: command not found
/bin/sh: line 1: pip: command not found
/bin/sh: line 1: pip: command not found
/bin/sh: line 1: pip: command not found
/bin/sh: line 1: pip: command not found
/bin/sh: line 1: pip: command not found
/bin/sh: line 1: pip: command not found
/bin/sh: line 1: pip: command not found
/bin/sh: line 1: pip: command not found
/bin/sh: line 1: pip: command not found
/bin/sh: line 1: pip: command not found
/bin/sh: line 1: pip: command not found
/bin/sh: line 1: pip: command not found
/bin/sh: line 1: pip: command not found
/bin/sh: line 1: pip: command not found
/bin/sh: line 1: pip: command not found
/bin/sh: line 1: pip: command not found
/bin/sh: line 1: pip: command not found
/bin/sh: line 1: pip: command not found
Error executing job with overrides: ["+loggers=['autrainer.loggers.TensorBoardLogger']", '+seed=1', '+learning_rate=0.01', '+batch_size=4', 'dataset=AIBO-2cl-wav', 'model=w2v2-l-emo', 'optimizer=Adam']
Error in call to target 'autrainer.datasets.aibo.AIBO':
ValueError("Directory path='data/AIBO' does not exist.")

Set the environment variable HYDRA_FULL_ERROR=1 for a complete stack trace.
slurmstepd: error: pam_close_session: Cannot make/remove an entry for the specified session
