[2026-03-18 05:50:25,947][HYDRA] Filtered: +loggers=['autrainer.loggers.TensorBoardLogger'] +seed=1 +learning_rate=0.01 +batch_size=4 dataset=AIBO-2cl-IS09-llds model=Cnn14-16k-T optimizer=Adam with expr: {'expr': "dataset['id'] == 'AIBO-2cl-IS09-llds' and model['id'] != 'Seq-FFNN-IS09'"}
[2026-03-18 05:50:26,067][HYDRA] Filtered: +loggers=['autrainer.loggers.TensorBoardLogger'] +seed=1 +learning_rate=0.01 +batch_size=4 dataset=AIBO-2cl-IS09-llds model=Cnn14-16k-T optimizer=SGD with expr: {'expr': "dataset['id'] == 'AIBO-2cl-IS09-llds' and model['id'] != 'Seq-FFNN-IS09'"}
[2026-03-18 05:50:26,186][HYDRA] Filtered: +loggers=['autrainer.loggers.TensorBoardLogger'] +seed=1 +learning_rate=0.01 +batch_size=4 dataset=AIBO-2cl-IS09-llds model=ResNet-50-T optimizer=Adam with expr: {'expr': "dataset['id'] == 'AIBO-2cl-IS09-llds' and model['id'] != 'Seq-FFNN-IS09'"}
[2026-03-18 05:50:26,305][HYDRA] Filtered: +loggers=['autrainer.loggers.TensorBoardLogger'] +seed=1 +learning_rate=0.01 +batch_size=4 dataset=AIBO-2cl-IS09-llds model=ResNet-50-T optimizer=SGD with expr: {'expr': "dataset['id'] == 'AIBO-2cl-IS09-llds' and model['id'] != 'Seq-FFNN-IS09'"}
[2026-03-18 05:50:26,427][HYDRA] Filtered: +loggers=['autrainer.loggers.TensorBoardLogger'] +seed=1 +learning_rate=0.01 +batch_size=4 dataset=AIBO-2cl-IS09-llds model=Whisper-FFNN-Tiny-T optimizer=Adam with expr: {'expr': "dataset['id'] == 'AIBO-2cl-IS09-llds' and model['id'] != 'Seq-FFNN-IS09'"}
[2026-03-18 05:50:26,567][HYDRA] Filtered: +loggers=['autrainer.loggers.TensorBoardLogger'] +seed=1 +learning_rate=0.01 +batch_size=4 dataset=AIBO-2cl-IS09-llds model=Whisper-FFNN-Tiny-T optimizer=SGD with expr: {'expr': "dataset['id'] == 'AIBO-2cl-IS09-llds' and model['id'] != 'Seq-FFNN-IS09'"}
[2026-03-18 05:50:26,687][HYDRA] Filtered: +loggers=['autrainer.loggers.TensorBoardLogger'] +seed=1 +learning_rate=0.01 +batch_size=4 dataset=AIBO-2cl-IS09-llds model=w2v2-l-emo optimizer=Adam with expr: {'expr': "dataset['id'] == 'AIBO-2cl-IS09-llds' and model['id'] != 'Seq-FFNN-IS09'"}
[2026-03-18 05:50:26,808][HYDRA] Filtered: +loggers=['autrainer.loggers.TensorBoardLogger'] +seed=1 +learning_rate=0.01 +batch_size=4 dataset=AIBO-2cl-IS09-llds model=w2v2-l-emo optimizer=SGD with expr: {'expr': "dataset['id'] == 'AIBO-2cl-IS09-llds' and model['id'] != 'Seq-FFNN-IS09'"}
[2026-03-18 05:50:28,193][HYDRA] Filtered: +loggers=['autrainer.loggers.TensorBoardLogger'] +seed=1 +learning_rate=0.01 +batch_size=4 dataset=AIBO-2cl-wav model=Seq-FFNN-IS09 optimizer=Adam with expr: {'expr': 'dataset[\'id\'] == "AIBO-2cl-wav" and model[\'id\'] in ["Cnn14-16k-T","ResNet50-T","Seq-FFNN-IS09"]'}
[2026-03-18 05:50:28,312][HYDRA] Filtered: +loggers=['autrainer.loggers.TensorBoardLogger'] +seed=1 +learning_rate=0.01 +batch_size=4 dataset=AIBO-2cl-wav model=Seq-FFNN-IS09 optimizer=SGD with expr: {'expr': 'dataset[\'id\'] == "AIBO-2cl-wav" and model[\'id\'] in ["Cnn14-16k-T","ResNet50-T","Seq-FFNN-IS09"]'}
[2026-03-18 05:50:28,432][HYDRA] Filtered: +loggers=['autrainer.loggers.TensorBoardLogger'] +seed=1 +learning_rate=0.01 +batch_size=4 dataset=AIBO-2cl-wav model=Cnn14-16k-T optimizer=Adam with expr: {'expr': 'dataset[\'id\'] == "AIBO-2cl-wav" and model[\'id\'] in ["Cnn14-16k-T","ResNet50-T","Seq-FFNN-IS09"]'}
[2026-03-18 05:50:28,552][HYDRA] Filtered: +loggers=['autrainer.loggers.TensorBoardLogger'] +seed=1 +learning_rate=0.01 +batch_size=4 dataset=AIBO-2cl-wav model=Cnn14-16k-T optimizer=SGD with expr: {'expr': 'dataset[\'id\'] == "AIBO-2cl-wav" and model[\'id\'] in ["Cnn14-16k-T","ResNet50-T","Seq-FFNN-IS09"]'}
[2026-03-18 05:50:29,671][HYDRA] Filtered: +loggers=['autrainer.loggers.TensorBoardLogger'] +seed=1 +learning_rate=0.01 +batch_size=8 dataset=AIBO-2cl-IS09-llds model=Cnn14-16k-T optimizer=Adam with expr: {'expr': "dataset['id'] == 'AIBO-2cl-IS09-llds' and model['id'] != 'Seq-FFNN-IS09'"}
[2026-03-18 05:50:29,789][HYDRA] Filtered: +loggers=['autrainer.loggers.TensorBoardLogger'] +seed=1 +learning_rate=0.01 +batch_size=8 dataset=AIBO-2cl-IS09-llds model=Cnn14-16k-T optimizer=SGD with expr: {'expr': "dataset['id'] == 'AIBO-2cl-IS09-llds' and model['id'] != 'Seq-FFNN-IS09'"}
[2026-03-18 05:50:29,907][HYDRA] Filtered: +loggers=['autrainer.loggers.TensorBoardLogger'] +seed=1 +learning_rate=0.01 +batch_size=8 dataset=AIBO-2cl-IS09-llds model=ResNet-50-T optimizer=Adam with expr: {'expr': "dataset['id'] == 'AIBO-2cl-IS09-llds' and model['id'] != 'Seq-FFNN-IS09'"}
[2026-03-18 05:50:30,024][HYDRA] Filtered: +loggers=['autrainer.loggers.TensorBoardLogger'] +seed=1 +learning_rate=0.01 +batch_size=8 dataset=AIBO-2cl-IS09-llds model=ResNet-50-T optimizer=SGD with expr: {'expr': "dataset['id'] == 'AIBO-2cl-IS09-llds' and model['id'] != 'Seq-FFNN-IS09'"}
[2026-03-18 05:50:30,144][HYDRA] Filtered: +loggers=['autrainer.loggers.TensorBoardLogger'] +seed=1 +learning_rate=0.01 +batch_size=8 dataset=AIBO-2cl-IS09-llds model=Whisper-FFNN-Tiny-T optimizer=Adam with expr: {'expr': "dataset['id'] == 'AIBO-2cl-IS09-llds' and model['id'] != 'Seq-FFNN-IS09'"}
[2026-03-18 05:50:30,264][HYDRA] Filtered: +loggers=['autrainer.loggers.TensorBoardLogger'] +seed=1 +learning_rate=0.01 +batch_size=8 dataset=AIBO-2cl-IS09-llds model=Whisper-FFNN-Tiny-T optimizer=SGD with expr: {'expr': "dataset['id'] == 'AIBO-2cl-IS09-llds' and model['id'] != 'Seq-FFNN-IS09'"}
[2026-03-18 05:50:30,385][HYDRA] Filtered: +loggers=['autrainer.loggers.TensorBoardLogger'] +seed=1 +learning_rate=0.01 +batch_size=8 dataset=AIBO-2cl-IS09-llds model=w2v2-l-emo optimizer=Adam with expr: {'expr': "dataset['id'] == 'AIBO-2cl-IS09-llds' and model['id'] != 'Seq-FFNN-IS09'"}
[2026-03-18 05:50:30,506][HYDRA] Filtered: +loggers=['autrainer.loggers.TensorBoardLogger'] +seed=1 +learning_rate=0.01 +batch_size=8 dataset=AIBO-2cl-IS09-llds model=w2v2-l-emo optimizer=SGD with expr: {'expr': "dataset['id'] == 'AIBO-2cl-IS09-llds' and model['id'] != 'Seq-FFNN-IS09'"}
[2026-03-18 05:50:31,878][HYDRA] Filtered: +loggers=['autrainer.loggers.TensorBoardLogger'] +seed=1 +learning_rate=0.01 +batch_size=8 dataset=AIBO-2cl-wav model=Seq-FFNN-IS09 optimizer=Adam with expr: {'expr': 'dataset[\'id\'] == "AIBO-2cl-wav" and model[\'id\'] in ["Cnn14-16k-T","ResNet50-T","Seq-FFNN-IS09"]'}
[2026-03-18 05:50:31,998][HYDRA] Filtered: +loggers=['autrainer.loggers.TensorBoardLogger'] +seed=1 +learning_rate=0.01 +batch_size=8 dataset=AIBO-2cl-wav model=Seq-FFNN-IS09 optimizer=SGD with expr: {'expr': 'dataset[\'id\'] == "AIBO-2cl-wav" and model[\'id\'] in ["Cnn14-16k-T","ResNet50-T","Seq-FFNN-IS09"]'}
[2026-03-18 05:50:32,117][HYDRA] Filtered: +loggers=['autrainer.loggers.TensorBoardLogger'] +seed=1 +learning_rate=0.01 +batch_size=8 dataset=AIBO-2cl-wav model=Cnn14-16k-T optimizer=Adam with expr: {'expr': 'dataset[\'id\'] == "AIBO-2cl-wav" and model[\'id\'] in ["Cnn14-16k-T","ResNet50-T","Seq-FFNN-IS09"]'}
[2026-03-18 05:50:32,237][HYDRA] Filtered: +loggers=['autrainer.loggers.TensorBoardLogger'] +seed=1 +learning_rate=0.01 +batch_size=8 dataset=AIBO-2cl-wav model=Cnn14-16k-T optimizer=SGD with expr: {'expr': 'dataset[\'id\'] == "AIBO-2cl-wav" and model[\'id\'] in ["Cnn14-16k-T","ResNet50-T","Seq-FFNN-IS09"]'}
[2026-03-18 05:50:33,352][HYDRA] Filtered: +loggers=['autrainer.loggers.TensorBoardLogger'] +seed=1 +learning_rate=0.01 +batch_size=16 dataset=AIBO-2cl-IS09-llds model=Cnn14-16k-T optimizer=Adam with expr: {'expr': "dataset['id'] == 'AIBO-2cl-IS09-llds' and model['id'] != 'Seq-FFNN-IS09'"}
[2026-03-18 05:50:33,471][HYDRA] Filtered: +loggers=['autrainer.loggers.TensorBoardLogger'] +seed=1 +learning_rate=0.01 +batch_size=16 dataset=AIBO-2cl-IS09-llds model=Cnn14-16k-T optimizer=SGD with expr: {'expr': "dataset['id'] == 'AIBO-2cl-IS09-llds' and model['id'] != 'Seq-FFNN-IS09'"}
[2026-03-18 05:50:33,589][HYDRA] Filtered: +loggers=['autrainer.loggers.TensorBoardLogger'] +seed=1 +learning_rate=0.01 +batch_size=16 dataset=AIBO-2cl-IS09-llds model=ResNet-50-T optimizer=Adam with expr: {'expr': "dataset['id'] == 'AIBO-2cl-IS09-llds' and model['id'] != 'Seq-FFNN-IS09'"}
[2026-03-18 05:50:33,707][HYDRA] Filtered: +loggers=['autrainer.loggers.TensorBoardLogger'] +seed=1 +learning_rate=0.01 +batch_size=16 dataset=AIBO-2cl-IS09-llds model=ResNet-50-T optimizer=SGD with expr: {'expr': "dataset['id'] == 'AIBO-2cl-IS09-llds' and model['id'] != 'Seq-FFNN-IS09'"}
[2026-03-18 05:50:33,849][HYDRA] Filtered: +loggers=['autrainer.loggers.TensorBoardLogger'] +seed=1 +learning_rate=0.01 +batch_size=16 dataset=AIBO-2cl-IS09-llds model=Whisper-FFNN-Tiny-T optimizer=Adam with expr: {'expr': "dataset['id'] == 'AIBO-2cl-IS09-llds' and model['id'] != 'Seq-FFNN-IS09'"}
[2026-03-18 05:50:33,969][HYDRA] Filtered: +loggers=['autrainer.loggers.TensorBoardLogger'] +seed=1 +learning_rate=0.01 +batch_size=16 dataset=AIBO-2cl-IS09-llds model=Whisper-FFNN-Tiny-T optimizer=SGD with expr: {'expr': "dataset['id'] == 'AIBO-2cl-IS09-llds' and model['id'] != 'Seq-FFNN-IS09'"}
[2026-03-18 05:50:34,088][HYDRA] Filtered: +loggers=['autrainer.loggers.TensorBoardLogger'] +seed=1 +learning_rate=0.01 +batch_size=16 dataset=AIBO-2cl-IS09-llds model=w2v2-l-emo optimizer=Adam with expr: {'expr': "dataset['id'] == 'AIBO-2cl-IS09-llds' and model['id'] != 'Seq-FFNN-IS09'"}
[2026-03-18 05:50:34,207][HYDRA] Filtered: +loggers=['autrainer.loggers.TensorBoardLogger'] +seed=1 +learning_rate=0.01 +batch_size=16 dataset=AIBO-2cl-IS09-llds model=w2v2-l-emo optimizer=SGD with expr: {'expr': "dataset['id'] == 'AIBO-2cl-IS09-llds' and model['id'] != 'Seq-FFNN-IS09'"}
[2026-03-18 05:50:35,562][HYDRA] Filtered: +loggers=['autrainer.loggers.TensorBoardLogger'] +seed=1 +learning_rate=0.01 +batch_size=16 dataset=AIBO-2cl-wav model=Seq-FFNN-IS09 optimizer=Adam with expr: {'expr': 'dataset[\'id\'] == "AIBO-2cl-wav" and model[\'id\'] in ["Cnn14-16k-T","ResNet50-T","Seq-FFNN-IS09"]'}
[2026-03-18 05:50:35,682][HYDRA] Filtered: +loggers=['autrainer.loggers.TensorBoardLogger'] +seed=1 +learning_rate=0.01 +batch_size=16 dataset=AIBO-2cl-wav model=Seq-FFNN-IS09 optimizer=SGD with expr: {'expr': 'dataset[\'id\'] == "AIBO-2cl-wav" and model[\'id\'] in ["Cnn14-16k-T","ResNet50-T","Seq-FFNN-IS09"]'}
[2026-03-18 05:50:35,802][HYDRA] Filtered: +loggers=['autrainer.loggers.TensorBoardLogger'] +seed=1 +learning_rate=0.01 +batch_size=16 dataset=AIBO-2cl-wav model=Cnn14-16k-T optimizer=Adam with expr: {'expr': 'dataset[\'id\'] == "AIBO-2cl-wav" and model[\'id\'] in ["Cnn14-16k-T","ResNet50-T","Seq-FFNN-IS09"]'}
[2026-03-18 05:50:35,921][HYDRA] Filtered: +loggers=['autrainer.loggers.TensorBoardLogger'] +seed=1 +learning_rate=0.01 +batch_size=16 dataset=AIBO-2cl-wav model=Cnn14-16k-T optimizer=SGD with expr: {'expr': 'dataset[\'id\'] == "AIBO-2cl-wav" and model[\'id\'] in ["Cnn14-16k-T","ResNet50-T","Seq-FFNN-IS09"]'}
[2026-03-18 05:50:37,026][HYDRA] Filtered: +loggers=['autrainer.loggers.TensorBoardLogger'] +seed=1 +learning_rate=0.001 +batch_size=4 dataset=AIBO-2cl-IS09-llds model=Cnn14-16k-T optimizer=Adam with expr: {'expr': "dataset['id'] == 'AIBO-2cl-IS09-llds' and model['id'] != 'Seq-FFNN-IS09'"}
[2026-03-18 05:50:37,145][HYDRA] Filtered: +loggers=['autrainer.loggers.TensorBoardLogger'] +seed=1 +learning_rate=0.001 +batch_size=4 dataset=AIBO-2cl-IS09-llds model=Cnn14-16k-T optimizer=SGD with expr: {'expr': "dataset['id'] == 'AIBO-2cl-IS09-llds' and model['id'] != 'Seq-FFNN-IS09'"}
[2026-03-18 05:50:37,263][HYDRA] Filtered: +loggers=['autrainer.loggers.TensorBoardLogger'] +seed=1 +learning_rate=0.001 +batch_size=4 dataset=AIBO-2cl-IS09-llds model=ResNet-50-T optimizer=Adam with expr: {'expr': "dataset['id'] == 'AIBO-2cl-IS09-llds' and model['id'] != 'Seq-FFNN-IS09'"}
[2026-03-18 05:50:37,382][HYDRA] Filtered: +loggers=['autrainer.loggers.TensorBoardLogger'] +seed=1 +learning_rate=0.001 +batch_size=4 dataset=AIBO-2cl-IS09-llds model=ResNet-50-T optimizer=SGD with expr: {'expr': "dataset['id'] == 'AIBO-2cl-IS09-llds' and model['id'] != 'Seq-FFNN-IS09'"}
[2026-03-18 05:50:37,502][HYDRA] Filtered: +loggers=['autrainer.loggers.TensorBoardLogger'] +seed=1 +learning_rate=0.001 +batch_size=4 dataset=AIBO-2cl-IS09-llds model=Whisper-FFNN-Tiny-T optimizer=Adam with expr: {'expr': "dataset['id'] == 'AIBO-2cl-IS09-llds' and model['id'] != 'Seq-FFNN-IS09'"}
[2026-03-18 05:50:37,621][HYDRA] Filtered: +loggers=['autrainer.loggers.TensorBoardLogger'] +seed=1 +learning_rate=0.001 +batch_size=4 dataset=AIBO-2cl-IS09-llds model=Whisper-FFNN-Tiny-T optimizer=SGD with expr: {'expr': "dataset['id'] == 'AIBO-2cl-IS09-llds' and model['id'] != 'Seq-FFNN-IS09'"}
[2026-03-18 05:50:37,742][HYDRA] Filtered: +loggers=['autrainer.loggers.TensorBoardLogger'] +seed=1 +learning_rate=0.001 +batch_size=4 dataset=AIBO-2cl-IS09-llds model=w2v2-l-emo optimizer=Adam with expr: {'expr': "dataset['id'] == 'AIBO-2cl-IS09-llds' and model['id'] != 'Seq-FFNN-IS09'"}
[2026-03-18 05:50:37,863][HYDRA] Filtered: +loggers=['autrainer.loggers.TensorBoardLogger'] +seed=1 +learning_rate=0.001 +batch_size=4 dataset=AIBO-2cl-IS09-llds model=w2v2-l-emo optimizer=SGD with expr: {'expr': "dataset['id'] == 'AIBO-2cl-IS09-llds' and model['id'] != 'Seq-FFNN-IS09'"}
[2026-03-18 05:50:39,220][HYDRA] Filtered: +loggers=['autrainer.loggers.TensorBoardLogger'] +seed=1 +learning_rate=0.001 +batch_size=4 dataset=AIBO-2cl-wav model=Seq-FFNN-IS09 optimizer=Adam with expr: {'expr': 'dataset[\'id\'] == "AIBO-2cl-wav" and model[\'id\'] in ["Cnn14-16k-T","ResNet50-T","Seq-FFNN-IS09"]'}
[2026-03-18 05:50:39,340][HYDRA] Filtered: +loggers=['autrainer.loggers.TensorBoardLogger'] +seed=1 +learning_rate=0.001 +batch_size=4 dataset=AIBO-2cl-wav model=Seq-FFNN-IS09 optimizer=SGD with expr: {'expr': 'dataset[\'id\'] == "AIBO-2cl-wav" and model[\'id\'] in ["Cnn14-16k-T","ResNet50-T","Seq-FFNN-IS09"]'}
[2026-03-18 05:50:39,480][HYDRA] Filtered: +loggers=['autrainer.loggers.TensorBoardLogger'] +seed=1 +learning_rate=0.001 +batch_size=4 dataset=AIBO-2cl-wav model=Cnn14-16k-T optimizer=Adam with expr: {'expr': 'dataset[\'id\'] == "AIBO-2cl-wav" and model[\'id\'] in ["Cnn14-16k-T","ResNet50-T","Seq-FFNN-IS09"]'}
[2026-03-18 05:50:39,600][HYDRA] Filtered: +loggers=['autrainer.loggers.TensorBoardLogger'] +seed=1 +learning_rate=0.001 +batch_size=4 dataset=AIBO-2cl-wav model=Cnn14-16k-T optimizer=SGD with expr: {'expr': 'dataset[\'id\'] == "AIBO-2cl-wav" and model[\'id\'] in ["Cnn14-16k-T","ResNet50-T","Seq-FFNN-IS09"]'}
[2026-03-18 05:50:40,680][HYDRA] Filtered: +loggers=['autrainer.loggers.TensorBoardLogger'] +seed=1 +learning_rate=0.001 +batch_size=8 dataset=AIBO-2cl-IS09-llds model=Cnn14-16k-T optimizer=Adam with expr: {'expr': "dataset['id'] == 'AIBO-2cl-IS09-llds' and model['id'] != 'Seq-FFNN-IS09'"}
[2026-03-18 05:50:40,798][HYDRA] Filtered: +loggers=['autrainer.loggers.TensorBoardLogger'] +seed=1 +learning_rate=0.001 +batch_size=8 dataset=AIBO-2cl-IS09-llds model=Cnn14-16k-T optimizer=SGD with expr: {'expr': "dataset['id'] == 'AIBO-2cl-IS09-llds' and model['id'] != 'Seq-FFNN-IS09'"}
[2026-03-18 05:50:40,940][HYDRA] Filtered: +loggers=['autrainer.loggers.TensorBoardLogger'] +seed=1 +learning_rate=0.001 +batch_size=8 dataset=AIBO-2cl-IS09-llds model=ResNet-50-T optimizer=Adam with expr: {'expr': "dataset['id'] == 'AIBO-2cl-IS09-llds' and model['id'] != 'Seq-FFNN-IS09'"}
[2026-03-18 05:50:41,058][HYDRA] Filtered: +loggers=['autrainer.loggers.TensorBoardLogger'] +seed=1 +learning_rate=0.001 +batch_size=8 dataset=AIBO-2cl-IS09-llds model=ResNet-50-T optimizer=SGD with expr: {'expr': "dataset['id'] == 'AIBO-2cl-IS09-llds' and model['id'] != 'Seq-FFNN-IS09'"}
[2026-03-18 05:50:41,178][HYDRA] Filtered: +loggers=['autrainer.loggers.TensorBoardLogger'] +seed=1 +learning_rate=0.001 +batch_size=8 dataset=AIBO-2cl-IS09-llds model=Whisper-FFNN-Tiny-T optimizer=Adam with expr: {'expr': "dataset['id'] == 'AIBO-2cl-IS09-llds' and model['id'] != 'Seq-FFNN-IS09'"}
[2026-03-18 05:50:41,298][HYDRA] Filtered: +loggers=['autrainer.loggers.TensorBoardLogger'] +seed=1 +learning_rate=0.001 +batch_size=8 dataset=AIBO-2cl-IS09-llds model=Whisper-FFNN-Tiny-T optimizer=SGD with expr: {'expr': "dataset['id'] == 'AIBO-2cl-IS09-llds' and model['id'] != 'Seq-FFNN-IS09'"}
[2026-03-18 05:50:41,418][HYDRA] Filtered: +loggers=['autrainer.loggers.TensorBoardLogger'] +seed=1 +learning_rate=0.001 +batch_size=8 dataset=AIBO-2cl-IS09-llds model=w2v2-l-emo optimizer=Adam with expr: {'expr': "dataset['id'] == 'AIBO-2cl-IS09-llds' and model['id'] != 'Seq-FFNN-IS09'"}
[2026-03-18 05:50:41,538][HYDRA] Filtered: +loggers=['autrainer.loggers.TensorBoardLogger'] +seed=1 +learning_rate=0.001 +batch_size=8 dataset=AIBO-2cl-IS09-llds model=w2v2-l-emo optimizer=SGD with expr: {'expr': "dataset['id'] == 'AIBO-2cl-IS09-llds' and model['id'] != 'Seq-FFNN-IS09'"}
[2026-03-18 05:50:42,896][HYDRA] Filtered: +loggers=['autrainer.loggers.TensorBoardLogger'] +seed=1 +learning_rate=0.001 +batch_size=8 dataset=AIBO-2cl-wav model=Seq-FFNN-IS09 optimizer=Adam with expr: {'expr': 'dataset[\'id\'] == "AIBO-2cl-wav" and model[\'id\'] in ["Cnn14-16k-T","ResNet50-T","Seq-FFNN-IS09"]'}
[2026-03-18 05:50:43,016][HYDRA] Filtered: +loggers=['autrainer.loggers.TensorBoardLogger'] +seed=1 +learning_rate=0.001 +batch_size=8 dataset=AIBO-2cl-wav model=Seq-FFNN-IS09 optimizer=SGD with expr: {'expr': 'dataset[\'id\'] == "AIBO-2cl-wav" and model[\'id\'] in ["Cnn14-16k-T","ResNet50-T","Seq-FFNN-IS09"]'}
[2026-03-18 05:50:43,136][HYDRA] Filtered: +loggers=['autrainer.loggers.TensorBoardLogger'] +seed=1 +learning_rate=0.001 +batch_size=8 dataset=AIBO-2cl-wav model=Cnn14-16k-T optimizer=Adam with expr: {'expr': 'dataset[\'id\'] == "AIBO-2cl-wav" and model[\'id\'] in ["Cnn14-16k-T","ResNet50-T","Seq-FFNN-IS09"]'}
[2026-03-18 05:50:43,255][HYDRA] Filtered: +loggers=['autrainer.loggers.TensorBoardLogger'] +seed=1 +learning_rate=0.001 +batch_size=8 dataset=AIBO-2cl-wav model=Cnn14-16k-T optimizer=SGD with expr: {'expr': 'dataset[\'id\'] == "AIBO-2cl-wav" and model[\'id\'] in ["Cnn14-16k-T","ResNet50-T","Seq-FFNN-IS09"]'}
[2026-03-18 05:50:44,355][HYDRA] Filtered: +loggers=['autrainer.loggers.TensorBoardLogger'] +seed=1 +learning_rate=0.001 +batch_size=16 dataset=AIBO-2cl-IS09-llds model=Cnn14-16k-T optimizer=Adam with expr: {'expr': "dataset['id'] == 'AIBO-2cl-IS09-llds' and model['id'] != 'Seq-FFNN-IS09'"}
[2026-03-18 05:50:44,473][HYDRA] Filtered: +loggers=['autrainer.loggers.TensorBoardLogger'] +seed=1 +learning_rate=0.001 +batch_size=16 dataset=AIBO-2cl-IS09-llds model=Cnn14-16k-T optimizer=SGD with expr: {'expr': "dataset['id'] == 'AIBO-2cl-IS09-llds' and model['id'] != 'Seq-FFNN-IS09'"}
[2026-03-18 05:50:44,591][HYDRA] Filtered: +loggers=['autrainer.loggers.TensorBoardLogger'] +seed=1 +learning_rate=0.001 +batch_size=16 dataset=AIBO-2cl-IS09-llds model=ResNet-50-T optimizer=Adam with expr: {'expr': "dataset['id'] == 'AIBO-2cl-IS09-llds' and model['id'] != 'Seq-FFNN-IS09'"}
[2026-03-18 05:50:44,709][HYDRA] Filtered: +loggers=['autrainer.loggers.TensorBoardLogger'] +seed=1 +learning_rate=0.001 +batch_size=16 dataset=AIBO-2cl-IS09-llds model=ResNet-50-T optimizer=SGD with expr: {'expr': "dataset['id'] == 'AIBO-2cl-IS09-llds' and model['id'] != 'Seq-FFNN-IS09'"}
[2026-03-18 05:50:44,828][HYDRA] Filtered: +loggers=['autrainer.loggers.TensorBoardLogger'] +seed=1 +learning_rate=0.001 +batch_size=16 dataset=AIBO-2cl-IS09-llds model=Whisper-FFNN-Tiny-T optimizer=Adam with expr: {'expr': "dataset['id'] == 'AIBO-2cl-IS09-llds' and model['id'] != 'Seq-FFNN-IS09'"}
[2026-03-18 05:50:44,948][HYDRA] Filtered: +loggers=['autrainer.loggers.TensorBoardLogger'] +seed=1 +learning_rate=0.001 +batch_size=16 dataset=AIBO-2cl-IS09-llds model=Whisper-FFNN-Tiny-T optimizer=SGD with expr: {'expr': "dataset['id'] == 'AIBO-2cl-IS09-llds' and model['id'] != 'Seq-FFNN-IS09'"}
[2026-03-18 05:50:45,068][HYDRA] Filtered: +loggers=['autrainer.loggers.TensorBoardLogger'] +seed=1 +learning_rate=0.001 +batch_size=16 dataset=AIBO-2cl-IS09-llds model=w2v2-l-emo optimizer=Adam with expr: {'expr': "dataset['id'] == 'AIBO-2cl-IS09-llds' and model['id'] != 'Seq-FFNN-IS09'"}
[2026-03-18 05:50:45,210][HYDRA] Filtered: +loggers=['autrainer.loggers.TensorBoardLogger'] +seed=1 +learning_rate=0.001 +batch_size=16 dataset=AIBO-2cl-IS09-llds model=w2v2-l-emo optimizer=SGD with expr: {'expr': "dataset['id'] == 'AIBO-2cl-IS09-llds' and model['id'] != 'Seq-FFNN-IS09'"}
[2026-03-18 05:50:46,543][HYDRA] Filtered: +loggers=['autrainer.loggers.TensorBoardLogger'] +seed=1 +learning_rate=0.001 +batch_size=16 dataset=AIBO-2cl-wav model=Seq-FFNN-IS09 optimizer=Adam with expr: {'expr': 'dataset[\'id\'] == "AIBO-2cl-wav" and model[\'id\'] in ["Cnn14-16k-T","ResNet50-T","Seq-FFNN-IS09"]'}
[2026-03-18 05:50:46,687][HYDRA] Filtered: +loggers=['autrainer.loggers.TensorBoardLogger'] +seed=1 +learning_rate=0.001 +batch_size=16 dataset=AIBO-2cl-wav model=Seq-FFNN-IS09 optimizer=SGD with expr: {'expr': 'dataset[\'id\'] == "AIBO-2cl-wav" and model[\'id\'] in ["Cnn14-16k-T","ResNet50-T","Seq-FFNN-IS09"]'}
[2026-03-18 05:50:46,806][HYDRA] Filtered: +loggers=['autrainer.loggers.TensorBoardLogger'] +seed=1 +learning_rate=0.001 +batch_size=16 dataset=AIBO-2cl-wav model=Cnn14-16k-T optimizer=Adam with expr: {'expr': 'dataset[\'id\'] == "AIBO-2cl-wav" and model[\'id\'] in ["Cnn14-16k-T","ResNet50-T","Seq-FFNN-IS09"]'}
[2026-03-18 05:50:46,924][HYDRA] Filtered: +loggers=['autrainer.loggers.TensorBoardLogger'] +seed=1 +learning_rate=0.001 +batch_size=16 dataset=AIBO-2cl-wav model=Cnn14-16k-T optimizer=SGD with expr: {'expr': 'dataset[\'id\'] == "AIBO-2cl-wav" and model[\'id\'] in ["Cnn14-16k-T","ResNet50-T","Seq-FFNN-IS09"]'}
[2026-03-18 05:50:48,028][HYDRA] Filtered: +loggers=['autrainer.loggers.TensorBoardLogger'] +seed=1 +learning_rate=0.0001 +batch_size=4 dataset=AIBO-2cl-IS09-llds model=Cnn14-16k-T optimizer=Adam with expr: {'expr': "dataset['id'] == 'AIBO-2cl-IS09-llds' and model['id'] != 'Seq-FFNN-IS09'"}
[2026-03-18 05:50:48,146][HYDRA] Filtered: +loggers=['autrainer.loggers.TensorBoardLogger'] +seed=1 +learning_rate=0.0001 +batch_size=4 dataset=AIBO-2cl-IS09-llds model=Cnn14-16k-T optimizer=SGD with expr: {'expr': "dataset['id'] == 'AIBO-2cl-IS09-llds' and model['id'] != 'Seq-FFNN-IS09'"}
[2026-03-18 05:50:48,264][HYDRA] Filtered: +loggers=['autrainer.loggers.TensorBoardLogger'] +seed=1 +learning_rate=0.0001 +batch_size=4 dataset=AIBO-2cl-IS09-llds model=ResNet-50-T optimizer=Adam with expr: {'expr': "dataset['id'] == 'AIBO-2cl-IS09-llds' and model['id'] != 'Seq-FFNN-IS09'"}
[2026-03-18 05:50:48,382][HYDRA] Filtered: +loggers=['autrainer.loggers.TensorBoardLogger'] +seed=1 +learning_rate=0.0001 +batch_size=4 dataset=AIBO-2cl-IS09-llds model=ResNet-50-T optimizer=SGD with expr: {'expr': "dataset['id'] == 'AIBO-2cl-IS09-llds' and model['id'] != 'Seq-FFNN-IS09'"}
[2026-03-18 05:50:48,502][HYDRA] Filtered: +loggers=['autrainer.loggers.TensorBoardLogger'] +seed=1 +learning_rate=0.0001 +batch_size=4 dataset=AIBO-2cl-IS09-llds model=Whisper-FFNN-Tiny-T optimizer=Adam with expr: {'expr': "dataset['id'] == 'AIBO-2cl-IS09-llds' and model['id'] != 'Seq-FFNN-IS09'"}
[2026-03-18 05:50:48,621][HYDRA] Filtered: +loggers=['autrainer.loggers.TensorBoardLogger'] +seed=1 +learning_rate=0.0001 +batch_size=4 dataset=AIBO-2cl-IS09-llds model=Whisper-FFNN-Tiny-T optimizer=SGD with expr: {'expr': "dataset['id'] == 'AIBO-2cl-IS09-llds' and model['id'] != 'Seq-FFNN-IS09'"}
[2026-03-18 05:50:48,741][HYDRA] Filtered: +loggers=['autrainer.loggers.TensorBoardLogger'] +seed=1 +learning_rate=0.0001 +batch_size=4 dataset=AIBO-2cl-IS09-llds model=w2v2-l-emo optimizer=Adam with expr: {'expr': "dataset['id'] == 'AIBO-2cl-IS09-llds' and model['id'] != 'Seq-FFNN-IS09'"}
[2026-03-18 05:50:48,860][HYDRA] Filtered: +loggers=['autrainer.loggers.TensorBoardLogger'] +seed=1 +learning_rate=0.0001 +batch_size=4 dataset=AIBO-2cl-IS09-llds model=w2v2-l-emo optimizer=SGD with expr: {'expr': "dataset['id'] == 'AIBO-2cl-IS09-llds' and model['id'] != 'Seq-FFNN-IS09'"}
[2026-03-18 05:50:50,222][HYDRA] Filtered: +loggers=['autrainer.loggers.TensorBoardLogger'] +seed=1 +learning_rate=0.0001 +batch_size=4 dataset=AIBO-2cl-wav model=Seq-FFNN-IS09 optimizer=Adam with expr: {'expr': 'dataset[\'id\'] == "AIBO-2cl-wav" and model[\'id\'] in ["Cnn14-16k-T","ResNet50-T","Seq-FFNN-IS09"]'}
[2026-03-18 05:50:50,341][HYDRA] Filtered: +loggers=['autrainer.loggers.TensorBoardLogger'] +seed=1 +learning_rate=0.0001 +batch_size=4 dataset=AIBO-2cl-wav model=Seq-FFNN-IS09 optimizer=SGD with expr: {'expr': 'dataset[\'id\'] == "AIBO-2cl-wav" and model[\'id\'] in ["Cnn14-16k-T","ResNet50-T","Seq-FFNN-IS09"]'}
[2026-03-18 05:50:50,460][HYDRA] Filtered: +loggers=['autrainer.loggers.TensorBoardLogger'] +seed=1 +learning_rate=0.0001 +batch_size=4 dataset=AIBO-2cl-wav model=Cnn14-16k-T optimizer=Adam with expr: {'expr': 'dataset[\'id\'] == "AIBO-2cl-wav" and model[\'id\'] in ["Cnn14-16k-T","ResNet50-T","Seq-FFNN-IS09"]'}
[2026-03-18 05:50:50,579][HYDRA] Filtered: +loggers=['autrainer.loggers.TensorBoardLogger'] +seed=1 +learning_rate=0.0001 +batch_size=4 dataset=AIBO-2cl-wav model=Cnn14-16k-T optimizer=SGD with expr: {'expr': 'dataset[\'id\'] == "AIBO-2cl-wav" and model[\'id\'] in ["Cnn14-16k-T","ResNet50-T","Seq-FFNN-IS09"]'}
[2026-03-18 05:50:51,685][HYDRA] Filtered: +loggers=['autrainer.loggers.TensorBoardLogger'] +seed=1 +learning_rate=0.0001 +batch_size=8 dataset=AIBO-2cl-IS09-llds model=Cnn14-16k-T optimizer=Adam with expr: {'expr': "dataset['id'] == 'AIBO-2cl-IS09-llds' and model['id'] != 'Seq-FFNN-IS09'"}
[2026-03-18 05:50:51,803][HYDRA] Filtered: +loggers=['autrainer.loggers.TensorBoardLogger'] +seed=1 +learning_rate=0.0001 +batch_size=8 dataset=AIBO-2cl-IS09-llds model=Cnn14-16k-T optimizer=SGD with expr: {'expr': "dataset['id'] == 'AIBO-2cl-IS09-llds' and model['id'] != 'Seq-FFNN-IS09'"}
[2026-03-18 05:50:51,921][HYDRA] Filtered: +loggers=['autrainer.loggers.TensorBoardLogger'] +seed=1 +learning_rate=0.0001 +batch_size=8 dataset=AIBO-2cl-IS09-llds model=ResNet-50-T optimizer=Adam with expr: {'expr': "dataset['id'] == 'AIBO-2cl-IS09-llds' and model['id'] != 'Seq-FFNN-IS09'"}
[2026-03-18 05:50:52,039][HYDRA] Filtered: +loggers=['autrainer.loggers.TensorBoardLogger'] +seed=1 +learning_rate=0.0001 +batch_size=8 dataset=AIBO-2cl-IS09-llds model=ResNet-50-T optimizer=SGD with expr: {'expr': "dataset['id'] == 'AIBO-2cl-IS09-llds' and model['id'] != 'Seq-FFNN-IS09'"}
[2026-03-18 05:50:52,158][HYDRA] Filtered: +loggers=['autrainer.loggers.TensorBoardLogger'] +seed=1 +learning_rate=0.0001 +batch_size=8 dataset=AIBO-2cl-IS09-llds model=Whisper-FFNN-Tiny-T optimizer=Adam with expr: {'expr': "dataset['id'] == 'AIBO-2cl-IS09-llds' and model['id'] != 'Seq-FFNN-IS09'"}
[2026-03-18 05:50:52,278][HYDRA] Filtered: +loggers=['autrainer.loggers.TensorBoardLogger'] +seed=1 +learning_rate=0.0001 +batch_size=8 dataset=AIBO-2cl-IS09-llds model=Whisper-FFNN-Tiny-T optimizer=SGD with expr: {'expr': "dataset['id'] == 'AIBO-2cl-IS09-llds' and model['id'] != 'Seq-FFNN-IS09'"}
[2026-03-18 05:50:52,421][HYDRA] Filtered: +loggers=['autrainer.loggers.TensorBoardLogger'] +seed=1 +learning_rate=0.0001 +batch_size=8 dataset=AIBO-2cl-IS09-llds model=w2v2-l-emo optimizer=Adam with expr: {'expr': "dataset['id'] == 'AIBO-2cl-IS09-llds' and model['id'] != 'Seq-FFNN-IS09'"}
[2026-03-18 05:50:52,541][HYDRA] Filtered: +loggers=['autrainer.loggers.TensorBoardLogger'] +seed=1 +learning_rate=0.0001 +batch_size=8 dataset=AIBO-2cl-IS09-llds model=w2v2-l-emo optimizer=SGD with expr: {'expr': "dataset['id'] == 'AIBO-2cl-IS09-llds' and model['id'] != 'Seq-FFNN-IS09'"}
[2026-03-18 05:50:53,897][HYDRA] Filtered: +loggers=['autrainer.loggers.TensorBoardLogger'] +seed=1 +learning_rate=0.0001 +batch_size=8 dataset=AIBO-2cl-wav model=Seq-FFNN-IS09 optimizer=Adam with expr: {'expr': 'dataset[\'id\'] == "AIBO-2cl-wav" and model[\'id\'] in ["Cnn14-16k-T","ResNet50-T","Seq-FFNN-IS09"]'}
[2026-03-18 05:50:54,016][HYDRA] Filtered: +loggers=['autrainer.loggers.TensorBoardLogger'] +seed=1 +learning_rate=0.0001 +batch_size=8 dataset=AIBO-2cl-wav model=Seq-FFNN-IS09 optimizer=SGD with expr: {'expr': 'dataset[\'id\'] == "AIBO-2cl-wav" and model[\'id\'] in ["Cnn14-16k-T","ResNet50-T","Seq-FFNN-IS09"]'}
[2026-03-18 05:50:54,135][HYDRA] Filtered: +loggers=['autrainer.loggers.TensorBoardLogger'] +seed=1 +learning_rate=0.0001 +batch_size=8 dataset=AIBO-2cl-wav model=Cnn14-16k-T optimizer=Adam with expr: {'expr': 'dataset[\'id\'] == "AIBO-2cl-wav" and model[\'id\'] in ["Cnn14-16k-T","ResNet50-T","Seq-FFNN-IS09"]'}
[2026-03-18 05:50:54,254][HYDRA] Filtered: +loggers=['autrainer.loggers.TensorBoardLogger'] +seed=1 +learning_rate=0.0001 +batch_size=8 dataset=AIBO-2cl-wav model=Cnn14-16k-T optimizer=SGD with expr: {'expr': 'dataset[\'id\'] == "AIBO-2cl-wav" and model[\'id\'] in ["Cnn14-16k-T","ResNet50-T","Seq-FFNN-IS09"]'}
[2026-03-18 05:50:55,357][HYDRA] Filtered: +loggers=['autrainer.loggers.TensorBoardLogger'] +seed=1 +learning_rate=0.0001 +batch_size=16 dataset=AIBO-2cl-IS09-llds model=Cnn14-16k-T optimizer=Adam with expr: {'expr': "dataset['id'] == 'AIBO-2cl-IS09-llds' and model['id'] != 'Seq-FFNN-IS09'"}
[2026-03-18 05:50:55,475][HYDRA] Filtered: +loggers=['autrainer.loggers.TensorBoardLogger'] +seed=1 +learning_rate=0.0001 +batch_size=16 dataset=AIBO-2cl-IS09-llds model=Cnn14-16k-T optimizer=SGD with expr: {'expr': "dataset['id'] == 'AIBO-2cl-IS09-llds' and model['id'] != 'Seq-FFNN-IS09'"}
[2026-03-18 05:50:55,594][HYDRA] Filtered: +loggers=['autrainer.loggers.TensorBoardLogger'] +seed=1 +learning_rate=0.0001 +batch_size=16 dataset=AIBO-2cl-IS09-llds model=ResNet-50-T optimizer=Adam with expr: {'expr': "dataset['id'] == 'AIBO-2cl-IS09-llds' and model['id'] != 'Seq-FFNN-IS09'"}
[2026-03-18 05:50:55,711][HYDRA] Filtered: +loggers=['autrainer.loggers.TensorBoardLogger'] +seed=1 +learning_rate=0.0001 +batch_size=16 dataset=AIBO-2cl-IS09-llds model=ResNet-50-T optimizer=SGD with expr: {'expr': "dataset['id'] == 'AIBO-2cl-IS09-llds' and model['id'] != 'Seq-FFNN-IS09'"}
[2026-03-18 05:50:55,831][HYDRA] Filtered: +loggers=['autrainer.loggers.TensorBoardLogger'] +seed=1 +learning_rate=0.0001 +batch_size=16 dataset=AIBO-2cl-IS09-llds model=Whisper-FFNN-Tiny-T optimizer=Adam with expr: {'expr': "dataset['id'] == 'AIBO-2cl-IS09-llds' and model['id'] != 'Seq-FFNN-IS09'"}
[2026-03-18 05:50:55,950][HYDRA] Filtered: +loggers=['autrainer.loggers.TensorBoardLogger'] +seed=1 +learning_rate=0.0001 +batch_size=16 dataset=AIBO-2cl-IS09-llds model=Whisper-FFNN-Tiny-T optimizer=SGD with expr: {'expr': "dataset['id'] == 'AIBO-2cl-IS09-llds' and model['id'] != 'Seq-FFNN-IS09'"}
[2026-03-18 05:50:56,069][HYDRA] Filtered: +loggers=['autrainer.loggers.TensorBoardLogger'] +seed=1 +learning_rate=0.0001 +batch_size=16 dataset=AIBO-2cl-IS09-llds model=w2v2-l-emo optimizer=Adam with expr: {'expr': "dataset['id'] == 'AIBO-2cl-IS09-llds' and model['id'] != 'Seq-FFNN-IS09'"}
[2026-03-18 05:50:56,188][HYDRA] Filtered: +loggers=['autrainer.loggers.TensorBoardLogger'] +seed=1 +learning_rate=0.0001 +batch_size=16 dataset=AIBO-2cl-IS09-llds model=w2v2-l-emo optimizer=SGD with expr: {'expr': "dataset['id'] == 'AIBO-2cl-IS09-llds' and model['id'] != 'Seq-FFNN-IS09'"}
[2026-03-18 05:50:57,545][HYDRA] Filtered: +loggers=['autrainer.loggers.TensorBoardLogger'] +seed=1 +learning_rate=0.0001 +batch_size=16 dataset=AIBO-2cl-wav model=Seq-FFNN-IS09 optimizer=Adam with expr: {'expr': 'dataset[\'id\'] == "AIBO-2cl-wav" and model[\'id\'] in ["Cnn14-16k-T","ResNet50-T","Seq-FFNN-IS09"]'}
[2026-03-18 05:50:57,665][HYDRA] Filtered: +loggers=['autrainer.loggers.TensorBoardLogger'] +seed=1 +learning_rate=0.0001 +batch_size=16 dataset=AIBO-2cl-wav model=Seq-FFNN-IS09 optimizer=SGD with expr: {'expr': 'dataset[\'id\'] == "AIBO-2cl-wav" and model[\'id\'] in ["Cnn14-16k-T","ResNet50-T","Seq-FFNN-IS09"]'}
[2026-03-18 05:50:57,784][HYDRA] Filtered: +loggers=['autrainer.loggers.TensorBoardLogger'] +seed=1 +learning_rate=0.0001 +batch_size=16 dataset=AIBO-2cl-wav model=Cnn14-16k-T optimizer=Adam with expr: {'expr': 'dataset[\'id\'] == "AIBO-2cl-wav" and model[\'id\'] in ["Cnn14-16k-T","ResNet50-T","Seq-FFNN-IS09"]'}
[2026-03-18 05:50:57,903][HYDRA] Filtered: +loggers=['autrainer.loggers.TensorBoardLogger'] +seed=1 +learning_rate=0.0001 +batch_size=16 dataset=AIBO-2cl-wav model=Cnn14-16k-T optimizer=SGD with expr: {'expr': 'dataset[\'id\'] == "AIBO-2cl-wav" and model[\'id\'] in ["Cnn14-16k-T","ResNet50-T","Seq-FFNN-IS09"]'}
[2026-03-18 05:51:16,261][HYDRA] Launching 162 jobs locally
[2026-03-18 05:51:16,261][HYDRA] 	#0 : +loggers=['autrainer.loggers.TensorBoardLogger'] +seed=1 +learning_rate=0.01 +batch_size=4 dataset=AIBO-2cl-IS09-llds model=Seq-FFNN-IS09 optimizer=Adam
[2026-03-18 05:51:21,760][speechbrain.utils.checkpoints][DEBUG] - Registered checkpoint save hook for _speechbrain_save
[2026-03-18 05:51:21,760][speechbrain.utils.checkpoints][DEBUG] - Registered checkpoint load hook for _speechbrain_load
[2026-03-18 05:51:21,760][speechbrain.utils.checkpoints][DEBUG] - Registered checkpoint save hook for save
[2026-03-18 05:51:21,760][speechbrain.utils.checkpoints][DEBUG] - Registered checkpoint load hook for load
[2026-03-18 05:51:22,033][speechbrain.utils.quirks][INFO] - Applied quirks (see `speechbrain.utils.quirks`): [allow_tf32, disable_jit_profiling]
[2026-03-18 05:51:22,034][speechbrain.utils.quirks][INFO] - Excluded quirks specified by the `SB_DISABLE_QUIRKS` environment (comma-separated list): []
[2026-03-18 05:51:22,035][speechbrain.utils.checkpoints][DEBUG] - Registered checkpoint save hook for _save
[2026-03-18 05:51:22,035][speechbrain.utils.checkpoints][DEBUG] - Registered checkpoint load hook for _recover
[2026-03-18 05:51:22,040][speechbrain.utils.checkpoints][DEBUG] - Registered checkpoint save hook for _save
[2026-03-18 05:51:22,040][speechbrain.utils.checkpoints][DEBUG] - Registered checkpoint load hook for _load
[2026-03-18 05:51:22,040][speechbrain.utils.checkpoints][DEBUG] - Registered parameter transfer hook for _load
[2026-03-18 05:51:22,918][HYDRA] 	#1 : +loggers=['autrainer.loggers.TensorBoardLogger'] +seed=1 +learning_rate=0.01 +batch_size=4 dataset=AIBO-2cl-IS09-llds model=Seq-FFNN-IS09 optimizer=SGD
[2026-03-18 05:51:23,492][HYDRA] 	#2 : +loggers=['autrainer.loggers.TensorBoardLogger'] +seed=1 +learning_rate=0.01 +batch_size=4 dataset=AIBO-2cl-mel-16k model=Seq-FFNN-IS09 optimizer=Adam
[2026-03-18 05:51:23,696][HYDRA] 	#3 : +loggers=['autrainer.loggers.TensorBoardLogger'] +seed=1 +learning_rate=0.01 +batch_size=4 dataset=AIBO-2cl-mel-16k model=Seq-FFNN-IS09 optimizer=SGD
[2026-03-18 05:51:23,903][HYDRA] 	#4 : +loggers=['autrainer.loggers.TensorBoardLogger'] +seed=1 +learning_rate=0.01 +batch_size=4 dataset=AIBO-2cl-mel-16k model=Cnn14-16k-T optimizer=Adam
[2026-03-18 05:51:24,101][HYDRA] 	#5 : +loggers=['autrainer.loggers.TensorBoardLogger'] +seed=1 +learning_rate=0.01 +batch_size=4 dataset=AIBO-2cl-mel-16k model=Cnn14-16k-T optimizer=SGD
[2026-03-18 05:51:24,297][HYDRA] 	#6 : +loggers=['autrainer.loggers.TensorBoardLogger'] +seed=1 +learning_rate=0.01 +batch_size=4 dataset=AIBO-2cl-mel-16k model=ResNet-50-T optimizer=Adam
[2026-03-18 05:51:24,502][HYDRA] 	#7 : +loggers=['autrainer.loggers.TensorBoardLogger'] +seed=1 +learning_rate=0.01 +batch_size=4 dataset=AIBO-2cl-mel-16k model=ResNet-50-T optimizer=SGD
[2026-03-18 05:51:25,002][HYDRA] 	#8 : +loggers=['autrainer.loggers.TensorBoardLogger'] +seed=1 +learning_rate=0.01 +batch_size=4 dataset=AIBO-2cl-mel-16k model=Whisper-FFNN-Tiny-T optimizer=Adam
[2026-03-18 05:51:25,575][HYDRA] 	#9 : +loggers=['autrainer.loggers.TensorBoardLogger'] +seed=1 +learning_rate=0.01 +batch_size=4 dataset=AIBO-2cl-mel-16k model=Whisper-FFNN-Tiny-T optimizer=SGD
[2026-03-18 05:51:26,051][HYDRA] 	#10 : +loggers=['autrainer.loggers.TensorBoardLogger'] +seed=1 +learning_rate=0.01 +batch_size=4 dataset=AIBO-2cl-mel-16k model=w2v2-l-emo optimizer=Adam
[2026-03-18 05:51:26,528][HYDRA] 	#11 : +loggers=['autrainer.loggers.TensorBoardLogger'] +seed=1 +learning_rate=0.01 +batch_size=4 dataset=AIBO-2cl-mel-16k model=w2v2-l-emo optimizer=SGD
[2026-03-18 05:51:27,017][HYDRA] 	#12 : +loggers=['autrainer.loggers.TensorBoardLogger'] +seed=1 +learning_rate=0.01 +batch_size=4 dataset=AIBO-2cl-wav model=ResNet-50-T optimizer=Adam
[2026-03-18 05:51:27,191][HYDRA] 	#13 : +loggers=['autrainer.loggers.TensorBoardLogger'] +seed=1 +learning_rate=0.01 +batch_size=4 dataset=AIBO-2cl-wav model=ResNet-50-T optimizer=SGD
[2026-03-18 05:51:27,368][HYDRA] 	#14 : +loggers=['autrainer.loggers.TensorBoardLogger'] +seed=1 +learning_rate=0.01 +batch_size=4 dataset=AIBO-2cl-wav model=Whisper-FFNN-Tiny-T optimizer=Adam
[2026-03-18 05:51:27,831][HYDRA] 	#15 : +loggers=['autrainer.loggers.TensorBoardLogger'] +seed=1 +learning_rate=0.01 +batch_size=4 dataset=AIBO-2cl-wav model=Whisper-FFNN-Tiny-T optimizer=SGD
[2026-03-18 05:51:28,302][HYDRA] 	#16 : +loggers=['autrainer.loggers.TensorBoardLogger'] +seed=1 +learning_rate=0.01 +batch_size=4 dataset=AIBO-2cl-wav model=w2v2-l-emo optimizer=Adam
[2026-03-18 05:51:28,772][HYDRA] 	#17 : +loggers=['autrainer.loggers.TensorBoardLogger'] +seed=1 +learning_rate=0.01 +batch_size=4 dataset=AIBO-2cl-wav model=w2v2-l-emo optimizer=SGD
[2026-03-18 05:51:29,252][HYDRA] 	#18 : +loggers=['autrainer.loggers.TensorBoardLogger'] +seed=1 +learning_rate=0.01 +batch_size=8 dataset=AIBO-2cl-IS09-llds model=Seq-FFNN-IS09 optimizer=Adam
[2026-03-18 05:51:29,802][HYDRA] 	#19 : +loggers=['autrainer.loggers.TensorBoardLogger'] +seed=1 +learning_rate=0.01 +batch_size=8 dataset=AIBO-2cl-IS09-llds model=Seq-FFNN-IS09 optimizer=SGD
[2026-03-18 05:51:30,312][HYDRA] 	#20 : +loggers=['autrainer.loggers.TensorBoardLogger'] +seed=1 +learning_rate=0.01 +batch_size=8 dataset=AIBO-2cl-mel-16k model=Seq-FFNN-IS09 optimizer=Adam
[2026-03-18 05:51:30,500][HYDRA] 	#21 : +loggers=['autrainer.loggers.TensorBoardLogger'] +seed=1 +learning_rate=0.01 +batch_size=8 dataset=AIBO-2cl-mel-16k model=Seq-FFNN-IS09 optimizer=SGD
[2026-03-18 05:51:30,684][HYDRA] 	#22 : +loggers=['autrainer.loggers.TensorBoardLogger'] +seed=1 +learning_rate=0.01 +batch_size=8 dataset=AIBO-2cl-mel-16k model=Cnn14-16k-T optimizer=Adam
[2026-03-18 05:51:30,871][HYDRA] 	#23 : +loggers=['autrainer.loggers.TensorBoardLogger'] +seed=1 +learning_rate=0.01 +batch_size=8 dataset=AIBO-2cl-mel-16k model=Cnn14-16k-T optimizer=SGD
[2026-03-18 05:51:31,057][HYDRA] 	#24 : +loggers=['autrainer.loggers.TensorBoardLogger'] +seed=1 +learning_rate=0.01 +batch_size=8 dataset=AIBO-2cl-mel-16k model=ResNet-50-T optimizer=Adam
[2026-03-18 05:51:31,238][HYDRA] 	#25 : +loggers=['autrainer.loggers.TensorBoardLogger'] +seed=1 +learning_rate=0.01 +batch_size=8 dataset=AIBO-2cl-mel-16k model=ResNet-50-T optimizer=SGD
[2026-03-18 05:51:31,420][HYDRA] 	#26 : +loggers=['autrainer.loggers.TensorBoardLogger'] +seed=1 +learning_rate=0.01 +batch_size=8 dataset=AIBO-2cl-mel-16k model=Whisper-FFNN-Tiny-T optimizer=Adam
[2026-03-18 05:51:31,886][HYDRA] 	#27 : +loggers=['autrainer.loggers.TensorBoardLogger'] +seed=1 +learning_rate=0.01 +batch_size=8 dataset=AIBO-2cl-mel-16k model=Whisper-FFNN-Tiny-T optimizer=SGD
[2026-03-18 05:51:32,362][HYDRA] 	#28 : +loggers=['autrainer.loggers.TensorBoardLogger'] +seed=1 +learning_rate=0.01 +batch_size=8 dataset=AIBO-2cl-mel-16k model=w2v2-l-emo optimizer=Adam
[2026-03-18 05:51:33,156][HYDRA] 	#29 : +loggers=['autrainer.loggers.TensorBoardLogger'] +seed=1 +learning_rate=0.01 +batch_size=8 dataset=AIBO-2cl-mel-16k model=w2v2-l-emo optimizer=SGD
[2026-03-18 05:51:33,633][HYDRA] 	#30 : +loggers=['autrainer.loggers.TensorBoardLogger'] +seed=1 +learning_rate=0.01 +batch_size=8 dataset=AIBO-2cl-wav model=ResNet-50-T optimizer=Adam
[2026-03-18 05:51:33,840][HYDRA] 	#31 : +loggers=['autrainer.loggers.TensorBoardLogger'] +seed=1 +learning_rate=0.01 +batch_size=8 dataset=AIBO-2cl-wav model=ResNet-50-T optimizer=SGD
[2026-03-18 05:51:34,018][HYDRA] 	#32 : +loggers=['autrainer.loggers.TensorBoardLogger'] +seed=1 +learning_rate=0.01 +batch_size=8 dataset=AIBO-2cl-wav model=Whisper-FFNN-Tiny-T optimizer=Adam
[2026-03-18 05:51:34,485][HYDRA] 	#33 : +loggers=['autrainer.loggers.TensorBoardLogger'] +seed=1 +learning_rate=0.01 +batch_size=8 dataset=AIBO-2cl-wav model=Whisper-FFNN-Tiny-T optimizer=SGD
[2026-03-18 05:51:34,971][HYDRA] 	#34 : +loggers=['autrainer.loggers.TensorBoardLogger'] +seed=1 +learning_rate=0.01 +batch_size=8 dataset=AIBO-2cl-wav model=w2v2-l-emo optimizer=Adam
[2026-03-18 05:51:35,454][HYDRA] 	#35 : +loggers=['autrainer.loggers.TensorBoardLogger'] +seed=1 +learning_rate=0.01 +batch_size=8 dataset=AIBO-2cl-wav model=w2v2-l-emo optimizer=SGD
[2026-03-18 05:51:35,935][HYDRA] 	#36 : +loggers=['autrainer.loggers.TensorBoardLogger'] +seed=1 +learning_rate=0.01 +batch_size=16 dataset=AIBO-2cl-IS09-llds model=Seq-FFNN-IS09 optimizer=Adam
[2026-03-18 05:51:36,489][HYDRA] 	#37 : +loggers=['autrainer.loggers.TensorBoardLogger'] +seed=1 +learning_rate=0.01 +batch_size=16 dataset=AIBO-2cl-IS09-llds model=Seq-FFNN-IS09 optimizer=SGD
[2026-03-18 05:51:37,012][HYDRA] 	#38 : +loggers=['autrainer.loggers.TensorBoardLogger'] +seed=1 +learning_rate=0.01 +batch_size=16 dataset=AIBO-2cl-mel-16k model=Seq-FFNN-IS09 optimizer=Adam
[2026-03-18 05:51:37,204][HYDRA] 	#39 : +loggers=['autrainer.loggers.TensorBoardLogger'] +seed=1 +learning_rate=0.01 +batch_size=16 dataset=AIBO-2cl-mel-16k model=Seq-FFNN-IS09 optimizer=SGD
[2026-03-18 05:51:37,389][HYDRA] 	#40 : +loggers=['autrainer.loggers.TensorBoardLogger'] +seed=1 +learning_rate=0.01 +batch_size=16 dataset=AIBO-2cl-mel-16k model=Cnn14-16k-T optimizer=Adam
[2026-03-18 05:51:37,573][HYDRA] 	#41 : +loggers=['autrainer.loggers.TensorBoardLogger'] +seed=1 +learning_rate=0.01 +batch_size=16 dataset=AIBO-2cl-mel-16k model=Cnn14-16k-T optimizer=SGD
[2026-03-18 05:51:37,757][HYDRA] 	#42 : +loggers=['autrainer.loggers.TensorBoardLogger'] +seed=1 +learning_rate=0.01 +batch_size=16 dataset=AIBO-2cl-mel-16k model=ResNet-50-T optimizer=Adam
[2026-03-18 05:51:37,939][HYDRA] 	#43 : +loggers=['autrainer.loggers.TensorBoardLogger'] +seed=1 +learning_rate=0.01 +batch_size=16 dataset=AIBO-2cl-mel-16k model=ResNet-50-T optimizer=SGD
[2026-03-18 05:51:38,129][HYDRA] 	#44 : +loggers=['autrainer.loggers.TensorBoardLogger'] +seed=1 +learning_rate=0.01 +batch_size=16 dataset=AIBO-2cl-mel-16k model=Whisper-FFNN-Tiny-T optimizer=Adam
[2026-03-18 05:51:38,593][HYDRA] 	#45 : +loggers=['autrainer.loggers.TensorBoardLogger'] +seed=1 +learning_rate=0.01 +batch_size=16 dataset=AIBO-2cl-mel-16k model=Whisper-FFNN-Tiny-T optimizer=SGD
[2026-03-18 05:51:39,069][HYDRA] 	#46 : +loggers=['autrainer.loggers.TensorBoardLogger'] +seed=1 +learning_rate=0.01 +batch_size=16 dataset=AIBO-2cl-mel-16k model=w2v2-l-emo optimizer=Adam
[2026-03-18 05:51:39,542][HYDRA] 	#47 : +loggers=['autrainer.loggers.TensorBoardLogger'] +seed=1 +learning_rate=0.01 +batch_size=16 dataset=AIBO-2cl-mel-16k model=w2v2-l-emo optimizer=SGD
[2026-03-18 05:51:40,018][HYDRA] 	#48 : +loggers=['autrainer.loggers.TensorBoardLogger'] +seed=1 +learning_rate=0.01 +batch_size=16 dataset=AIBO-2cl-wav model=ResNet-50-T optimizer=Adam
[2026-03-18 05:51:40,217][HYDRA] 	#49 : +loggers=['autrainer.loggers.TensorBoardLogger'] +seed=1 +learning_rate=0.01 +batch_size=16 dataset=AIBO-2cl-wav model=ResNet-50-T optimizer=SGD
[2026-03-18 05:51:40,392][HYDRA] 	#50 : +loggers=['autrainer.loggers.TensorBoardLogger'] +seed=1 +learning_rate=0.01 +batch_size=16 dataset=AIBO-2cl-wav model=Whisper-FFNN-Tiny-T optimizer=Adam
[2026-03-18 05:51:40,852][HYDRA] 	#51 : +loggers=['autrainer.loggers.TensorBoardLogger'] +seed=1 +learning_rate=0.01 +batch_size=16 dataset=AIBO-2cl-wav model=Whisper-FFNN-Tiny-T optimizer=SGD
[2026-03-18 05:51:41,386][HYDRA] 	#52 : +loggers=['autrainer.loggers.TensorBoardLogger'] +seed=1 +learning_rate=0.01 +batch_size=16 dataset=AIBO-2cl-wav model=w2v2-l-emo optimizer=Adam
[2026-03-18 05:51:41,854][HYDRA] 	#53 : +loggers=['autrainer.loggers.TensorBoardLogger'] +seed=1 +learning_rate=0.01 +batch_size=16 dataset=AIBO-2cl-wav model=w2v2-l-emo optimizer=SGD
[2026-03-18 05:51:42,672][HYDRA] 	#54 : +loggers=['autrainer.loggers.TensorBoardLogger'] +seed=1 +learning_rate=0.001 +batch_size=4 dataset=AIBO-2cl-IS09-llds model=Seq-FFNN-IS09 optimizer=Adam
[2026-03-18 05:51:43,227][HYDRA] 	#55 : +loggers=['autrainer.loggers.TensorBoardLogger'] +seed=1 +learning_rate=0.001 +batch_size=4 dataset=AIBO-2cl-IS09-llds model=Seq-FFNN-IS09 optimizer=SGD
[2026-03-18 05:51:43,756][HYDRA] 	#56 : +loggers=['autrainer.loggers.TensorBoardLogger'] +seed=1 +learning_rate=0.001 +batch_size=4 dataset=AIBO-2cl-mel-16k model=Seq-FFNN-IS09 optimizer=Adam
[2026-03-18 05:51:43,946][HYDRA] 	#57 : +loggers=['autrainer.loggers.TensorBoardLogger'] +seed=1 +learning_rate=0.001 +batch_size=4 dataset=AIBO-2cl-mel-16k model=Seq-FFNN-IS09 optimizer=SGD
[2026-03-18 05:51:44,132][HYDRA] 	#58 : +loggers=['autrainer.loggers.TensorBoardLogger'] +seed=1 +learning_rate=0.001 +batch_size=4 dataset=AIBO-2cl-mel-16k model=Cnn14-16k-T optimizer=Adam
[2026-03-18 05:51:44,317][HYDRA] 	#59 : +loggers=['autrainer.loggers.TensorBoardLogger'] +seed=1 +learning_rate=0.001 +batch_size=4 dataset=AIBO-2cl-mel-16k model=Cnn14-16k-T optimizer=SGD
[2026-03-18 05:51:44,500][HYDRA] 	#60 : +loggers=['autrainer.loggers.TensorBoardLogger'] +seed=1 +learning_rate=0.001 +batch_size=4 dataset=AIBO-2cl-mel-16k model=ResNet-50-T optimizer=Adam
[2026-03-18 05:51:44,686][HYDRA] 	#61 : +loggers=['autrainer.loggers.TensorBoardLogger'] +seed=1 +learning_rate=0.001 +batch_size=4 dataset=AIBO-2cl-mel-16k model=ResNet-50-T optimizer=SGD
[2026-03-18 05:51:44,870][HYDRA] 	#62 : +loggers=['autrainer.loggers.TensorBoardLogger'] +seed=1 +learning_rate=0.001 +batch_size=4 dataset=AIBO-2cl-mel-16k model=Whisper-FFNN-Tiny-T optimizer=Adam
[2026-03-18 05:51:45,337][HYDRA] 	#63 : +loggers=['autrainer.loggers.TensorBoardLogger'] +seed=1 +learning_rate=0.001 +batch_size=4 dataset=AIBO-2cl-mel-16k model=Whisper-FFNN-Tiny-T optimizer=SGD
[2026-03-18 05:51:45,820][HYDRA] 	#64 : +loggers=['autrainer.loggers.TensorBoardLogger'] +seed=1 +learning_rate=0.001 +batch_size=4 dataset=AIBO-2cl-mel-16k model=w2v2-l-emo optimizer=Adam
[2026-03-18 05:51:46,302][HYDRA] 	#65 : +loggers=['autrainer.loggers.TensorBoardLogger'] +seed=1 +learning_rate=0.001 +batch_size=4 dataset=AIBO-2cl-mel-16k model=w2v2-l-emo optimizer=SGD
[2026-03-18 05:51:46,773][HYDRA] 	#66 : +loggers=['autrainer.loggers.TensorBoardLogger'] +seed=1 +learning_rate=0.001 +batch_size=4 dataset=AIBO-2cl-wav model=ResNet-50-T optimizer=Adam
[2026-03-18 05:51:46,970][HYDRA] 	#67 : +loggers=['autrainer.loggers.TensorBoardLogger'] +seed=1 +learning_rate=0.001 +batch_size=4 dataset=AIBO-2cl-wav model=ResNet-50-T optimizer=SGD
[2026-03-18 05:51:47,157][HYDRA] 	#68 : +loggers=['autrainer.loggers.TensorBoardLogger'] +seed=1 +learning_rate=0.001 +batch_size=4 dataset=AIBO-2cl-wav model=Whisper-FFNN-Tiny-T optimizer=Adam
[2026-03-18 05:51:47,622][HYDRA] 	#69 : +loggers=['autrainer.loggers.TensorBoardLogger'] +seed=1 +learning_rate=0.001 +batch_size=4 dataset=AIBO-2cl-wav model=Whisper-FFNN-Tiny-T optimizer=SGD
[2026-03-18 05:51:48,088][HYDRA] 	#70 : +loggers=['autrainer.loggers.TensorBoardLogger'] +seed=1 +learning_rate=0.001 +batch_size=4 dataset=AIBO-2cl-wav model=w2v2-l-emo optimizer=Adam
[2026-03-18 05:51:48,540][HYDRA] 	#71 : +loggers=['autrainer.loggers.TensorBoardLogger'] +seed=1 +learning_rate=0.001 +batch_size=4 dataset=AIBO-2cl-wav model=w2v2-l-emo optimizer=SGD
[2026-03-18 05:51:49,011][HYDRA] 	#72 : +loggers=['autrainer.loggers.TensorBoardLogger'] +seed=1 +learning_rate=0.001 +batch_size=8 dataset=AIBO-2cl-IS09-llds model=Seq-FFNN-IS09 optimizer=Adam
[2026-03-18 05:51:49,553][HYDRA] 	#73 : +loggers=['autrainer.loggers.TensorBoardLogger'] +seed=1 +learning_rate=0.001 +batch_size=8 dataset=AIBO-2cl-IS09-llds model=Seq-FFNN-IS09 optimizer=SGD
[2026-03-18 05:51:50,083][HYDRA] 	#74 : +loggers=['autrainer.loggers.TensorBoardLogger'] +seed=1 +learning_rate=0.001 +batch_size=8 dataset=AIBO-2cl-mel-16k model=Seq-FFNN-IS09 optimizer=Adam
[2026-03-18 05:51:50,269][HYDRA] 	#75 : +loggers=['autrainer.loggers.TensorBoardLogger'] +seed=1 +learning_rate=0.001 +batch_size=8 dataset=AIBO-2cl-mel-16k model=Seq-FFNN-IS09 optimizer=SGD
[2026-03-18 05:51:50,459][HYDRA] 	#76 : +loggers=['autrainer.loggers.TensorBoardLogger'] +seed=1 +learning_rate=0.001 +batch_size=8 dataset=AIBO-2cl-mel-16k model=Cnn14-16k-T optimizer=Adam
[2026-03-18 05:51:50,647][HYDRA] 	#77 : +loggers=['autrainer.loggers.TensorBoardLogger'] +seed=1 +learning_rate=0.001 +batch_size=8 dataset=AIBO-2cl-mel-16k model=Cnn14-16k-T optimizer=SGD
[2026-03-18 05:51:50,832][HYDRA] 	#78 : +loggers=['autrainer.loggers.TensorBoardLogger'] +seed=1 +learning_rate=0.001 +batch_size=8 dataset=AIBO-2cl-mel-16k model=ResNet-50-T optimizer=Adam
[2026-03-18 05:51:51,013][HYDRA] 	#79 : +loggers=['autrainer.loggers.TensorBoardLogger'] +seed=1 +learning_rate=0.001 +batch_size=8 dataset=AIBO-2cl-mel-16k model=ResNet-50-T optimizer=SGD
[2026-03-18 05:51:51,562][HYDRA] 	#80 : +loggers=['autrainer.loggers.TensorBoardLogger'] +seed=1 +learning_rate=0.001 +batch_size=8 dataset=AIBO-2cl-mel-16k model=Whisper-FFNN-Tiny-T optimizer=Adam
[2026-03-18 05:51:52,034][HYDRA] 	#81 : +loggers=['autrainer.loggers.TensorBoardLogger'] +seed=1 +learning_rate=0.001 +batch_size=8 dataset=AIBO-2cl-mel-16k model=Whisper-FFNN-Tiny-T optimizer=SGD
[2026-03-18 05:51:52,513][HYDRA] 	#82 : +loggers=['autrainer.loggers.TensorBoardLogger'] +seed=1 +learning_rate=0.001 +batch_size=8 dataset=AIBO-2cl-mel-16k model=w2v2-l-emo optimizer=Adam
[2026-03-18 05:51:52,989][HYDRA] 	#83 : +loggers=['autrainer.loggers.TensorBoardLogger'] +seed=1 +learning_rate=0.001 +batch_size=8 dataset=AIBO-2cl-mel-16k model=w2v2-l-emo optimizer=SGD
[2026-03-18 05:51:53,465][HYDRA] 	#84 : +loggers=['autrainer.loggers.TensorBoardLogger'] +seed=1 +learning_rate=0.001 +batch_size=8 dataset=AIBO-2cl-wav model=ResNet-50-T optimizer=Adam
[2026-03-18 05:51:53,638][HYDRA] 	#85 : +loggers=['autrainer.loggers.TensorBoardLogger'] +seed=1 +learning_rate=0.001 +batch_size=8 dataset=AIBO-2cl-wav model=ResNet-50-T optimizer=SGD
[2026-03-18 05:51:53,817][HYDRA] 	#86 : +loggers=['autrainer.loggers.TensorBoardLogger'] +seed=1 +learning_rate=0.001 +batch_size=8 dataset=AIBO-2cl-wav model=Whisper-FFNN-Tiny-T optimizer=Adam
[2026-03-18 05:51:54,284][HYDRA] 	#87 : +loggers=['autrainer.loggers.TensorBoardLogger'] +seed=1 +learning_rate=0.001 +batch_size=8 dataset=AIBO-2cl-wav model=Whisper-FFNN-Tiny-T optimizer=SGD
[2026-03-18 05:51:54,761][HYDRA] 	#88 : +loggers=['autrainer.loggers.TensorBoardLogger'] +seed=1 +learning_rate=0.001 +batch_size=8 dataset=AIBO-2cl-wav model=w2v2-l-emo optimizer=Adam
[2026-03-18 05:51:55,234][HYDRA] 	#89 : +loggers=['autrainer.loggers.TensorBoardLogger'] +seed=1 +learning_rate=0.001 +batch_size=8 dataset=AIBO-2cl-wav model=w2v2-l-emo optimizer=SGD
[2026-03-18 05:51:55,712][HYDRA] 	#90 : +loggers=['autrainer.loggers.TensorBoardLogger'] +seed=1 +learning_rate=0.001 +batch_size=16 dataset=AIBO-2cl-IS09-llds model=Seq-FFNN-IS09 optimizer=Adam
[2026-03-18 05:51:56,254][HYDRA] 	#91 : +loggers=['autrainer.loggers.TensorBoardLogger'] +seed=1 +learning_rate=0.001 +batch_size=16 dataset=AIBO-2cl-IS09-llds model=Seq-FFNN-IS09 optimizer=SGD
[2026-03-18 05:51:56,763][HYDRA] 	#92 : +loggers=['autrainer.loggers.TensorBoardLogger'] +seed=1 +learning_rate=0.001 +batch_size=16 dataset=AIBO-2cl-mel-16k model=Seq-FFNN-IS09 optimizer=Adam
[2026-03-18 05:51:56,948][HYDRA] 	#93 : +loggers=['autrainer.loggers.TensorBoardLogger'] +seed=1 +learning_rate=0.001 +batch_size=16 dataset=AIBO-2cl-mel-16k model=Seq-FFNN-IS09 optimizer=SGD
[2026-03-18 05:51:57,139][HYDRA] 	#94 : +loggers=['autrainer.loggers.TensorBoardLogger'] +seed=1 +learning_rate=0.001 +batch_size=16 dataset=AIBO-2cl-mel-16k model=Cnn14-16k-T optimizer=Adam
[2026-03-18 05:51:57,324][HYDRA] 	#95 : +loggers=['autrainer.loggers.TensorBoardLogger'] +seed=1 +learning_rate=0.001 +batch_size=16 dataset=AIBO-2cl-mel-16k model=Cnn14-16k-T optimizer=SGD
[2026-03-18 05:51:57,511][HYDRA] 	#96 : +loggers=['autrainer.loggers.TensorBoardLogger'] +seed=1 +learning_rate=0.001 +batch_size=16 dataset=AIBO-2cl-mel-16k model=ResNet-50-T optimizer=Adam
[2026-03-18 05:51:57,693][HYDRA] 	#97 : +loggers=['autrainer.loggers.TensorBoardLogger'] +seed=1 +learning_rate=0.001 +batch_size=16 dataset=AIBO-2cl-mel-16k model=ResNet-50-T optimizer=SGD
[2026-03-18 05:51:57,876][HYDRA] 	#98 : +loggers=['autrainer.loggers.TensorBoardLogger'] +seed=1 +learning_rate=0.001 +batch_size=16 dataset=AIBO-2cl-mel-16k model=Whisper-FFNN-Tiny-T optimizer=Adam
[2026-03-18 05:51:58,342][HYDRA] 	#99 : +loggers=['autrainer.loggers.TensorBoardLogger'] +seed=1 +learning_rate=0.001 +batch_size=16 dataset=AIBO-2cl-mel-16k model=Whisper-FFNN-Tiny-T optimizer=SGD
[2026-03-18 05:51:58,829][HYDRA] 	#100 : +loggers=['autrainer.loggers.TensorBoardLogger'] +seed=1 +learning_rate=0.001 +batch_size=16 dataset=AIBO-2cl-mel-16k model=w2v2-l-emo optimizer=Adam
[2026-03-18 05:51:59,305][HYDRA] 	#101 : +loggers=['autrainer.loggers.TensorBoardLogger'] +seed=1 +learning_rate=0.001 +batch_size=16 dataset=AIBO-2cl-mel-16k model=w2v2-l-emo optimizer=SGD
[2026-03-18 05:51:59,775][HYDRA] 	#102 : +loggers=['autrainer.loggers.TensorBoardLogger'] +seed=1 +learning_rate=0.001 +batch_size=16 dataset=AIBO-2cl-wav model=ResNet-50-T optimizer=Adam
[2026-03-18 05:51:59,972][HYDRA] 	#103 : +loggers=['autrainer.loggers.TensorBoardLogger'] +seed=1 +learning_rate=0.001 +batch_size=16 dataset=AIBO-2cl-wav model=ResNet-50-T optimizer=SGD
[2026-03-18 05:52:00,149][HYDRA] 	#104 : +loggers=['autrainer.loggers.TensorBoardLogger'] +seed=1 +learning_rate=0.001 +batch_size=16 dataset=AIBO-2cl-wav model=Whisper-FFNN-Tiny-T optimizer=Adam
[2026-03-18 05:52:00,616][HYDRA] 	#105 : +loggers=['autrainer.loggers.TensorBoardLogger'] +seed=1 +learning_rate=0.001 +batch_size=16 dataset=AIBO-2cl-wav model=Whisper-FFNN-Tiny-T optimizer=SGD
[2026-03-18 05:52:01,091][HYDRA] 	#106 : +loggers=['autrainer.loggers.TensorBoardLogger'] +seed=1 +learning_rate=0.001 +batch_size=16 dataset=AIBO-2cl-wav model=w2v2-l-emo optimizer=Adam
[2026-03-18 05:52:01,564][HYDRA] 	#107 : +loggers=['autrainer.loggers.TensorBoardLogger'] +seed=1 +learning_rate=0.001 +batch_size=16 dataset=AIBO-2cl-wav model=w2v2-l-emo optimizer=SGD
[2026-03-18 05:52:02,038][HYDRA] 	#108 : +loggers=['autrainer.loggers.TensorBoardLogger'] +seed=1 +learning_rate=0.0001 +batch_size=4 dataset=AIBO-2cl-IS09-llds model=Seq-FFNN-IS09 optimizer=Adam
[2026-03-18 05:52:02,577][HYDRA] 	#109 : +loggers=['autrainer.loggers.TensorBoardLogger'] +seed=1 +learning_rate=0.0001 +batch_size=4 dataset=AIBO-2cl-IS09-llds model=Seq-FFNN-IS09 optimizer=SGD
[2026-03-18 05:52:03,101][HYDRA] 	#110 : +loggers=['autrainer.loggers.TensorBoardLogger'] +seed=1 +learning_rate=0.0001 +batch_size=4 dataset=AIBO-2cl-mel-16k model=Seq-FFNN-IS09 optimizer=Adam
[2026-03-18 05:52:03,714][HYDRA] 	#111 : +loggers=['autrainer.loggers.TensorBoardLogger'] +seed=1 +learning_rate=0.0001 +batch_size=4 dataset=AIBO-2cl-mel-16k model=Seq-FFNN-IS09 optimizer=SGD
[2026-03-18 05:52:03,901][HYDRA] 	#112 : +loggers=['autrainer.loggers.TensorBoardLogger'] +seed=1 +learning_rate=0.0001 +batch_size=4 dataset=AIBO-2cl-mel-16k model=Cnn14-16k-T optimizer=Adam
[2026-03-18 05:52:04,085][HYDRA] 	#113 : +loggers=['autrainer.loggers.TensorBoardLogger'] +seed=1 +learning_rate=0.0001 +batch_size=4 dataset=AIBO-2cl-mel-16k model=Cnn14-16k-T optimizer=SGD
[2026-03-18 05:52:04,269][HYDRA] 	#114 : +loggers=['autrainer.loggers.TensorBoardLogger'] +seed=1 +learning_rate=0.0001 +batch_size=4 dataset=AIBO-2cl-mel-16k model=ResNet-50-T optimizer=Adam
[2026-03-18 05:52:04,452][HYDRA] 	#115 : +loggers=['autrainer.loggers.TensorBoardLogger'] +seed=1 +learning_rate=0.0001 +batch_size=4 dataset=AIBO-2cl-mel-16k model=ResNet-50-T optimizer=SGD
[2026-03-18 05:52:04,635][HYDRA] 	#116 : +loggers=['autrainer.loggers.TensorBoardLogger'] +seed=1 +learning_rate=0.0001 +batch_size=4 dataset=AIBO-2cl-mel-16k model=Whisper-FFNN-Tiny-T optimizer=Adam
[2026-03-18 05:52:05,099][HYDRA] 	#117 : +loggers=['autrainer.loggers.TensorBoardLogger'] +seed=1 +learning_rate=0.0001 +batch_size=4 dataset=AIBO-2cl-mel-16k model=Whisper-FFNN-Tiny-T optimizer=SGD
[2026-03-18 05:52:05,579][HYDRA] 	#118 : +loggers=['autrainer.loggers.TensorBoardLogger'] +seed=1 +learning_rate=0.0001 +batch_size=4 dataset=AIBO-2cl-mel-16k model=w2v2-l-emo optimizer=Adam
[2026-03-18 05:52:06,048][HYDRA] 	#119 : +loggers=['autrainer.loggers.TensorBoardLogger'] +seed=1 +learning_rate=0.0001 +batch_size=4 dataset=AIBO-2cl-mel-16k model=w2v2-l-emo optimizer=SGD
[2026-03-18 05:52:06,525][HYDRA] 	#120 : +loggers=['autrainer.loggers.TensorBoardLogger'] +seed=1 +learning_rate=0.0001 +batch_size=4 dataset=AIBO-2cl-wav model=ResNet-50-T optimizer=Adam
[2026-03-18 05:52:06,724][HYDRA] 	#121 : +loggers=['autrainer.loggers.TensorBoardLogger'] +seed=1 +learning_rate=0.0001 +batch_size=4 dataset=AIBO-2cl-wav model=ResNet-50-T optimizer=SGD
[2026-03-18 05:52:06,903][HYDRA] 	#122 : +loggers=['autrainer.loggers.TensorBoardLogger'] +seed=1 +learning_rate=0.0001 +batch_size=4 dataset=AIBO-2cl-wav model=Whisper-FFNN-Tiny-T optimizer=Adam
[2026-03-18 05:52:07,369][HYDRA] 	#123 : +loggers=['autrainer.loggers.TensorBoardLogger'] +seed=1 +learning_rate=0.0001 +batch_size=4 dataset=AIBO-2cl-wav model=Whisper-FFNN-Tiny-T optimizer=SGD
[2026-03-18 05:52:07,846][HYDRA] 	#124 : +loggers=['autrainer.loggers.TensorBoardLogger'] +seed=1 +learning_rate=0.0001 +batch_size=4 dataset=AIBO-2cl-wav model=w2v2-l-emo optimizer=Adam
[2026-03-18 05:52:08,319][HYDRA] 	#125 : +loggers=['autrainer.loggers.TensorBoardLogger'] +seed=1 +learning_rate=0.0001 +batch_size=4 dataset=AIBO-2cl-wav model=w2v2-l-emo optimizer=SGD
[2026-03-18 05:52:08,796][HYDRA] 	#126 : +loggers=['autrainer.loggers.TensorBoardLogger'] +seed=1 +learning_rate=0.0001 +batch_size=8 dataset=AIBO-2cl-IS09-llds model=Seq-FFNN-IS09 optimizer=Adam
[2026-03-18 05:52:09,343][HYDRA] 	#127 : +loggers=['autrainer.loggers.TensorBoardLogger'] +seed=1 +learning_rate=0.0001 +batch_size=8 dataset=AIBO-2cl-IS09-llds model=Seq-FFNN-IS09 optimizer=SGD
[2026-03-18 05:52:09,866][HYDRA] 	#128 : +loggers=['autrainer.loggers.TensorBoardLogger'] +seed=1 +learning_rate=0.0001 +batch_size=8 dataset=AIBO-2cl-mel-16k model=Seq-FFNN-IS09 optimizer=Adam
[2026-03-18 05:52:10,050][HYDRA] 	#129 : +loggers=['autrainer.loggers.TensorBoardLogger'] +seed=1 +learning_rate=0.0001 +batch_size=8 dataset=AIBO-2cl-mel-16k model=Seq-FFNN-IS09 optimizer=SGD
[2026-03-18 05:52:10,240][HYDRA] 	#130 : +loggers=['autrainer.loggers.TensorBoardLogger'] +seed=1 +learning_rate=0.0001 +batch_size=8 dataset=AIBO-2cl-mel-16k model=Cnn14-16k-T optimizer=Adam
[2026-03-18 05:52:10,426][HYDRA] 	#131 : +loggers=['autrainer.loggers.TensorBoardLogger'] +seed=1 +learning_rate=0.0001 +batch_size=8 dataset=AIBO-2cl-mel-16k model=Cnn14-16k-T optimizer=SGD
[2026-03-18 05:52:10,609][HYDRA] 	#132 : +loggers=['autrainer.loggers.TensorBoardLogger'] +seed=1 +learning_rate=0.0001 +batch_size=8 dataset=AIBO-2cl-mel-16k model=ResNet-50-T optimizer=Adam
[2026-03-18 05:52:10,792][HYDRA] 	#133 : +loggers=['autrainer.loggers.TensorBoardLogger'] +seed=1 +learning_rate=0.0001 +batch_size=8 dataset=AIBO-2cl-mel-16k model=ResNet-50-T optimizer=SGD
[2026-03-18 05:52:10,974][HYDRA] 	#134 : +loggers=['autrainer.loggers.TensorBoardLogger'] +seed=1 +learning_rate=0.0001 +batch_size=8 dataset=AIBO-2cl-mel-16k model=Whisper-FFNN-Tiny-T optimizer=Adam
[2026-03-18 05:52:11,447][HYDRA] 	#135 : +loggers=['autrainer.loggers.TensorBoardLogger'] +seed=1 +learning_rate=0.0001 +batch_size=8 dataset=AIBO-2cl-mel-16k model=Whisper-FFNN-Tiny-T optimizer=SGD
[2026-03-18 05:52:11,923][HYDRA] 	#136 : +loggers=['autrainer.loggers.TensorBoardLogger'] +seed=1 +learning_rate=0.0001 +batch_size=8 dataset=AIBO-2cl-mel-16k model=w2v2-l-emo optimizer=Adam
[2026-03-18 05:52:12,396][HYDRA] 	#137 : +loggers=['autrainer.loggers.TensorBoardLogger'] +seed=1 +learning_rate=0.0001 +batch_size=8 dataset=AIBO-2cl-mel-16k model=w2v2-l-emo optimizer=SGD
[2026-03-18 05:52:12,903][HYDRA] 	#138 : +loggers=['autrainer.loggers.TensorBoardLogger'] +seed=1 +learning_rate=0.0001 +batch_size=8 dataset=AIBO-2cl-wav model=ResNet-50-T optimizer=Adam
[2026-03-18 05:52:13,076][HYDRA] 	#139 : +loggers=['autrainer.loggers.TensorBoardLogger'] +seed=1 +learning_rate=0.0001 +batch_size=8 dataset=AIBO-2cl-wav model=ResNet-50-T optimizer=SGD
[2026-03-18 05:52:13,256][HYDRA] 	#140 : +loggers=['autrainer.loggers.TensorBoardLogger'] +seed=1 +learning_rate=0.0001 +batch_size=8 dataset=AIBO-2cl-wav model=Whisper-FFNN-Tiny-T optimizer=Adam
[2026-03-18 05:52:13,711][HYDRA] 	#141 : +loggers=['autrainer.loggers.TensorBoardLogger'] +seed=1 +learning_rate=0.0001 +batch_size=8 dataset=AIBO-2cl-wav model=Whisper-FFNN-Tiny-T optimizer=SGD
[2026-03-18 05:52:14,167][HYDRA] 	#142 : +loggers=['autrainer.loggers.TensorBoardLogger'] +seed=1 +learning_rate=0.0001 +batch_size=8 dataset=AIBO-2cl-wav model=w2v2-l-emo optimizer=Adam
[2026-03-18 05:52:14,637][HYDRA] 	#143 : +loggers=['autrainer.loggers.TensorBoardLogger'] +seed=1 +learning_rate=0.0001 +batch_size=8 dataset=AIBO-2cl-wav model=w2v2-l-emo optimizer=SGD
[2026-03-18 05:52:15,114][HYDRA] 	#144 : +loggers=['autrainer.loggers.TensorBoardLogger'] +seed=1 +learning_rate=0.0001 +batch_size=16 dataset=AIBO-2cl-IS09-llds model=Seq-FFNN-IS09 optimizer=Adam
[2026-03-18 05:52:15,658][HYDRA] 	#145 : +loggers=['autrainer.loggers.TensorBoardLogger'] +seed=1 +learning_rate=0.0001 +batch_size=16 dataset=AIBO-2cl-IS09-llds model=Seq-FFNN-IS09 optimizer=SGD
[2026-03-18 05:52:16,183][HYDRA] 	#146 : +loggers=['autrainer.loggers.TensorBoardLogger'] +seed=1 +learning_rate=0.0001 +batch_size=16 dataset=AIBO-2cl-mel-16k model=Seq-FFNN-IS09 optimizer=Adam
[2026-03-18 05:52:16,828][HYDRA] 	#147 : +loggers=['autrainer.loggers.TensorBoardLogger'] +seed=1 +learning_rate=0.0001 +batch_size=16 dataset=AIBO-2cl-mel-16k model=Seq-FFNN-IS09 optimizer=SGD
[2026-03-18 05:52:17,022][HYDRA] 	#148 : +loggers=['autrainer.loggers.TensorBoardLogger'] +seed=1 +learning_rate=0.0001 +batch_size=16 dataset=AIBO-2cl-mel-16k model=Cnn14-16k-T optimizer=Adam
[2026-03-18 05:52:17,202][HYDRA] 	#149 : +loggers=['autrainer.loggers.TensorBoardLogger'] +seed=1 +learning_rate=0.0001 +batch_size=16 dataset=AIBO-2cl-mel-16k model=Cnn14-16k-T optimizer=SGD
[2026-03-18 05:52:17,386][HYDRA] 	#150 : +loggers=['autrainer.loggers.TensorBoardLogger'] +seed=1 +learning_rate=0.0001 +batch_size=16 dataset=AIBO-2cl-mel-16k model=ResNet-50-T optimizer=Adam
[2026-03-18 05:52:17,569][HYDRA] 	#151 : +loggers=['autrainer.loggers.TensorBoardLogger'] +seed=1 +learning_rate=0.0001 +batch_size=16 dataset=AIBO-2cl-mel-16k model=ResNet-50-T optimizer=SGD
[2026-03-18 05:52:17,751][HYDRA] 	#152 : +loggers=['autrainer.loggers.TensorBoardLogger'] +seed=1 +learning_rate=0.0001 +batch_size=16 dataset=AIBO-2cl-mel-16k model=Whisper-FFNN-Tiny-T optimizer=Adam
[2026-03-18 05:52:18,214][HYDRA] 	#153 : +loggers=['autrainer.loggers.TensorBoardLogger'] +seed=1 +learning_rate=0.0001 +batch_size=16 dataset=AIBO-2cl-mel-16k model=Whisper-FFNN-Tiny-T optimizer=SGD
[2026-03-18 05:52:18,691][HYDRA] 	#154 : +loggers=['autrainer.loggers.TensorBoardLogger'] +seed=1 +learning_rate=0.0001 +batch_size=16 dataset=AIBO-2cl-mel-16k model=w2v2-l-emo optimizer=Adam
[2026-03-18 05:52:19,167][HYDRA] 	#155 : +loggers=['autrainer.loggers.TensorBoardLogger'] +seed=1 +learning_rate=0.0001 +batch_size=16 dataset=AIBO-2cl-mel-16k model=w2v2-l-emo optimizer=SGD
[2026-03-18 05:52:19,649][HYDRA] 	#156 : +loggers=['autrainer.loggers.TensorBoardLogger'] +seed=1 +learning_rate=0.0001 +batch_size=16 dataset=AIBO-2cl-wav model=ResNet-50-T optimizer=Adam
[2026-03-18 05:52:19,849][HYDRA] 	#157 : +loggers=['autrainer.loggers.TensorBoardLogger'] +seed=1 +learning_rate=0.0001 +batch_size=16 dataset=AIBO-2cl-wav model=ResNet-50-T optimizer=SGD
[2026-03-18 05:52:20,027][HYDRA] 	#158 : +loggers=['autrainer.loggers.TensorBoardLogger'] +seed=1 +learning_rate=0.0001 +batch_size=16 dataset=AIBO-2cl-wav model=Whisper-FFNN-Tiny-T optimizer=Adam
[2026-03-18 05:52:20,493][HYDRA] 	#159 : +loggers=['autrainer.loggers.TensorBoardLogger'] +seed=1 +learning_rate=0.0001 +batch_size=16 dataset=AIBO-2cl-wav model=Whisper-FFNN-Tiny-T optimizer=SGD
[2026-03-18 05:52:20,971][HYDRA] 	#160 : +loggers=['autrainer.loggers.TensorBoardLogger'] +seed=1 +learning_rate=0.0001 +batch_size=16 dataset=AIBO-2cl-wav model=w2v2-l-emo optimizer=Adam
[2026-03-18 05:52:21,446][HYDRA] 	#161 : +loggers=['autrainer.loggers.TensorBoardLogger'] +seed=1 +learning_rate=0.0001 +batch_size=16 dataset=AIBO-2cl-wav model=w2v2-l-emo optimizer=SGD
