In '_autrainer_': Could not find 'model/w2v2-l-robust'

Available options in 'model':
	ASTModel
	ASTModel-T
	AlexNet
	AlexNet-T
	Cnn10
	Cnn10-32k-T
	Cnn10-32k-T-online
	Cnn14
	Cnn14-16k-T
	Cnn14-32k-T
	ConvNeXt-Base
	ConvNeXt-Base-T
	ConvNeXt-Large
	ConvNeXt-Large-T
	ConvNeXt-Small
	ConvNeXt-Small-T
	ConvNeXt-Tiny
	ConvNeXt-Tiny-T
	Densenet-121
	Densenet-121-T
	EfficientNet-B0
	EfficientNet-B0-T
	EfficientNet-B1
	EfficientNet-B1-T
	EfficientNet-B2
	EfficientNet-B2-T
	EfficientNet-B3
	EfficientNet-B3-T
	EfficientNet-B4
	EfficientNet-B4-T
	EfficientNet-B5
	EfficientNet-B5-T
	EfficientNet-B6
	EfficientNet-B6-T
	EfficientNet-B7
	EfficientNet-B7-T
	EfficientNetV2-L
	EfficientNetV2-L-T
	EfficientNetV2-M
	EfficientNetV2-M-T
	EfficientNetV2-S
	EfficientNetV2-S-T
	End2You-emo18
	End2You-zhao19
	FFNN
	FFNN-IS09
	FFNN-IS10
	FFNN-IS11
	FFNN-IS12
	FFNN-IS13
	FFNN-IS16
	FFNN-eGeMAPS
	GoogLeNet
	GoogLeNet-T
	InceptionV3
	InceptionV3-T
	LEAFNet
	MaxViT-T
	MaxViT-T-T
	MnasNet-0.5
	MnasNet-0.5-T
	MnasNet-0.75
	MnasNet-0.75-T
	MnasNet-1.0
	MnasNet-1.0-T
	MnasNet-1.3
	MnasNet-1.3-T
	MobileNetV2
	MobileNetV2-T
	MobileNetV3-Large
	MobileNetV3-Large-T
	MobileNetV3-Small
	MobileNetV3-Small-T
	RegNetX-1.6GF
	RegNetX-1.6GF-T
	RegNetX-16GF
	RegNetX-16GF-T
	RegNetX-3.2GF
	RegNetX-3.2GF-T
	RegNetX-32GF
	RegNetX-32GF-T
	RegNetX-400MF
	RegNetX-400MF-T
	RegNetX-800MF
	RegNetX-800MF-T
	RegNetX-8GF
	RegNetX-8GF-T
	RegNetY-1.6GF
	RegNetY-1.6GF-T
	RegNetY-128GF
	RegNetY-128GF-T
	RegNetY-16GF
	RegNetY-16GF-T
	RegNetY-3.2GF
	RegNetY-3.2GF-T
	RegNetY-32GF
	RegNetY-32GF-T
	RegNetY-400MF
	RegNetY-400MF-T
	RegNetY-800MF
	RegNetY-800MF-T
	RegNetY-8GF
	RegNetY-8GF-T
	ResNeXt-101-32x8d
	ResNeXt-101-32x8d-T
	ResNeXt-101-64x4d
	ResNeXt-101-64x4d-T
	ResNeXt-50-32x4d
	ResNeXt-50-32x4d-T
	ResNet-101
	ResNet-101-T
	ResNet-152
	ResNet-152-T
	ResNet-18
	ResNet-18-T
	ResNet-34
	ResNet-34-T
	ResNet-50
	ResNet-50-T
	Seq-FFNN-IS09
	Seq-FFNN-IS10
	Seq-FFNN-IS11
	Seq-FFNN-IS12
	Seq-FFNN-IS13
	Seq-FFNN-IS16
	Seq-FFNN-eGeMAPS
	ShuffleNetV2-0.5x
	ShuffleNetV2-0.5x-T
	ShuffleNetV2-1.0x
	ShuffleNetV2-1.0x-T
	ShuffleNetV2-1.5x
	ShuffleNetV2-1.5x-T
	ShuffleNetV2-2.0x
	ShuffleNetV2-2.0x-T
	SqueezeNet-1.0
	SqueezeNet-1.0-T
	SqueezeNet-1.1
	SqueezeNet-1.1-T
	Swin-B
	Swin-B-T
	Swin-S
	Swin-S-T
	Swin-T
	Swin-T-T
	Swin-V2-B
	Swin-V2-B-T
	Swin-V2-S
	Swin-V2-S-T
	Swin-V2-T
	Swin-V2-T-T
	TDNNFFNN
	TDNNFFNN-T
	ToyFFNN
	VGG-11
	VGG-11-BN
	VGG-11-BN-T
	VGG-11-T
	VGG-13
	VGG-13-BN
	VGG-13-BN-T
	VGG-13-T
	VGG-16
	VGG-16-BN
	VGG-16-BN-T
	VGG-16-T
	VGG-19
	VGG-19-BN
	VGG-19-BN-T
	VGG-19-T
	ViT-B-16
	ViT-B-16-T
	ViT-B-32
	ViT-B-32-T
	ViT-H-14
	ViT-H-14-T
	ViT-L-16
	ViT-L-16-T
	ViT-L-32
	ViT-L-32-T
	Whisper-FFNN-Base
	Whisper-FFNN-Base-T
	Whisper-FFNN-Small
	Whisper-FFNN-Small-T
	Whisper-FFNN-Tiny
	Whisper-FFNN-Tiny-T
	Wide-ResNet-101-2
	Wide-ResNet-101-2-T
	Wide-ResNet-50-2
	Wide-ResNet-50-2-T
	hubert-b-ls960
	hubert-l-ll60k
	w2v2-b
	w2v2-b-T
	w2v2-l
	w2v2-l-100k
	w2v2-l-100k-T
	w2v2-l-T
	w2v2-l-emo
	w2v2-l-emo-T
	w2v2-l-rob
	w2v2-l-rob-T
Config search path:
	provider=hydra, path=pkg://hydra.conf
	provider=main, path=pkg://autrainer.core.scripts
	provider=autrainer-snapshot, path=file:///tmp/tmpvg48n27r
	provider=autrainer-configs, path=file:///home/ge62niq/data/chi-gpu1/ge62niq/personalized_ser/.venv310/lib/python3.10/site-packages/autrainer-configurations
	provider=command-line, path=file:///home/ge62niq/data/chi-gpu1/ge62niq/ser-progress-replication/audio-experiments/conf
	provider=schema, path=structured://

Set the environment variable HYDRA_FULL_ERROR=1 for a complete stack trace.
slurmstepd: error: pam_close_session: Cannot make/remove an entry for the specified session
