Traceback (most recent call last):
  File "/home/ge62niq/data/chi-gpu1/ge62niq/.devenv/state/venv/lib/python3.13/site-packages/numpy/_core/__init__.py", line 24, in <module>
    from . import multiarray
  File "/home/ge62niq/data/chi-gpu1/ge62niq/.devenv/state/venv/lib/python3.13/site-packages/numpy/_core/multiarray.py", line 11, in <module>
    from . import _multiarray_umath, overrides
ImportError: libstdc++.so.6: cannot open shared object file: No such file or directory

The above exception was the direct cause of the following exception:

Traceback (most recent call last):
  File "/home/ge62niq/data/chi-gpu1/ge62niq/.devenv/state/venv/bin/autrainer", line 10, in <module>
    sys.exit(main())
             ~~~~^^
  File "/home/ge62niq/data/chi-gpu1/ge62niq/.devenv/state/venv/lib/python3.13/site-packages/autrainer/core/scripts/cli.py", line 102, in main
    cli.main()
    ~~~~~~~~^^
  File "/home/ge62niq/data/chi-gpu1/ge62niq/.devenv/state/venv/lib/python3.13/site-packages/autrainer/core/scripts/cli.py", line 94, in main
    command.run(args, unknown)
    ~~~~~~~~~~~^^^^^^^^^^^^^^^
  File "/home/ge62niq/data/chi-gpu1/ge62niq/.devenv/state/venv/lib/python3.13/site-packages/autrainer/core/scripts/abstract_script.py", line 68, in run
    self.main(args)
    ~~~~~~~~~^^^^^^
  File "/home/ge62niq/data/chi-gpu1/ge62niq/.devenv/state/venv/lib/python3.13/site-packages/autrainer/core/scripts/train_script.py", line 31, in main
    @autrainer.main("config")
     ~~~~~~~~~~~~~~^^^^^^^^^^
  File "/home/ge62niq/data/chi-gpu1/ge62niq/.devenv/state/venv/lib/python3.13/site-packages/autrainer/core/wrappers/main.py", line 54, in main
    import matplotlib as mpl
  File "/home/ge62niq/data/chi-gpu1/ge62niq/.devenv/state/venv/lib/python3.13/site-packages/matplotlib/__init__.py", line 161, in <module>
    from . import _api, _version, cbook, _docstring, rcsetup
  File "/home/ge62niq/data/chi-gpu1/ge62niq/.devenv/state/venv/lib/python3.13/site-packages/matplotlib/cbook.py", line 24, in <module>
    import numpy as np
  File "/home/ge62niq/data/chi-gpu1/ge62niq/.devenv/state/venv/lib/python3.13/site-packages/numpy/__init__.py", line 112, in <module>
    from numpy.__config__ import show_config
  File "/home/ge62niq/data/chi-gpu1/ge62niq/.devenv/state/venv/lib/python3.13/site-packages/numpy/__config__.py", line 4, in <module>
    from numpy._core._multiarray_umath import (
    ...<3 lines>...
    )
  File "/home/ge62niq/data/chi-gpu1/ge62niq/.devenv/state/venv/lib/python3.13/site-packages/numpy/_core/__init__.py", line 85, in <module>
    raise ImportError(msg) from exc
ImportError: 

IMPORTANT: PLEASE READ THIS FOR ADVICE ON HOW TO SOLVE THIS ISSUE!

Importing the numpy C-extensions failed. This error can happen for
many reasons, often due to issues with your setup or how NumPy was
installed.

We have compiled some common reasons and troubleshooting tips at:

    https://numpy.org/devdocs/user/troubleshooting-importerror.html

Please note and check the following:

  * The Python version is: Python 3.13 from "/home/ge62niq/data/chi-gpu1/ge62niq/.devenv/state/venv/bin/python"
  * The NumPy version is: "2.4.3"

and make sure that they are the versions you expect.

Please carefully study the information and documentation linked above.
This is unlikely to be a NumPy issue but will be caused by a bad install
or environment on your machine.

Original error was: libstdc++.so.6: cannot open shared object file: No such file or directory

slurmstepd: error: pam_close_session: Cannot make/remove an entry for the specified session
