[2026-03-18 10:55:52,655][HYDRA] Launching 18 jobs locally
[2026-03-18 10:55:52,655][HYDRA] 	#0 : +loggers=['autrainer.loggers.TensorBoardLogger'] +seed=1 +learning_rate=0.01 +batch_size=4 dataset=AIBO-2cl-wav model=w2v2-l-emo optimizer=Adam
[2026-03-18 10:55:57,855][speechbrain.utils.checkpoints][DEBUG] - Registered checkpoint save hook for _speechbrain_save
[2026-03-18 10:55:57,855][speechbrain.utils.checkpoints][DEBUG] - Registered checkpoint load hook for _speechbrain_load
[2026-03-18 10:55:57,855][speechbrain.utils.checkpoints][DEBUG] - Registered checkpoint save hook for save
[2026-03-18 10:55:57,855][speechbrain.utils.checkpoints][DEBUG] - Registered checkpoint load hook for load
[2026-03-18 10:55:58,134][speechbrain.utils.quirks][INFO] - Applied quirks (see `speechbrain.utils.quirks`): [allow_tf32, disable_jit_profiling]
[2026-03-18 10:55:58,135][speechbrain.utils.quirks][INFO] - Excluded quirks specified by the `SB_DISABLE_QUIRKS` environment (comma-separated list): []
[2026-03-18 10:55:58,135][speechbrain.utils.checkpoints][DEBUG] - Registered checkpoint save hook for _save
[2026-03-18 10:55:58,135][speechbrain.utils.checkpoints][DEBUG] - Registered checkpoint load hook for _recover
[2026-03-18 10:55:58,140][speechbrain.utils.checkpoints][DEBUG] - Registered checkpoint save hook for _save
[2026-03-18 10:55:58,140][speechbrain.utils.checkpoints][DEBUG] - Registered checkpoint load hook for _load
[2026-03-18 10:55:58,140][speechbrain.utils.checkpoints][DEBUG] - Registered parameter transfer hook for _load
[2026-03-18 10:56:18,694][HYDRA] 	#1 : +loggers=['autrainer.loggers.TensorBoardLogger'] +seed=1 +learning_rate=0.01 +batch_size=4 dataset=AIBO-2cl-wav model=w2v2-l-emo optimizer=SGD
[2026-03-18 10:56:38,926][HYDRA] 	#2 : +loggers=['autrainer.loggers.TensorBoardLogger'] +seed=1 +learning_rate=0.01 +batch_size=8 dataset=AIBO-2cl-wav model=w2v2-l-emo optimizer=Adam
[2026-03-18 10:57:04,916][HYDRA] 	#3 : +loggers=['autrainer.loggers.TensorBoardLogger'] +seed=1 +learning_rate=0.01 +batch_size=8 dataset=AIBO-2cl-wav model=w2v2-l-emo optimizer=SGD
[2026-03-18 10:57:31,841][HYDRA] 	#4 : +loggers=['autrainer.loggers.TensorBoardLogger'] +seed=1 +learning_rate=0.01 +batch_size=16 dataset=AIBO-2cl-wav model=w2v2-l-emo optimizer=Adam
[2026-03-18 10:58:09,723][HYDRA] 	#5 : +loggers=['autrainer.loggers.TensorBoardLogger'] +seed=1 +learning_rate=0.01 +batch_size=16 dataset=AIBO-2cl-wav model=w2v2-l-emo optimizer=SGD
[2026-03-18 10:58:47,947][HYDRA] 	#6 : +loggers=['autrainer.loggers.TensorBoardLogger'] +seed=1 +learning_rate=0.001 +batch_size=4 dataset=AIBO-2cl-wav model=w2v2-l-emo optimizer=Adam
[2026-03-18 10:59:07,719][HYDRA] 	#7 : +loggers=['autrainer.loggers.TensorBoardLogger'] +seed=1 +learning_rate=0.001 +batch_size=4 dataset=AIBO-2cl-wav model=w2v2-l-emo optimizer=SGD
[2026-03-18 10:59:27,630][HYDRA] 	#8 : +loggers=['autrainer.loggers.TensorBoardLogger'] +seed=1 +learning_rate=0.001 +batch_size=8 dataset=AIBO-2cl-wav model=w2v2-l-emo optimizer=Adam
