[2026-03-18 08:05:57,924][HYDRA] Filtered: +loggers=['autrainer.loggers.TensorBoardLogger'] +seed=1 +learning_rate=0.01 +batch_size=4 dataset=AIBO-2cl-IS09-llds model=Cnn14-16k-T optimizer=Adam with expr: {'expr': "dataset['id'] == 'AIBO-2cl-IS09-llds' and model['id'] != 'Seq-FFNN-IS09'"}
[2026-03-18 08:05:58,047][HYDRA] Filtered: +loggers=['autrainer.loggers.TensorBoardLogger'] +seed=1 +learning_rate=0.01 +batch_size=4 dataset=AIBO-2cl-IS09-llds model=Cnn14-16k-T optimizer=SGD with expr: {'expr': "dataset['id'] == 'AIBO-2cl-IS09-llds' and model['id'] != 'Seq-FFNN-IS09'"}
[2026-03-18 08:05:58,170][HYDRA] Filtered: +loggers=['autrainer.loggers.TensorBoardLogger'] +seed=1 +learning_rate=0.01 +batch_size=4 dataset=AIBO-2cl-IS09-llds model=ResNet-50-T optimizer=Adam with expr: {'expr': "dataset['id'] == 'AIBO-2cl-IS09-llds' and model['id'] != 'Seq-FFNN-IS09'"}
[2026-03-18 08:05:58,292][HYDRA] Filtered: +loggers=['autrainer.loggers.TensorBoardLogger'] +seed=1 +learning_rate=0.01 +batch_size=4 dataset=AIBO-2cl-IS09-llds model=ResNet-50-T optimizer=SGD with expr: {'expr': "dataset['id'] == 'AIBO-2cl-IS09-llds' and model['id'] != 'Seq-FFNN-IS09'"}
[2026-03-18 08:05:58,416][HYDRA] Filtered: +loggers=['autrainer.loggers.TensorBoardLogger'] +seed=1 +learning_rate=0.01 +batch_size=4 dataset=AIBO-2cl-IS09-llds model=Whisper-FFNN-Tiny-T optimizer=Adam with expr: {'expr': "dataset['id'] == 'AIBO-2cl-IS09-llds' and model['id'] != 'Seq-FFNN-IS09'"}
[2026-03-18 08:05:58,561][HYDRA] Filtered: +loggers=['autrainer.loggers.TensorBoardLogger'] +seed=1 +learning_rate=0.01 +batch_size=4 dataset=AIBO-2cl-IS09-llds model=Whisper-FFNN-Tiny-T optimizer=SGD with expr: {'expr': "dataset['id'] == 'AIBO-2cl-IS09-llds' and model['id'] != 'Seq-FFNN-IS09'"}
[2026-03-18 08:05:58,687][HYDRA] Filtered: +loggers=['autrainer.loggers.TensorBoardLogger'] +seed=1 +learning_rate=0.01 +batch_size=4 dataset=AIBO-2cl-IS09-llds model=w2v2-l-emo optimizer=Adam with expr: {'expr': "dataset['id'] == 'AIBO-2cl-IS09-llds' and model['id'] != 'Seq-FFNN-IS09'"}
[2026-03-18 08:05:58,809][HYDRA] Filtered: +loggers=['autrainer.loggers.TensorBoardLogger'] +seed=1 +learning_rate=0.01 +batch_size=4 dataset=AIBO-2cl-IS09-llds model=w2v2-l-emo optimizer=SGD with expr: {'expr': "dataset['id'] == 'AIBO-2cl-IS09-llds' and model['id'] != 'Seq-FFNN-IS09'"}
[2026-03-18 08:06:00,222][HYDRA] Filtered: +loggers=['autrainer.loggers.TensorBoardLogger'] +seed=1 +learning_rate=0.01 +batch_size=4 dataset=AIBO-2cl-wav model=Seq-FFNN-IS09 optimizer=Adam with expr: {'expr': 'dataset[\'id\'] == "AIBO-2cl-wav" and model[\'id\'] in ["Cnn14-16k-T","ResNet50-T","Seq-FFNN-IS09"]'}
[2026-03-18 08:06:00,346][HYDRA] Filtered: +loggers=['autrainer.loggers.TensorBoardLogger'] +seed=1 +learning_rate=0.01 +batch_size=4 dataset=AIBO-2cl-wav model=Seq-FFNN-IS09 optimizer=SGD with expr: {'expr': 'dataset[\'id\'] == "AIBO-2cl-wav" and model[\'id\'] in ["Cnn14-16k-T","ResNet50-T","Seq-FFNN-IS09"]'}
[2026-03-18 08:06:00,468][HYDRA] Filtered: +loggers=['autrainer.loggers.TensorBoardLogger'] +seed=1 +learning_rate=0.01 +batch_size=4 dataset=AIBO-2cl-wav model=Cnn14-16k-T optimizer=Adam with expr: {'expr': 'dataset[\'id\'] == "AIBO-2cl-wav" and model[\'id\'] in ["Cnn14-16k-T","ResNet50-T","Seq-FFNN-IS09"]'}
[2026-03-18 08:06:00,592][HYDRA] Filtered: +loggers=['autrainer.loggers.TensorBoardLogger'] +seed=1 +learning_rate=0.01 +batch_size=4 dataset=AIBO-2cl-wav model=Cnn14-16k-T optimizer=SGD with expr: {'expr': 'dataset[\'id\'] == "AIBO-2cl-wav" and model[\'id\'] in ["Cnn14-16k-T","ResNet50-T","Seq-FFNN-IS09"]'}
[2026-03-18 08:06:01,742][HYDRA] Filtered: +loggers=['autrainer.loggers.TensorBoardLogger'] +seed=1 +learning_rate=0.01 +batch_size=8 dataset=AIBO-2cl-IS09-llds model=Cnn14-16k-T optimizer=Adam with expr: {'expr': "dataset['id'] == 'AIBO-2cl-IS09-llds' and model['id'] != 'Seq-FFNN-IS09'"}
[2026-03-18 08:06:01,864][HYDRA] Filtered: +loggers=['autrainer.loggers.TensorBoardLogger'] +seed=1 +learning_rate=0.01 +batch_size=8 dataset=AIBO-2cl-IS09-llds model=Cnn14-16k-T optimizer=SGD with expr: {'expr': "dataset['id'] == 'AIBO-2cl-IS09-llds' and model['id'] != 'Seq-FFNN-IS09'"}
[2026-03-18 08:06:01,985][HYDRA] Filtered: +loggers=['autrainer.loggers.TensorBoardLogger'] +seed=1 +learning_rate=0.01 +batch_size=8 dataset=AIBO-2cl-IS09-llds model=ResNet-50-T optimizer=Adam with expr: {'expr': "dataset['id'] == 'AIBO-2cl-IS09-llds' and model['id'] != 'Seq-FFNN-IS09'"}
[2026-03-18 08:06:02,107][HYDRA] Filtered: +loggers=['autrainer.loggers.TensorBoardLogger'] +seed=1 +learning_rate=0.01 +batch_size=8 dataset=AIBO-2cl-IS09-llds model=ResNet-50-T optimizer=SGD with expr: {'expr': "dataset['id'] == 'AIBO-2cl-IS09-llds' and model['id'] != 'Seq-FFNN-IS09'"}
[2026-03-18 08:06:02,230][HYDRA] Filtered: +loggers=['autrainer.loggers.TensorBoardLogger'] +seed=1 +learning_rate=0.01 +batch_size=8 dataset=AIBO-2cl-IS09-llds model=Whisper-FFNN-Tiny-T optimizer=Adam with expr: {'expr': "dataset['id'] == 'AIBO-2cl-IS09-llds' and model['id'] != 'Seq-FFNN-IS09'"}
[2026-03-18 08:06:02,353][HYDRA] Filtered: +loggers=['autrainer.loggers.TensorBoardLogger'] +seed=1 +learning_rate=0.01 +batch_size=8 dataset=AIBO-2cl-IS09-llds model=Whisper-FFNN-Tiny-T optimizer=SGD with expr: {'expr': "dataset['id'] == 'AIBO-2cl-IS09-llds' and model['id'] != 'Seq-FFNN-IS09'"}
[2026-03-18 08:06:02,476][HYDRA] Filtered: +loggers=['autrainer.loggers.TensorBoardLogger'] +seed=1 +learning_rate=0.01 +batch_size=8 dataset=AIBO-2cl-IS09-llds model=w2v2-l-emo optimizer=Adam with expr: {'expr': "dataset['id'] == 'AIBO-2cl-IS09-llds' and model['id'] != 'Seq-FFNN-IS09'"}
[2026-03-18 08:06:02,599][HYDRA] Filtered: +loggers=['autrainer.loggers.TensorBoardLogger'] +seed=1 +learning_rate=0.01 +batch_size=8 dataset=AIBO-2cl-IS09-llds model=w2v2-l-emo optimizer=SGD with expr: {'expr': "dataset['id'] == 'AIBO-2cl-IS09-llds' and model['id'] != 'Seq-FFNN-IS09'"}
[2026-03-18 08:06:04,004][HYDRA] Filtered: +loggers=['autrainer.loggers.TensorBoardLogger'] +seed=1 +learning_rate=0.01 +batch_size=8 dataset=AIBO-2cl-wav model=Seq-FFNN-IS09 optimizer=Adam with expr: {'expr': 'dataset[\'id\'] == "AIBO-2cl-wav" and model[\'id\'] in ["Cnn14-16k-T","ResNet50-T","Seq-FFNN-IS09"]'}
[2026-03-18 08:06:04,128][HYDRA] Filtered: +loggers=['autrainer.loggers.TensorBoardLogger'] +seed=1 +learning_rate=0.01 +batch_size=8 dataset=AIBO-2cl-wav model=Seq-FFNN-IS09 optimizer=SGD with expr: {'expr': 'dataset[\'id\'] == "AIBO-2cl-wav" and model[\'id\'] in ["Cnn14-16k-T","ResNet50-T","Seq-FFNN-IS09"]'}
[2026-03-18 08:06:04,251][HYDRA] Filtered: +loggers=['autrainer.loggers.TensorBoardLogger'] +seed=1 +learning_rate=0.01 +batch_size=8 dataset=AIBO-2cl-wav model=Cnn14-16k-T optimizer=Adam with expr: {'expr': 'dataset[\'id\'] == "AIBO-2cl-wav" and model[\'id\'] in ["Cnn14-16k-T","ResNet50-T","Seq-FFNN-IS09"]'}
[2026-03-18 08:06:04,373][HYDRA] Filtered: +loggers=['autrainer.loggers.TensorBoardLogger'] +seed=1 +learning_rate=0.01 +batch_size=8 dataset=AIBO-2cl-wav model=Cnn14-16k-T optimizer=SGD with expr: {'expr': 'dataset[\'id\'] == "AIBO-2cl-wav" and model[\'id\'] in ["Cnn14-16k-T","ResNet50-T","Seq-FFNN-IS09"]'}
[2026-03-18 08:06:05,513][HYDRA] Filtered: +loggers=['autrainer.loggers.TensorBoardLogger'] +seed=1 +learning_rate=0.01 +batch_size=16 dataset=AIBO-2cl-IS09-llds model=Cnn14-16k-T optimizer=Adam with expr: {'expr': "dataset['id'] == 'AIBO-2cl-IS09-llds' and model['id'] != 'Seq-FFNN-IS09'"}
[2026-03-18 08:06:05,635][HYDRA] Filtered: +loggers=['autrainer.loggers.TensorBoardLogger'] +seed=1 +learning_rate=0.01 +batch_size=16 dataset=AIBO-2cl-IS09-llds model=Cnn14-16k-T optimizer=SGD with expr: {'expr': "dataset['id'] == 'AIBO-2cl-IS09-llds' and model['id'] != 'Seq-FFNN-IS09'"}
[2026-03-18 08:06:05,756][HYDRA] Filtered: +loggers=['autrainer.loggers.TensorBoardLogger'] +seed=1 +learning_rate=0.01 +batch_size=16 dataset=AIBO-2cl-IS09-llds model=ResNet-50-T optimizer=Adam with expr: {'expr': "dataset['id'] == 'AIBO-2cl-IS09-llds' and model['id'] != 'Seq-FFNN-IS09'"}
[2026-03-18 08:06:05,877][HYDRA] Filtered: +loggers=['autrainer.loggers.TensorBoardLogger'] +seed=1 +learning_rate=0.01 +batch_size=16 dataset=AIBO-2cl-IS09-llds model=ResNet-50-T optimizer=SGD with expr: {'expr': "dataset['id'] == 'AIBO-2cl-IS09-llds' and model['id'] != 'Seq-FFNN-IS09'"}
[2026-03-18 08:06:06,022][HYDRA] Filtered: +loggers=['autrainer.loggers.TensorBoardLogger'] +seed=1 +learning_rate=0.01 +batch_size=16 dataset=AIBO-2cl-IS09-llds model=Whisper-FFNN-Tiny-T optimizer=Adam with expr: {'expr': "dataset['id'] == 'AIBO-2cl-IS09-llds' and model['id'] != 'Seq-FFNN-IS09'"}
[2026-03-18 08:06:06,145][HYDRA] Filtered: +loggers=['autrainer.loggers.TensorBoardLogger'] +seed=1 +learning_rate=0.01 +batch_size=16 dataset=AIBO-2cl-IS09-llds model=Whisper-FFNN-Tiny-T optimizer=SGD with expr: {'expr': "dataset['id'] == 'AIBO-2cl-IS09-llds' and model['id'] != 'Seq-FFNN-IS09'"}
[2026-03-18 08:06:06,268][HYDRA] Filtered: +loggers=['autrainer.loggers.TensorBoardLogger'] +seed=1 +learning_rate=0.01 +batch_size=16 dataset=AIBO-2cl-IS09-llds model=w2v2-l-emo optimizer=Adam with expr: {'expr': "dataset['id'] == 'AIBO-2cl-IS09-llds' and model['id'] != 'Seq-FFNN-IS09'"}
[2026-03-18 08:06:06,391][HYDRA] Filtered: +loggers=['autrainer.loggers.TensorBoardLogger'] +seed=1 +learning_rate=0.01 +batch_size=16 dataset=AIBO-2cl-IS09-llds model=w2v2-l-emo optimizer=SGD with expr: {'expr': "dataset['id'] == 'AIBO-2cl-IS09-llds' and model['id'] != 'Seq-FFNN-IS09'"}
[2026-03-18 08:06:07,782][HYDRA] Filtered: +loggers=['autrainer.loggers.TensorBoardLogger'] +seed=1 +learning_rate=0.01 +batch_size=16 dataset=AIBO-2cl-wav model=Seq-FFNN-IS09 optimizer=Adam with expr: {'expr': 'dataset[\'id\'] == "AIBO-2cl-wav" and model[\'id\'] in ["Cnn14-16k-T","ResNet50-T","Seq-FFNN-IS09"]'}
[2026-03-18 08:06:07,905][HYDRA] Filtered: +loggers=['autrainer.loggers.TensorBoardLogger'] +seed=1 +learning_rate=0.01 +batch_size=16 dataset=AIBO-2cl-wav model=Seq-FFNN-IS09 optimizer=SGD with expr: {'expr': 'dataset[\'id\'] == "AIBO-2cl-wav" and model[\'id\'] in ["Cnn14-16k-T","ResNet50-T","Seq-FFNN-IS09"]'}
[2026-03-18 08:06:08,027][HYDRA] Filtered: +loggers=['autrainer.loggers.TensorBoardLogger'] +seed=1 +learning_rate=0.01 +batch_size=16 dataset=AIBO-2cl-wav model=Cnn14-16k-T optimizer=Adam with expr: {'expr': 'dataset[\'id\'] == "AIBO-2cl-wav" and model[\'id\'] in ["Cnn14-16k-T","ResNet50-T","Seq-FFNN-IS09"]'}
[2026-03-18 08:06:08,149][HYDRA] Filtered: +loggers=['autrainer.loggers.TensorBoardLogger'] +seed=1 +learning_rate=0.01 +batch_size=16 dataset=AIBO-2cl-wav model=Cnn14-16k-T optimizer=SGD with expr: {'expr': 'dataset[\'id\'] == "AIBO-2cl-wav" and model[\'id\'] in ["Cnn14-16k-T","ResNet50-T","Seq-FFNN-IS09"]'}
[2026-03-18 08:06:09,281][HYDRA] Filtered: +loggers=['autrainer.loggers.TensorBoardLogger'] +seed=1 +learning_rate=0.001 +batch_size=4 dataset=AIBO-2cl-IS09-llds model=Cnn14-16k-T optimizer=Adam with expr: {'expr': "dataset['id'] == 'AIBO-2cl-IS09-llds' and model['id'] != 'Seq-FFNN-IS09'"}
[2026-03-18 08:06:09,403][HYDRA] Filtered: +loggers=['autrainer.loggers.TensorBoardLogger'] +seed=1 +learning_rate=0.001 +batch_size=4 dataset=AIBO-2cl-IS09-llds model=Cnn14-16k-T optimizer=SGD with expr: {'expr': "dataset['id'] == 'AIBO-2cl-IS09-llds' and model['id'] != 'Seq-FFNN-IS09'"}
[2026-03-18 08:06:09,524][HYDRA] Filtered: +loggers=['autrainer.loggers.TensorBoardLogger'] +seed=1 +learning_rate=0.001 +batch_size=4 dataset=AIBO-2cl-IS09-llds model=ResNet-50-T optimizer=Adam with expr: {'expr': "dataset['id'] == 'AIBO-2cl-IS09-llds' and model['id'] != 'Seq-FFNN-IS09'"}
[2026-03-18 08:06:09,644][HYDRA] Filtered: +loggers=['autrainer.loggers.TensorBoardLogger'] +seed=1 +learning_rate=0.001 +batch_size=4 dataset=AIBO-2cl-IS09-llds model=ResNet-50-T optimizer=SGD with expr: {'expr': "dataset['id'] == 'AIBO-2cl-IS09-llds' and model['id'] != 'Seq-FFNN-IS09'"}
[2026-03-18 08:06:09,767][HYDRA] Filtered: +loggers=['autrainer.loggers.TensorBoardLogger'] +seed=1 +learning_rate=0.001 +batch_size=4 dataset=AIBO-2cl-IS09-llds model=Whisper-FFNN-Tiny-T optimizer=Adam with expr: {'expr': "dataset['id'] == 'AIBO-2cl-IS09-llds' and model['id'] != 'Seq-FFNN-IS09'"}
[2026-03-18 08:06:09,891][HYDRA] Filtered: +loggers=['autrainer.loggers.TensorBoardLogger'] +seed=1 +learning_rate=0.001 +batch_size=4 dataset=AIBO-2cl-IS09-llds model=Whisper-FFNN-Tiny-T optimizer=SGD with expr: {'expr': "dataset['id'] == 'AIBO-2cl-IS09-llds' and model['id'] != 'Seq-FFNN-IS09'"}
[2026-03-18 08:06:10,014][HYDRA] Filtered: +loggers=['autrainer.loggers.TensorBoardLogger'] +seed=1 +learning_rate=0.001 +batch_size=4 dataset=AIBO-2cl-IS09-llds model=w2v2-l-emo optimizer=Adam with expr: {'expr': "dataset['id'] == 'AIBO-2cl-IS09-llds' and model['id'] != 'Seq-FFNN-IS09'"}
[2026-03-18 08:06:10,137][HYDRA] Filtered: +loggers=['autrainer.loggers.TensorBoardLogger'] +seed=1 +learning_rate=0.001 +batch_size=4 dataset=AIBO-2cl-IS09-llds model=w2v2-l-emo optimizer=SGD with expr: {'expr': "dataset['id'] == 'AIBO-2cl-IS09-llds' and model['id'] != 'Seq-FFNN-IS09'"}
[2026-03-18 08:06:11,527][HYDRA] Filtered: +loggers=['autrainer.loggers.TensorBoardLogger'] +seed=1 +learning_rate=0.001 +batch_size=4 dataset=AIBO-2cl-wav model=Seq-FFNN-IS09 optimizer=Adam with expr: {'expr': 'dataset[\'id\'] == "AIBO-2cl-wav" and model[\'id\'] in ["Cnn14-16k-T","ResNet50-T","Seq-FFNN-IS09"]'}
[2026-03-18 08:06:11,649][HYDRA] Filtered: +loggers=['autrainer.loggers.TensorBoardLogger'] +seed=1 +learning_rate=0.001 +batch_size=4 dataset=AIBO-2cl-wav model=Seq-FFNN-IS09 optimizer=SGD with expr: {'expr': 'dataset[\'id\'] == "AIBO-2cl-wav" and model[\'id\'] in ["Cnn14-16k-T","ResNet50-T","Seq-FFNN-IS09"]'}
[2026-03-18 08:06:11,793][HYDRA] Filtered: +loggers=['autrainer.loggers.TensorBoardLogger'] +seed=1 +learning_rate=0.001 +batch_size=4 dataset=AIBO-2cl-wav model=Cnn14-16k-T optimizer=Adam with expr: {'expr': 'dataset[\'id\'] == "AIBO-2cl-wav" and model[\'id\'] in ["Cnn14-16k-T","ResNet50-T","Seq-FFNN-IS09"]'}
[2026-03-18 08:06:11,915][HYDRA] Filtered: +loggers=['autrainer.loggers.TensorBoardLogger'] +seed=1 +learning_rate=0.001 +batch_size=4 dataset=AIBO-2cl-wav model=Cnn14-16k-T optimizer=SGD with expr: {'expr': 'dataset[\'id\'] == "AIBO-2cl-wav" and model[\'id\'] in ["Cnn14-16k-T","ResNet50-T","Seq-FFNN-IS09"]'}
[2026-03-18 08:06:13,021][HYDRA] Filtered: +loggers=['autrainer.loggers.TensorBoardLogger'] +seed=1 +learning_rate=0.001 +batch_size=8 dataset=AIBO-2cl-IS09-llds model=Cnn14-16k-T optimizer=Adam with expr: {'expr': "dataset['id'] == 'AIBO-2cl-IS09-llds' and model['id'] != 'Seq-FFNN-IS09'"}
[2026-03-18 08:06:13,142][HYDRA] Filtered: +loggers=['autrainer.loggers.TensorBoardLogger'] +seed=1 +learning_rate=0.001 +batch_size=8 dataset=AIBO-2cl-IS09-llds model=Cnn14-16k-T optimizer=SGD with expr: {'expr': "dataset['id'] == 'AIBO-2cl-IS09-llds' and model['id'] != 'Seq-FFNN-IS09'"}
[2026-03-18 08:06:13,286][HYDRA] Filtered: +loggers=['autrainer.loggers.TensorBoardLogger'] +seed=1 +learning_rate=0.001 +batch_size=8 dataset=AIBO-2cl-IS09-llds model=ResNet-50-T optimizer=Adam with expr: {'expr': "dataset['id'] == 'AIBO-2cl-IS09-llds' and model['id'] != 'Seq-FFNN-IS09'"}
[2026-03-18 08:06:13,407][HYDRA] Filtered: +loggers=['autrainer.loggers.TensorBoardLogger'] +seed=1 +learning_rate=0.001 +batch_size=8 dataset=AIBO-2cl-IS09-llds model=ResNet-50-T optimizer=SGD with expr: {'expr': "dataset['id'] == 'AIBO-2cl-IS09-llds' and model['id'] != 'Seq-FFNN-IS09'"}
[2026-03-18 08:06:13,530][HYDRA] Filtered: +loggers=['autrainer.loggers.TensorBoardLogger'] +seed=1 +learning_rate=0.001 +batch_size=8 dataset=AIBO-2cl-IS09-llds model=Whisper-FFNN-Tiny-T optimizer=Adam with expr: {'expr': "dataset['id'] == 'AIBO-2cl-IS09-llds' and model['id'] != 'Seq-FFNN-IS09'"}
[2026-03-18 08:06:13,653][HYDRA] Filtered: +loggers=['autrainer.loggers.TensorBoardLogger'] +seed=1 +learning_rate=0.001 +batch_size=8 dataset=AIBO-2cl-IS09-llds model=Whisper-FFNN-Tiny-T optimizer=SGD with expr: {'expr': "dataset['id'] == 'AIBO-2cl-IS09-llds' and model['id'] != 'Seq-FFNN-IS09'"}
[2026-03-18 08:06:13,775][HYDRA] Filtered: +loggers=['autrainer.loggers.TensorBoardLogger'] +seed=1 +learning_rate=0.001 +batch_size=8 dataset=AIBO-2cl-IS09-llds model=w2v2-l-emo optimizer=Adam with expr: {'expr': "dataset['id'] == 'AIBO-2cl-IS09-llds' and model['id'] != 'Seq-FFNN-IS09'"}
[2026-03-18 08:06:13,899][HYDRA] Filtered: +loggers=['autrainer.loggers.TensorBoardLogger'] +seed=1 +learning_rate=0.001 +batch_size=8 dataset=AIBO-2cl-IS09-llds model=w2v2-l-emo optimizer=SGD with expr: {'expr': "dataset['id'] == 'AIBO-2cl-IS09-llds' and model['id'] != 'Seq-FFNN-IS09'"}
[2026-03-18 08:06:15,290][HYDRA] Filtered: +loggers=['autrainer.loggers.TensorBoardLogger'] +seed=1 +learning_rate=0.001 +batch_size=8 dataset=AIBO-2cl-wav model=Seq-FFNN-IS09 optimizer=Adam with expr: {'expr': 'dataset[\'id\'] == "AIBO-2cl-wav" and model[\'id\'] in ["Cnn14-16k-T","ResNet50-T","Seq-FFNN-IS09"]'}
[2026-03-18 08:06:15,413][HYDRA] Filtered: +loggers=['autrainer.loggers.TensorBoardLogger'] +seed=1 +learning_rate=0.001 +batch_size=8 dataset=AIBO-2cl-wav model=Seq-FFNN-IS09 optimizer=SGD with expr: {'expr': 'dataset[\'id\'] == "AIBO-2cl-wav" and model[\'id\'] in ["Cnn14-16k-T","ResNet50-T","Seq-FFNN-IS09"]'}
[2026-03-18 08:06:15,535][HYDRA] Filtered: +loggers=['autrainer.loggers.TensorBoardLogger'] +seed=1 +learning_rate=0.001 +batch_size=8 dataset=AIBO-2cl-wav model=Cnn14-16k-T optimizer=Adam with expr: {'expr': 'dataset[\'id\'] == "AIBO-2cl-wav" and model[\'id\'] in ["Cnn14-16k-T","ResNet50-T","Seq-FFNN-IS09"]'}
[2026-03-18 08:06:15,657][HYDRA] Filtered: +loggers=['autrainer.loggers.TensorBoardLogger'] +seed=1 +learning_rate=0.001 +batch_size=8 dataset=AIBO-2cl-wav model=Cnn14-16k-T optimizer=SGD with expr: {'expr': 'dataset[\'id\'] == "AIBO-2cl-wav" and model[\'id\'] in ["Cnn14-16k-T","ResNet50-T","Seq-FFNN-IS09"]'}
[2026-03-18 08:06:16,785][HYDRA] Filtered: +loggers=['autrainer.loggers.TensorBoardLogger'] +seed=1 +learning_rate=0.001 +batch_size=16 dataset=AIBO-2cl-IS09-llds model=Cnn14-16k-T optimizer=Adam with expr: {'expr': "dataset['id'] == 'AIBO-2cl-IS09-llds' and model['id'] != 'Seq-FFNN-IS09'"}
[2026-03-18 08:06:16,906][HYDRA] Filtered: +loggers=['autrainer.loggers.TensorBoardLogger'] +seed=1 +learning_rate=0.001 +batch_size=16 dataset=AIBO-2cl-IS09-llds model=Cnn14-16k-T optimizer=SGD with expr: {'expr': "dataset['id'] == 'AIBO-2cl-IS09-llds' and model['id'] != 'Seq-FFNN-IS09'"}
[2026-03-18 08:06:17,028][HYDRA] Filtered: +loggers=['autrainer.loggers.TensorBoardLogger'] +seed=1 +learning_rate=0.001 +batch_size=16 dataset=AIBO-2cl-IS09-llds model=ResNet-50-T optimizer=Adam with expr: {'expr': "dataset['id'] == 'AIBO-2cl-IS09-llds' and model['id'] != 'Seq-FFNN-IS09'"}
[2026-03-18 08:06:17,149][HYDRA] Filtered: +loggers=['autrainer.loggers.TensorBoardLogger'] +seed=1 +learning_rate=0.001 +batch_size=16 dataset=AIBO-2cl-IS09-llds model=ResNet-50-T optimizer=SGD with expr: {'expr': "dataset['id'] == 'AIBO-2cl-IS09-llds' and model['id'] != 'Seq-FFNN-IS09'"}
[2026-03-18 08:06:17,272][HYDRA] Filtered: +loggers=['autrainer.loggers.TensorBoardLogger'] +seed=1 +learning_rate=0.001 +batch_size=16 dataset=AIBO-2cl-IS09-llds model=Whisper-FFNN-Tiny-T optimizer=Adam with expr: {'expr': "dataset['id'] == 'AIBO-2cl-IS09-llds' and model['id'] != 'Seq-FFNN-IS09'"}
[2026-03-18 08:06:17,396][HYDRA] Filtered: +loggers=['autrainer.loggers.TensorBoardLogger'] +seed=1 +learning_rate=0.001 +batch_size=16 dataset=AIBO-2cl-IS09-llds model=Whisper-FFNN-Tiny-T optimizer=SGD with expr: {'expr': "dataset['id'] == 'AIBO-2cl-IS09-llds' and model['id'] != 'Seq-FFNN-IS09'"}
[2026-03-18 08:06:17,519][HYDRA] Filtered: +loggers=['autrainer.loggers.TensorBoardLogger'] +seed=1 +learning_rate=0.001 +batch_size=16 dataset=AIBO-2cl-IS09-llds model=w2v2-l-emo optimizer=Adam with expr: {'expr': "dataset['id'] == 'AIBO-2cl-IS09-llds' and model['id'] != 'Seq-FFNN-IS09'"}
[2026-03-18 08:06:17,665][HYDRA] Filtered: +loggers=['autrainer.loggers.TensorBoardLogger'] +seed=1 +learning_rate=0.001 +batch_size=16 dataset=AIBO-2cl-IS09-llds model=w2v2-l-emo optimizer=SGD with expr: {'expr': "dataset['id'] == 'AIBO-2cl-IS09-llds' and model['id'] != 'Seq-FFNN-IS09'"}
[2026-03-18 08:06:19,034][HYDRA] Filtered: +loggers=['autrainer.loggers.TensorBoardLogger'] +seed=1 +learning_rate=0.001 +batch_size=16 dataset=AIBO-2cl-wav model=Seq-FFNN-IS09 optimizer=Adam with expr: {'expr': 'dataset[\'id\'] == "AIBO-2cl-wav" and model[\'id\'] in ["Cnn14-16k-T","ResNet50-T","Seq-FFNN-IS09"]'}
[2026-03-18 08:06:19,181][HYDRA] Filtered: +loggers=['autrainer.loggers.TensorBoardLogger'] +seed=1 +learning_rate=0.001 +batch_size=16 dataset=AIBO-2cl-wav model=Seq-FFNN-IS09 optimizer=SGD with expr: {'expr': 'dataset[\'id\'] == "AIBO-2cl-wav" and model[\'id\'] in ["Cnn14-16k-T","ResNet50-T","Seq-FFNN-IS09"]'}
[2026-03-18 08:06:19,304][HYDRA] Filtered: +loggers=['autrainer.loggers.TensorBoardLogger'] +seed=1 +learning_rate=0.001 +batch_size=16 dataset=AIBO-2cl-wav model=Cnn14-16k-T optimizer=Adam with expr: {'expr': 'dataset[\'id\'] == "AIBO-2cl-wav" and model[\'id\'] in ["Cnn14-16k-T","ResNet50-T","Seq-FFNN-IS09"]'}
[2026-03-18 08:06:19,426][HYDRA] Filtered: +loggers=['autrainer.loggers.TensorBoardLogger'] +seed=1 +learning_rate=0.001 +batch_size=16 dataset=AIBO-2cl-wav model=Cnn14-16k-T optimizer=SGD with expr: {'expr': 'dataset[\'id\'] == "AIBO-2cl-wav" and model[\'id\'] in ["Cnn14-16k-T","ResNet50-T","Seq-FFNN-IS09"]'}
[2026-03-18 08:06:20,555][HYDRA] Filtered: +loggers=['autrainer.loggers.TensorBoardLogger'] +seed=1 +learning_rate=0.0001 +batch_size=4 dataset=AIBO-2cl-IS09-llds model=Cnn14-16k-T optimizer=Adam with expr: {'expr': "dataset['id'] == 'AIBO-2cl-IS09-llds' and model['id'] != 'Seq-FFNN-IS09'"}
[2026-03-18 08:06:20,677][HYDRA] Filtered: +loggers=['autrainer.loggers.TensorBoardLogger'] +seed=1 +learning_rate=0.0001 +batch_size=4 dataset=AIBO-2cl-IS09-llds model=Cnn14-16k-T optimizer=SGD with expr: {'expr': "dataset['id'] == 'AIBO-2cl-IS09-llds' and model['id'] != 'Seq-FFNN-IS09'"}
[2026-03-18 08:06:20,798][HYDRA] Filtered: +loggers=['autrainer.loggers.TensorBoardLogger'] +seed=1 +learning_rate=0.0001 +batch_size=4 dataset=AIBO-2cl-IS09-llds model=ResNet-50-T optimizer=Adam with expr: {'expr': "dataset['id'] == 'AIBO-2cl-IS09-llds' and model['id'] != 'Seq-FFNN-IS09'"}
[2026-03-18 08:06:20,918][HYDRA] Filtered: +loggers=['autrainer.loggers.TensorBoardLogger'] +seed=1 +learning_rate=0.0001 +batch_size=4 dataset=AIBO-2cl-IS09-llds model=ResNet-50-T optimizer=SGD with expr: {'expr': "dataset['id'] == 'AIBO-2cl-IS09-llds' and model['id'] != 'Seq-FFNN-IS09'"}
[2026-03-18 08:06:21,041][HYDRA] Filtered: +loggers=['autrainer.loggers.TensorBoardLogger'] +seed=1 +learning_rate=0.0001 +batch_size=4 dataset=AIBO-2cl-IS09-llds model=Whisper-FFNN-Tiny-T optimizer=Adam with expr: {'expr': "dataset['id'] == 'AIBO-2cl-IS09-llds' and model['id'] != 'Seq-FFNN-IS09'"}
[2026-03-18 08:06:21,163][HYDRA] Filtered: +loggers=['autrainer.loggers.TensorBoardLogger'] +seed=1 +learning_rate=0.0001 +batch_size=4 dataset=AIBO-2cl-IS09-llds model=Whisper-FFNN-Tiny-T optimizer=SGD with expr: {'expr': "dataset['id'] == 'AIBO-2cl-IS09-llds' and model['id'] != 'Seq-FFNN-IS09'"}
[2026-03-18 08:06:21,286][HYDRA] Filtered: +loggers=['autrainer.loggers.TensorBoardLogger'] +seed=1 +learning_rate=0.0001 +batch_size=4 dataset=AIBO-2cl-IS09-llds model=w2v2-l-emo optimizer=Adam with expr: {'expr': "dataset['id'] == 'AIBO-2cl-IS09-llds' and model['id'] != 'Seq-FFNN-IS09'"}
[2026-03-18 08:06:21,410][HYDRA] Filtered: +loggers=['autrainer.loggers.TensorBoardLogger'] +seed=1 +learning_rate=0.0001 +batch_size=4 dataset=AIBO-2cl-IS09-llds model=w2v2-l-emo optimizer=SGD with expr: {'expr': "dataset['id'] == 'AIBO-2cl-IS09-llds' and model['id'] != 'Seq-FFNN-IS09'"}
[2026-03-18 08:06:22,804][HYDRA] Filtered: +loggers=['autrainer.loggers.TensorBoardLogger'] +seed=1 +learning_rate=0.0001 +batch_size=4 dataset=AIBO-2cl-wav model=Seq-FFNN-IS09 optimizer=Adam with expr: {'expr': 'dataset[\'id\'] == "AIBO-2cl-wav" and model[\'id\'] in ["Cnn14-16k-T","ResNet50-T","Seq-FFNN-IS09"]'}
[2026-03-18 08:06:22,927][HYDRA] Filtered: +loggers=['autrainer.loggers.TensorBoardLogger'] +seed=1 +learning_rate=0.0001 +batch_size=4 dataset=AIBO-2cl-wav model=Seq-FFNN-IS09 optimizer=SGD with expr: {'expr': 'dataset[\'id\'] == "AIBO-2cl-wav" and model[\'id\'] in ["Cnn14-16k-T","ResNet50-T","Seq-FFNN-IS09"]'}
[2026-03-18 08:06:23,049][HYDRA] Filtered: +loggers=['autrainer.loggers.TensorBoardLogger'] +seed=1 +learning_rate=0.0001 +batch_size=4 dataset=AIBO-2cl-wav model=Cnn14-16k-T optimizer=Adam with expr: {'expr': 'dataset[\'id\'] == "AIBO-2cl-wav" and model[\'id\'] in ["Cnn14-16k-T","ResNet50-T","Seq-FFNN-IS09"]'}
[2026-03-18 08:06:23,171][HYDRA] Filtered: +loggers=['autrainer.loggers.TensorBoardLogger'] +seed=1 +learning_rate=0.0001 +batch_size=4 dataset=AIBO-2cl-wav model=Cnn14-16k-T optimizer=SGD with expr: {'expr': 'dataset[\'id\'] == "AIBO-2cl-wav" and model[\'id\'] in ["Cnn14-16k-T","ResNet50-T","Seq-FFNN-IS09"]'}
[2026-03-18 08:06:24,308][HYDRA] Filtered: +loggers=['autrainer.loggers.TensorBoardLogger'] +seed=1 +learning_rate=0.0001 +batch_size=8 dataset=AIBO-2cl-IS09-llds model=Cnn14-16k-T optimizer=Adam with expr: {'expr': "dataset['id'] == 'AIBO-2cl-IS09-llds' and model['id'] != 'Seq-FFNN-IS09'"}
[2026-03-18 08:06:24,431][HYDRA] Filtered: +loggers=['autrainer.loggers.TensorBoardLogger'] +seed=1 +learning_rate=0.0001 +batch_size=8 dataset=AIBO-2cl-IS09-llds model=Cnn14-16k-T optimizer=SGD with expr: {'expr': "dataset['id'] == 'AIBO-2cl-IS09-llds' and model['id'] != 'Seq-FFNN-IS09'"}
[2026-03-18 08:06:24,552][HYDRA] Filtered: +loggers=['autrainer.loggers.TensorBoardLogger'] +seed=1 +learning_rate=0.0001 +batch_size=8 dataset=AIBO-2cl-IS09-llds model=ResNet-50-T optimizer=Adam with expr: {'expr': "dataset['id'] == 'AIBO-2cl-IS09-llds' and model['id'] != 'Seq-FFNN-IS09'"}
[2026-03-18 08:06:24,673][HYDRA] Filtered: +loggers=['autrainer.loggers.TensorBoardLogger'] +seed=1 +learning_rate=0.0001 +batch_size=8 dataset=AIBO-2cl-IS09-llds model=ResNet-50-T optimizer=SGD with expr: {'expr': "dataset['id'] == 'AIBO-2cl-IS09-llds' and model['id'] != 'Seq-FFNN-IS09'"}
[2026-03-18 08:06:24,796][HYDRA] Filtered: +loggers=['autrainer.loggers.TensorBoardLogger'] +seed=1 +learning_rate=0.0001 +batch_size=8 dataset=AIBO-2cl-IS09-llds model=Whisper-FFNN-Tiny-T optimizer=Adam with expr: {'expr': "dataset['id'] == 'AIBO-2cl-IS09-llds' and model['id'] != 'Seq-FFNN-IS09'"}
[2026-03-18 08:06:24,918][HYDRA] Filtered: +loggers=['autrainer.loggers.TensorBoardLogger'] +seed=1 +learning_rate=0.0001 +batch_size=8 dataset=AIBO-2cl-IS09-llds model=Whisper-FFNN-Tiny-T optimizer=SGD with expr: {'expr': "dataset['id'] == 'AIBO-2cl-IS09-llds' and model['id'] != 'Seq-FFNN-IS09'"}
[2026-03-18 08:06:25,065][HYDRA] Filtered: +loggers=['autrainer.loggers.TensorBoardLogger'] +seed=1 +learning_rate=0.0001 +batch_size=8 dataset=AIBO-2cl-IS09-llds model=w2v2-l-emo optimizer=Adam with expr: {'expr': "dataset['id'] == 'AIBO-2cl-IS09-llds' and model['id'] != 'Seq-FFNN-IS09'"}
[2026-03-18 08:06:25,188][HYDRA] Filtered: +loggers=['autrainer.loggers.TensorBoardLogger'] +seed=1 +learning_rate=0.0001 +batch_size=8 dataset=AIBO-2cl-IS09-llds model=w2v2-l-emo optimizer=SGD with expr: {'expr': "dataset['id'] == 'AIBO-2cl-IS09-llds' and model['id'] != 'Seq-FFNN-IS09'"}
[2026-03-18 08:06:26,576][HYDRA] Filtered: +loggers=['autrainer.loggers.TensorBoardLogger'] +seed=1 +learning_rate=0.0001 +batch_size=8 dataset=AIBO-2cl-wav model=Seq-FFNN-IS09 optimizer=Adam with expr: {'expr': 'dataset[\'id\'] == "AIBO-2cl-wav" and model[\'id\'] in ["Cnn14-16k-T","ResNet50-T","Seq-FFNN-IS09"]'}
[2026-03-18 08:06:26,699][HYDRA] Filtered: +loggers=['autrainer.loggers.TensorBoardLogger'] +seed=1 +learning_rate=0.0001 +batch_size=8 dataset=AIBO-2cl-wav model=Seq-FFNN-IS09 optimizer=SGD with expr: {'expr': 'dataset[\'id\'] == "AIBO-2cl-wav" and model[\'id\'] in ["Cnn14-16k-T","ResNet50-T","Seq-FFNN-IS09"]'}
[2026-03-18 08:06:26,821][HYDRA] Filtered: +loggers=['autrainer.loggers.TensorBoardLogger'] +seed=1 +learning_rate=0.0001 +batch_size=8 dataset=AIBO-2cl-wav model=Cnn14-16k-T optimizer=Adam with expr: {'expr': 'dataset[\'id\'] == "AIBO-2cl-wav" and model[\'id\'] in ["Cnn14-16k-T","ResNet50-T","Seq-FFNN-IS09"]'}
[2026-03-18 08:06:26,943][HYDRA] Filtered: +loggers=['autrainer.loggers.TensorBoardLogger'] +seed=1 +learning_rate=0.0001 +batch_size=8 dataset=AIBO-2cl-wav model=Cnn14-16k-T optimizer=SGD with expr: {'expr': 'dataset[\'id\'] == "AIBO-2cl-wav" and model[\'id\'] in ["Cnn14-16k-T","ResNet50-T","Seq-FFNN-IS09"]'}
[2026-03-18 08:06:28,073][HYDRA] Filtered: +loggers=['autrainer.loggers.TensorBoardLogger'] +seed=1 +learning_rate=0.0001 +batch_size=16 dataset=AIBO-2cl-IS09-llds model=Cnn14-16k-T optimizer=Adam with expr: {'expr': "dataset['id'] == 'AIBO-2cl-IS09-llds' and model['id'] != 'Seq-FFNN-IS09'"}
[2026-03-18 08:06:28,195][HYDRA] Filtered: +loggers=['autrainer.loggers.TensorBoardLogger'] +seed=1 +learning_rate=0.0001 +batch_size=16 dataset=AIBO-2cl-IS09-llds model=Cnn14-16k-T optimizer=SGD with expr: {'expr': "dataset['id'] == 'AIBO-2cl-IS09-llds' and model['id'] != 'Seq-FFNN-IS09'"}
[2026-03-18 08:06:28,316][HYDRA] Filtered: +loggers=['autrainer.loggers.TensorBoardLogger'] +seed=1 +learning_rate=0.0001 +batch_size=16 dataset=AIBO-2cl-IS09-llds model=ResNet-50-T optimizer=Adam with expr: {'expr': "dataset['id'] == 'AIBO-2cl-IS09-llds' and model['id'] != 'Seq-FFNN-IS09'"}
[2026-03-18 08:06:28,436][HYDRA] Filtered: +loggers=['autrainer.loggers.TensorBoardLogger'] +seed=1 +learning_rate=0.0001 +batch_size=16 dataset=AIBO-2cl-IS09-llds model=ResNet-50-T optimizer=SGD with expr: {'expr': "dataset['id'] == 'AIBO-2cl-IS09-llds' and model['id'] != 'Seq-FFNN-IS09'"}
[2026-03-18 08:06:28,559][HYDRA] Filtered: +loggers=['autrainer.loggers.TensorBoardLogger'] +seed=1 +learning_rate=0.0001 +batch_size=16 dataset=AIBO-2cl-IS09-llds model=Whisper-FFNN-Tiny-T optimizer=Adam with expr: {'expr': "dataset['id'] == 'AIBO-2cl-IS09-llds' and model['id'] != 'Seq-FFNN-IS09'"}
[2026-03-18 08:06:28,681][HYDRA] Filtered: +loggers=['autrainer.loggers.TensorBoardLogger'] +seed=1 +learning_rate=0.0001 +batch_size=16 dataset=AIBO-2cl-IS09-llds model=Whisper-FFNN-Tiny-T optimizer=SGD with expr: {'expr': "dataset['id'] == 'AIBO-2cl-IS09-llds' and model['id'] != 'Seq-FFNN-IS09'"}
[2026-03-18 08:06:28,804][HYDRA] Filtered: +loggers=['autrainer.loggers.TensorBoardLogger'] +seed=1 +learning_rate=0.0001 +batch_size=16 dataset=AIBO-2cl-IS09-llds model=w2v2-l-emo optimizer=Adam with expr: {'expr': "dataset['id'] == 'AIBO-2cl-IS09-llds' and model['id'] != 'Seq-FFNN-IS09'"}
[2026-03-18 08:06:28,926][HYDRA] Filtered: +loggers=['autrainer.loggers.TensorBoardLogger'] +seed=1 +learning_rate=0.0001 +batch_size=16 dataset=AIBO-2cl-IS09-llds model=w2v2-l-emo optimizer=SGD with expr: {'expr': "dataset['id'] == 'AIBO-2cl-IS09-llds' and model['id'] != 'Seq-FFNN-IS09'"}
[2026-03-18 08:06:30,317][HYDRA] Filtered: +loggers=['autrainer.loggers.TensorBoardLogger'] +seed=1 +learning_rate=0.0001 +batch_size=16 dataset=AIBO-2cl-wav model=Seq-FFNN-IS09 optimizer=Adam with expr: {'expr': 'dataset[\'id\'] == "AIBO-2cl-wav" and model[\'id\'] in ["Cnn14-16k-T","ResNet50-T","Seq-FFNN-IS09"]'}
[2026-03-18 08:06:30,440][HYDRA] Filtered: +loggers=['autrainer.loggers.TensorBoardLogger'] +seed=1 +learning_rate=0.0001 +batch_size=16 dataset=AIBO-2cl-wav model=Seq-FFNN-IS09 optimizer=SGD with expr: {'expr': 'dataset[\'id\'] == "AIBO-2cl-wav" and model[\'id\'] in ["Cnn14-16k-T","ResNet50-T","Seq-FFNN-IS09"]'}
[2026-03-18 08:06:30,563][HYDRA] Filtered: +loggers=['autrainer.loggers.TensorBoardLogger'] +seed=1 +learning_rate=0.0001 +batch_size=16 dataset=AIBO-2cl-wav model=Cnn14-16k-T optimizer=Adam with expr: {'expr': 'dataset[\'id\'] == "AIBO-2cl-wav" and model[\'id\'] in ["Cnn14-16k-T","ResNet50-T","Seq-FFNN-IS09"]'}
[2026-03-18 08:06:30,684][HYDRA] Filtered: +loggers=['autrainer.loggers.TensorBoardLogger'] +seed=1 +learning_rate=0.0001 +batch_size=16 dataset=AIBO-2cl-wav model=Cnn14-16k-T optimizer=SGD with expr: {'expr': 'dataset[\'id\'] == "AIBO-2cl-wav" and model[\'id\'] in ["Cnn14-16k-T","ResNet50-T","Seq-FFNN-IS09"]'}
[2026-03-18 08:06:49,527][HYDRA] Launching 162 jobs locally
[2026-03-18 08:06:49,528][HYDRA] 	#0 : +loggers=['autrainer.loggers.TensorBoardLogger'] +seed=1 +learning_rate=0.01 +batch_size=4 dataset=AIBO-2cl-IS09-llds model=Seq-FFNN-IS09 optimizer=Adam
[2026-03-18 08:06:54,734][speechbrain.utils.checkpoints][DEBUG] - Registered checkpoint save hook for _speechbrain_save
[2026-03-18 08:06:54,735][speechbrain.utils.checkpoints][DEBUG] - Registered checkpoint load hook for _speechbrain_load
[2026-03-18 08:06:54,735][speechbrain.utils.checkpoints][DEBUG] - Registered checkpoint save hook for save
[2026-03-18 08:06:54,735][speechbrain.utils.checkpoints][DEBUG] - Registered checkpoint load hook for load
[2026-03-18 08:06:55,001][speechbrain.utils.quirks][INFO] - Applied quirks (see `speechbrain.utils.quirks`): [allow_tf32, disable_jit_profiling]
[2026-03-18 08:06:55,002][speechbrain.utils.quirks][INFO] - Excluded quirks specified by the `SB_DISABLE_QUIRKS` environment (comma-separated list): []
[2026-03-18 08:06:55,002][speechbrain.utils.checkpoints][DEBUG] - Registered checkpoint save hook for _save
[2026-03-18 08:06:55,002][speechbrain.utils.checkpoints][DEBUG] - Registered checkpoint load hook for _recover
[2026-03-18 08:06:55,007][speechbrain.utils.checkpoints][DEBUG] - Registered checkpoint save hook for _save
[2026-03-18 08:06:55,007][speechbrain.utils.checkpoints][DEBUG] - Registered checkpoint load hook for _load
[2026-03-18 08:06:55,007][speechbrain.utils.checkpoints][DEBUG] - Registered parameter transfer hook for _load
[2026-03-18 08:06:56,191][HYDRA] 	#1 : +loggers=['autrainer.loggers.TensorBoardLogger'] +seed=1 +learning_rate=0.01 +batch_size=4 dataset=AIBO-2cl-IS09-llds model=Seq-FFNN-IS09 optimizer=SGD
[2026-03-18 08:06:56,808][HYDRA] 	#2 : +loggers=['autrainer.loggers.TensorBoardLogger'] +seed=1 +learning_rate=0.01 +batch_size=4 dataset=AIBO-2cl-mel-16k model=Seq-FFNN-IS09 optimizer=Adam
[2026-03-18 08:06:58,153][HYDRA] 	#3 : +loggers=['autrainer.loggers.TensorBoardLogger'] +seed=1 +learning_rate=0.01 +batch_size=4 dataset=AIBO-2cl-mel-16k model=Seq-FFNN-IS09 optimizer=SGD
[2026-03-18 08:06:58,837][HYDRA] 	#4 : +loggers=['autrainer.loggers.TensorBoardLogger'] +seed=1 +learning_rate=0.01 +batch_size=4 dataset=AIBO-2cl-mel-16k model=Cnn14-16k-T optimizer=Adam
[2026-03-18 08:06:59,034][HYDRA] 	#5 : +loggers=['autrainer.loggers.TensorBoardLogger'] +seed=1 +learning_rate=0.01 +batch_size=4 dataset=AIBO-2cl-mel-16k model=Cnn14-16k-T optimizer=SGD
[2026-03-18 08:06:59,228][HYDRA] 	#6 : +loggers=['autrainer.loggers.TensorBoardLogger'] +seed=1 +learning_rate=0.01 +batch_size=4 dataset=AIBO-2cl-mel-16k model=ResNet-50-T optimizer=Adam
[2026-03-18 08:06:59,454][HYDRA] 	#7 : +loggers=['autrainer.loggers.TensorBoardLogger'] +seed=1 +learning_rate=0.01 +batch_size=4 dataset=AIBO-2cl-mel-16k model=ResNet-50-T optimizer=SGD
[2026-03-18 08:06:59,647][HYDRA] 	#8 : +loggers=['autrainer.loggers.TensorBoardLogger'] +seed=1 +learning_rate=0.01 +batch_size=4 dataset=AIBO-2cl-mel-16k model=Whisper-FFNN-Tiny-T optimizer=Adam
[2026-03-18 08:07:00,260][HYDRA] 	#9 : +loggers=['autrainer.loggers.TensorBoardLogger'] +seed=1 +learning_rate=0.01 +batch_size=4 dataset=AIBO-2cl-mel-16k model=Whisper-FFNN-Tiny-T optimizer=SGD
[2026-03-18 08:07:00,773][HYDRA] 	#10 : +loggers=['autrainer.loggers.TensorBoardLogger'] +seed=1 +learning_rate=0.01 +batch_size=4 dataset=AIBO-2cl-mel-16k model=w2v2-l-emo optimizer=Adam
[2026-03-18 08:07:01,295][HYDRA] 	#11 : +loggers=['autrainer.loggers.TensorBoardLogger'] +seed=1 +learning_rate=0.01 +batch_size=4 dataset=AIBO-2cl-mel-16k model=w2v2-l-emo optimizer=SGD
[2026-03-18 08:07:01,791][HYDRA] 	#12 : +loggers=['autrainer.loggers.TensorBoardLogger'] +seed=1 +learning_rate=0.01 +batch_size=4 dataset=AIBO-2cl-wav model=ResNet-50-T optimizer=Adam
[2026-03-18 08:07:02,012][HYDRA] 	#13 : +loggers=['autrainer.loggers.TensorBoardLogger'] +seed=1 +learning_rate=0.01 +batch_size=4 dataset=AIBO-2cl-wav model=ResNet-50-T optimizer=SGD
[2026-03-18 08:07:02,199][HYDRA] 	#14 : +loggers=['autrainer.loggers.TensorBoardLogger'] +seed=1 +learning_rate=0.01 +batch_size=4 dataset=AIBO-2cl-wav model=Whisper-FFNN-Tiny-T optimizer=Adam
[2026-03-18 08:07:02,694][HYDRA] 	#15 : +loggers=['autrainer.loggers.TensorBoardLogger'] +seed=1 +learning_rate=0.01 +batch_size=4 dataset=AIBO-2cl-wav model=Whisper-FFNN-Tiny-T optimizer=SGD
[2026-03-18 08:07:03,218][HYDRA] 	#16 : +loggers=['autrainer.loggers.TensorBoardLogger'] +seed=1 +learning_rate=0.01 +batch_size=4 dataset=AIBO-2cl-wav model=w2v2-l-emo optimizer=Adam
[2026-03-18 08:07:03,736][HYDRA] 	#17 : +loggers=['autrainer.loggers.TensorBoardLogger'] +seed=1 +learning_rate=0.01 +batch_size=4 dataset=AIBO-2cl-wav model=w2v2-l-emo optimizer=SGD
[2026-03-18 08:07:04,263][HYDRA] 	#18 : +loggers=['autrainer.loggers.TensorBoardLogger'] +seed=1 +learning_rate=0.01 +batch_size=8 dataset=AIBO-2cl-IS09-llds model=Seq-FFNN-IS09 optimizer=Adam
[2026-03-18 08:07:04,930][HYDRA] 	#19 : +loggers=['autrainer.loggers.TensorBoardLogger'] +seed=1 +learning_rate=0.01 +batch_size=8 dataset=AIBO-2cl-IS09-llds model=Seq-FFNN-IS09 optimizer=SGD
[2026-03-18 08:07:05,558][HYDRA] 	#20 : +loggers=['autrainer.loggers.TensorBoardLogger'] +seed=1 +learning_rate=0.01 +batch_size=8 dataset=AIBO-2cl-mel-16k model=Seq-FFNN-IS09 optimizer=Adam
[2026-03-18 08:07:06,628][HYDRA] 	#21 : +loggers=['autrainer.loggers.TensorBoardLogger'] +seed=1 +learning_rate=0.01 +batch_size=8 dataset=AIBO-2cl-mel-16k model=Seq-FFNN-IS09 optimizer=SGD
[2026-03-18 08:07:07,304][HYDRA] 	#22 : +loggers=['autrainer.loggers.TensorBoardLogger'] +seed=1 +learning_rate=0.01 +batch_size=8 dataset=AIBO-2cl-mel-16k model=Cnn14-16k-T optimizer=Adam
[2026-03-18 08:07:07,500][HYDRA] 	#23 : +loggers=['autrainer.loggers.TensorBoardLogger'] +seed=1 +learning_rate=0.01 +batch_size=8 dataset=AIBO-2cl-mel-16k model=Cnn14-16k-T optimizer=SGD
[2026-03-18 08:07:07,695][HYDRA] 	#24 : +loggers=['autrainer.loggers.TensorBoardLogger'] +seed=1 +learning_rate=0.01 +batch_size=8 dataset=AIBO-2cl-mel-16k model=ResNet-50-T optimizer=Adam
[2026-03-18 08:07:07,887][HYDRA] 	#25 : +loggers=['autrainer.loggers.TensorBoardLogger'] +seed=1 +learning_rate=0.01 +batch_size=8 dataset=AIBO-2cl-mel-16k model=ResNet-50-T optimizer=SGD
[2026-03-18 08:07:08,081][HYDRA] 	#26 : +loggers=['autrainer.loggers.TensorBoardLogger'] +seed=1 +learning_rate=0.01 +batch_size=8 dataset=AIBO-2cl-mel-16k model=Whisper-FFNN-Tiny-T optimizer=Adam
[2026-03-18 08:07:08,606][HYDRA] 	#27 : +loggers=['autrainer.loggers.TensorBoardLogger'] +seed=1 +learning_rate=0.01 +batch_size=8 dataset=AIBO-2cl-mel-16k model=Whisper-FFNN-Tiny-T optimizer=SGD
[2026-03-18 08:07:09,136][HYDRA] 	#28 : +loggers=['autrainer.loggers.TensorBoardLogger'] +seed=1 +learning_rate=0.01 +batch_size=8 dataset=AIBO-2cl-mel-16k model=w2v2-l-emo optimizer=Adam
[2026-03-18 08:07:09,712][HYDRA] 	#29 : +loggers=['autrainer.loggers.TensorBoardLogger'] +seed=1 +learning_rate=0.01 +batch_size=8 dataset=AIBO-2cl-mel-16k model=w2v2-l-emo optimizer=SGD
[2026-03-18 08:07:10,240][HYDRA] 	#30 : +loggers=['autrainer.loggers.TensorBoardLogger'] +seed=1 +learning_rate=0.01 +batch_size=8 dataset=AIBO-2cl-wav model=ResNet-50-T optimizer=Adam
[2026-03-18 08:07:10,452][HYDRA] 	#31 : +loggers=['autrainer.loggers.TensorBoardLogger'] +seed=1 +learning_rate=0.01 +batch_size=8 dataset=AIBO-2cl-wav model=ResNet-50-T optimizer=SGD
[2026-03-18 08:07:10,637][HYDRA] 	#32 : +loggers=['autrainer.loggers.TensorBoardLogger'] +seed=1 +learning_rate=0.01 +batch_size=8 dataset=AIBO-2cl-wav model=Whisper-FFNN-Tiny-T optimizer=Adam
[2026-03-18 08:07:11,144][HYDRA] 	#33 : +loggers=['autrainer.loggers.TensorBoardLogger'] +seed=1 +learning_rate=0.01 +batch_size=8 dataset=AIBO-2cl-wav model=Whisper-FFNN-Tiny-T optimizer=SGD
[2026-03-18 08:07:11,657][HYDRA] 	#34 : +loggers=['autrainer.loggers.TensorBoardLogger'] +seed=1 +learning_rate=0.01 +batch_size=8 dataset=AIBO-2cl-wav model=w2v2-l-emo optimizer=Adam
[2026-03-18 08:07:12,165][HYDRA] 	#35 : +loggers=['autrainer.loggers.TensorBoardLogger'] +seed=1 +learning_rate=0.01 +batch_size=8 dataset=AIBO-2cl-wav model=w2v2-l-emo optimizer=SGD
[2026-03-18 08:07:12,692][HYDRA] 	#36 : +loggers=['autrainer.loggers.TensorBoardLogger'] +seed=1 +learning_rate=0.01 +batch_size=16 dataset=AIBO-2cl-IS09-llds model=Seq-FFNN-IS09 optimizer=Adam
[2026-03-18 08:07:13,334][HYDRA] 	#37 : +loggers=['autrainer.loggers.TensorBoardLogger'] +seed=1 +learning_rate=0.01 +batch_size=16 dataset=AIBO-2cl-IS09-llds model=Seq-FFNN-IS09 optimizer=SGD
[2026-03-18 08:07:13,952][HYDRA] 	#38 : +loggers=['autrainer.loggers.TensorBoardLogger'] +seed=1 +learning_rate=0.01 +batch_size=16 dataset=AIBO-2cl-mel-16k model=Seq-FFNN-IS09 optimizer=Adam
[2026-03-18 08:07:14,639][HYDRA] 	#39 : +loggers=['autrainer.loggers.TensorBoardLogger'] +seed=1 +learning_rate=0.01 +batch_size=16 dataset=AIBO-2cl-mel-16k model=Seq-FFNN-IS09 optimizer=SGD
[2026-03-18 08:07:15,334][HYDRA] 	#40 : +loggers=['autrainer.loggers.TensorBoardLogger'] +seed=1 +learning_rate=0.01 +batch_size=16 dataset=AIBO-2cl-mel-16k model=Cnn14-16k-T optimizer=Adam
[2026-03-18 08:07:15,534][HYDRA] 	#41 : +loggers=['autrainer.loggers.TensorBoardLogger'] +seed=1 +learning_rate=0.01 +batch_size=16 dataset=AIBO-2cl-mel-16k model=Cnn14-16k-T optimizer=SGD
[2026-03-18 08:07:15,728][HYDRA] 	#42 : +loggers=['autrainer.loggers.TensorBoardLogger'] +seed=1 +learning_rate=0.01 +batch_size=16 dataset=AIBO-2cl-mel-16k model=ResNet-50-T optimizer=Adam
[2026-03-18 08:07:15,923][HYDRA] 	#43 : +loggers=['autrainer.loggers.TensorBoardLogger'] +seed=1 +learning_rate=0.01 +batch_size=16 dataset=AIBO-2cl-mel-16k model=ResNet-50-T optimizer=SGD
[2026-03-18 08:07:16,570][HYDRA] 	#44 : +loggers=['autrainer.loggers.TensorBoardLogger'] +seed=1 +learning_rate=0.01 +batch_size=16 dataset=AIBO-2cl-mel-16k model=Whisper-FFNN-Tiny-T optimizer=Adam
[2026-03-18 08:07:17,075][HYDRA] 	#45 : +loggers=['autrainer.loggers.TensorBoardLogger'] +seed=1 +learning_rate=0.01 +batch_size=16 dataset=AIBO-2cl-mel-16k model=Whisper-FFNN-Tiny-T optimizer=SGD
[2026-03-18 08:07:17,594][HYDRA] 	#46 : +loggers=['autrainer.loggers.TensorBoardLogger'] +seed=1 +learning_rate=0.01 +batch_size=16 dataset=AIBO-2cl-mel-16k model=w2v2-l-emo optimizer=Adam
[2026-03-18 08:07:18,109][HYDRA] 	#47 : +loggers=['autrainer.loggers.TensorBoardLogger'] +seed=1 +learning_rate=0.01 +batch_size=16 dataset=AIBO-2cl-mel-16k model=w2v2-l-emo optimizer=SGD
[2026-03-18 08:07:18,650][HYDRA] 	#48 : +loggers=['autrainer.loggers.TensorBoardLogger'] +seed=1 +learning_rate=0.01 +batch_size=16 dataset=AIBO-2cl-wav model=ResNet-50-T optimizer=Adam
[2026-03-18 08:07:18,863][HYDRA] 	#49 : +loggers=['autrainer.loggers.TensorBoardLogger'] +seed=1 +learning_rate=0.01 +batch_size=16 dataset=AIBO-2cl-wav model=ResNet-50-T optimizer=SGD
[2026-03-18 08:07:19,051][HYDRA] 	#50 : +loggers=['autrainer.loggers.TensorBoardLogger'] +seed=1 +learning_rate=0.01 +batch_size=16 dataset=AIBO-2cl-wav model=Whisper-FFNN-Tiny-T optimizer=Adam
[2026-03-18 08:07:19,551][HYDRA] 	#51 : +loggers=['autrainer.loggers.TensorBoardLogger'] +seed=1 +learning_rate=0.01 +batch_size=16 dataset=AIBO-2cl-wav model=Whisper-FFNN-Tiny-T optimizer=SGD
[2026-03-18 08:07:20,074][HYDRA] 	#52 : +loggers=['autrainer.loggers.TensorBoardLogger'] +seed=1 +learning_rate=0.01 +batch_size=16 dataset=AIBO-2cl-wav model=w2v2-l-emo optimizer=Adam
[2026-03-18 08:07:20,585][HYDRA] 	#53 : +loggers=['autrainer.loggers.TensorBoardLogger'] +seed=1 +learning_rate=0.01 +batch_size=16 dataset=AIBO-2cl-wav model=w2v2-l-emo optimizer=SGD
[2026-03-18 08:07:21,091][HYDRA] 	#54 : +loggers=['autrainer.loggers.TensorBoardLogger'] +seed=1 +learning_rate=0.001 +batch_size=4 dataset=AIBO-2cl-IS09-llds model=Seq-FFNN-IS09 optimizer=Adam
[2026-03-18 08:07:21,721][HYDRA] 	#55 : +loggers=['autrainer.loggers.TensorBoardLogger'] +seed=1 +learning_rate=0.001 +batch_size=4 dataset=AIBO-2cl-IS09-llds model=Seq-FFNN-IS09 optimizer=SGD
[2026-03-18 08:07:22,338][HYDRA] 	#56 : +loggers=['autrainer.loggers.TensorBoardLogger'] +seed=1 +learning_rate=0.001 +batch_size=4 dataset=AIBO-2cl-mel-16k model=Seq-FFNN-IS09 optimizer=Adam
[2026-03-18 08:07:23,030][HYDRA] 	#57 : +loggers=['autrainer.loggers.TensorBoardLogger'] +seed=1 +learning_rate=0.001 +batch_size=4 dataset=AIBO-2cl-mel-16k model=Seq-FFNN-IS09 optimizer=SGD
[2026-03-18 08:07:23,718][HYDRA] 	#58 : +loggers=['autrainer.loggers.TensorBoardLogger'] +seed=1 +learning_rate=0.001 +batch_size=4 dataset=AIBO-2cl-mel-16k model=Cnn14-16k-T optimizer=Adam
[2026-03-18 08:07:23,914][HYDRA] 	#59 : +loggers=['autrainer.loggers.TensorBoardLogger'] +seed=1 +learning_rate=0.001 +batch_size=4 dataset=AIBO-2cl-mel-16k model=Cnn14-16k-T optimizer=SGD
[2026-03-18 08:07:24,107][HYDRA] 	#60 : +loggers=['autrainer.loggers.TensorBoardLogger'] +seed=1 +learning_rate=0.001 +batch_size=4 dataset=AIBO-2cl-mel-16k model=ResNet-50-T optimizer=Adam
[2026-03-18 08:07:24,299][HYDRA] 	#61 : +loggers=['autrainer.loggers.TensorBoardLogger'] +seed=1 +learning_rate=0.001 +batch_size=4 dataset=AIBO-2cl-mel-16k model=ResNet-50-T optimizer=SGD
[2026-03-18 08:07:24,491][HYDRA] 	#62 : +loggers=['autrainer.loggers.TensorBoardLogger'] +seed=1 +learning_rate=0.001 +batch_size=4 dataset=AIBO-2cl-mel-16k model=Whisper-FFNN-Tiny-T optimizer=Adam
[2026-03-18 08:07:24,979][HYDRA] 	#63 : +loggers=['autrainer.loggers.TensorBoardLogger'] +seed=1 +learning_rate=0.001 +batch_size=4 dataset=AIBO-2cl-mel-16k model=Whisper-FFNN-Tiny-T optimizer=SGD
[2026-03-18 08:07:25,494][HYDRA] 	#64 : +loggers=['autrainer.loggers.TensorBoardLogger'] +seed=1 +learning_rate=0.001 +batch_size=4 dataset=AIBO-2cl-mel-16k model=w2v2-l-emo optimizer=Adam
[2026-03-18 08:07:26,007][HYDRA] 	#65 : +loggers=['autrainer.loggers.TensorBoardLogger'] +seed=1 +learning_rate=0.001 +batch_size=4 dataset=AIBO-2cl-mel-16k model=w2v2-l-emo optimizer=SGD
[2026-03-18 08:07:26,501][HYDRA] 	#66 : +loggers=['autrainer.loggers.TensorBoardLogger'] +seed=1 +learning_rate=0.001 +batch_size=4 dataset=AIBO-2cl-wav model=ResNet-50-T optimizer=Adam
[2026-03-18 08:07:26,714][HYDRA] 	#67 : +loggers=['autrainer.loggers.TensorBoardLogger'] +seed=1 +learning_rate=0.001 +batch_size=4 dataset=AIBO-2cl-wav model=ResNet-50-T optimizer=SGD
[2026-03-18 08:07:26,900][HYDRA] 	#68 : +loggers=['autrainer.loggers.TensorBoardLogger'] +seed=1 +learning_rate=0.001 +batch_size=4 dataset=AIBO-2cl-wav model=Whisper-FFNN-Tiny-T optimizer=Adam
[2026-03-18 08:07:27,395][HYDRA] 	#69 : +loggers=['autrainer.loggers.TensorBoardLogger'] +seed=1 +learning_rate=0.001 +batch_size=4 dataset=AIBO-2cl-wav model=Whisper-FFNN-Tiny-T optimizer=SGD
[2026-03-18 08:07:27,908][HYDRA] 	#70 : +loggers=['autrainer.loggers.TensorBoardLogger'] +seed=1 +learning_rate=0.001 +batch_size=4 dataset=AIBO-2cl-wav model=w2v2-l-emo optimizer=Adam
[2026-03-18 08:07:28,893][HYDRA] 	#71 : +loggers=['autrainer.loggers.TensorBoardLogger'] +seed=1 +learning_rate=0.001 +batch_size=4 dataset=AIBO-2cl-wav model=w2v2-l-emo optimizer=SGD
[2026-03-18 08:07:29,411][HYDRA] 	#72 : +loggers=['autrainer.loggers.TensorBoardLogger'] +seed=1 +learning_rate=0.001 +batch_size=8 dataset=AIBO-2cl-IS09-llds model=Seq-FFNN-IS09 optimizer=Adam
[2026-03-18 08:07:30,052][HYDRA] 	#73 : +loggers=['autrainer.loggers.TensorBoardLogger'] +seed=1 +learning_rate=0.001 +batch_size=8 dataset=AIBO-2cl-IS09-llds model=Seq-FFNN-IS09 optimizer=SGD
[2026-03-18 08:07:30,670][HYDRA] 	#74 : +loggers=['autrainer.loggers.TensorBoardLogger'] +seed=1 +learning_rate=0.001 +batch_size=8 dataset=AIBO-2cl-mel-16k model=Seq-FFNN-IS09 optimizer=Adam
[2026-03-18 08:07:31,392][HYDRA] 	#75 : +loggers=['autrainer.loggers.TensorBoardLogger'] +seed=1 +learning_rate=0.001 +batch_size=8 dataset=AIBO-2cl-mel-16k model=Seq-FFNN-IS09 optimizer=SGD
[2026-03-18 08:07:32,088][HYDRA] 	#76 : +loggers=['autrainer.loggers.TensorBoardLogger'] +seed=1 +learning_rate=0.001 +batch_size=8 dataset=AIBO-2cl-mel-16k model=Cnn14-16k-T optimizer=Adam
[2026-03-18 08:07:32,288][HYDRA] 	#77 : +loggers=['autrainer.loggers.TensorBoardLogger'] +seed=1 +learning_rate=0.001 +batch_size=8 dataset=AIBO-2cl-mel-16k model=Cnn14-16k-T optimizer=SGD
[2026-03-18 08:07:32,484][HYDRA] 	#78 : +loggers=['autrainer.loggers.TensorBoardLogger'] +seed=1 +learning_rate=0.001 +batch_size=8 dataset=AIBO-2cl-mel-16k model=ResNet-50-T optimizer=Adam
[2026-03-18 08:07:32,677][HYDRA] 	#79 : +loggers=['autrainer.loggers.TensorBoardLogger'] +seed=1 +learning_rate=0.001 +batch_size=8 dataset=AIBO-2cl-mel-16k model=ResNet-50-T optimizer=SGD
[2026-03-18 08:07:32,870][HYDRA] 	#80 : +loggers=['autrainer.loggers.TensorBoardLogger'] +seed=1 +learning_rate=0.001 +batch_size=8 dataset=AIBO-2cl-mel-16k model=Whisper-FFNN-Tiny-T optimizer=Adam
[2026-03-18 08:07:33,370][HYDRA] 	#81 : +loggers=['autrainer.loggers.TensorBoardLogger'] +seed=1 +learning_rate=0.001 +batch_size=8 dataset=AIBO-2cl-mel-16k model=Whisper-FFNN-Tiny-T optimizer=SGD
[2026-03-18 08:07:33,889][HYDRA] 	#82 : +loggers=['autrainer.loggers.TensorBoardLogger'] +seed=1 +learning_rate=0.001 +batch_size=8 dataset=AIBO-2cl-mel-16k model=w2v2-l-emo optimizer=Adam
[2026-03-18 08:07:34,402][HYDRA] 	#83 : +loggers=['autrainer.loggers.TensorBoardLogger'] +seed=1 +learning_rate=0.001 +batch_size=8 dataset=AIBO-2cl-mel-16k model=w2v2-l-emo optimizer=SGD
[2026-03-18 08:07:34,919][HYDRA] 	#84 : +loggers=['autrainer.loggers.TensorBoardLogger'] +seed=1 +learning_rate=0.001 +batch_size=8 dataset=AIBO-2cl-wav model=ResNet-50-T optimizer=Adam
[2026-03-18 08:07:35,132][HYDRA] 	#85 : +loggers=['autrainer.loggers.TensorBoardLogger'] +seed=1 +learning_rate=0.001 +batch_size=8 dataset=AIBO-2cl-wav model=ResNet-50-T optimizer=SGD
[2026-03-18 08:07:35,322][HYDRA] 	#86 : +loggers=['autrainer.loggers.TensorBoardLogger'] +seed=1 +learning_rate=0.001 +batch_size=8 dataset=AIBO-2cl-wav model=Whisper-FFNN-Tiny-T optimizer=Adam
[2026-03-18 08:07:35,824][HYDRA] 	#87 : +loggers=['autrainer.loggers.TensorBoardLogger'] +seed=1 +learning_rate=0.001 +batch_size=8 dataset=AIBO-2cl-wav model=Whisper-FFNN-Tiny-T optimizer=SGD
[2026-03-18 08:07:36,349][HYDRA] 	#88 : +loggers=['autrainer.loggers.TensorBoardLogger'] +seed=1 +learning_rate=0.001 +batch_size=8 dataset=AIBO-2cl-wav model=w2v2-l-emo optimizer=Adam
[2026-03-18 08:07:36,862][HYDRA] 	#89 : +loggers=['autrainer.loggers.TensorBoardLogger'] +seed=1 +learning_rate=0.001 +batch_size=8 dataset=AIBO-2cl-wav model=w2v2-l-emo optimizer=SGD
[2026-03-18 08:07:37,378][HYDRA] 	#90 : +loggers=['autrainer.loggers.TensorBoardLogger'] +seed=1 +learning_rate=0.001 +batch_size=16 dataset=AIBO-2cl-IS09-llds model=Seq-FFNN-IS09 optimizer=Adam
[2026-03-18 08:07:38,032][HYDRA] 	#91 : +loggers=['autrainer.loggers.TensorBoardLogger'] +seed=1 +learning_rate=0.001 +batch_size=16 dataset=AIBO-2cl-IS09-llds model=Seq-FFNN-IS09 optimizer=SGD
[2026-03-18 08:07:38,654][HYDRA] 	#92 : +loggers=['autrainer.loggers.TensorBoardLogger'] +seed=1 +learning_rate=0.001 +batch_size=16 dataset=AIBO-2cl-mel-16k model=Seq-FFNN-IS09 optimizer=Adam
[2026-03-18 08:07:39,349][HYDRA] 	#93 : +loggers=['autrainer.loggers.TensorBoardLogger'] +seed=1 +learning_rate=0.001 +batch_size=16 dataset=AIBO-2cl-mel-16k model=Seq-FFNN-IS09 optimizer=SGD
[2026-03-18 08:07:40,040][HYDRA] 	#94 : +loggers=['autrainer.loggers.TensorBoardLogger'] +seed=1 +learning_rate=0.001 +batch_size=16 dataset=AIBO-2cl-mel-16k model=Cnn14-16k-T optimizer=Adam
[2026-03-18 08:07:40,236][HYDRA] 	#95 : +loggers=['autrainer.loggers.TensorBoardLogger'] +seed=1 +learning_rate=0.001 +batch_size=16 dataset=AIBO-2cl-mel-16k model=Cnn14-16k-T optimizer=SGD
[2026-03-18 08:07:40,430][HYDRA] 	#96 : +loggers=['autrainer.loggers.TensorBoardLogger'] +seed=1 +learning_rate=0.001 +batch_size=16 dataset=AIBO-2cl-mel-16k model=ResNet-50-T optimizer=Adam
[2026-03-18 08:07:40,631][HYDRA] 	#97 : +loggers=['autrainer.loggers.TensorBoardLogger'] +seed=1 +learning_rate=0.001 +batch_size=16 dataset=AIBO-2cl-mel-16k model=ResNet-50-T optimizer=SGD
[2026-03-18 08:07:40,833][HYDRA] 	#98 : +loggers=['autrainer.loggers.TensorBoardLogger'] +seed=1 +learning_rate=0.001 +batch_size=16 dataset=AIBO-2cl-mel-16k model=Whisper-FFNN-Tiny-T optimizer=Adam
[2026-03-18 08:07:41,891][HYDRA] 	#99 : +loggers=['autrainer.loggers.TensorBoardLogger'] +seed=1 +learning_rate=0.001 +batch_size=16 dataset=AIBO-2cl-mel-16k model=Whisper-FFNN-Tiny-T optimizer=SGD
[2026-03-18 08:07:42,385][HYDRA] 	#100 : +loggers=['autrainer.loggers.TensorBoardLogger'] +seed=1 +learning_rate=0.001 +batch_size=16 dataset=AIBO-2cl-mel-16k model=w2v2-l-emo optimizer=Adam
[2026-03-18 08:07:42,901][HYDRA] 	#101 : +loggers=['autrainer.loggers.TensorBoardLogger'] +seed=1 +learning_rate=0.001 +batch_size=16 dataset=AIBO-2cl-mel-16k model=w2v2-l-emo optimizer=SGD
[2026-03-18 08:07:43,405][HYDRA] 	#102 : +loggers=['autrainer.loggers.TensorBoardLogger'] +seed=1 +learning_rate=0.001 +batch_size=16 dataset=AIBO-2cl-wav model=ResNet-50-T optimizer=Adam
[2026-03-18 08:07:43,617][HYDRA] 	#103 : +loggers=['autrainer.loggers.TensorBoardLogger'] +seed=1 +learning_rate=0.001 +batch_size=16 dataset=AIBO-2cl-wav model=ResNet-50-T optimizer=SGD
[2026-03-18 08:07:43,805][HYDRA] 	#104 : +loggers=['autrainer.loggers.TensorBoardLogger'] +seed=1 +learning_rate=0.001 +batch_size=16 dataset=AIBO-2cl-wav model=Whisper-FFNN-Tiny-T optimizer=Adam
[2026-03-18 08:07:44,405][HYDRA] 	#105 : +loggers=['autrainer.loggers.TensorBoardLogger'] +seed=1 +learning_rate=0.001 +batch_size=16 dataset=AIBO-2cl-wav model=Whisper-FFNN-Tiny-T optimizer=SGD
[2026-03-18 08:07:44,933][HYDRA] 	#106 : +loggers=['autrainer.loggers.TensorBoardLogger'] +seed=1 +learning_rate=0.001 +batch_size=16 dataset=AIBO-2cl-wav model=w2v2-l-emo optimizer=Adam
[2026-03-18 08:07:45,454][HYDRA] 	#107 : +loggers=['autrainer.loggers.TensorBoardLogger'] +seed=1 +learning_rate=0.001 +batch_size=16 dataset=AIBO-2cl-wav model=w2v2-l-emo optimizer=SGD
[2026-03-18 08:07:45,980][HYDRA] 	#108 : +loggers=['autrainer.loggers.TensorBoardLogger'] +seed=1 +learning_rate=0.0001 +batch_size=4 dataset=AIBO-2cl-IS09-llds model=Seq-FFNN-IS09 optimizer=Adam
[2026-03-18 08:07:46,645][HYDRA] 	#109 : +loggers=['autrainer.loggers.TensorBoardLogger'] +seed=1 +learning_rate=0.0001 +batch_size=4 dataset=AIBO-2cl-IS09-llds model=Seq-FFNN-IS09 optimizer=SGD
[2026-03-18 08:07:47,266][HYDRA] 	#110 : +loggers=['autrainer.loggers.TensorBoardLogger'] +seed=1 +learning_rate=0.0001 +batch_size=4 dataset=AIBO-2cl-mel-16k model=Seq-FFNN-IS09 optimizer=Adam
[2026-03-18 08:07:47,958][HYDRA] 	#111 : +loggers=['autrainer.loggers.TensorBoardLogger'] +seed=1 +learning_rate=0.0001 +batch_size=4 dataset=AIBO-2cl-mel-16k model=Seq-FFNN-IS09 optimizer=SGD
[2026-03-18 08:07:48,674][HYDRA] 	#112 : +loggers=['autrainer.loggers.TensorBoardLogger'] +seed=1 +learning_rate=0.0001 +batch_size=4 dataset=AIBO-2cl-mel-16k model=Cnn14-16k-T optimizer=Adam
[2026-03-18 08:07:48,878][HYDRA] 	#113 : +loggers=['autrainer.loggers.TensorBoardLogger'] +seed=1 +learning_rate=0.0001 +batch_size=4 dataset=AIBO-2cl-mel-16k model=Cnn14-16k-T optimizer=SGD
[2026-03-18 08:07:49,082][HYDRA] 	#114 : +loggers=['autrainer.loggers.TensorBoardLogger'] +seed=1 +learning_rate=0.0001 +batch_size=4 dataset=AIBO-2cl-mel-16k model=ResNet-50-T optimizer=Adam
[2026-03-18 08:07:49,276][HYDRA] 	#115 : +loggers=['autrainer.loggers.TensorBoardLogger'] +seed=1 +learning_rate=0.0001 +batch_size=4 dataset=AIBO-2cl-mel-16k model=ResNet-50-T optimizer=SGD
[2026-03-18 08:07:49,476][HYDRA] 	#116 : +loggers=['autrainer.loggers.TensorBoardLogger'] +seed=1 +learning_rate=0.0001 +batch_size=4 dataset=AIBO-2cl-mel-16k model=Whisper-FFNN-Tiny-T optimizer=Adam
[2026-03-18 08:07:49,974][HYDRA] 	#117 : +loggers=['autrainer.loggers.TensorBoardLogger'] +seed=1 +learning_rate=0.0001 +batch_size=4 dataset=AIBO-2cl-mel-16k model=Whisper-FFNN-Tiny-T optimizer=SGD
[2026-03-18 08:07:50,483][HYDRA] 	#118 : +loggers=['autrainer.loggers.TensorBoardLogger'] +seed=1 +learning_rate=0.0001 +batch_size=4 dataset=AIBO-2cl-mel-16k model=w2v2-l-emo optimizer=Adam
[2026-03-18 08:07:50,968][HYDRA] 	#119 : +loggers=['autrainer.loggers.TensorBoardLogger'] +seed=1 +learning_rate=0.0001 +batch_size=4 dataset=AIBO-2cl-mel-16k model=w2v2-l-emo optimizer=SGD
[2026-03-18 08:07:51,464][HYDRA] 	#120 : +loggers=['autrainer.loggers.TensorBoardLogger'] +seed=1 +learning_rate=0.0001 +batch_size=4 dataset=AIBO-2cl-wav model=ResNet-50-T optimizer=Adam
[2026-03-18 08:07:51,662][HYDRA] 	#121 : +loggers=['autrainer.loggers.TensorBoardLogger'] +seed=1 +learning_rate=0.0001 +batch_size=4 dataset=AIBO-2cl-wav model=ResNet-50-T optimizer=SGD
[2026-03-18 08:07:51,859][HYDRA] 	#122 : +loggers=['autrainer.loggers.TensorBoardLogger'] +seed=1 +learning_rate=0.0001 +batch_size=4 dataset=AIBO-2cl-wav model=Whisper-FFNN-Tiny-T optimizer=Adam
[2026-03-18 08:07:52,358][HYDRA] 	#123 : +loggers=['autrainer.loggers.TensorBoardLogger'] +seed=1 +learning_rate=0.0001 +batch_size=4 dataset=AIBO-2cl-wav model=Whisper-FFNN-Tiny-T optimizer=SGD
[2026-03-18 08:07:52,877][HYDRA] 	#124 : +loggers=['autrainer.loggers.TensorBoardLogger'] +seed=1 +learning_rate=0.0001 +batch_size=4 dataset=AIBO-2cl-wav model=w2v2-l-emo optimizer=Adam
[2026-03-18 08:07:53,383][HYDRA] 	#125 : +loggers=['autrainer.loggers.TensorBoardLogger'] +seed=1 +learning_rate=0.0001 +batch_size=4 dataset=AIBO-2cl-wav model=w2v2-l-emo optimizer=SGD
[2026-03-18 08:07:53,895][HYDRA] 	#126 : +loggers=['autrainer.loggers.TensorBoardLogger'] +seed=1 +learning_rate=0.0001 +batch_size=8 dataset=AIBO-2cl-IS09-llds model=Seq-FFNN-IS09 optimizer=Adam
[2026-03-18 08:07:54,532][HYDRA] 	#127 : +loggers=['autrainer.loggers.TensorBoardLogger'] +seed=1 +learning_rate=0.0001 +batch_size=8 dataset=AIBO-2cl-IS09-llds model=Seq-FFNN-IS09 optimizer=SGD
[2026-03-18 08:07:55,149][HYDRA] 	#128 : +loggers=['autrainer.loggers.TensorBoardLogger'] +seed=1 +learning_rate=0.0001 +batch_size=8 dataset=AIBO-2cl-mel-16k model=Seq-FFNN-IS09 optimizer=Adam
[2026-03-18 08:07:55,849][HYDRA] 	#129 : +loggers=['autrainer.loggers.TensorBoardLogger'] +seed=1 +learning_rate=0.0001 +batch_size=8 dataset=AIBO-2cl-mel-16k model=Seq-FFNN-IS09 optimizer=SGD
[2026-03-18 08:07:57,200][HYDRA] 	#130 : +loggers=['autrainer.loggers.TensorBoardLogger'] +seed=1 +learning_rate=0.0001 +batch_size=8 dataset=AIBO-2cl-mel-16k model=Cnn14-16k-T optimizer=Adam
[2026-03-18 08:07:57,396][HYDRA] 	#131 : +loggers=['autrainer.loggers.TensorBoardLogger'] +seed=1 +learning_rate=0.0001 +batch_size=8 dataset=AIBO-2cl-mel-16k model=Cnn14-16k-T optimizer=SGD
[2026-03-18 08:07:57,590][HYDRA] 	#132 : +loggers=['autrainer.loggers.TensorBoardLogger'] +seed=1 +learning_rate=0.0001 +batch_size=8 dataset=AIBO-2cl-mel-16k model=ResNet-50-T optimizer=Adam
[2026-03-18 08:07:57,784][HYDRA] 	#133 : +loggers=['autrainer.loggers.TensorBoardLogger'] +seed=1 +learning_rate=0.0001 +batch_size=8 dataset=AIBO-2cl-mel-16k model=ResNet-50-T optimizer=SGD
[2026-03-18 08:07:57,979][HYDRA] 	#134 : +loggers=['autrainer.loggers.TensorBoardLogger'] +seed=1 +learning_rate=0.0001 +batch_size=8 dataset=AIBO-2cl-mel-16k model=Whisper-FFNN-Tiny-T optimizer=Adam
[2026-03-18 08:07:58,475][HYDRA] 	#135 : +loggers=['autrainer.loggers.TensorBoardLogger'] +seed=1 +learning_rate=0.0001 +batch_size=8 dataset=AIBO-2cl-mel-16k model=Whisper-FFNN-Tiny-T optimizer=SGD
[2026-03-18 08:07:58,996][HYDRA] 	#136 : +loggers=['autrainer.loggers.TensorBoardLogger'] +seed=1 +learning_rate=0.0001 +batch_size=8 dataset=AIBO-2cl-mel-16k model=w2v2-l-emo optimizer=Adam
[2026-03-18 08:07:59,512][HYDRA] 	#137 : +loggers=['autrainer.loggers.TensorBoardLogger'] +seed=1 +learning_rate=0.0001 +batch_size=8 dataset=AIBO-2cl-mel-16k model=w2v2-l-emo optimizer=SGD
[2026-03-18 08:08:00,007][HYDRA] 	#138 : +loggers=['autrainer.loggers.TensorBoardLogger'] +seed=1 +learning_rate=0.0001 +batch_size=8 dataset=AIBO-2cl-wav model=ResNet-50-T optimizer=Adam
[2026-03-18 08:08:00,197][HYDRA] 	#139 : +loggers=['autrainer.loggers.TensorBoardLogger'] +seed=1 +learning_rate=0.0001 +batch_size=8 dataset=AIBO-2cl-wav model=ResNet-50-T optimizer=SGD
[2026-03-18 08:08:00,388][HYDRA] 	#140 : +loggers=['autrainer.loggers.TensorBoardLogger'] +seed=1 +learning_rate=0.0001 +batch_size=8 dataset=AIBO-2cl-wav model=Whisper-FFNN-Tiny-T optimizer=Adam
[2026-03-18 08:08:00,901][HYDRA] 	#141 : +loggers=['autrainer.loggers.TensorBoardLogger'] +seed=1 +learning_rate=0.0001 +batch_size=8 dataset=AIBO-2cl-wav model=Whisper-FFNN-Tiny-T optimizer=SGD
[2026-03-18 08:08:01,412][HYDRA] 	#142 : +loggers=['autrainer.loggers.TensorBoardLogger'] +seed=1 +learning_rate=0.0001 +batch_size=8 dataset=AIBO-2cl-wav model=w2v2-l-emo optimizer=Adam
[2026-03-18 08:08:01,917][HYDRA] 	#143 : +loggers=['autrainer.loggers.TensorBoardLogger'] +seed=1 +learning_rate=0.0001 +batch_size=8 dataset=AIBO-2cl-wav model=w2v2-l-emo optimizer=SGD
[2026-03-18 08:08:02,452][HYDRA] 	#144 : +loggers=['autrainer.loggers.TensorBoardLogger'] +seed=1 +learning_rate=0.0001 +batch_size=16 dataset=AIBO-2cl-IS09-llds model=Seq-FFNN-IS09 optimizer=Adam
[2026-03-18 08:08:03,096][HYDRA] 	#145 : +loggers=['autrainer.loggers.TensorBoardLogger'] +seed=1 +learning_rate=0.0001 +batch_size=16 dataset=AIBO-2cl-IS09-llds model=Seq-FFNN-IS09 optimizer=SGD
[2026-03-18 08:08:03,711][HYDRA] 	#146 : +loggers=['autrainer.loggers.TensorBoardLogger'] +seed=1 +learning_rate=0.0001 +batch_size=16 dataset=AIBO-2cl-mel-16k model=Seq-FFNN-IS09 optimizer=Adam
[2026-03-18 08:08:04,420][HYDRA] 	#147 : +loggers=['autrainer.loggers.TensorBoardLogger'] +seed=1 +learning_rate=0.0001 +batch_size=16 dataset=AIBO-2cl-mel-16k model=Seq-FFNN-IS09 optimizer=SGD
[2026-03-18 08:08:05,117][HYDRA] 	#148 : +loggers=['autrainer.loggers.TensorBoardLogger'] +seed=1 +learning_rate=0.0001 +batch_size=16 dataset=AIBO-2cl-mel-16k model=Cnn14-16k-T optimizer=Adam
[2026-03-18 08:08:05,313][HYDRA] 	#149 : +loggers=['autrainer.loggers.TensorBoardLogger'] +seed=1 +learning_rate=0.0001 +batch_size=16 dataset=AIBO-2cl-mel-16k model=Cnn14-16k-T optimizer=SGD
[2026-03-18 08:08:05,507][HYDRA] 	#150 : +loggers=['autrainer.loggers.TensorBoardLogger'] +seed=1 +learning_rate=0.0001 +batch_size=16 dataset=AIBO-2cl-mel-16k model=ResNet-50-T optimizer=Adam
[2026-03-18 08:08:05,701][HYDRA] 	#151 : +loggers=['autrainer.loggers.TensorBoardLogger'] +seed=1 +learning_rate=0.0001 +batch_size=16 dataset=AIBO-2cl-mel-16k model=ResNet-50-T optimizer=SGD
[2026-03-18 08:08:05,893][HYDRA] 	#152 : +loggers=['autrainer.loggers.TensorBoardLogger'] +seed=1 +learning_rate=0.0001 +batch_size=16 dataset=AIBO-2cl-mel-16k model=Whisper-FFNN-Tiny-T optimizer=Adam
[2026-03-18 08:08:06,398][HYDRA] 	#153 : +loggers=['autrainer.loggers.TensorBoardLogger'] +seed=1 +learning_rate=0.0001 +batch_size=16 dataset=AIBO-2cl-mel-16k model=Whisper-FFNN-Tiny-T optimizer=SGD
[2026-03-18 08:08:06,913][HYDRA] 	#154 : +loggers=['autrainer.loggers.TensorBoardLogger'] +seed=1 +learning_rate=0.0001 +batch_size=16 dataset=AIBO-2cl-mel-16k model=w2v2-l-emo optimizer=Adam
[2026-03-18 08:08:07,437][HYDRA] 	#155 : +loggers=['autrainer.loggers.TensorBoardLogger'] +seed=1 +learning_rate=0.0001 +batch_size=16 dataset=AIBO-2cl-mel-16k model=w2v2-l-emo optimizer=SGD
[2026-03-18 08:08:07,935][HYDRA] 	#156 : +loggers=['autrainer.loggers.TensorBoardLogger'] +seed=1 +learning_rate=0.0001 +batch_size=16 dataset=AIBO-2cl-wav model=ResNet-50-T optimizer=Adam
[2026-03-18 08:08:08,151][HYDRA] 	#157 : +loggers=['autrainer.loggers.TensorBoardLogger'] +seed=1 +learning_rate=0.0001 +batch_size=16 dataset=AIBO-2cl-wav model=ResNet-50-T optimizer=SGD
[2026-03-18 08:08:08,337][HYDRA] 	#158 : +loggers=['autrainer.loggers.TensorBoardLogger'] +seed=1 +learning_rate=0.0001 +batch_size=16 dataset=AIBO-2cl-wav model=Whisper-FFNN-Tiny-T optimizer=Adam
[2026-03-18 08:08:08,827][HYDRA] 	#159 : +loggers=['autrainer.loggers.TensorBoardLogger'] +seed=1 +learning_rate=0.0001 +batch_size=16 dataset=AIBO-2cl-wav model=Whisper-FFNN-Tiny-T optimizer=SGD
[2026-03-18 08:08:09,318][HYDRA] 	#160 : +loggers=['autrainer.loggers.TensorBoardLogger'] +seed=1 +learning_rate=0.0001 +batch_size=16 dataset=AIBO-2cl-wav model=w2v2-l-emo optimizer=Adam
[2026-03-18 08:08:09,811][HYDRA] 	#161 : +loggers=['autrainer.loggers.TensorBoardLogger'] +seed=1 +learning_rate=0.0001 +batch_size=16 dataset=AIBO-2cl-wav model=w2v2-l-emo optimizer=SGD
