Traceback (most recent call last):
  File "/home/ge62niq/data/chi-gpu1/ge62niq/personalized_ser/.venv310/lib/python3.10/site-packages/evalidate/__init__.py", line 117, in __init__
    self.node = ast.parse(self.expr, '<usercode>', 'eval')
  File "/home/ge62niq/.local/share/uv/python/cpython-3.10.18-linux-x86_64-gnu/lib/python3.10/ast.py", line 50, in parse
    return compile(source, filename, mode, flags,
  File "<usercode>", line 1
    dataset['id'] == "AIBO-2cl-wav" ! model['id'] in ["Cnn14-16k-T","ResNet50-T","Seq-FFNN-IS09"]
                                    ^
SyntaxError: invalid syntax

During handling of the above exception, another exception occurred:

Traceback (most recent call last):
  File "/home/ge62niq/data/chi-gpu1/ge62niq/personalized_ser/.venv310/lib/python3.10/site-packages/hydra_plugins/filter.py", line 138, in _filter_override
    should_filter = filter_cls().filter(
  File "/home/ge62niq/data/chi-gpu1/ge62niq/personalized_ser/.venv310/lib/python3.10/site-packages/hydra_filter_sweeper/filters.py", line 104, in filter
    return Expr(expr, model=model).eval(config)
  File "/home/ge62niq/data/chi-gpu1/ge62niq/personalized_ser/.venv310/lib/python3.10/site-packages/evalidate/__init__.py", line 119, in __init__
    raise CompilationException(e)
evalidate.CompilationException: invalid syntax (<usercode>, line 1)

The above exception was the direct cause of the following exception:

Traceback (most recent call last):
  File "/home/ge62niq/data/chi-gpu1/ge62niq/personalized_ser/.venv310/lib/python3.10/site-packages/hydra/_internal/utils.py", line 220, in run_and_report
    return func()
  File "/home/ge62niq/data/chi-gpu1/ge62niq/personalized_ser/.venv310/lib/python3.10/site-packages/hydra/_internal/utils.py", line 466, in <lambda>
    lambda: hydra.multirun(
  File "/home/ge62niq/data/chi-gpu1/ge62niq/personalized_ser/.venv310/lib/python3.10/site-packages/hydra/_internal/hydra.py", line 162, in multirun
    ret = sweeper.sweep(arguments=task_overrides)
  File "/home/ge62niq/data/chi-gpu1/ge62niq/personalized_ser/.venv310/lib/python3.10/site-packages/hydra/_internal/core_plugins/basic_sweeper.py", line 158, in sweep
    self.overrides = self.split_arguments(overrides, self.max_batch_size)
  File "/home/ge62niq/data/chi-gpu1/ge62niq/personalized_ser/.venv310/lib/python3.10/site-packages/hydra_plugins/filter.py", line 70, in split_arguments
    return self._filter_overrides_list(overrides)
  File "/home/ge62niq/data/chi-gpu1/ge62niq/personalized_ser/.venv310/lib/python3.10/site-packages/hydra_plugins/filter.py", line 92, in _filter_overrides_list
    if not self._filter_override(override, idx=idx):
  File "/home/ge62niq/data/chi-gpu1/ge62niq/personalized_ser/.venv310/lib/python3.10/site-packages/hydra_plugins/filter.py", line 145, in _filter_override
    raise ValueError(f"Filter {f} failed: {e}") from e
ValueError: Filter {'expr': 'dataset[\'id\'] == "AIBO-2cl-wav" ! model[\'id\'] in ["Cnn14-16k-T","ResNet50-T","Seq-FFNN-IS09"]'} failed: invalid syntax (<usercode>, line 1)
slurmstepd: error: pam_close_session: Cannot make/remove an entry for the specified session
