[2026-03-18 05:55:42,944][HYDRA] Filtered: +loggers=['autrainer.loggers.TensorBoardLogger'] +seed=1 +learning_rate=0.01 +batch_size=4 dataset=AIBO-2cl-IS09-llds model=Cnn14-16k-T optimizer=Adam with expr: {'expr': "dataset['id'] == 'AIBO-2cl-IS09-llds' and model['id'] != 'Seq-FFNN-IS09'"}
[2026-03-18 05:55:43,067][HYDRA] Filtered: +loggers=['autrainer.loggers.TensorBoardLogger'] +seed=1 +learning_rate=0.01 +batch_size=4 dataset=AIBO-2cl-IS09-llds model=Cnn14-16k-T optimizer=SGD with expr: {'expr': "dataset['id'] == 'AIBO-2cl-IS09-llds' and model['id'] != 'Seq-FFNN-IS09'"}
[2026-03-18 05:55:43,188][HYDRA] Filtered: +loggers=['autrainer.loggers.TensorBoardLogger'] +seed=1 +learning_rate=0.01 +batch_size=4 dataset=AIBO-2cl-IS09-llds model=ResNet-50-T optimizer=Adam with expr: {'expr': "dataset['id'] == 'AIBO-2cl-IS09-llds' and model['id'] != 'Seq-FFNN-IS09'"}
[2026-03-18 05:55:43,308][HYDRA] Filtered: +loggers=['autrainer.loggers.TensorBoardLogger'] +seed=1 +learning_rate=0.01 +batch_size=4 dataset=AIBO-2cl-IS09-llds model=ResNet-50-T optimizer=SGD with expr: {'expr': "dataset['id'] == 'AIBO-2cl-IS09-llds' and model['id'] != 'Seq-FFNN-IS09'"}
[2026-03-18 05:55:43,431][HYDRA] Filtered: +loggers=['autrainer.loggers.TensorBoardLogger'] +seed=1 +learning_rate=0.01 +batch_size=4 dataset=AIBO-2cl-IS09-llds model=Whisper-FFNN-Tiny-T optimizer=Adam with expr: {'expr': "dataset['id'] == 'AIBO-2cl-IS09-llds' and model['id'] != 'Seq-FFNN-IS09'"}
[2026-03-18 05:55:43,574][HYDRA] Filtered: +loggers=['autrainer.loggers.TensorBoardLogger'] +seed=1 +learning_rate=0.01 +batch_size=4 dataset=AIBO-2cl-IS09-llds model=Whisper-FFNN-Tiny-T optimizer=SGD with expr: {'expr': "dataset['id'] == 'AIBO-2cl-IS09-llds' and model['id'] != 'Seq-FFNN-IS09'"}
[2026-03-18 05:55:43,697][HYDRA] Filtered: +loggers=['autrainer.loggers.TensorBoardLogger'] +seed=1 +learning_rate=0.01 +batch_size=4 dataset=AIBO-2cl-IS09-llds model=w2v2-l-emo optimizer=Adam with expr: {'expr': "dataset['id'] == 'AIBO-2cl-IS09-llds' and model['id'] != 'Seq-FFNN-IS09'"}
[2026-03-18 05:55:43,819][HYDRA] Filtered: +loggers=['autrainer.loggers.TensorBoardLogger'] +seed=1 +learning_rate=0.01 +batch_size=4 dataset=AIBO-2cl-IS09-llds model=w2v2-l-emo optimizer=SGD with expr: {'expr': "dataset['id'] == 'AIBO-2cl-IS09-llds' and model['id'] != 'Seq-FFNN-IS09'"}
[2026-03-18 05:55:45,218][HYDRA] Filtered: +loggers=['autrainer.loggers.TensorBoardLogger'] +seed=1 +learning_rate=0.01 +batch_size=4 dataset=AIBO-2cl-wav model=Seq-FFNN-IS09 optimizer=Adam with expr: {'expr': 'dataset[\'id\'] == "AIBO-2cl-wav" and model[\'id\'] in ["Cnn14-16k-T","ResNet50-T","Seq-FFNN-IS09"]'}
[2026-03-18 05:55:45,340][HYDRA] Filtered: +loggers=['autrainer.loggers.TensorBoardLogger'] +seed=1 +learning_rate=0.01 +batch_size=4 dataset=AIBO-2cl-wav model=Seq-FFNN-IS09 optimizer=SGD with expr: {'expr': 'dataset[\'id\'] == "AIBO-2cl-wav" and model[\'id\'] in ["Cnn14-16k-T","ResNet50-T","Seq-FFNN-IS09"]'}
[2026-03-18 05:55:45,460][HYDRA] Filtered: +loggers=['autrainer.loggers.TensorBoardLogger'] +seed=1 +learning_rate=0.01 +batch_size=4 dataset=AIBO-2cl-wav model=Cnn14-16k-T optimizer=Adam with expr: {'expr': 'dataset[\'id\'] == "AIBO-2cl-wav" and model[\'id\'] in ["Cnn14-16k-T","ResNet50-T","Seq-FFNN-IS09"]'}
[2026-03-18 05:55:45,582][HYDRA] Filtered: +loggers=['autrainer.loggers.TensorBoardLogger'] +seed=1 +learning_rate=0.01 +batch_size=4 dataset=AIBO-2cl-wav model=Cnn14-16k-T optimizer=SGD with expr: {'expr': 'dataset[\'id\'] == "AIBO-2cl-wav" and model[\'id\'] in ["Cnn14-16k-T","ResNet50-T","Seq-FFNN-IS09"]'}
[2026-03-18 05:55:46,714][HYDRA] Filtered: +loggers=['autrainer.loggers.TensorBoardLogger'] +seed=1 +learning_rate=0.01 +batch_size=8 dataset=AIBO-2cl-IS09-llds model=Cnn14-16k-T optimizer=Adam with expr: {'expr': "dataset['id'] == 'AIBO-2cl-IS09-llds' and model['id'] != 'Seq-FFNN-IS09'"}
[2026-03-18 05:55:46,834][HYDRA] Filtered: +loggers=['autrainer.loggers.TensorBoardLogger'] +seed=1 +learning_rate=0.01 +batch_size=8 dataset=AIBO-2cl-IS09-llds model=Cnn14-16k-T optimizer=SGD with expr: {'expr': "dataset['id'] == 'AIBO-2cl-IS09-llds' and model['id'] != 'Seq-FFNN-IS09'"}
[2026-03-18 05:55:46,954][HYDRA] Filtered: +loggers=['autrainer.loggers.TensorBoardLogger'] +seed=1 +learning_rate=0.01 +batch_size=8 dataset=AIBO-2cl-IS09-llds model=ResNet-50-T optimizer=Adam with expr: {'expr': "dataset['id'] == 'AIBO-2cl-IS09-llds' and model['id'] != 'Seq-FFNN-IS09'"}
[2026-03-18 05:55:47,074][HYDRA] Filtered: +loggers=['autrainer.loggers.TensorBoardLogger'] +seed=1 +learning_rate=0.01 +batch_size=8 dataset=AIBO-2cl-IS09-llds model=ResNet-50-T optimizer=SGD with expr: {'expr': "dataset['id'] == 'AIBO-2cl-IS09-llds' and model['id'] != 'Seq-FFNN-IS09'"}
[2026-03-18 05:55:47,196][HYDRA] Filtered: +loggers=['autrainer.loggers.TensorBoardLogger'] +seed=1 +learning_rate=0.01 +batch_size=8 dataset=AIBO-2cl-IS09-llds model=Whisper-FFNN-Tiny-T optimizer=Adam with expr: {'expr': "dataset['id'] == 'AIBO-2cl-IS09-llds' and model['id'] != 'Seq-FFNN-IS09'"}
[2026-03-18 05:55:47,317][HYDRA] Filtered: +loggers=['autrainer.loggers.TensorBoardLogger'] +seed=1 +learning_rate=0.01 +batch_size=8 dataset=AIBO-2cl-IS09-llds model=Whisper-FFNN-Tiny-T optimizer=SGD with expr: {'expr': "dataset['id'] == 'AIBO-2cl-IS09-llds' and model['id'] != 'Seq-FFNN-IS09'"}
[2026-03-18 05:55:47,439][HYDRA] Filtered: +loggers=['autrainer.loggers.TensorBoardLogger'] +seed=1 +learning_rate=0.01 +batch_size=8 dataset=AIBO-2cl-IS09-llds model=w2v2-l-emo optimizer=Adam with expr: {'expr': "dataset['id'] == 'AIBO-2cl-IS09-llds' and model['id'] != 'Seq-FFNN-IS09'"}
[2026-03-18 05:55:47,561][HYDRA] Filtered: +loggers=['autrainer.loggers.TensorBoardLogger'] +seed=1 +learning_rate=0.01 +batch_size=8 dataset=AIBO-2cl-IS09-llds model=w2v2-l-emo optimizer=SGD with expr: {'expr': "dataset['id'] == 'AIBO-2cl-IS09-llds' and model['id'] != 'Seq-FFNN-IS09'"}
[2026-03-18 05:55:48,949][HYDRA] Filtered: +loggers=['autrainer.loggers.TensorBoardLogger'] +seed=1 +learning_rate=0.01 +batch_size=8 dataset=AIBO-2cl-wav model=Seq-FFNN-IS09 optimizer=Adam with expr: {'expr': 'dataset[\'id\'] == "AIBO-2cl-wav" and model[\'id\'] in ["Cnn14-16k-T","ResNet50-T","Seq-FFNN-IS09"]'}
[2026-03-18 05:55:49,070][HYDRA] Filtered: +loggers=['autrainer.loggers.TensorBoardLogger'] +seed=1 +learning_rate=0.01 +batch_size=8 dataset=AIBO-2cl-wav model=Seq-FFNN-IS09 optimizer=SGD with expr: {'expr': 'dataset[\'id\'] == "AIBO-2cl-wav" and model[\'id\'] in ["Cnn14-16k-T","ResNet50-T","Seq-FFNN-IS09"]'}
[2026-03-18 05:55:49,191][HYDRA] Filtered: +loggers=['autrainer.loggers.TensorBoardLogger'] +seed=1 +learning_rate=0.01 +batch_size=8 dataset=AIBO-2cl-wav model=Cnn14-16k-T optimizer=Adam with expr: {'expr': 'dataset[\'id\'] == "AIBO-2cl-wav" and model[\'id\'] in ["Cnn14-16k-T","ResNet50-T","Seq-FFNN-IS09"]'}
[2026-03-18 05:55:49,311][HYDRA] Filtered: +loggers=['autrainer.loggers.TensorBoardLogger'] +seed=1 +learning_rate=0.01 +batch_size=8 dataset=AIBO-2cl-wav model=Cnn14-16k-T optimizer=SGD with expr: {'expr': 'dataset[\'id\'] == "AIBO-2cl-wav" and model[\'id\'] in ["Cnn14-16k-T","ResNet50-T","Seq-FFNN-IS09"]'}
[2026-03-18 05:55:50,437][HYDRA] Filtered: +loggers=['autrainer.loggers.TensorBoardLogger'] +seed=1 +learning_rate=0.01 +batch_size=16 dataset=AIBO-2cl-IS09-llds model=Cnn14-16k-T optimizer=Adam with expr: {'expr': "dataset['id'] == 'AIBO-2cl-IS09-llds' and model['id'] != 'Seq-FFNN-IS09'"}
[2026-03-18 05:55:50,557][HYDRA] Filtered: +loggers=['autrainer.loggers.TensorBoardLogger'] +seed=1 +learning_rate=0.01 +batch_size=16 dataset=AIBO-2cl-IS09-llds model=Cnn14-16k-T optimizer=SGD with expr: {'expr': "dataset['id'] == 'AIBO-2cl-IS09-llds' and model['id'] != 'Seq-FFNN-IS09'"}
[2026-03-18 05:55:50,677][HYDRA] Filtered: +loggers=['autrainer.loggers.TensorBoardLogger'] +seed=1 +learning_rate=0.01 +batch_size=16 dataset=AIBO-2cl-IS09-llds model=ResNet-50-T optimizer=Adam with expr: {'expr': "dataset['id'] == 'AIBO-2cl-IS09-llds' and model['id'] != 'Seq-FFNN-IS09'"}
[2026-03-18 05:55:50,796][HYDRA] Filtered: +loggers=['autrainer.loggers.TensorBoardLogger'] +seed=1 +learning_rate=0.01 +batch_size=16 dataset=AIBO-2cl-IS09-llds model=ResNet-50-T optimizer=SGD with expr: {'expr': "dataset['id'] == 'AIBO-2cl-IS09-llds' and model['id'] != 'Seq-FFNN-IS09'"}
[2026-03-18 05:55:50,940][HYDRA] Filtered: +loggers=['autrainer.loggers.TensorBoardLogger'] +seed=1 +learning_rate=0.01 +batch_size=16 dataset=AIBO-2cl-IS09-llds model=Whisper-FFNN-Tiny-T optimizer=Adam with expr: {'expr': "dataset['id'] == 'AIBO-2cl-IS09-llds' and model['id'] != 'Seq-FFNN-IS09'"}
[2026-03-18 05:55:51,061][HYDRA] Filtered: +loggers=['autrainer.loggers.TensorBoardLogger'] +seed=1 +learning_rate=0.01 +batch_size=16 dataset=AIBO-2cl-IS09-llds model=Whisper-FFNN-Tiny-T optimizer=SGD with expr: {'expr': "dataset['id'] == 'AIBO-2cl-IS09-llds' and model['id'] != 'Seq-FFNN-IS09'"}
[2026-03-18 05:55:51,183][HYDRA] Filtered: +loggers=['autrainer.loggers.TensorBoardLogger'] +seed=1 +learning_rate=0.01 +batch_size=16 dataset=AIBO-2cl-IS09-llds model=w2v2-l-emo optimizer=Adam with expr: {'expr': "dataset['id'] == 'AIBO-2cl-IS09-llds' and model['id'] != 'Seq-FFNN-IS09'"}
[2026-03-18 05:55:51,304][HYDRA] Filtered: +loggers=['autrainer.loggers.TensorBoardLogger'] +seed=1 +learning_rate=0.01 +batch_size=16 dataset=AIBO-2cl-IS09-llds model=w2v2-l-emo optimizer=SGD with expr: {'expr': "dataset['id'] == 'AIBO-2cl-IS09-llds' and model['id'] != 'Seq-FFNN-IS09'"}
[2026-03-18 05:55:52,677][HYDRA] Filtered: +loggers=['autrainer.loggers.TensorBoardLogger'] +seed=1 +learning_rate=0.01 +batch_size=16 dataset=AIBO-2cl-wav model=Seq-FFNN-IS09 optimizer=Adam with expr: {'expr': 'dataset[\'id\'] == "AIBO-2cl-wav" and model[\'id\'] in ["Cnn14-16k-T","ResNet50-T","Seq-FFNN-IS09"]'}
[2026-03-18 05:55:52,798][HYDRA] Filtered: +loggers=['autrainer.loggers.TensorBoardLogger'] +seed=1 +learning_rate=0.01 +batch_size=16 dataset=AIBO-2cl-wav model=Seq-FFNN-IS09 optimizer=SGD with expr: {'expr': 'dataset[\'id\'] == "AIBO-2cl-wav" and model[\'id\'] in ["Cnn14-16k-T","ResNet50-T","Seq-FFNN-IS09"]'}
[2026-03-18 05:55:52,919][HYDRA] Filtered: +loggers=['autrainer.loggers.TensorBoardLogger'] +seed=1 +learning_rate=0.01 +batch_size=16 dataset=AIBO-2cl-wav model=Cnn14-16k-T optimizer=Adam with expr: {'expr': 'dataset[\'id\'] == "AIBO-2cl-wav" and model[\'id\'] in ["Cnn14-16k-T","ResNet50-T","Seq-FFNN-IS09"]'}
[2026-03-18 05:55:53,040][HYDRA] Filtered: +loggers=['autrainer.loggers.TensorBoardLogger'] +seed=1 +learning_rate=0.01 +batch_size=16 dataset=AIBO-2cl-wav model=Cnn14-16k-T optimizer=SGD with expr: {'expr': 'dataset[\'id\'] == "AIBO-2cl-wav" and model[\'id\'] in ["Cnn14-16k-T","ResNet50-T","Seq-FFNN-IS09"]'}
[2026-03-18 05:55:54,158][HYDRA] Filtered: +loggers=['autrainer.loggers.TensorBoardLogger'] +seed=1 +learning_rate=0.001 +batch_size=4 dataset=AIBO-2cl-IS09-llds model=Cnn14-16k-T optimizer=Adam with expr: {'expr': "dataset['id'] == 'AIBO-2cl-IS09-llds' and model['id'] != 'Seq-FFNN-IS09'"}
[2026-03-18 05:55:54,278][HYDRA] Filtered: +loggers=['autrainer.loggers.TensorBoardLogger'] +seed=1 +learning_rate=0.001 +batch_size=4 dataset=AIBO-2cl-IS09-llds model=Cnn14-16k-T optimizer=SGD with expr: {'expr': "dataset['id'] == 'AIBO-2cl-IS09-llds' and model['id'] != 'Seq-FFNN-IS09'"}
[2026-03-18 05:55:54,398][HYDRA] Filtered: +loggers=['autrainer.loggers.TensorBoardLogger'] +seed=1 +learning_rate=0.001 +batch_size=4 dataset=AIBO-2cl-IS09-llds model=ResNet-50-T optimizer=Adam with expr: {'expr': "dataset['id'] == 'AIBO-2cl-IS09-llds' and model['id'] != 'Seq-FFNN-IS09'"}
[2026-03-18 05:55:54,518][HYDRA] Filtered: +loggers=['autrainer.loggers.TensorBoardLogger'] +seed=1 +learning_rate=0.001 +batch_size=4 dataset=AIBO-2cl-IS09-llds model=ResNet-50-T optimizer=SGD with expr: {'expr': "dataset['id'] == 'AIBO-2cl-IS09-llds' and model['id'] != 'Seq-FFNN-IS09'"}
[2026-03-18 05:55:54,639][HYDRA] Filtered: +loggers=['autrainer.loggers.TensorBoardLogger'] +seed=1 +learning_rate=0.001 +batch_size=4 dataset=AIBO-2cl-IS09-llds model=Whisper-FFNN-Tiny-T optimizer=Adam with expr: {'expr': "dataset['id'] == 'AIBO-2cl-IS09-llds' and model['id'] != 'Seq-FFNN-IS09'"}
[2026-03-18 05:55:54,760][HYDRA] Filtered: +loggers=['autrainer.loggers.TensorBoardLogger'] +seed=1 +learning_rate=0.001 +batch_size=4 dataset=AIBO-2cl-IS09-llds model=Whisper-FFNN-Tiny-T optimizer=SGD with expr: {'expr': "dataset['id'] == 'AIBO-2cl-IS09-llds' and model['id'] != 'Seq-FFNN-IS09'"}
[2026-03-18 05:55:54,883][HYDRA] Filtered: +loggers=['autrainer.loggers.TensorBoardLogger'] +seed=1 +learning_rate=0.001 +batch_size=4 dataset=AIBO-2cl-IS09-llds model=w2v2-l-emo optimizer=Adam with expr: {'expr': "dataset['id'] == 'AIBO-2cl-IS09-llds' and model['id'] != 'Seq-FFNN-IS09'"}
[2026-03-18 05:55:55,005][HYDRA] Filtered: +loggers=['autrainer.loggers.TensorBoardLogger'] +seed=1 +learning_rate=0.001 +batch_size=4 dataset=AIBO-2cl-IS09-llds model=w2v2-l-emo optimizer=SGD with expr: {'expr': "dataset['id'] == 'AIBO-2cl-IS09-llds' and model['id'] != 'Seq-FFNN-IS09'"}
[2026-03-18 05:55:56,380][HYDRA] Filtered: +loggers=['autrainer.loggers.TensorBoardLogger'] +seed=1 +learning_rate=0.001 +batch_size=4 dataset=AIBO-2cl-wav model=Seq-FFNN-IS09 optimizer=Adam with expr: {'expr': 'dataset[\'id\'] == "AIBO-2cl-wav" and model[\'id\'] in ["Cnn14-16k-T","ResNet50-T","Seq-FFNN-IS09"]'}
[2026-03-18 05:55:56,501][HYDRA] Filtered: +loggers=['autrainer.loggers.TensorBoardLogger'] +seed=1 +learning_rate=0.001 +batch_size=4 dataset=AIBO-2cl-wav model=Seq-FFNN-IS09 optimizer=SGD with expr: {'expr': 'dataset[\'id\'] == "AIBO-2cl-wav" and model[\'id\'] in ["Cnn14-16k-T","ResNet50-T","Seq-FFNN-IS09"]'}
[2026-03-18 05:55:56,643][HYDRA] Filtered: +loggers=['autrainer.loggers.TensorBoardLogger'] +seed=1 +learning_rate=0.001 +batch_size=4 dataset=AIBO-2cl-wav model=Cnn14-16k-T optimizer=Adam with expr: {'expr': 'dataset[\'id\'] == "AIBO-2cl-wav" and model[\'id\'] in ["Cnn14-16k-T","ResNet50-T","Seq-FFNN-IS09"]'}
[2026-03-18 05:55:56,765][HYDRA] Filtered: +loggers=['autrainer.loggers.TensorBoardLogger'] +seed=1 +learning_rate=0.001 +batch_size=4 dataset=AIBO-2cl-wav model=Cnn14-16k-T optimizer=SGD with expr: {'expr': 'dataset[\'id\'] == "AIBO-2cl-wav" and model[\'id\'] in ["Cnn14-16k-T","ResNet50-T","Seq-FFNN-IS09"]'}
[2026-03-18 05:55:57,859][HYDRA] Filtered: +loggers=['autrainer.loggers.TensorBoardLogger'] +seed=1 +learning_rate=0.001 +batch_size=8 dataset=AIBO-2cl-IS09-llds model=Cnn14-16k-T optimizer=Adam with expr: {'expr': "dataset['id'] == 'AIBO-2cl-IS09-llds' and model['id'] != 'Seq-FFNN-IS09'"}
[2026-03-18 05:55:57,979][HYDRA] Filtered: +loggers=['autrainer.loggers.TensorBoardLogger'] +seed=1 +learning_rate=0.001 +batch_size=8 dataset=AIBO-2cl-IS09-llds model=Cnn14-16k-T optimizer=SGD with expr: {'expr': "dataset['id'] == 'AIBO-2cl-IS09-llds' and model['id'] != 'Seq-FFNN-IS09'"}
[2026-03-18 05:55:58,122][HYDRA] Filtered: +loggers=['autrainer.loggers.TensorBoardLogger'] +seed=1 +learning_rate=0.001 +batch_size=8 dataset=AIBO-2cl-IS09-llds model=ResNet-50-T optimizer=Adam with expr: {'expr': "dataset['id'] == 'AIBO-2cl-IS09-llds' and model['id'] != 'Seq-FFNN-IS09'"}
[2026-03-18 05:55:58,241][HYDRA] Filtered: +loggers=['autrainer.loggers.TensorBoardLogger'] +seed=1 +learning_rate=0.001 +batch_size=8 dataset=AIBO-2cl-IS09-llds model=ResNet-50-T optimizer=SGD with expr: {'expr': "dataset['id'] == 'AIBO-2cl-IS09-llds' and model['id'] != 'Seq-FFNN-IS09'"}
[2026-03-18 05:55:58,363][HYDRA] Filtered: +loggers=['autrainer.loggers.TensorBoardLogger'] +seed=1 +learning_rate=0.001 +batch_size=8 dataset=AIBO-2cl-IS09-llds model=Whisper-FFNN-Tiny-T optimizer=Adam with expr: {'expr': "dataset['id'] == 'AIBO-2cl-IS09-llds' and model['id'] != 'Seq-FFNN-IS09'"}
[2026-03-18 05:55:58,485][HYDRA] Filtered: +loggers=['autrainer.loggers.TensorBoardLogger'] +seed=1 +learning_rate=0.001 +batch_size=8 dataset=AIBO-2cl-IS09-llds model=Whisper-FFNN-Tiny-T optimizer=SGD with expr: {'expr': "dataset['id'] == 'AIBO-2cl-IS09-llds' and model['id'] != 'Seq-FFNN-IS09'"}
[2026-03-18 05:55:58,606][HYDRA] Filtered: +loggers=['autrainer.loggers.TensorBoardLogger'] +seed=1 +learning_rate=0.001 +batch_size=8 dataset=AIBO-2cl-IS09-llds model=w2v2-l-emo optimizer=Adam with expr: {'expr': "dataset['id'] == 'AIBO-2cl-IS09-llds' and model['id'] != 'Seq-FFNN-IS09'"}
[2026-03-18 05:55:58,727][HYDRA] Filtered: +loggers=['autrainer.loggers.TensorBoardLogger'] +seed=1 +learning_rate=0.001 +batch_size=8 dataset=AIBO-2cl-IS09-llds model=w2v2-l-emo optimizer=SGD with expr: {'expr': "dataset['id'] == 'AIBO-2cl-IS09-llds' and model['id'] != 'Seq-FFNN-IS09'"}
[2026-03-18 05:56:00,102][HYDRA] Filtered: +loggers=['autrainer.loggers.TensorBoardLogger'] +seed=1 +learning_rate=0.001 +batch_size=8 dataset=AIBO-2cl-wav model=Seq-FFNN-IS09 optimizer=Adam with expr: {'expr': 'dataset[\'id\'] == "AIBO-2cl-wav" and model[\'id\'] in ["Cnn14-16k-T","ResNet50-T","Seq-FFNN-IS09"]'}
[2026-03-18 05:56:00,223][HYDRA] Filtered: +loggers=['autrainer.loggers.TensorBoardLogger'] +seed=1 +learning_rate=0.001 +batch_size=8 dataset=AIBO-2cl-wav model=Seq-FFNN-IS09 optimizer=SGD with expr: {'expr': 'dataset[\'id\'] == "AIBO-2cl-wav" and model[\'id\'] in ["Cnn14-16k-T","ResNet50-T","Seq-FFNN-IS09"]'}
[2026-03-18 05:56:00,345][HYDRA] Filtered: +loggers=['autrainer.loggers.TensorBoardLogger'] +seed=1 +learning_rate=0.001 +batch_size=8 dataset=AIBO-2cl-wav model=Cnn14-16k-T optimizer=Adam with expr: {'expr': 'dataset[\'id\'] == "AIBO-2cl-wav" and model[\'id\'] in ["Cnn14-16k-T","ResNet50-T","Seq-FFNN-IS09"]'}
[2026-03-18 05:56:00,465][HYDRA] Filtered: +loggers=['autrainer.loggers.TensorBoardLogger'] +seed=1 +learning_rate=0.001 +batch_size=8 dataset=AIBO-2cl-wav model=Cnn14-16k-T optimizer=SGD with expr: {'expr': 'dataset[\'id\'] == "AIBO-2cl-wav" and model[\'id\'] in ["Cnn14-16k-T","ResNet50-T","Seq-FFNN-IS09"]'}
[2026-03-18 05:56:01,580][HYDRA] Filtered: +loggers=['autrainer.loggers.TensorBoardLogger'] +seed=1 +learning_rate=0.001 +batch_size=16 dataset=AIBO-2cl-IS09-llds model=Cnn14-16k-T optimizer=Adam with expr: {'expr': "dataset['id'] == 'AIBO-2cl-IS09-llds' and model['id'] != 'Seq-FFNN-IS09'"}
[2026-03-18 05:56:01,700][HYDRA] Filtered: +loggers=['autrainer.loggers.TensorBoardLogger'] +seed=1 +learning_rate=0.001 +batch_size=16 dataset=AIBO-2cl-IS09-llds model=Cnn14-16k-T optimizer=SGD with expr: {'expr': "dataset['id'] == 'AIBO-2cl-IS09-llds' and model['id'] != 'Seq-FFNN-IS09'"}
[2026-03-18 05:56:01,819][HYDRA] Filtered: +loggers=['autrainer.loggers.TensorBoardLogger'] +seed=1 +learning_rate=0.001 +batch_size=16 dataset=AIBO-2cl-IS09-llds model=ResNet-50-T optimizer=Adam with expr: {'expr': "dataset['id'] == 'AIBO-2cl-IS09-llds' and model['id'] != 'Seq-FFNN-IS09'"}
[2026-03-18 05:56:01,939][HYDRA] Filtered: +loggers=['autrainer.loggers.TensorBoardLogger'] +seed=1 +learning_rate=0.001 +batch_size=16 dataset=AIBO-2cl-IS09-llds model=ResNet-50-T optimizer=SGD with expr: {'expr': "dataset['id'] == 'AIBO-2cl-IS09-llds' and model['id'] != 'Seq-FFNN-IS09'"}
[2026-03-18 05:56:02,061][HYDRA] Filtered: +loggers=['autrainer.loggers.TensorBoardLogger'] +seed=1 +learning_rate=0.001 +batch_size=16 dataset=AIBO-2cl-IS09-llds model=Whisper-FFNN-Tiny-T optimizer=Adam with expr: {'expr': "dataset['id'] == 'AIBO-2cl-IS09-llds' and model['id'] != 'Seq-FFNN-IS09'"}
[2026-03-18 05:56:02,182][HYDRA] Filtered: +loggers=['autrainer.loggers.TensorBoardLogger'] +seed=1 +learning_rate=0.001 +batch_size=16 dataset=AIBO-2cl-IS09-llds model=Whisper-FFNN-Tiny-T optimizer=SGD with expr: {'expr': "dataset['id'] == 'AIBO-2cl-IS09-llds' and model['id'] != 'Seq-FFNN-IS09'"}
[2026-03-18 05:56:02,303][HYDRA] Filtered: +loggers=['autrainer.loggers.TensorBoardLogger'] +seed=1 +learning_rate=0.001 +batch_size=16 dataset=AIBO-2cl-IS09-llds model=w2v2-l-emo optimizer=Adam with expr: {'expr': "dataset['id'] == 'AIBO-2cl-IS09-llds' and model['id'] != 'Seq-FFNN-IS09'"}
[2026-03-18 05:56:02,447][HYDRA] Filtered: +loggers=['autrainer.loggers.TensorBoardLogger'] +seed=1 +learning_rate=0.001 +batch_size=16 dataset=AIBO-2cl-IS09-llds model=w2v2-l-emo optimizer=SGD with expr: {'expr': "dataset['id'] == 'AIBO-2cl-IS09-llds' and model['id'] != 'Seq-FFNN-IS09'"}
[2026-03-18 05:56:03,800][HYDRA] Filtered: +loggers=['autrainer.loggers.TensorBoardLogger'] +seed=1 +learning_rate=0.001 +batch_size=16 dataset=AIBO-2cl-wav model=Seq-FFNN-IS09 optimizer=Adam with expr: {'expr': 'dataset[\'id\'] == "AIBO-2cl-wav" and model[\'id\'] in ["Cnn14-16k-T","ResNet50-T","Seq-FFNN-IS09"]'}
[2026-03-18 05:56:03,947][HYDRA] Filtered: +loggers=['autrainer.loggers.TensorBoardLogger'] +seed=1 +learning_rate=0.001 +batch_size=16 dataset=AIBO-2cl-wav model=Seq-FFNN-IS09 optimizer=SGD with expr: {'expr': 'dataset[\'id\'] == "AIBO-2cl-wav" and model[\'id\'] in ["Cnn14-16k-T","ResNet50-T","Seq-FFNN-IS09"]'}
[2026-03-18 05:56:04,068][HYDRA] Filtered: +loggers=['autrainer.loggers.TensorBoardLogger'] +seed=1 +learning_rate=0.001 +batch_size=16 dataset=AIBO-2cl-wav model=Cnn14-16k-T optimizer=Adam with expr: {'expr': 'dataset[\'id\'] == "AIBO-2cl-wav" and model[\'id\'] in ["Cnn14-16k-T","ResNet50-T","Seq-FFNN-IS09"]'}
[2026-03-18 05:56:04,189][HYDRA] Filtered: +loggers=['autrainer.loggers.TensorBoardLogger'] +seed=1 +learning_rate=0.001 +batch_size=16 dataset=AIBO-2cl-wav model=Cnn14-16k-T optimizer=SGD with expr: {'expr': 'dataset[\'id\'] == "AIBO-2cl-wav" and model[\'id\'] in ["Cnn14-16k-T","ResNet50-T","Seq-FFNN-IS09"]'}
[2026-03-18 05:56:05,308][HYDRA] Filtered: +loggers=['autrainer.loggers.TensorBoardLogger'] +seed=1 +learning_rate=0.0001 +batch_size=4 dataset=AIBO-2cl-IS09-llds model=Cnn14-16k-T optimizer=Adam with expr: {'expr': "dataset['id'] == 'AIBO-2cl-IS09-llds' and model['id'] != 'Seq-FFNN-IS09'"}
[2026-03-18 05:56:05,428][HYDRA] Filtered: +loggers=['autrainer.loggers.TensorBoardLogger'] +seed=1 +learning_rate=0.0001 +batch_size=4 dataset=AIBO-2cl-IS09-llds model=Cnn14-16k-T optimizer=SGD with expr: {'expr': "dataset['id'] == 'AIBO-2cl-IS09-llds' and model['id'] != 'Seq-FFNN-IS09'"}
[2026-03-18 05:56:05,547][HYDRA] Filtered: +loggers=['autrainer.loggers.TensorBoardLogger'] +seed=1 +learning_rate=0.0001 +batch_size=4 dataset=AIBO-2cl-IS09-llds model=ResNet-50-T optimizer=Adam with expr: {'expr': "dataset['id'] == 'AIBO-2cl-IS09-llds' and model['id'] != 'Seq-FFNN-IS09'"}
[2026-03-18 05:56:05,667][HYDRA] Filtered: +loggers=['autrainer.loggers.TensorBoardLogger'] +seed=1 +learning_rate=0.0001 +batch_size=4 dataset=AIBO-2cl-IS09-llds model=ResNet-50-T optimizer=SGD with expr: {'expr': "dataset['id'] == 'AIBO-2cl-IS09-llds' and model['id'] != 'Seq-FFNN-IS09'"}
[2026-03-18 05:56:05,788][HYDRA] Filtered: +loggers=['autrainer.loggers.TensorBoardLogger'] +seed=1 +learning_rate=0.0001 +batch_size=4 dataset=AIBO-2cl-IS09-llds model=Whisper-FFNN-Tiny-T optimizer=Adam with expr: {'expr': "dataset['id'] == 'AIBO-2cl-IS09-llds' and model['id'] != 'Seq-FFNN-IS09'"}
[2026-03-18 05:56:05,909][HYDRA] Filtered: +loggers=['autrainer.loggers.TensorBoardLogger'] +seed=1 +learning_rate=0.0001 +batch_size=4 dataset=AIBO-2cl-IS09-llds model=Whisper-FFNN-Tiny-T optimizer=SGD with expr: {'expr': "dataset['id'] == 'AIBO-2cl-IS09-llds' and model['id'] != 'Seq-FFNN-IS09'"}
[2026-03-18 05:56:06,031][HYDRA] Filtered: +loggers=['autrainer.loggers.TensorBoardLogger'] +seed=1 +learning_rate=0.0001 +batch_size=4 dataset=AIBO-2cl-IS09-llds model=w2v2-l-emo optimizer=Adam with expr: {'expr': "dataset['id'] == 'AIBO-2cl-IS09-llds' and model['id'] != 'Seq-FFNN-IS09'"}
[2026-03-18 05:56:06,153][HYDRA] Filtered: +loggers=['autrainer.loggers.TensorBoardLogger'] +seed=1 +learning_rate=0.0001 +batch_size=4 dataset=AIBO-2cl-IS09-llds model=w2v2-l-emo optimizer=SGD with expr: {'expr': "dataset['id'] == 'AIBO-2cl-IS09-llds' and model['id'] != 'Seq-FFNN-IS09'"}
[2026-03-18 05:56:07,529][HYDRA] Filtered: +loggers=['autrainer.loggers.TensorBoardLogger'] +seed=1 +learning_rate=0.0001 +batch_size=4 dataset=AIBO-2cl-wav model=Seq-FFNN-IS09 optimizer=Adam with expr: {'expr': 'dataset[\'id\'] == "AIBO-2cl-wav" and model[\'id\'] in ["Cnn14-16k-T","ResNet50-T","Seq-FFNN-IS09"]'}
[2026-03-18 05:56:07,649][HYDRA] Filtered: +loggers=['autrainer.loggers.TensorBoardLogger'] +seed=1 +learning_rate=0.0001 +batch_size=4 dataset=AIBO-2cl-wav model=Seq-FFNN-IS09 optimizer=SGD with expr: {'expr': 'dataset[\'id\'] == "AIBO-2cl-wav" and model[\'id\'] in ["Cnn14-16k-T","ResNet50-T","Seq-FFNN-IS09"]'}
[2026-03-18 05:56:07,770][HYDRA] Filtered: +loggers=['autrainer.loggers.TensorBoardLogger'] +seed=1 +learning_rate=0.0001 +batch_size=4 dataset=AIBO-2cl-wav model=Cnn14-16k-T optimizer=Adam with expr: {'expr': 'dataset[\'id\'] == "AIBO-2cl-wav" and model[\'id\'] in ["Cnn14-16k-T","ResNet50-T","Seq-FFNN-IS09"]'}
[2026-03-18 05:56:07,890][HYDRA] Filtered: +loggers=['autrainer.loggers.TensorBoardLogger'] +seed=1 +learning_rate=0.0001 +batch_size=4 dataset=AIBO-2cl-wav model=Cnn14-16k-T optimizer=SGD with expr: {'expr': 'dataset[\'id\'] == "AIBO-2cl-wav" and model[\'id\'] in ["Cnn14-16k-T","ResNet50-T","Seq-FFNN-IS09"]'}
[2026-03-18 05:56:09,008][HYDRA] Filtered: +loggers=['autrainer.loggers.TensorBoardLogger'] +seed=1 +learning_rate=0.0001 +batch_size=8 dataset=AIBO-2cl-IS09-llds model=Cnn14-16k-T optimizer=Adam with expr: {'expr': "dataset['id'] == 'AIBO-2cl-IS09-llds' and model['id'] != 'Seq-FFNN-IS09'"}
[2026-03-18 05:56:09,128][HYDRA] Filtered: +loggers=['autrainer.loggers.TensorBoardLogger'] +seed=1 +learning_rate=0.0001 +batch_size=8 dataset=AIBO-2cl-IS09-llds model=Cnn14-16k-T optimizer=SGD with expr: {'expr': "dataset['id'] == 'AIBO-2cl-IS09-llds' and model['id'] != 'Seq-FFNN-IS09'"}
[2026-03-18 05:56:09,247][HYDRA] Filtered: +loggers=['autrainer.loggers.TensorBoardLogger'] +seed=1 +learning_rate=0.0001 +batch_size=8 dataset=AIBO-2cl-IS09-llds model=ResNet-50-T optimizer=Adam with expr: {'expr': "dataset['id'] == 'AIBO-2cl-IS09-llds' and model['id'] != 'Seq-FFNN-IS09'"}
[2026-03-18 05:56:09,367][HYDRA] Filtered: +loggers=['autrainer.loggers.TensorBoardLogger'] +seed=1 +learning_rate=0.0001 +batch_size=8 dataset=AIBO-2cl-IS09-llds model=ResNet-50-T optimizer=SGD with expr: {'expr': "dataset['id'] == 'AIBO-2cl-IS09-llds' and model['id'] != 'Seq-FFNN-IS09'"}
[2026-03-18 05:56:09,488][HYDRA] Filtered: +loggers=['autrainer.loggers.TensorBoardLogger'] +seed=1 +learning_rate=0.0001 +batch_size=8 dataset=AIBO-2cl-IS09-llds model=Whisper-FFNN-Tiny-T optimizer=Adam with expr: {'expr': "dataset['id'] == 'AIBO-2cl-IS09-llds' and model['id'] != 'Seq-FFNN-IS09'"}
[2026-03-18 05:56:09,609][HYDRA] Filtered: +loggers=['autrainer.loggers.TensorBoardLogger'] +seed=1 +learning_rate=0.0001 +batch_size=8 dataset=AIBO-2cl-IS09-llds model=Whisper-FFNN-Tiny-T optimizer=SGD with expr: {'expr': "dataset['id'] == 'AIBO-2cl-IS09-llds' and model['id'] != 'Seq-FFNN-IS09'"}
[2026-03-18 05:56:09,754][HYDRA] Filtered: +loggers=['autrainer.loggers.TensorBoardLogger'] +seed=1 +learning_rate=0.0001 +batch_size=8 dataset=AIBO-2cl-IS09-llds model=w2v2-l-emo optimizer=Adam with expr: {'expr': "dataset['id'] == 'AIBO-2cl-IS09-llds' and model['id'] != 'Seq-FFNN-IS09'"}
[2026-03-18 05:56:09,875][HYDRA] Filtered: +loggers=['autrainer.loggers.TensorBoardLogger'] +seed=1 +learning_rate=0.0001 +batch_size=8 dataset=AIBO-2cl-IS09-llds model=w2v2-l-emo optimizer=SGD with expr: {'expr': "dataset['id'] == 'AIBO-2cl-IS09-llds' and model['id'] != 'Seq-FFNN-IS09'"}
[2026-03-18 05:56:11,249][HYDRA] Filtered: +loggers=['autrainer.loggers.TensorBoardLogger'] +seed=1 +learning_rate=0.0001 +batch_size=8 dataset=AIBO-2cl-wav model=Seq-FFNN-IS09 optimizer=Adam with expr: {'expr': 'dataset[\'id\'] == "AIBO-2cl-wav" and model[\'id\'] in ["Cnn14-16k-T","ResNet50-T","Seq-FFNN-IS09"]'}
[2026-03-18 05:56:11,371][HYDRA] Filtered: +loggers=['autrainer.loggers.TensorBoardLogger'] +seed=1 +learning_rate=0.0001 +batch_size=8 dataset=AIBO-2cl-wav model=Seq-FFNN-IS09 optimizer=SGD with expr: {'expr': 'dataset[\'id\'] == "AIBO-2cl-wav" and model[\'id\'] in ["Cnn14-16k-T","ResNet50-T","Seq-FFNN-IS09"]'}
[2026-03-18 05:56:11,491][HYDRA] Filtered: +loggers=['autrainer.loggers.TensorBoardLogger'] +seed=1 +learning_rate=0.0001 +batch_size=8 dataset=AIBO-2cl-wav model=Cnn14-16k-T optimizer=Adam with expr: {'expr': 'dataset[\'id\'] == "AIBO-2cl-wav" and model[\'id\'] in ["Cnn14-16k-T","ResNet50-T","Seq-FFNN-IS09"]'}
[2026-03-18 05:56:11,612][HYDRA] Filtered: +loggers=['autrainer.loggers.TensorBoardLogger'] +seed=1 +learning_rate=0.0001 +batch_size=8 dataset=AIBO-2cl-wav model=Cnn14-16k-T optimizer=SGD with expr: {'expr': 'dataset[\'id\'] == "AIBO-2cl-wav" and model[\'id\'] in ["Cnn14-16k-T","ResNet50-T","Seq-FFNN-IS09"]'}
[2026-03-18 05:56:12,729][HYDRA] Filtered: +loggers=['autrainer.loggers.TensorBoardLogger'] +seed=1 +learning_rate=0.0001 +batch_size=16 dataset=AIBO-2cl-IS09-llds model=Cnn14-16k-T optimizer=Adam with expr: {'expr': "dataset['id'] == 'AIBO-2cl-IS09-llds' and model['id'] != 'Seq-FFNN-IS09'"}
[2026-03-18 05:56:12,849][HYDRA] Filtered: +loggers=['autrainer.loggers.TensorBoardLogger'] +seed=1 +learning_rate=0.0001 +batch_size=16 dataset=AIBO-2cl-IS09-llds model=Cnn14-16k-T optimizer=SGD with expr: {'expr': "dataset['id'] == 'AIBO-2cl-IS09-llds' and model['id'] != 'Seq-FFNN-IS09'"}
[2026-03-18 05:56:12,969][HYDRA] Filtered: +loggers=['autrainer.loggers.TensorBoardLogger'] +seed=1 +learning_rate=0.0001 +batch_size=16 dataset=AIBO-2cl-IS09-llds model=ResNet-50-T optimizer=Adam with expr: {'expr': "dataset['id'] == 'AIBO-2cl-IS09-llds' and model['id'] != 'Seq-FFNN-IS09'"}
[2026-03-18 05:56:13,089][HYDRA] Filtered: +loggers=['autrainer.loggers.TensorBoardLogger'] +seed=1 +learning_rate=0.0001 +batch_size=16 dataset=AIBO-2cl-IS09-llds model=ResNet-50-T optimizer=SGD with expr: {'expr': "dataset['id'] == 'AIBO-2cl-IS09-llds' and model['id'] != 'Seq-FFNN-IS09'"}
[2026-03-18 05:56:13,211][HYDRA] Filtered: +loggers=['autrainer.loggers.TensorBoardLogger'] +seed=1 +learning_rate=0.0001 +batch_size=16 dataset=AIBO-2cl-IS09-llds model=Whisper-FFNN-Tiny-T optimizer=Adam with expr: {'expr': "dataset['id'] == 'AIBO-2cl-IS09-llds' and model['id'] != 'Seq-FFNN-IS09'"}
[2026-03-18 05:56:13,332][HYDRA] Filtered: +loggers=['autrainer.loggers.TensorBoardLogger'] +seed=1 +learning_rate=0.0001 +batch_size=16 dataset=AIBO-2cl-IS09-llds model=Whisper-FFNN-Tiny-T optimizer=SGD with expr: {'expr': "dataset['id'] == 'AIBO-2cl-IS09-llds' and model['id'] != 'Seq-FFNN-IS09'"}
[2026-03-18 05:56:13,453][HYDRA] Filtered: +loggers=['autrainer.loggers.TensorBoardLogger'] +seed=1 +learning_rate=0.0001 +batch_size=16 dataset=AIBO-2cl-IS09-llds model=w2v2-l-emo optimizer=Adam with expr: {'expr': "dataset['id'] == 'AIBO-2cl-IS09-llds' and model['id'] != 'Seq-FFNN-IS09'"}
[2026-03-18 05:56:13,574][HYDRA] Filtered: +loggers=['autrainer.loggers.TensorBoardLogger'] +seed=1 +learning_rate=0.0001 +batch_size=16 dataset=AIBO-2cl-IS09-llds model=w2v2-l-emo optimizer=SGD with expr: {'expr': "dataset['id'] == 'AIBO-2cl-IS09-llds' and model['id'] != 'Seq-FFNN-IS09'"}
[2026-03-18 05:56:14,948][HYDRA] Filtered: +loggers=['autrainer.loggers.TensorBoardLogger'] +seed=1 +learning_rate=0.0001 +batch_size=16 dataset=AIBO-2cl-wav model=Seq-FFNN-IS09 optimizer=Adam with expr: {'expr': 'dataset[\'id\'] == "AIBO-2cl-wav" and model[\'id\'] in ["Cnn14-16k-T","ResNet50-T","Seq-FFNN-IS09"]'}
[2026-03-18 05:56:15,069][HYDRA] Filtered: +loggers=['autrainer.loggers.TensorBoardLogger'] +seed=1 +learning_rate=0.0001 +batch_size=16 dataset=AIBO-2cl-wav model=Seq-FFNN-IS09 optimizer=SGD with expr: {'expr': 'dataset[\'id\'] == "AIBO-2cl-wav" and model[\'id\'] in ["Cnn14-16k-T","ResNet50-T","Seq-FFNN-IS09"]'}
[2026-03-18 05:56:15,190][HYDRA] Filtered: +loggers=['autrainer.loggers.TensorBoardLogger'] +seed=1 +learning_rate=0.0001 +batch_size=16 dataset=AIBO-2cl-wav model=Cnn14-16k-T optimizer=Adam with expr: {'expr': 'dataset[\'id\'] == "AIBO-2cl-wav" and model[\'id\'] in ["Cnn14-16k-T","ResNet50-T","Seq-FFNN-IS09"]'}
[2026-03-18 05:56:15,310][HYDRA] Filtered: +loggers=['autrainer.loggers.TensorBoardLogger'] +seed=1 +learning_rate=0.0001 +batch_size=16 dataset=AIBO-2cl-wav model=Cnn14-16k-T optimizer=SGD with expr: {'expr': 'dataset[\'id\'] == "AIBO-2cl-wav" and model[\'id\'] in ["Cnn14-16k-T","ResNet50-T","Seq-FFNN-IS09"]'}
[2026-03-18 05:56:33,921][HYDRA] Launching 162 jobs locally
[2026-03-18 05:56:33,921][HYDRA] 	#0 : +loggers=['autrainer.loggers.TensorBoardLogger'] +seed=1 +learning_rate=0.01 +batch_size=4 dataset=AIBO-2cl-IS09-llds model=Seq-FFNN-IS09 optimizer=Adam
[2026-03-18 05:56:39,123][speechbrain.utils.checkpoints][DEBUG] - Registered checkpoint save hook for _speechbrain_save
[2026-03-18 05:56:39,124][speechbrain.utils.checkpoints][DEBUG] - Registered checkpoint load hook for _speechbrain_load
[2026-03-18 05:56:39,124][speechbrain.utils.checkpoints][DEBUG] - Registered checkpoint save hook for save
[2026-03-18 05:56:39,124][speechbrain.utils.checkpoints][DEBUG] - Registered checkpoint load hook for load
[2026-03-18 05:56:39,390][speechbrain.utils.quirks][INFO] - Applied quirks (see `speechbrain.utils.quirks`): [allow_tf32, disable_jit_profiling]
[2026-03-18 05:56:39,390][speechbrain.utils.quirks][INFO] - Excluded quirks specified by the `SB_DISABLE_QUIRKS` environment (comma-separated list): []
[2026-03-18 05:56:39,391][speechbrain.utils.checkpoints][DEBUG] - Registered checkpoint save hook for _save
[2026-03-18 05:56:39,391][speechbrain.utils.checkpoints][DEBUG] - Registered checkpoint load hook for _recover
[2026-03-18 05:56:39,396][speechbrain.utils.checkpoints][DEBUG] - Registered checkpoint save hook for _save
[2026-03-18 05:56:39,396][speechbrain.utils.checkpoints][DEBUG] - Registered checkpoint load hook for _load
[2026-03-18 05:56:39,396][speechbrain.utils.checkpoints][DEBUG] - Registered parameter transfer hook for _load
[2026-03-18 05:56:40,492][HYDRA] 	#1 : +loggers=['autrainer.loggers.TensorBoardLogger'] +seed=1 +learning_rate=0.01 +batch_size=4 dataset=AIBO-2cl-IS09-llds model=Seq-FFNN-IS09 optimizer=SGD
[2026-03-18 05:56:41,019][HYDRA] 	#2 : +loggers=['autrainer.loggers.TensorBoardLogger'] +seed=1 +learning_rate=0.01 +batch_size=4 dataset=AIBO-2cl-mel-16k model=Seq-FFNN-IS09 optimizer=Adam
[2026-03-18 05:56:41,212][HYDRA] 	#3 : +loggers=['autrainer.loggers.TensorBoardLogger'] +seed=1 +learning_rate=0.01 +batch_size=4 dataset=AIBO-2cl-mel-16k model=Seq-FFNN-IS09 optimizer=SGD
[2026-03-18 05:56:41,405][HYDRA] 	#4 : +loggers=['autrainer.loggers.TensorBoardLogger'] +seed=1 +learning_rate=0.01 +batch_size=4 dataset=AIBO-2cl-mel-16k model=Cnn14-16k-T optimizer=Adam
[2026-03-18 05:56:41,593][HYDRA] 	#5 : +loggers=['autrainer.loggers.TensorBoardLogger'] +seed=1 +learning_rate=0.01 +batch_size=4 dataset=AIBO-2cl-mel-16k model=Cnn14-16k-T optimizer=SGD
[2026-03-18 05:56:41,774][HYDRA] 	#6 : +loggers=['autrainer.loggers.TensorBoardLogger'] +seed=1 +learning_rate=0.01 +batch_size=4 dataset=AIBO-2cl-mel-16k model=ResNet-50-T optimizer=Adam
[2026-03-18 05:56:41,959][HYDRA] 	#7 : +loggers=['autrainer.loggers.TensorBoardLogger'] +seed=1 +learning_rate=0.01 +batch_size=4 dataset=AIBO-2cl-mel-16k model=ResNet-50-T optimizer=SGD
[2026-03-18 05:56:42,384][HYDRA] 	#8 : +loggers=['autrainer.loggers.TensorBoardLogger'] +seed=1 +learning_rate=0.01 +batch_size=4 dataset=AIBO-2cl-mel-16k model=Whisper-FFNN-Tiny-T optimizer=Adam
[2026-03-18 05:56:43,017][HYDRA] 	#9 : +loggers=['autrainer.loggers.TensorBoardLogger'] +seed=1 +learning_rate=0.01 +batch_size=4 dataset=AIBO-2cl-mel-16k model=Whisper-FFNN-Tiny-T optimizer=SGD
[2026-03-18 05:56:43,528][HYDRA] 	#10 : +loggers=['autrainer.loggers.TensorBoardLogger'] +seed=1 +learning_rate=0.01 +batch_size=4 dataset=AIBO-2cl-mel-16k model=w2v2-l-emo optimizer=Adam
[2026-03-18 05:56:44,033][HYDRA] 	#11 : +loggers=['autrainer.loggers.TensorBoardLogger'] +seed=1 +learning_rate=0.01 +batch_size=4 dataset=AIBO-2cl-mel-16k model=w2v2-l-emo optimizer=SGD
[2026-03-18 05:56:44,538][HYDRA] 	#12 : +loggers=['autrainer.loggers.TensorBoardLogger'] +seed=1 +learning_rate=0.01 +batch_size=4 dataset=AIBO-2cl-wav model=ResNet-50-T optimizer=Adam
[2026-03-18 05:56:44,738][HYDRA] 	#13 : +loggers=['autrainer.loggers.TensorBoardLogger'] +seed=1 +learning_rate=0.01 +batch_size=4 dataset=AIBO-2cl-wav model=ResNet-50-T optimizer=SGD
[2026-03-18 05:56:44,917][HYDRA] 	#14 : +loggers=['autrainer.loggers.TensorBoardLogger'] +seed=1 +learning_rate=0.01 +batch_size=4 dataset=AIBO-2cl-wav model=Whisper-FFNN-Tiny-T optimizer=Adam
[2026-03-18 05:56:45,433][HYDRA] 	#15 : +loggers=['autrainer.loggers.TensorBoardLogger'] +seed=1 +learning_rate=0.01 +batch_size=4 dataset=AIBO-2cl-wav model=Whisper-FFNN-Tiny-T optimizer=SGD
[2026-03-18 05:56:45,960][HYDRA] 	#16 : +loggers=['autrainer.loggers.TensorBoardLogger'] +seed=1 +learning_rate=0.01 +batch_size=4 dataset=AIBO-2cl-wav model=w2v2-l-emo optimizer=Adam
[2026-03-18 05:56:46,482][HYDRA] 	#17 : +loggers=['autrainer.loggers.TensorBoardLogger'] +seed=1 +learning_rate=0.01 +batch_size=4 dataset=AIBO-2cl-wav model=w2v2-l-emo optimizer=SGD
[2026-03-18 05:56:46,995][HYDRA] 	#18 : +loggers=['autrainer.loggers.TensorBoardLogger'] +seed=1 +learning_rate=0.01 +batch_size=8 dataset=AIBO-2cl-IS09-llds model=Seq-FFNN-IS09 optimizer=Adam
[2026-03-18 05:56:47,558][HYDRA] 	#19 : +loggers=['autrainer.loggers.TensorBoardLogger'] +seed=1 +learning_rate=0.01 +batch_size=8 dataset=AIBO-2cl-IS09-llds model=Seq-FFNN-IS09 optimizer=SGD
[2026-03-18 05:56:48,080][HYDRA] 	#20 : +loggers=['autrainer.loggers.TensorBoardLogger'] +seed=1 +learning_rate=0.01 +batch_size=8 dataset=AIBO-2cl-mel-16k model=Seq-FFNN-IS09 optimizer=Adam
[2026-03-18 05:56:48,267][HYDRA] 	#21 : +loggers=['autrainer.loggers.TensorBoardLogger'] +seed=1 +learning_rate=0.01 +batch_size=8 dataset=AIBO-2cl-mel-16k model=Seq-FFNN-IS09 optimizer=SGD
[2026-03-18 05:56:48,467][HYDRA] 	#22 : +loggers=['autrainer.loggers.TensorBoardLogger'] +seed=1 +learning_rate=0.01 +batch_size=8 dataset=AIBO-2cl-mel-16k model=Cnn14-16k-T optimizer=Adam
[2026-03-18 05:56:48,656][HYDRA] 	#23 : +loggers=['autrainer.loggers.TensorBoardLogger'] +seed=1 +learning_rate=0.01 +batch_size=8 dataset=AIBO-2cl-mel-16k model=Cnn14-16k-T optimizer=SGD
[2026-03-18 05:56:48,849][HYDRA] 	#24 : +loggers=['autrainer.loggers.TensorBoardLogger'] +seed=1 +learning_rate=0.01 +batch_size=8 dataset=AIBO-2cl-mel-16k model=ResNet-50-T optimizer=Adam
[2026-03-18 05:56:49,029][HYDRA] 	#25 : +loggers=['autrainer.loggers.TensorBoardLogger'] +seed=1 +learning_rate=0.01 +batch_size=8 dataset=AIBO-2cl-mel-16k model=ResNet-50-T optimizer=SGD
[2026-03-18 05:56:49,214][HYDRA] 	#26 : +loggers=['autrainer.loggers.TensorBoardLogger'] +seed=1 +learning_rate=0.01 +batch_size=8 dataset=AIBO-2cl-mel-16k model=Whisper-FFNN-Tiny-T optimizer=Adam
[2026-03-18 05:56:49,729][HYDRA] 	#27 : +loggers=['autrainer.loggers.TensorBoardLogger'] +seed=1 +learning_rate=0.01 +batch_size=8 dataset=AIBO-2cl-mel-16k model=Whisper-FFNN-Tiny-T optimizer=SGD
[2026-03-18 05:56:50,258][HYDRA] 	#28 : +loggers=['autrainer.loggers.TensorBoardLogger'] +seed=1 +learning_rate=0.01 +batch_size=8 dataset=AIBO-2cl-mel-16k model=w2v2-l-emo optimizer=Adam
[2026-03-18 05:56:51,107][HYDRA] 	#29 : +loggers=['autrainer.loggers.TensorBoardLogger'] +seed=1 +learning_rate=0.01 +batch_size=8 dataset=AIBO-2cl-mel-16k model=w2v2-l-emo optimizer=SGD
[2026-03-18 05:56:51,638][HYDRA] 	#30 : +loggers=['autrainer.loggers.TensorBoardLogger'] +seed=1 +learning_rate=0.01 +batch_size=8 dataset=AIBO-2cl-wav model=ResNet-50-T optimizer=Adam
[2026-03-18 05:56:51,839][HYDRA] 	#31 : +loggers=['autrainer.loggers.TensorBoardLogger'] +seed=1 +learning_rate=0.01 +batch_size=8 dataset=AIBO-2cl-wav model=ResNet-50-T optimizer=SGD
[2026-03-18 05:56:52,020][HYDRA] 	#32 : +loggers=['autrainer.loggers.TensorBoardLogger'] +seed=1 +learning_rate=0.01 +batch_size=8 dataset=AIBO-2cl-wav model=Whisper-FFNN-Tiny-T optimizer=Adam
[2026-03-18 05:56:52,534][HYDRA] 	#33 : +loggers=['autrainer.loggers.TensorBoardLogger'] +seed=1 +learning_rate=0.01 +batch_size=8 dataset=AIBO-2cl-wav model=Whisper-FFNN-Tiny-T optimizer=SGD
[2026-03-18 05:56:53,051][HYDRA] 	#34 : +loggers=['autrainer.loggers.TensorBoardLogger'] +seed=1 +learning_rate=0.01 +batch_size=8 dataset=AIBO-2cl-wav model=w2v2-l-emo optimizer=Adam
[2026-03-18 05:56:53,555][HYDRA] 	#35 : +loggers=['autrainer.loggers.TensorBoardLogger'] +seed=1 +learning_rate=0.01 +batch_size=8 dataset=AIBO-2cl-wav model=w2v2-l-emo optimizer=SGD
[2026-03-18 05:56:54,075][HYDRA] 	#36 : +loggers=['autrainer.loggers.TensorBoardLogger'] +seed=1 +learning_rate=0.01 +batch_size=16 dataset=AIBO-2cl-IS09-llds model=Seq-FFNN-IS09 optimizer=Adam
[2026-03-18 05:56:54,602][HYDRA] 	#37 : +loggers=['autrainer.loggers.TensorBoardLogger'] +seed=1 +learning_rate=0.01 +batch_size=16 dataset=AIBO-2cl-IS09-llds model=Seq-FFNN-IS09 optimizer=SGD
[2026-03-18 05:56:55,136][HYDRA] 	#38 : +loggers=['autrainer.loggers.TensorBoardLogger'] +seed=1 +learning_rate=0.01 +batch_size=16 dataset=AIBO-2cl-mel-16k model=Seq-FFNN-IS09 optimizer=Adam
[2026-03-18 05:56:55,324][HYDRA] 	#39 : +loggers=['autrainer.loggers.TensorBoardLogger'] +seed=1 +learning_rate=0.01 +batch_size=16 dataset=AIBO-2cl-mel-16k model=Seq-FFNN-IS09 optimizer=SGD
[2026-03-18 05:56:55,521][HYDRA] 	#40 : +loggers=['autrainer.loggers.TensorBoardLogger'] +seed=1 +learning_rate=0.01 +batch_size=16 dataset=AIBO-2cl-mel-16k model=Cnn14-16k-T optimizer=Adam
[2026-03-18 05:56:55,703][HYDRA] 	#41 : +loggers=['autrainer.loggers.TensorBoardLogger'] +seed=1 +learning_rate=0.01 +batch_size=16 dataset=AIBO-2cl-mel-16k model=Cnn14-16k-T optimizer=SGD
[2026-03-18 05:56:55,889][HYDRA] 	#42 : +loggers=['autrainer.loggers.TensorBoardLogger'] +seed=1 +learning_rate=0.01 +batch_size=16 dataset=AIBO-2cl-mel-16k model=ResNet-50-T optimizer=Adam
[2026-03-18 05:56:56,075][HYDRA] 	#43 : +loggers=['autrainer.loggers.TensorBoardLogger'] +seed=1 +learning_rate=0.01 +batch_size=16 dataset=AIBO-2cl-mel-16k model=ResNet-50-T optimizer=SGD
[2026-03-18 05:56:56,259][HYDRA] 	#44 : +loggers=['autrainer.loggers.TensorBoardLogger'] +seed=1 +learning_rate=0.01 +batch_size=16 dataset=AIBO-2cl-mel-16k model=Whisper-FFNN-Tiny-T optimizer=Adam
[2026-03-18 05:56:56,818][HYDRA] 	#45 : +loggers=['autrainer.loggers.TensorBoardLogger'] +seed=1 +learning_rate=0.01 +batch_size=16 dataset=AIBO-2cl-mel-16k model=Whisper-FFNN-Tiny-T optimizer=SGD
[2026-03-18 05:56:57,334][HYDRA] 	#46 : +loggers=['autrainer.loggers.TensorBoardLogger'] +seed=1 +learning_rate=0.01 +batch_size=16 dataset=AIBO-2cl-mel-16k model=w2v2-l-emo optimizer=Adam
[2026-03-18 05:56:57,860][HYDRA] 	#47 : +loggers=['autrainer.loggers.TensorBoardLogger'] +seed=1 +learning_rate=0.01 +batch_size=16 dataset=AIBO-2cl-mel-16k model=w2v2-l-emo optimizer=SGD
[2026-03-18 05:56:58,390][HYDRA] 	#48 : +loggers=['autrainer.loggers.TensorBoardLogger'] +seed=1 +learning_rate=0.01 +batch_size=16 dataset=AIBO-2cl-wav model=ResNet-50-T optimizer=Adam
[2026-03-18 05:56:58,590][HYDRA] 	#49 : +loggers=['autrainer.loggers.TensorBoardLogger'] +seed=1 +learning_rate=0.01 +batch_size=16 dataset=AIBO-2cl-wav model=ResNet-50-T optimizer=SGD
[2026-03-18 05:56:58,768][HYDRA] 	#50 : +loggers=['autrainer.loggers.TensorBoardLogger'] +seed=1 +learning_rate=0.01 +batch_size=16 dataset=AIBO-2cl-wav model=Whisper-FFNN-Tiny-T optimizer=Adam
[2026-03-18 05:56:59,280][HYDRA] 	#51 : +loggers=['autrainer.loggers.TensorBoardLogger'] +seed=1 +learning_rate=0.01 +batch_size=16 dataset=AIBO-2cl-wav model=Whisper-FFNN-Tiny-T optimizer=SGD
[2026-03-18 05:57:00,145][HYDRA] 	#52 : +loggers=['autrainer.loggers.TensorBoardLogger'] +seed=1 +learning_rate=0.01 +batch_size=16 dataset=AIBO-2cl-wav model=w2v2-l-emo optimizer=Adam
[2026-03-18 05:57:00,670][HYDRA] 	#53 : +loggers=['autrainer.loggers.TensorBoardLogger'] +seed=1 +learning_rate=0.01 +batch_size=16 dataset=AIBO-2cl-wav model=w2v2-l-emo optimizer=SGD
[2026-03-18 05:57:01,195][HYDRA] 	#54 : +loggers=['autrainer.loggers.TensorBoardLogger'] +seed=1 +learning_rate=0.001 +batch_size=4 dataset=AIBO-2cl-IS09-llds model=Seq-FFNN-IS09 optimizer=Adam
[2026-03-18 05:57:01,752][HYDRA] 	#55 : +loggers=['autrainer.loggers.TensorBoardLogger'] +seed=1 +learning_rate=0.001 +batch_size=4 dataset=AIBO-2cl-IS09-llds model=Seq-FFNN-IS09 optimizer=SGD
[2026-03-18 05:57:02,286][HYDRA] 	#56 : +loggers=['autrainer.loggers.TensorBoardLogger'] +seed=1 +learning_rate=0.001 +batch_size=4 dataset=AIBO-2cl-mel-16k model=Seq-FFNN-IS09 optimizer=Adam
[2026-03-18 05:57:02,473][HYDRA] 	#57 : +loggers=['autrainer.loggers.TensorBoardLogger'] +seed=1 +learning_rate=0.001 +batch_size=4 dataset=AIBO-2cl-mel-16k model=Seq-FFNN-IS09 optimizer=SGD
[2026-03-18 05:57:02,666][HYDRA] 	#58 : +loggers=['autrainer.loggers.TensorBoardLogger'] +seed=1 +learning_rate=0.001 +batch_size=4 dataset=AIBO-2cl-mel-16k model=Cnn14-16k-T optimizer=Adam
[2026-03-18 05:57:02,853][HYDRA] 	#59 : +loggers=['autrainer.loggers.TensorBoardLogger'] +seed=1 +learning_rate=0.001 +batch_size=4 dataset=AIBO-2cl-mel-16k model=Cnn14-16k-T optimizer=SGD
[2026-03-18 05:57:03,039][HYDRA] 	#60 : +loggers=['autrainer.loggers.TensorBoardLogger'] +seed=1 +learning_rate=0.001 +batch_size=4 dataset=AIBO-2cl-mel-16k model=ResNet-50-T optimizer=Adam
[2026-03-18 05:57:03,225][HYDRA] 	#61 : +loggers=['autrainer.loggers.TensorBoardLogger'] +seed=1 +learning_rate=0.001 +batch_size=4 dataset=AIBO-2cl-mel-16k model=ResNet-50-T optimizer=SGD
[2026-03-18 05:57:03,410][HYDRA] 	#62 : +loggers=['autrainer.loggers.TensorBoardLogger'] +seed=1 +learning_rate=0.001 +batch_size=4 dataset=AIBO-2cl-mel-16k model=Whisper-FFNN-Tiny-T optimizer=Adam
[2026-03-18 05:57:03,912][HYDRA] 	#63 : +loggers=['autrainer.loggers.TensorBoardLogger'] +seed=1 +learning_rate=0.001 +batch_size=4 dataset=AIBO-2cl-mel-16k model=Whisper-FFNN-Tiny-T optimizer=SGD
[2026-03-18 05:57:04,423][HYDRA] 	#64 : +loggers=['autrainer.loggers.TensorBoardLogger'] +seed=1 +learning_rate=0.001 +batch_size=4 dataset=AIBO-2cl-mel-16k model=w2v2-l-emo optimizer=Adam
[2026-03-18 05:57:04,947][HYDRA] 	#65 : +loggers=['autrainer.loggers.TensorBoardLogger'] +seed=1 +learning_rate=0.001 +batch_size=4 dataset=AIBO-2cl-mel-16k model=w2v2-l-emo optimizer=SGD
[2026-03-18 05:57:05,453][HYDRA] 	#66 : +loggers=['autrainer.loggers.TensorBoardLogger'] +seed=1 +learning_rate=0.001 +batch_size=4 dataset=AIBO-2cl-wav model=ResNet-50-T optimizer=Adam
[2026-03-18 05:57:05,653][HYDRA] 	#67 : +loggers=['autrainer.loggers.TensorBoardLogger'] +seed=1 +learning_rate=0.001 +batch_size=4 dataset=AIBO-2cl-wav model=ResNet-50-T optimizer=SGD
[2026-03-18 05:57:05,832][HYDRA] 	#68 : +loggers=['autrainer.loggers.TensorBoardLogger'] +seed=1 +learning_rate=0.001 +batch_size=4 dataset=AIBO-2cl-wav model=Whisper-FFNN-Tiny-T optimizer=Adam
[2026-03-18 05:57:06,345][HYDRA] 	#69 : +loggers=['autrainer.loggers.TensorBoardLogger'] +seed=1 +learning_rate=0.001 +batch_size=4 dataset=AIBO-2cl-wav model=Whisper-FFNN-Tiny-T optimizer=SGD
[2026-03-18 05:57:06,875][HYDRA] 	#70 : +loggers=['autrainer.loggers.TensorBoardLogger'] +seed=1 +learning_rate=0.001 +batch_size=4 dataset=AIBO-2cl-wav model=w2v2-l-emo optimizer=Adam
[2026-03-18 05:57:07,404][HYDRA] 	#71 : +loggers=['autrainer.loggers.TensorBoardLogger'] +seed=1 +learning_rate=0.001 +batch_size=4 dataset=AIBO-2cl-wav model=w2v2-l-emo optimizer=SGD
[2026-03-18 05:57:07,930][HYDRA] 	#72 : +loggers=['autrainer.loggers.TensorBoardLogger'] +seed=1 +learning_rate=0.001 +batch_size=8 dataset=AIBO-2cl-IS09-llds model=Seq-FFNN-IS09 optimizer=Adam
[2026-03-18 05:57:08,479][HYDRA] 	#73 : +loggers=['autrainer.loggers.TensorBoardLogger'] +seed=1 +learning_rate=0.001 +batch_size=8 dataset=AIBO-2cl-IS09-llds model=Seq-FFNN-IS09 optimizer=SGD
[2026-03-18 05:57:09,003][HYDRA] 	#74 : +loggers=['autrainer.loggers.TensorBoardLogger'] +seed=1 +learning_rate=0.001 +batch_size=8 dataset=AIBO-2cl-mel-16k model=Seq-FFNN-IS09 optimizer=Adam
[2026-03-18 05:57:09,190][HYDRA] 	#75 : +loggers=['autrainer.loggers.TensorBoardLogger'] +seed=1 +learning_rate=0.001 +batch_size=8 dataset=AIBO-2cl-mel-16k model=Seq-FFNN-IS09 optimizer=SGD
[2026-03-18 05:57:09,383][HYDRA] 	#76 : +loggers=['autrainer.loggers.TensorBoardLogger'] +seed=1 +learning_rate=0.001 +batch_size=8 dataset=AIBO-2cl-mel-16k model=Cnn14-16k-T optimizer=Adam
[2026-03-18 05:57:09,569][HYDRA] 	#77 : +loggers=['autrainer.loggers.TensorBoardLogger'] +seed=1 +learning_rate=0.001 +batch_size=8 dataset=AIBO-2cl-mel-16k model=Cnn14-16k-T optimizer=SGD
[2026-03-18 05:57:09,755][HYDRA] 	#78 : +loggers=['autrainer.loggers.TensorBoardLogger'] +seed=1 +learning_rate=0.001 +batch_size=8 dataset=AIBO-2cl-mel-16k model=ResNet-50-T optimizer=Adam
[2026-03-18 05:57:09,941][HYDRA] 	#79 : +loggers=['autrainer.loggers.TensorBoardLogger'] +seed=1 +learning_rate=0.001 +batch_size=8 dataset=AIBO-2cl-mel-16k model=ResNet-50-T optimizer=SGD
[2026-03-18 05:57:10,450][HYDRA] 	#80 : +loggers=['autrainer.loggers.TensorBoardLogger'] +seed=1 +learning_rate=0.001 +batch_size=8 dataset=AIBO-2cl-mel-16k model=Whisper-FFNN-Tiny-T optimizer=Adam
[2026-03-18 05:57:10,963][HYDRA] 	#81 : +loggers=['autrainer.loggers.TensorBoardLogger'] +seed=1 +learning_rate=0.001 +batch_size=8 dataset=AIBO-2cl-mel-16k model=Whisper-FFNN-Tiny-T optimizer=SGD
[2026-03-18 05:57:11,499][HYDRA] 	#82 : +loggers=['autrainer.loggers.TensorBoardLogger'] +seed=1 +learning_rate=0.001 +batch_size=8 dataset=AIBO-2cl-mel-16k model=w2v2-l-emo optimizer=Adam
[2026-03-18 05:57:12,121][HYDRA] 	#83 : +loggers=['autrainer.loggers.TensorBoardLogger'] +seed=1 +learning_rate=0.001 +batch_size=8 dataset=AIBO-2cl-mel-16k model=w2v2-l-emo optimizer=SGD
[2026-03-18 05:57:12,647][HYDRA] 	#84 : +loggers=['autrainer.loggers.TensorBoardLogger'] +seed=1 +learning_rate=0.001 +batch_size=8 dataset=AIBO-2cl-wav model=ResNet-50-T optimizer=Adam
[2026-03-18 05:57:12,822][HYDRA] 	#85 : +loggers=['autrainer.loggers.TensorBoardLogger'] +seed=1 +learning_rate=0.001 +batch_size=8 dataset=AIBO-2cl-wav model=ResNet-50-T optimizer=SGD
[2026-03-18 05:57:13,002][HYDRA] 	#86 : +loggers=['autrainer.loggers.TensorBoardLogger'] +seed=1 +learning_rate=0.001 +batch_size=8 dataset=AIBO-2cl-wav model=Whisper-FFNN-Tiny-T optimizer=Adam
[2026-03-18 05:57:13,518][HYDRA] 	#87 : +loggers=['autrainer.loggers.TensorBoardLogger'] +seed=1 +learning_rate=0.001 +batch_size=8 dataset=AIBO-2cl-wav model=Whisper-FFNN-Tiny-T optimizer=SGD
[2026-03-18 05:57:14,044][HYDRA] 	#88 : +loggers=['autrainer.loggers.TensorBoardLogger'] +seed=1 +learning_rate=0.001 +batch_size=8 dataset=AIBO-2cl-wav model=w2v2-l-emo optimizer=Adam
[2026-03-18 05:57:14,563][HYDRA] 	#89 : +loggers=['autrainer.loggers.TensorBoardLogger'] +seed=1 +learning_rate=0.001 +batch_size=8 dataset=AIBO-2cl-wav model=w2v2-l-emo optimizer=SGD
[2026-03-18 05:57:15,081][HYDRA] 	#90 : +loggers=['autrainer.loggers.TensorBoardLogger'] +seed=1 +learning_rate=0.001 +batch_size=16 dataset=AIBO-2cl-IS09-llds model=Seq-FFNN-IS09 optimizer=Adam
[2026-03-18 05:57:15,611][HYDRA] 	#91 : +loggers=['autrainer.loggers.TensorBoardLogger'] +seed=1 +learning_rate=0.001 +batch_size=16 dataset=AIBO-2cl-IS09-llds model=Seq-FFNN-IS09 optimizer=SGD
[2026-03-18 05:57:16,129][HYDRA] 	#92 : +loggers=['autrainer.loggers.TensorBoardLogger'] +seed=1 +learning_rate=0.001 +batch_size=16 dataset=AIBO-2cl-mel-16k model=Seq-FFNN-IS09 optimizer=Adam
[2026-03-18 05:57:16,316][HYDRA] 	#93 : +loggers=['autrainer.loggers.TensorBoardLogger'] +seed=1 +learning_rate=0.001 +batch_size=16 dataset=AIBO-2cl-mel-16k model=Seq-FFNN-IS09 optimizer=SGD
[2026-03-18 05:57:16,509][HYDRA] 	#94 : +loggers=['autrainer.loggers.TensorBoardLogger'] +seed=1 +learning_rate=0.001 +batch_size=16 dataset=AIBO-2cl-mel-16k model=Cnn14-16k-T optimizer=Adam
[2026-03-18 05:57:16,696][HYDRA] 	#95 : +loggers=['autrainer.loggers.TensorBoardLogger'] +seed=1 +learning_rate=0.001 +batch_size=16 dataset=AIBO-2cl-mel-16k model=Cnn14-16k-T optimizer=SGD
[2026-03-18 05:57:16,883][HYDRA] 	#96 : +loggers=['autrainer.loggers.TensorBoardLogger'] +seed=1 +learning_rate=0.001 +batch_size=16 dataset=AIBO-2cl-mel-16k model=ResNet-50-T optimizer=Adam
[2026-03-18 05:57:17,069][HYDRA] 	#97 : +loggers=['autrainer.loggers.TensorBoardLogger'] +seed=1 +learning_rate=0.001 +batch_size=16 dataset=AIBO-2cl-mel-16k model=ResNet-50-T optimizer=SGD
[2026-03-18 05:57:17,255][HYDRA] 	#98 : +loggers=['autrainer.loggers.TensorBoardLogger'] +seed=1 +learning_rate=0.001 +batch_size=16 dataset=AIBO-2cl-mel-16k model=Whisper-FFNN-Tiny-T optimizer=Adam
[2026-03-18 05:57:17,782][HYDRA] 	#99 : +loggers=['autrainer.loggers.TensorBoardLogger'] +seed=1 +learning_rate=0.001 +batch_size=16 dataset=AIBO-2cl-mel-16k model=Whisper-FFNN-Tiny-T optimizer=SGD
[2026-03-18 05:57:18,283][HYDRA] 	#100 : +loggers=['autrainer.loggers.TensorBoardLogger'] +seed=1 +learning_rate=0.001 +batch_size=16 dataset=AIBO-2cl-mel-16k model=w2v2-l-emo optimizer=Adam
[2026-03-18 05:57:18,794][HYDRA] 	#101 : +loggers=['autrainer.loggers.TensorBoardLogger'] +seed=1 +learning_rate=0.001 +batch_size=16 dataset=AIBO-2cl-mel-16k model=w2v2-l-emo optimizer=SGD
[2026-03-18 05:57:19,305][HYDRA] 	#102 : +loggers=['autrainer.loggers.TensorBoardLogger'] +seed=1 +learning_rate=0.001 +batch_size=16 dataset=AIBO-2cl-wav model=ResNet-50-T optimizer=Adam
[2026-03-18 05:57:19,505][HYDRA] 	#103 : +loggers=['autrainer.loggers.TensorBoardLogger'] +seed=1 +learning_rate=0.001 +batch_size=16 dataset=AIBO-2cl-wav model=ResNet-50-T optimizer=SGD
[2026-03-18 05:57:19,684][HYDRA] 	#104 : +loggers=['autrainer.loggers.TensorBoardLogger'] +seed=1 +learning_rate=0.001 +batch_size=16 dataset=AIBO-2cl-wav model=Whisper-FFNN-Tiny-T optimizer=Adam
[2026-03-18 05:57:20,188][HYDRA] 	#105 : +loggers=['autrainer.loggers.TensorBoardLogger'] +seed=1 +learning_rate=0.001 +batch_size=16 dataset=AIBO-2cl-wav model=Whisper-FFNN-Tiny-T optimizer=SGD
[2026-03-18 05:57:20,690][HYDRA] 	#106 : +loggers=['autrainer.loggers.TensorBoardLogger'] +seed=1 +learning_rate=0.001 +batch_size=16 dataset=AIBO-2cl-wav model=w2v2-l-emo optimizer=Adam
[2026-03-18 05:57:21,191][HYDRA] 	#107 : +loggers=['autrainer.loggers.TensorBoardLogger'] +seed=1 +learning_rate=0.001 +batch_size=16 dataset=AIBO-2cl-wav model=w2v2-l-emo optimizer=SGD
[2026-03-18 05:57:21,683][HYDRA] 	#108 : +loggers=['autrainer.loggers.TensorBoardLogger'] +seed=1 +learning_rate=0.0001 +batch_size=4 dataset=AIBO-2cl-IS09-llds model=Seq-FFNN-IS09 optimizer=Adam
[2026-03-18 05:57:22,237][HYDRA] 	#109 : +loggers=['autrainer.loggers.TensorBoardLogger'] +seed=1 +learning_rate=0.0001 +batch_size=4 dataset=AIBO-2cl-IS09-llds model=Seq-FFNN-IS09 optimizer=SGD
[2026-03-18 05:57:22,759][HYDRA] 	#110 : +loggers=['autrainer.loggers.TensorBoardLogger'] +seed=1 +learning_rate=0.0001 +batch_size=4 dataset=AIBO-2cl-mel-16k model=Seq-FFNN-IS09 optimizer=Adam
[2026-03-18 05:57:22,952][HYDRA] 	#111 : +loggers=['autrainer.loggers.TensorBoardLogger'] +seed=1 +learning_rate=0.0001 +batch_size=4 dataset=AIBO-2cl-mel-16k model=Seq-FFNN-IS09 optimizer=SGD
[2026-03-18 05:57:23,555][HYDRA] 	#112 : +loggers=['autrainer.loggers.TensorBoardLogger'] +seed=1 +learning_rate=0.0001 +batch_size=4 dataset=AIBO-2cl-mel-16k model=Cnn14-16k-T optimizer=Adam
[2026-03-18 05:57:23,738][HYDRA] 	#113 : +loggers=['autrainer.loggers.TensorBoardLogger'] +seed=1 +learning_rate=0.0001 +batch_size=4 dataset=AIBO-2cl-mel-16k model=Cnn14-16k-T optimizer=SGD
[2026-03-18 05:57:23,925][HYDRA] 	#114 : +loggers=['autrainer.loggers.TensorBoardLogger'] +seed=1 +learning_rate=0.0001 +batch_size=4 dataset=AIBO-2cl-mel-16k model=ResNet-50-T optimizer=Adam
[2026-03-18 05:57:24,112][HYDRA] 	#115 : +loggers=['autrainer.loggers.TensorBoardLogger'] +seed=1 +learning_rate=0.0001 +batch_size=4 dataset=AIBO-2cl-mel-16k model=ResNet-50-T optimizer=SGD
[2026-03-18 05:57:24,298][HYDRA] 	#116 : +loggers=['autrainer.loggers.TensorBoardLogger'] +seed=1 +learning_rate=0.0001 +batch_size=4 dataset=AIBO-2cl-mel-16k model=Whisper-FFNN-Tiny-T optimizer=Adam
[2026-03-18 05:57:24,810][HYDRA] 	#117 : +loggers=['autrainer.loggers.TensorBoardLogger'] +seed=1 +learning_rate=0.0001 +batch_size=4 dataset=AIBO-2cl-mel-16k model=Whisper-FFNN-Tiny-T optimizer=SGD
[2026-03-18 05:57:25,288][HYDRA] 	#118 : +loggers=['autrainer.loggers.TensorBoardLogger'] +seed=1 +learning_rate=0.0001 +batch_size=4 dataset=AIBO-2cl-mel-16k model=w2v2-l-emo optimizer=Adam
[2026-03-18 05:57:25,782][HYDRA] 	#119 : +loggers=['autrainer.loggers.TensorBoardLogger'] +seed=1 +learning_rate=0.0001 +batch_size=4 dataset=AIBO-2cl-mel-16k model=w2v2-l-emo optimizer=SGD
[2026-03-18 05:57:26,283][HYDRA] 	#120 : +loggers=['autrainer.loggers.TensorBoardLogger'] +seed=1 +learning_rate=0.0001 +batch_size=4 dataset=AIBO-2cl-wav model=ResNet-50-T optimizer=Adam
[2026-03-18 05:57:26,485][HYDRA] 	#121 : +loggers=['autrainer.loggers.TensorBoardLogger'] +seed=1 +learning_rate=0.0001 +batch_size=4 dataset=AIBO-2cl-wav model=ResNet-50-T optimizer=SGD
[2026-03-18 05:57:26,665][HYDRA] 	#122 : +loggers=['autrainer.loggers.TensorBoardLogger'] +seed=1 +learning_rate=0.0001 +batch_size=4 dataset=AIBO-2cl-wav model=Whisper-FFNN-Tiny-T optimizer=Adam
[2026-03-18 05:57:27,140][HYDRA] 	#123 : +loggers=['autrainer.loggers.TensorBoardLogger'] +seed=1 +learning_rate=0.0001 +batch_size=4 dataset=AIBO-2cl-wav model=Whisper-FFNN-Tiny-T optimizer=SGD
[2026-03-18 05:57:27,637][HYDRA] 	#124 : +loggers=['autrainer.loggers.TensorBoardLogger'] +seed=1 +learning_rate=0.0001 +batch_size=4 dataset=AIBO-2cl-wav model=w2v2-l-emo optimizer=Adam
[2026-03-18 05:57:28,127][HYDRA] 	#125 : +loggers=['autrainer.loggers.TensorBoardLogger'] +seed=1 +learning_rate=0.0001 +batch_size=4 dataset=AIBO-2cl-wav model=w2v2-l-emo optimizer=SGD
[2026-03-18 05:57:28,615][HYDRA] 	#126 : +loggers=['autrainer.loggers.TensorBoardLogger'] +seed=1 +learning_rate=0.0001 +batch_size=8 dataset=AIBO-2cl-IS09-llds model=Seq-FFNN-IS09 optimizer=Adam
[2026-03-18 05:57:29,152][HYDRA] 	#127 : +loggers=['autrainer.loggers.TensorBoardLogger'] +seed=1 +learning_rate=0.0001 +batch_size=8 dataset=AIBO-2cl-IS09-llds model=Seq-FFNN-IS09 optimizer=SGD
[2026-03-18 05:57:29,668][HYDRA] 	#128 : +loggers=['autrainer.loggers.TensorBoardLogger'] +seed=1 +learning_rate=0.0001 +batch_size=8 dataset=AIBO-2cl-mel-16k model=Seq-FFNN-IS09 optimizer=Adam
[2026-03-18 05:57:29,856][HYDRA] 	#129 : +loggers=['autrainer.loggers.TensorBoardLogger'] +seed=1 +learning_rate=0.0001 +batch_size=8 dataset=AIBO-2cl-mel-16k model=Seq-FFNN-IS09 optimizer=SGD
[2026-03-18 05:57:30,055][HYDRA] 	#130 : +loggers=['autrainer.loggers.TensorBoardLogger'] +seed=1 +learning_rate=0.0001 +batch_size=8 dataset=AIBO-2cl-mel-16k model=Cnn14-16k-T optimizer=Adam
[2026-03-18 05:57:30,247][HYDRA] 	#131 : +loggers=['autrainer.loggers.TensorBoardLogger'] +seed=1 +learning_rate=0.0001 +batch_size=8 dataset=AIBO-2cl-mel-16k model=Cnn14-16k-T optimizer=SGD
[2026-03-18 05:57:30,438][HYDRA] 	#132 : +loggers=['autrainer.loggers.TensorBoardLogger'] +seed=1 +learning_rate=0.0001 +batch_size=8 dataset=AIBO-2cl-mel-16k model=ResNet-50-T optimizer=Adam
[2026-03-18 05:57:30,622][HYDRA] 	#133 : +loggers=['autrainer.loggers.TensorBoardLogger'] +seed=1 +learning_rate=0.0001 +batch_size=8 dataset=AIBO-2cl-mel-16k model=ResNet-50-T optimizer=SGD
[2026-03-18 05:57:30,806][HYDRA] 	#134 : +loggers=['autrainer.loggers.TensorBoardLogger'] +seed=1 +learning_rate=0.0001 +batch_size=8 dataset=AIBO-2cl-mel-16k model=Whisper-FFNN-Tiny-T optimizer=Adam
[2026-03-18 05:57:31,276][HYDRA] 	#135 : +loggers=['autrainer.loggers.TensorBoardLogger'] +seed=1 +learning_rate=0.0001 +batch_size=8 dataset=AIBO-2cl-mel-16k model=Whisper-FFNN-Tiny-T optimizer=SGD
[2026-03-18 05:57:31,747][HYDRA] 	#136 : +loggers=['autrainer.loggers.TensorBoardLogger'] +seed=1 +learning_rate=0.0001 +batch_size=8 dataset=AIBO-2cl-mel-16k model=w2v2-l-emo optimizer=Adam
[2026-03-18 05:57:32,234][HYDRA] 	#137 : +loggers=['autrainer.loggers.TensorBoardLogger'] +seed=1 +learning_rate=0.0001 +batch_size=8 dataset=AIBO-2cl-mel-16k model=w2v2-l-emo optimizer=SGD
[2026-03-18 05:57:32,733][HYDRA] 	#138 : +loggers=['autrainer.loggers.TensorBoardLogger'] +seed=1 +learning_rate=0.0001 +batch_size=8 dataset=AIBO-2cl-wav model=ResNet-50-T optimizer=Adam
[2026-03-18 05:57:32,932][HYDRA] 	#139 : +loggers=['autrainer.loggers.TensorBoardLogger'] +seed=1 +learning_rate=0.0001 +batch_size=8 dataset=AIBO-2cl-wav model=ResNet-50-T optimizer=SGD
[2026-03-18 05:57:33,111][HYDRA] 	#140 : +loggers=['autrainer.loggers.TensorBoardLogger'] +seed=1 +learning_rate=0.0001 +batch_size=8 dataset=AIBO-2cl-wav model=Whisper-FFNN-Tiny-T optimizer=Adam
[2026-03-18 05:57:33,600][HYDRA] 	#141 : +loggers=['autrainer.loggers.TensorBoardLogger'] +seed=1 +learning_rate=0.0001 +batch_size=8 dataset=AIBO-2cl-wav model=Whisper-FFNN-Tiny-T optimizer=SGD
[2026-03-18 05:57:34,089][HYDRA] 	#142 : +loggers=['autrainer.loggers.TensorBoardLogger'] +seed=1 +learning_rate=0.0001 +batch_size=8 dataset=AIBO-2cl-wav model=w2v2-l-emo optimizer=Adam
[2026-03-18 05:57:34,588][HYDRA] 	#143 : +loggers=['autrainer.loggers.TensorBoardLogger'] +seed=1 +learning_rate=0.0001 +batch_size=8 dataset=AIBO-2cl-wav model=w2v2-l-emo optimizer=SGD
[2026-03-18 05:57:35,076][HYDRA] 	#144 : +loggers=['autrainer.loggers.TensorBoardLogger'] +seed=1 +learning_rate=0.0001 +batch_size=16 dataset=AIBO-2cl-IS09-llds model=Seq-FFNN-IS09 optimizer=Adam
[2026-03-18 05:57:35,618][HYDRA] 	#145 : +loggers=['autrainer.loggers.TensorBoardLogger'] +seed=1 +learning_rate=0.0001 +batch_size=16 dataset=AIBO-2cl-IS09-llds model=Seq-FFNN-IS09 optimizer=SGD
[2026-03-18 05:57:36,135][HYDRA] 	#146 : +loggers=['autrainer.loggers.TensorBoardLogger'] +seed=1 +learning_rate=0.0001 +batch_size=16 dataset=AIBO-2cl-mel-16k model=Seq-FFNN-IS09 optimizer=Adam
[2026-03-18 05:57:36,866][HYDRA] 	#147 : +loggers=['autrainer.loggers.TensorBoardLogger'] +seed=1 +learning_rate=0.0001 +batch_size=16 dataset=AIBO-2cl-mel-16k model=Seq-FFNN-IS09 optimizer=SGD
[2026-03-18 05:57:37,058][HYDRA] 	#148 : +loggers=['autrainer.loggers.TensorBoardLogger'] +seed=1 +learning_rate=0.0001 +batch_size=16 dataset=AIBO-2cl-mel-16k model=Cnn14-16k-T optimizer=Adam
[2026-03-18 05:57:37,240][HYDRA] 	#149 : +loggers=['autrainer.loggers.TensorBoardLogger'] +seed=1 +learning_rate=0.0001 +batch_size=16 dataset=AIBO-2cl-mel-16k model=Cnn14-16k-T optimizer=SGD
[2026-03-18 05:57:37,427][HYDRA] 	#150 : +loggers=['autrainer.loggers.TensorBoardLogger'] +seed=1 +learning_rate=0.0001 +batch_size=16 dataset=AIBO-2cl-mel-16k model=ResNet-50-T optimizer=Adam
[2026-03-18 05:57:37,612][HYDRA] 	#151 : +loggers=['autrainer.loggers.TensorBoardLogger'] +seed=1 +learning_rate=0.0001 +batch_size=16 dataset=AIBO-2cl-mel-16k model=ResNet-50-T optimizer=SGD
[2026-03-18 05:57:37,798][HYDRA] 	#152 : +loggers=['autrainer.loggers.TensorBoardLogger'] +seed=1 +learning_rate=0.0001 +batch_size=16 dataset=AIBO-2cl-mel-16k model=Whisper-FFNN-Tiny-T optimizer=Adam
[2026-03-18 05:57:38,279][HYDRA] 	#153 : +loggers=['autrainer.loggers.TensorBoardLogger'] +seed=1 +learning_rate=0.0001 +batch_size=16 dataset=AIBO-2cl-mel-16k model=Whisper-FFNN-Tiny-T optimizer=SGD
[2026-03-18 05:57:38,775][HYDRA] 	#154 : +loggers=['autrainer.loggers.TensorBoardLogger'] +seed=1 +learning_rate=0.0001 +batch_size=16 dataset=AIBO-2cl-mel-16k model=w2v2-l-emo optimizer=Adam
[2026-03-18 05:57:39,264][HYDRA] 	#155 : +loggers=['autrainer.loggers.TensorBoardLogger'] +seed=1 +learning_rate=0.0001 +batch_size=16 dataset=AIBO-2cl-mel-16k model=w2v2-l-emo optimizer=SGD
[2026-03-18 05:57:39,756][HYDRA] 	#156 : +loggers=['autrainer.loggers.TensorBoardLogger'] +seed=1 +learning_rate=0.0001 +batch_size=16 dataset=AIBO-2cl-wav model=ResNet-50-T optimizer=Adam
[2026-03-18 05:57:39,960][HYDRA] 	#157 : +loggers=['autrainer.loggers.TensorBoardLogger'] +seed=1 +learning_rate=0.0001 +batch_size=16 dataset=AIBO-2cl-wav model=ResNet-50-T optimizer=SGD
[2026-03-18 05:57:40,142][HYDRA] 	#158 : +loggers=['autrainer.loggers.TensorBoardLogger'] +seed=1 +learning_rate=0.0001 +batch_size=16 dataset=AIBO-2cl-wav model=Whisper-FFNN-Tiny-T optimizer=Adam
[2026-03-18 05:57:40,623][HYDRA] 	#159 : +loggers=['autrainer.loggers.TensorBoardLogger'] +seed=1 +learning_rate=0.0001 +batch_size=16 dataset=AIBO-2cl-wav model=Whisper-FFNN-Tiny-T optimizer=SGD
[2026-03-18 05:57:41,115][HYDRA] 	#160 : +loggers=['autrainer.loggers.TensorBoardLogger'] +seed=1 +learning_rate=0.0001 +batch_size=16 dataset=AIBO-2cl-wav model=w2v2-l-emo optimizer=Adam
[2026-03-18 05:57:41,603][HYDRA] 	#161 : +loggers=['autrainer.loggers.TensorBoardLogger'] +seed=1 +learning_rate=0.0001 +batch_size=16 dataset=AIBO-2cl-wav model=w2v2-l-emo optimizer=SGD
