/bin/sh: /home/ge62niq/data/chi-gpu1/ge62niq/ser-progress-replication/.venv310/bin/pip: /home/ge62niq/data/chi-gpu1/ge62niq/ser-progress-replication/.venv310/bin/python3.10: bad interpreter: No such file or directory
/bin/sh: /home/ge62niq/data/chi-gpu1/ge62niq/ser-progress-replication/.venv310/bin/pip: /home/ge62niq/data/chi-gpu1/ge62niq/ser-progress-replication/.venv310/bin/python3.10: bad interpreter: No such file or directory
/bin/sh: /home/ge62niq/data/chi-gpu1/ge62niq/ser-progress-replication/.venv310/bin/pip: /home/ge62niq/data/chi-gpu1/ge62niq/ser-progress-replication/.venv310/bin/python3.10: bad interpreter: No such file or directory
/bin/sh: /home/ge62niq/data/chi-gpu1/ge62niq/ser-progress-replication/.venv310/bin/pip: /home/ge62niq/data/chi-gpu1/ge62niq/ser-progress-replication/.venv310/bin/python3.10: bad interpreter: No such file or directory
/bin/sh: /home/ge62niq/data/chi-gpu1/ge62niq/ser-progress-replication/.venv310/bin/pip: /home/ge62niq/data/chi-gpu1/ge62niq/ser-progress-replication/.venv310/bin/python3.10: bad interpreter: No such file or directory
/bin/sh: /home/ge62niq/data/chi-gpu1/ge62niq/ser-progress-replication/.venv310/bin/pip: /home/ge62niq/data/chi-gpu1/ge62niq/ser-progress-replication/.venv310/bin/python3.10: bad interpreter: No such file or directory
/bin/sh: /home/ge62niq/data/chi-gpu1/ge62niq/ser-progress-replication/.venv310/bin/pip: /home/ge62niq/data/chi-gpu1/ge62niq/ser-progress-replication/.venv310/bin/python3.10: bad interpreter: No such file or directory
/bin/sh: /home/ge62niq/data/chi-gpu1/ge62niq/ser-progress-replication/.venv310/bin/pip: /home/ge62niq/data/chi-gpu1/ge62niq/ser-progress-replication/.venv310/bin/python3.10: bad interpreter: No such file or directory
/bin/sh: /home/ge62niq/data/chi-gpu1/ge62niq/ser-progress-replication/.venv310/bin/pip: /home/ge62niq/data/chi-gpu1/ge62niq/ser-progress-replication/.venv310/bin/python3.10: bad interpreter: No such file or directory
/bin/sh: /home/ge62niq/data/chi-gpu1/ge62niq/ser-progress-replication/.venv310/bin/pip: /home/ge62niq/data/chi-gpu1/ge62niq/ser-progress-replication/.venv310/bin/python3.10: bad interpreter: No such file or directory
/bin/sh: /home/ge62niq/data/chi-gpu1/ge62niq/ser-progress-replication/.venv310/bin/pip: /home/ge62niq/data/chi-gpu1/ge62niq/ser-progress-replication/.venv310/bin/python3.10: bad interpreter: No such file or directory
/bin/sh: /home/ge62niq/data/chi-gpu1/ge62niq/ser-progress-replication/.venv310/bin/pip: /home/ge62niq/data/chi-gpu1/ge62niq/ser-progress-replication/.venv310/bin/python3.10: bad interpreter: No such file or directory
/bin/sh: /home/ge62niq/data/chi-gpu1/ge62niq/ser-progress-replication/.venv310/bin/pip: /home/ge62niq/data/chi-gpu1/ge62niq/ser-progress-replication/.venv310/bin/python3.10: bad interpreter: No such file or directory
/bin/sh: /home/ge62niq/data/chi-gpu1/ge62niq/ser-progress-replication/.venv310/bin/pip: /home/ge62niq/data/chi-gpu1/ge62niq/ser-progress-replication/.venv310/bin/python3.10: bad interpreter: No such file or directory
/bin/sh: /home/ge62niq/data/chi-gpu1/ge62niq/ser-progress-replication/.venv310/bin/pip: /home/ge62niq/data/chi-gpu1/ge62niq/ser-progress-replication/.venv310/bin/python3.10: bad interpreter: No such file or directory
/bin/sh: /home/ge62niq/data/chi-gpu1/ge62niq/ser-progress-replication/.venv310/bin/pip: /home/ge62niq/data/chi-gpu1/ge62niq/ser-progress-replication/.venv310/bin/python3.10: bad interpreter: No such file or directory
/bin/sh: /home/ge62niq/data/chi-gpu1/ge62niq/ser-progress-replication/.venv310/bin/pip: /home/ge62niq/data/chi-gpu1/ge62niq/ser-progress-replication/.venv310/bin/python3.10: bad interpreter: No such file or directory
/bin/sh: /home/ge62niq/data/chi-gpu1/ge62niq/ser-progress-replication/.venv310/bin/pip: /home/ge62niq/data/chi-gpu1/ge62niq/ser-progress-replication/.venv310/bin/python3.10: bad interpreter: No such file or directory
/bin/sh: /home/ge62niq/data/chi-gpu1/ge62niq/ser-progress-replication/.venv310/bin/pip: /home/ge62niq/data/chi-gpu1/ge62niq/ser-progress-replication/.venv310/bin/python3.10: bad interpreter: No such file or directory
/bin/sh: /home/ge62niq/data/chi-gpu1/ge62niq/ser-progress-replication/.venv310/bin/pip: /home/ge62niq/data/chi-gpu1/ge62niq/ser-progress-replication/.venv310/bin/python3.10: bad interpreter: No such file or directory
/bin/sh: /home/ge62niq/data/chi-gpu1/ge62niq/ser-progress-replication/.venv310/bin/pip: /home/ge62niq/data/chi-gpu1/ge62niq/ser-progress-replication/.venv310/bin/python3.10: bad interpreter: No such file or directory
/bin/sh: /home/ge62niq/data/chi-gpu1/ge62niq/ser-progress-replication/.venv310/bin/pip: /home/ge62niq/data/chi-gpu1/ge62niq/ser-progress-replication/.venv310/bin/python3.10: bad interpreter: No such file or directory
/bin/sh: /home/ge62niq/data/chi-gpu1/ge62niq/ser-progress-replication/.venv310/bin/pip: /home/ge62niq/data/chi-gpu1/ge62niq/ser-progress-replication/.venv310/bin/python3.10: bad interpreter: No such file or directory
/bin/sh: /home/ge62niq/data/chi-gpu1/ge62niq/ser-progress-replication/.venv310/bin/pip: /home/ge62niq/data/chi-gpu1/ge62niq/ser-progress-replication/.venv310/bin/python3.10: bad interpreter: No such file or directory
/bin/sh: /home/ge62niq/data/chi-gpu1/ge62niq/ser-progress-replication/.venv310/bin/pip: /home/ge62niq/data/chi-gpu1/ge62niq/ser-progress-replication/.venv310/bin/python3.10: bad interpreter: No such file or directory
/bin/sh: /home/ge62niq/data/chi-gpu1/ge62niq/ser-progress-replication/.venv310/bin/pip: /home/ge62niq/data/chi-gpu1/ge62niq/ser-progress-replication/.venv310/bin/python3.10: bad interpreter: No such file or directory
/bin/sh: /home/ge62niq/data/chi-gpu1/ge62niq/ser-progress-replication/.venv310/bin/pip: /home/ge62niq/data/chi-gpu1/ge62niq/ser-progress-replication/.venv310/bin/python3.10: bad interpreter: No such file or directory
/bin/sh: /home/ge62niq/data/chi-gpu1/ge62niq/ser-progress-replication/.venv310/bin/pip: /home/ge62niq/data/chi-gpu1/ge62niq/ser-progress-replication/.venv310/bin/python3.10: bad interpreter: No such file or directory
/bin/sh: /home/ge62niq/data/chi-gpu1/ge62niq/ser-progress-replication/.venv310/bin/pip: /home/ge62niq/data/chi-gpu1/ge62niq/ser-progress-replication/.venv310/bin/python3.10: bad interpreter: No such file or directory
/bin/sh: /home/ge62niq/data/chi-gpu1/ge62niq/ser-progress-replication/.venv310/bin/pip: /home/ge62niq/data/chi-gpu1/ge62niq/ser-progress-replication/.venv310/bin/python3.10: bad interpreter: No such file or directory
/bin/sh: /home/ge62niq/data/chi-gpu1/ge62niq/ser-progress-replication/.venv310/bin/pip: /home/ge62niq/data/chi-gpu1/ge62niq/ser-progress-replication/.venv310/bin/python3.10: bad interpreter: No such file or directory
/bin/sh: /home/ge62niq/data/chi-gpu1/ge62niq/ser-progress-replication/.venv310/bin/pip: /home/ge62niq/data/chi-gpu1/ge62niq/ser-progress-replication/.venv310/bin/python3.10: bad interpreter: No such file or directory
/bin/sh: /home/ge62niq/data/chi-gpu1/ge62niq/ser-progress-replication/.venv310/bin/pip: /home/ge62niq/data/chi-gpu1/ge62niq/ser-progress-replication/.venv310/bin/python3.10: bad interpreter: No such file or directory
/bin/sh: /home/ge62niq/data/chi-gpu1/ge62niq/ser-progress-replication/.venv310/bin/pip: /home/ge62niq/data/chi-gpu1/ge62niq/ser-progress-replication/.venv310/bin/python3.10: bad interpreter: No such file or directory
/bin/sh: /home/ge62niq/data/chi-gpu1/ge62niq/ser-progress-replication/.venv310/bin/pip: /home/ge62niq/data/chi-gpu1/ge62niq/ser-progress-replication/.venv310/bin/python3.10: bad interpreter: No such file or directory
/bin/sh: /home/ge62niq/data/chi-gpu1/ge62niq/ser-progress-replication/.venv310/bin/pip: /home/ge62niq/data/chi-gpu1/ge62niq/ser-progress-replication/.venv310/bin/python3.10: bad interpreter: No such file or directory
/bin/sh: /home/ge62niq/data/chi-gpu1/ge62niq/ser-progress-replication/.venv310/bin/pip: /home/ge62niq/data/chi-gpu1/ge62niq/ser-progress-replication/.venv310/bin/python3.10: bad interpreter: No such file or directory
/bin/sh: /home/ge62niq/data/chi-gpu1/ge62niq/ser-progress-replication/.venv310/bin/pip: /home/ge62niq/data/chi-gpu1/ge62niq/ser-progress-replication/.venv310/bin/python3.10: bad interpreter: No such file or directory
/bin/sh: /home/ge62niq/data/chi-gpu1/ge62niq/ser-progress-replication/.venv310/bin/pip: /home/ge62niq/data/chi-gpu1/ge62niq/ser-progress-replication/.venv310/bin/python3.10: bad interpreter: No such file or directory
/bin/sh: /home/ge62niq/data/chi-gpu1/ge62niq/ser-progress-replication/.venv310/bin/pip: /home/ge62niq/data/chi-gpu1/ge62niq/ser-progress-replication/.venv310/bin/python3.10: bad interpreter: No such file or directory
/bin/sh: /home/ge62niq/data/chi-gpu1/ge62niq/ser-progress-replication/.venv310/bin/pip: /home/ge62niq/data/chi-gpu1/ge62niq/ser-progress-replication/.venv310/bin/python3.10: bad interpreter: No such file or directory
/bin/sh: /home/ge62niq/data/chi-gpu1/ge62niq/ser-progress-replication/.venv310/bin/pip: /home/ge62niq/data/chi-gpu1/ge62niq/ser-progress-replication/.venv310/bin/python3.10: bad interpreter: No such file or directory
/bin/sh: /home/ge62niq/data/chi-gpu1/ge62niq/ser-progress-replication/.venv310/bin/pip: /home/ge62niq/data/chi-gpu1/ge62niq/ser-progress-replication/.venv310/bin/python3.10: bad interpreter: No such file or directory
/bin/sh: /home/ge62niq/data/chi-gpu1/ge62niq/ser-progress-replication/.venv310/bin/pip: /home/ge62niq/data/chi-gpu1/ge62niq/ser-progress-replication/.venv310/bin/python3.10: bad interpreter: No such file or directory
/bin/sh: /home/ge62niq/data/chi-gpu1/ge62niq/ser-progress-replication/.venv310/bin/pip: /home/ge62niq/data/chi-gpu1/ge62niq/ser-progress-replication/.venv310/bin/python3.10: bad interpreter: No such file or directory
/bin/sh: /home/ge62niq/data/chi-gpu1/ge62niq/ser-progress-replication/.venv310/bin/pip: /home/ge62niq/data/chi-gpu1/ge62niq/ser-progress-replication/.venv310/bin/python3.10: bad interpreter: No such file or directory
/bin/sh: /home/ge62niq/data/chi-gpu1/ge62niq/ser-progress-replication/.venv310/bin/pip: /home/ge62niq/data/chi-gpu1/ge62niq/ser-progress-replication/.venv310/bin/python3.10: bad interpreter: No such file or directory
/bin/sh: /home/ge62niq/data/chi-gpu1/ge62niq/ser-progress-replication/.venv310/bin/pip: /home/ge62niq/data/chi-gpu1/ge62niq/ser-progress-replication/.venv310/bin/python3.10: bad interpreter: No such file or directory
/bin/sh: /home/ge62niq/data/chi-gpu1/ge62niq/ser-progress-replication/.venv310/bin/pip: /home/ge62niq/data/chi-gpu1/ge62niq/ser-progress-replication/.venv310/bin/python3.10: bad interpreter: No such file or directory
/bin/sh: /home/ge62niq/data/chi-gpu1/ge62niq/ser-progress-replication/.venv310/bin/pip: /home/ge62niq/data/chi-gpu1/ge62niq/ser-progress-replication/.venv310/bin/python3.10: bad interpreter: No such file or directory
/bin/sh: /home/ge62niq/data/chi-gpu1/ge62niq/ser-progress-replication/.venv310/bin/pip: /home/ge62niq/data/chi-gpu1/ge62niq/ser-progress-replication/.venv310/bin/python3.10: bad interpreter: No such file or directory
/bin/sh: /home/ge62niq/data/chi-gpu1/ge62niq/ser-progress-replication/.venv310/bin/pip: /home/ge62niq/data/chi-gpu1/ge62niq/ser-progress-replication/.venv310/bin/python3.10: bad interpreter: No such file or directory
/bin/sh: /home/ge62niq/data/chi-gpu1/ge62niq/ser-progress-replication/.venv310/bin/pip: /home/ge62niq/data/chi-gpu1/ge62niq/ser-progress-replication/.venv310/bin/python3.10: bad interpreter: No such file or directory
/bin/sh: /home/ge62niq/data/chi-gpu1/ge62niq/ser-progress-replication/.venv310/bin/pip: /home/ge62niq/data/chi-gpu1/ge62niq/ser-progress-replication/.venv310/bin/python3.10: bad interpreter: No such file or directory
/bin/sh: /home/ge62niq/data/chi-gpu1/ge62niq/ser-progress-replication/.venv310/bin/pip: /home/ge62niq/data/chi-gpu1/ge62niq/ser-progress-replication/.venv310/bin/python3.10: bad interpreter: No such file or directory
/bin/sh: /home/ge62niq/data/chi-gpu1/ge62niq/ser-progress-replication/.venv310/bin/pip: /home/ge62niq/data/chi-gpu1/ge62niq/ser-progress-replication/.venv310/bin/python3.10: bad interpreter: No such file or directory
/bin/sh: /home/ge62niq/data/chi-gpu1/ge62niq/ser-progress-replication/.venv310/bin/pip: /home/ge62niq/data/chi-gpu1/ge62niq/ser-progress-replication/.venv310/bin/python3.10: bad interpreter: No such file or directory
/bin/sh: /home/ge62niq/data/chi-gpu1/ge62niq/ser-progress-replication/.venv310/bin/pip: /home/ge62niq/data/chi-gpu1/ge62niq/ser-progress-replication/.venv310/bin/python3.10: bad interpreter: No such file or directory
/bin/sh: /home/ge62niq/data/chi-gpu1/ge62niq/ser-progress-replication/.venv310/bin/pip: /home/ge62niq/data/chi-gpu1/ge62niq/ser-progress-replication/.venv310/bin/python3.10: bad interpreter: No such file or directory
/bin/sh: /home/ge62niq/data/chi-gpu1/ge62niq/ser-progress-replication/.venv310/bin/pip: /home/ge62niq/data/chi-gpu1/ge62niq/ser-progress-replication/.venv310/bin/python3.10: bad interpreter: No such file or directory
/bin/sh: /home/ge62niq/data/chi-gpu1/ge62niq/ser-progress-replication/.venv310/bin/pip: /home/ge62niq/data/chi-gpu1/ge62niq/ser-progress-replication/.venv310/bin/python3.10: bad interpreter: No such file or directory
/bin/sh: /home/ge62niq/data/chi-gpu1/ge62niq/ser-progress-replication/.venv310/bin/pip: /home/ge62niq/data/chi-gpu1/ge62niq/ser-progress-replication/.venv310/bin/python3.10: bad interpreter: No such file or directory
/bin/sh: /home/ge62niq/data/chi-gpu1/ge62niq/ser-progress-replication/.venv310/bin/pip: /home/ge62niq/data/chi-gpu1/ge62niq/ser-progress-replication/.venv310/bin/python3.10: bad interpreter: No such file or directory
/bin/sh: /home/ge62niq/data/chi-gpu1/ge62niq/ser-progress-replication/.venv310/bin/pip: /home/ge62niq/data/chi-gpu1/ge62niq/ser-progress-replication/.venv310/bin/python3.10: bad interpreter: No such file or directory
/bin/sh: /home/ge62niq/data/chi-gpu1/ge62niq/ser-progress-replication/.venv310/bin/pip: /home/ge62niq/data/chi-gpu1/ge62niq/ser-progress-replication/.venv310/bin/python3.10: bad interpreter: No such file or directory
/bin/sh: /home/ge62niq/data/chi-gpu1/ge62niq/ser-progress-replication/.venv310/bin/pip: /home/ge62niq/data/chi-gpu1/ge62niq/ser-progress-replication/.venv310/bin/python3.10: bad interpreter: No such file or directory
/bin/sh: /home/ge62niq/data/chi-gpu1/ge62niq/ser-progress-replication/.venv310/bin/pip: /home/ge62niq/data/chi-gpu1/ge62niq/ser-progress-replication/.venv310/bin/python3.10: bad interpreter: No such file or directory
/bin/sh: /home/ge62niq/data/chi-gpu1/ge62niq/ser-progress-replication/.venv310/bin/pip: /home/ge62niq/data/chi-gpu1/ge62niq/ser-progress-replication/.venv310/bin/python3.10: bad interpreter: No such file or directory
/bin/sh: /home/ge62niq/data/chi-gpu1/ge62niq/ser-progress-replication/.venv310/bin/pip: /home/ge62niq/data/chi-gpu1/ge62niq/ser-progress-replication/.venv310/bin/python3.10: bad interpreter: No such file or directory
/bin/sh: /home/ge62niq/data/chi-gpu1/ge62niq/ser-progress-replication/.venv310/bin/pip: /home/ge62niq/data/chi-gpu1/ge62niq/ser-progress-replication/.venv310/bin/python3.10: bad interpreter: No such file or directory
/bin/sh: /home/ge62niq/data/chi-gpu1/ge62niq/ser-progress-replication/.venv310/bin/pip: /home/ge62niq/data/chi-gpu1/ge62niq/ser-progress-replication/.venv310/bin/python3.10: bad interpreter: No such file or directory
/bin/sh: /home/ge62niq/data/chi-gpu1/ge62niq/ser-progress-replication/.venv310/bin/pip: /home/ge62niq/data/chi-gpu1/ge62niq/ser-progress-replication/.venv310/bin/python3.10: bad interpreter: No such file or directory
/bin/sh: /home/ge62niq/data/chi-gpu1/ge62niq/ser-progress-replication/.venv310/bin/pip: /home/ge62niq/data/chi-gpu1/ge62niq/ser-progress-replication/.venv310/bin/python3.10: bad interpreter: No such file or directory
/bin/sh: /home/ge62niq/data/chi-gpu1/ge62niq/ser-progress-replication/.venv310/bin/pip: /home/ge62niq/data/chi-gpu1/ge62niq/ser-progress-replication/.venv310/bin/python3.10: bad interpreter: No such file or directory
/bin/sh: /home/ge62niq/data/chi-gpu1/ge62niq/ser-progress-replication/.venv310/bin/pip: /home/ge62niq/data/chi-gpu1/ge62niq/ser-progress-replication/.venv310/bin/python3.10: bad interpreter: No such file or directory
/bin/sh: /home/ge62niq/data/chi-gpu1/ge62niq/ser-progress-replication/.venv310/bin/pip: /home/ge62niq/data/chi-gpu1/ge62niq/ser-progress-replication/.venv310/bin/python3.10: bad interpreter: No such file or directory
/bin/sh: /home/ge62niq/data/chi-gpu1/ge62niq/ser-progress-replication/.venv310/bin/pip: /home/ge62niq/data/chi-gpu1/ge62niq/ser-progress-replication/.venv310/bin/python3.10: bad interpreter: No such file or directory
/bin/sh: /home/ge62niq/data/chi-gpu1/ge62niq/ser-progress-replication/.venv310/bin/pip: /home/ge62niq/data/chi-gpu1/ge62niq/ser-progress-replication/.venv310/bin/python3.10: bad interpreter: No such file or directory
/bin/sh: /home/ge62niq/data/chi-gpu1/ge62niq/ser-progress-replication/.venv310/bin/pip: /home/ge62niq/data/chi-gpu1/ge62niq/ser-progress-replication/.venv310/bin/python3.10: bad interpreter: No such file or directory
/bin/sh: /home/ge62niq/data/chi-gpu1/ge62niq/ser-progress-replication/.venv310/bin/pip: /home/ge62niq/data/chi-gpu1/ge62niq/ser-progress-replication/.venv310/bin/python3.10: bad interpreter: No such file or directory
/bin/sh: /home/ge62niq/data/chi-gpu1/ge62niq/ser-progress-replication/.venv310/bin/pip: /home/ge62niq/data/chi-gpu1/ge62niq/ser-progress-replication/.venv310/bin/python3.10: bad interpreter: No such file or directory
/bin/sh: /home/ge62niq/data/chi-gpu1/ge62niq/ser-progress-replication/.venv310/bin/pip: /home/ge62niq/data/chi-gpu1/ge62niq/ser-progress-replication/.venv310/bin/python3.10: bad interpreter: No such file or directory
/bin/sh: /home/ge62niq/data/chi-gpu1/ge62niq/ser-progress-replication/.venv310/bin/pip: /home/ge62niq/data/chi-gpu1/ge62niq/ser-progress-replication/.venv310/bin/python3.10: bad interpreter: No such file or directory
/bin/sh: /home/ge62niq/data/chi-gpu1/ge62niq/ser-progress-replication/.venv310/bin/pip: /home/ge62niq/data/chi-gpu1/ge62niq/ser-progress-replication/.venv310/bin/python3.10: bad interpreter: No such file or directory
/bin/sh: /home/ge62niq/data/chi-gpu1/ge62niq/ser-progress-replication/.venv310/bin/pip: /home/ge62niq/data/chi-gpu1/ge62niq/ser-progress-replication/.venv310/bin/python3.10: bad interpreter: No such file or directory
/bin/sh: /home/ge62niq/data/chi-gpu1/ge62niq/ser-progress-replication/.venv310/bin/pip: /home/ge62niq/data/chi-gpu1/ge62niq/ser-progress-replication/.venv310/bin/python3.10: bad interpreter: No such file or directory
/bin/sh: /home/ge62niq/data/chi-gpu1/ge62niq/ser-progress-replication/.venv310/bin/pip: /home/ge62niq/data/chi-gpu1/ge62niq/ser-progress-replication/.venv310/bin/python3.10: bad interpreter: No such file or directory
/bin/sh: /home/ge62niq/data/chi-gpu1/ge62niq/ser-progress-replication/.venv310/bin/pip: /home/ge62niq/data/chi-gpu1/ge62niq/ser-progress-replication/.venv310/bin/python3.10: bad interpreter: No such file or directory
/bin/sh: /home/ge62niq/data/chi-gpu1/ge62niq/ser-progress-replication/.venv310/bin/pip: /home/ge62niq/data/chi-gpu1/ge62niq/ser-progress-replication/.venv310/bin/python3.10: bad interpreter: No such file or directory
/bin/sh: /home/ge62niq/data/chi-gpu1/ge62niq/ser-progress-replication/.venv310/bin/pip: /home/ge62niq/data/chi-gpu1/ge62niq/ser-progress-replication/.venv310/bin/python3.10: bad interpreter: No such file or directory
/bin/sh: /home/ge62niq/data/chi-gpu1/ge62niq/ser-progress-replication/.venv310/bin/pip: /home/ge62niq/data/chi-gpu1/ge62niq/ser-progress-replication/.venv310/bin/python3.10: bad interpreter: No such file or directory
/bin/sh: /home/ge62niq/data/chi-gpu1/ge62niq/ser-progress-replication/.venv310/bin/pip: /home/ge62niq/data/chi-gpu1/ge62niq/ser-progress-replication/.venv310/bin/python3.10: bad interpreter: No such file or directory
/bin/sh: /home/ge62niq/data/chi-gpu1/ge62niq/ser-progress-replication/.venv310/bin/pip: /home/ge62niq/data/chi-gpu1/ge62niq/ser-progress-replication/.venv310/bin/python3.10: bad interpreter: No such file or directory
/bin/sh: /home/ge62niq/data/chi-gpu1/ge62niq/ser-progress-replication/.venv310/bin/pip: /home/ge62niq/data/chi-gpu1/ge62niq/ser-progress-replication/.venv310/bin/python3.10: bad interpreter: No such file or directory
/bin/sh: /home/ge62niq/data/chi-gpu1/ge62niq/ser-progress-replication/.venv310/bin/pip: /home/ge62niq/data/chi-gpu1/ge62niq/ser-progress-replication/.venv310/bin/python3.10: bad interpreter: No such file or directory
/bin/sh: /home/ge62niq/data/chi-gpu1/ge62niq/ser-progress-replication/.venv310/bin/pip: /home/ge62niq/data/chi-gpu1/ge62niq/ser-progress-replication/.venv310/bin/python3.10: bad interpreter: No such file or directory
/bin/sh: /home/ge62niq/data/chi-gpu1/ge62niq/ser-progress-replication/.venv310/bin/pip: /home/ge62niq/data/chi-gpu1/ge62niq/ser-progress-replication/.venv310/bin/python3.10: bad interpreter: No such file or directory
/bin/sh: /home/ge62niq/data/chi-gpu1/ge62niq/ser-progress-replication/.venv310/bin/pip: /home/ge62niq/data/chi-gpu1/ge62niq/ser-progress-replication/.venv310/bin/python3.10: bad interpreter: No such file or directory
/bin/sh: /home/ge62niq/data/chi-gpu1/ge62niq/ser-progress-replication/.venv310/bin/pip: /home/ge62niq/data/chi-gpu1/ge62niq/ser-progress-replication/.venv310/bin/python3.10: bad interpreter: No such file or directory
/bin/sh: /home/ge62niq/data/chi-gpu1/ge62niq/ser-progress-replication/.venv310/bin/pip: /home/ge62niq/data/chi-gpu1/ge62niq/ser-progress-replication/.venv310/bin/python3.10: bad interpreter: No such file or directory
/bin/sh: /home/ge62niq/data/chi-gpu1/ge62niq/ser-progress-replication/.venv310/bin/pip: /home/ge62niq/data/chi-gpu1/ge62niq/ser-progress-replication/.venv310/bin/python3.10: bad interpreter: No such file or directory
/bin/sh: /home/ge62niq/data/chi-gpu1/ge62niq/ser-progress-replication/.venv310/bin/pip: /home/ge62niq/data/chi-gpu1/ge62niq/ser-progress-replication/.venv310/bin/python3.10: bad interpreter: No such file or directory
/bin/sh: /home/ge62niq/data/chi-gpu1/ge62niq/ser-progress-replication/.venv310/bin/pip: /home/ge62niq/data/chi-gpu1/ge62niq/ser-progress-replication/.venv310/bin/python3.10: bad interpreter: No such file or directory
/bin/sh: /home/ge62niq/data/chi-gpu1/ge62niq/ser-progress-replication/.venv310/bin/pip: /home/ge62niq/data/chi-gpu1/ge62niq/ser-progress-replication/.venv310/bin/python3.10: bad interpreter: No such file or directory
/bin/sh: /home/ge62niq/data/chi-gpu1/ge62niq/ser-progress-replication/.venv310/bin/pip: /home/ge62niq/data/chi-gpu1/ge62niq/ser-progress-replication/.venv310/bin/python3.10: bad interpreter: No such file or directory
/bin/sh: /home/ge62niq/data/chi-gpu1/ge62niq/ser-progress-replication/.venv310/bin/pip: /home/ge62niq/data/chi-gpu1/ge62niq/ser-progress-replication/.venv310/bin/python3.10: bad interpreter: No such file or directory
/bin/sh: /home/ge62niq/data/chi-gpu1/ge62niq/ser-progress-replication/.venv310/bin/pip: /home/ge62niq/data/chi-gpu1/ge62niq/ser-progress-replication/.venv310/bin/python3.10: bad interpreter: No such file or directory
/bin/sh: /home/ge62niq/data/chi-gpu1/ge62niq/ser-progress-replication/.venv310/bin/pip: /home/ge62niq/data/chi-gpu1/ge62niq/ser-progress-replication/.venv310/bin/python3.10: bad interpreter: No such file or directory
/bin/sh: /home/ge62niq/data/chi-gpu1/ge62niq/ser-progress-replication/.venv310/bin/pip: /home/ge62niq/data/chi-gpu1/ge62niq/ser-progress-replication/.venv310/bin/python3.10: bad interpreter: No such file or directory
/bin/sh: /home/ge62niq/data/chi-gpu1/ge62niq/ser-progress-replication/.venv310/bin/pip: /home/ge62niq/data/chi-gpu1/ge62niq/ser-progress-replication/.venv310/bin/python3.10: bad interpreter: No such file or directory
/bin/sh: /home/ge62niq/data/chi-gpu1/ge62niq/ser-progress-replication/.venv310/bin/pip: /home/ge62niq/data/chi-gpu1/ge62niq/ser-progress-replication/.venv310/bin/python3.10: bad interpreter: No such file or directory
/bin/sh: /home/ge62niq/data/chi-gpu1/ge62niq/ser-progress-replication/.venv310/bin/pip: /home/ge62niq/data/chi-gpu1/ge62niq/ser-progress-replication/.venv310/bin/python3.10: bad interpreter: No such file or directory
/bin/sh: /home/ge62niq/data/chi-gpu1/ge62niq/ser-progress-replication/.venv310/bin/pip: /home/ge62niq/data/chi-gpu1/ge62niq/ser-progress-replication/.venv310/bin/python3.10: bad interpreter: No such file or directory
/bin/sh: /home/ge62niq/data/chi-gpu1/ge62niq/ser-progress-replication/.venv310/bin/pip: /home/ge62niq/data/chi-gpu1/ge62niq/ser-progress-replication/.venv310/bin/python3.10: bad interpreter: No such file or directory
/bin/sh: /home/ge62niq/data/chi-gpu1/ge62niq/ser-progress-replication/.venv310/bin/pip: /home/ge62niq/data/chi-gpu1/ge62niq/ser-progress-replication/.venv310/bin/python3.10: bad interpreter: No such file or directory
/bin/sh: /home/ge62niq/data/chi-gpu1/ge62niq/ser-progress-replication/.venv310/bin/pip: /home/ge62niq/data/chi-gpu1/ge62niq/ser-progress-replication/.venv310/bin/python3.10: bad interpreter: No such file or directory
/bin/sh: /home/ge62niq/data/chi-gpu1/ge62niq/ser-progress-replication/.venv310/bin/pip: /home/ge62niq/data/chi-gpu1/ge62niq/ser-progress-replication/.venv310/bin/python3.10: bad interpreter: No such file or directory
/bin/sh: /home/ge62niq/data/chi-gpu1/ge62niq/ser-progress-replication/.venv310/bin/pip: /home/ge62niq/data/chi-gpu1/ge62niq/ser-progress-replication/.venv310/bin/python3.10: bad interpreter: No such file or directory
/bin/sh: /home/ge62niq/data/chi-gpu1/ge62niq/ser-progress-replication/.venv310/bin/pip: /home/ge62niq/data/chi-gpu1/ge62niq/ser-progress-replication/.venv310/bin/python3.10: bad interpreter: No such file or directory
/bin/sh: /home/ge62niq/data/chi-gpu1/ge62niq/ser-progress-replication/.venv310/bin/pip: /home/ge62niq/data/chi-gpu1/ge62niq/ser-progress-replication/.venv310/bin/python3.10: bad interpreter: No such file or directory
/bin/sh: /home/ge62niq/data/chi-gpu1/ge62niq/ser-progress-replication/.venv310/bin/pip: /home/ge62niq/data/chi-gpu1/ge62niq/ser-progress-replication/.venv310/bin/python3.10: bad interpreter: No such file or directory
/bin/sh: /home/ge62niq/data/chi-gpu1/ge62niq/ser-progress-replication/.venv310/bin/pip: /home/ge62niq/data/chi-gpu1/ge62niq/ser-progress-replication/.venv310/bin/python3.10: bad interpreter: No such file or directory
/bin/sh: /home/ge62niq/data/chi-gpu1/ge62niq/ser-progress-replication/.venv310/bin/pip: /home/ge62niq/data/chi-gpu1/ge62niq/ser-progress-replication/.venv310/bin/python3.10: bad interpreter: No such file or directory
/bin/sh: /home/ge62niq/data/chi-gpu1/ge62niq/ser-progress-replication/.venv310/bin/pip: /home/ge62niq/data/chi-gpu1/ge62niq/ser-progress-replication/.venv310/bin/python3.10: bad interpreter: No such file or directory
/bin/sh: /home/ge62niq/data/chi-gpu1/ge62niq/ser-progress-replication/.venv310/bin/pip: /home/ge62niq/data/chi-gpu1/ge62niq/ser-progress-replication/.venv310/bin/python3.10: bad interpreter: No such file or directory
/bin/sh: /home/ge62niq/data/chi-gpu1/ge62niq/ser-progress-replication/.venv310/bin/pip: /home/ge62niq/data/chi-gpu1/ge62niq/ser-progress-replication/.venv310/bin/python3.10: bad interpreter: No such file or directory
/bin/sh: /home/ge62niq/data/chi-gpu1/ge62niq/ser-progress-replication/.venv310/bin/pip: /home/ge62niq/data/chi-gpu1/ge62niq/ser-progress-replication/.venv310/bin/python3.10: bad interpreter: No such file or directory
/bin/sh: /home/ge62niq/data/chi-gpu1/ge62niq/ser-progress-replication/.venv310/bin/pip: /home/ge62niq/data/chi-gpu1/ge62niq/ser-progress-replication/.venv310/bin/python3.10: bad interpreter: No such file or directory
/bin/sh: /home/ge62niq/data/chi-gpu1/ge62niq/ser-progress-replication/.venv310/bin/pip: /home/ge62niq/data/chi-gpu1/ge62niq/ser-progress-replication/.venv310/bin/python3.10: bad interpreter: No such file or directory
/bin/sh: /home/ge62niq/data/chi-gpu1/ge62niq/ser-progress-replication/.venv310/bin/pip: /home/ge62niq/data/chi-gpu1/ge62niq/ser-progress-replication/.venv310/bin/python3.10: bad interpreter: No such file or directory
/bin/sh: /home/ge62niq/data/chi-gpu1/ge62niq/ser-progress-replication/.venv310/bin/pip: /home/ge62niq/data/chi-gpu1/ge62niq/ser-progress-replication/.venv310/bin/python3.10: bad interpreter: No such file or directory
/bin/sh: /home/ge62niq/data/chi-gpu1/ge62niq/ser-progress-replication/.venv310/bin/pip: /home/ge62niq/data/chi-gpu1/ge62niq/ser-progress-replication/.venv310/bin/python3.10: bad interpreter: No such file or directory
/bin/sh: /home/ge62niq/data/chi-gpu1/ge62niq/ser-progress-replication/.venv310/bin/pip: /home/ge62niq/data/chi-gpu1/ge62niq/ser-progress-replication/.venv310/bin/python3.10: bad interpreter: No such file or directory
/bin/sh: /home/ge62niq/data/chi-gpu1/ge62niq/ser-progress-replication/.venv310/bin/pip: /home/ge62niq/data/chi-gpu1/ge62niq/ser-progress-replication/.venv310/bin/python3.10: bad interpreter: No such file or directory
/bin/sh: /home/ge62niq/data/chi-gpu1/ge62niq/ser-progress-replication/.venv310/bin/pip: /home/ge62niq/data/chi-gpu1/ge62niq/ser-progress-replication/.venv310/bin/python3.10: bad interpreter: No such file or directory
/bin/sh: /home/ge62niq/data/chi-gpu1/ge62niq/ser-progress-replication/.venv310/bin/pip: /home/ge62niq/data/chi-gpu1/ge62niq/ser-progress-replication/.venv310/bin/python3.10: bad interpreter: No such file or directory
/bin/sh: /home/ge62niq/data/chi-gpu1/ge62niq/ser-progress-replication/.venv310/bin/pip: /home/ge62niq/data/chi-gpu1/ge62niq/ser-progress-replication/.venv310/bin/python3.10: bad interpreter: No such file or directory
/bin/sh: /home/ge62niq/data/chi-gpu1/ge62niq/ser-progress-replication/.venv310/bin/pip: /home/ge62niq/data/chi-gpu1/ge62niq/ser-progress-replication/.venv310/bin/python3.10: bad interpreter: No such file or directory
/bin/sh: /home/ge62niq/data/chi-gpu1/ge62niq/ser-progress-replication/.venv310/bin/pip: /home/ge62niq/data/chi-gpu1/ge62niq/ser-progress-replication/.venv310/bin/python3.10: bad interpreter: No such file or directory
/bin/sh: /home/ge62niq/data/chi-gpu1/ge62niq/ser-progress-replication/.venv310/bin/pip: /home/ge62niq/data/chi-gpu1/ge62niq/ser-progress-replication/.venv310/bin/python3.10: bad interpreter: No such file or directory
/bin/sh: /home/ge62niq/data/chi-gpu1/ge62niq/ser-progress-replication/.venv310/bin/pip: /home/ge62niq/data/chi-gpu1/ge62niq/ser-progress-replication/.venv310/bin/python3.10: bad interpreter: No such file or directory
/bin/sh: /home/ge62niq/data/chi-gpu1/ge62niq/ser-progress-replication/.venv310/bin/pip: /home/ge62niq/data/chi-gpu1/ge62niq/ser-progress-replication/.venv310/bin/python3.10: bad interpreter: No such file or directory
/bin/sh: /home/ge62niq/data/chi-gpu1/ge62niq/ser-progress-replication/.venv310/bin/pip: /home/ge62niq/data/chi-gpu1/ge62niq/ser-progress-replication/.venv310/bin/python3.10: bad interpreter: No such file or directory
/bin/sh: /home/ge62niq/data/chi-gpu1/ge62niq/ser-progress-replication/.venv310/bin/pip: /home/ge62niq/data/chi-gpu1/ge62niq/ser-progress-replication/.venv310/bin/python3.10: bad interpreter: No such file or directory
/bin/sh: /home/ge62niq/data/chi-gpu1/ge62niq/ser-progress-replication/.venv310/bin/pip: /home/ge62niq/data/chi-gpu1/ge62niq/ser-progress-replication/.venv310/bin/python3.10: bad interpreter: No such file or directory
/bin/sh: /home/ge62niq/data/chi-gpu1/ge62niq/ser-progress-replication/.venv310/bin/pip: /home/ge62niq/data/chi-gpu1/ge62niq/ser-progress-replication/.venv310/bin/python3.10: bad interpreter: No such file or directory
/bin/sh: /home/ge62niq/data/chi-gpu1/ge62niq/ser-progress-replication/.venv310/bin/pip: /home/ge62niq/data/chi-gpu1/ge62niq/ser-progress-replication/.venv310/bin/python3.10: bad interpreter: No such file or directory
/bin/sh: /home/ge62niq/data/chi-gpu1/ge62niq/ser-progress-replication/.venv310/bin/pip: /home/ge62niq/data/chi-gpu1/ge62niq/ser-progress-replication/.venv310/bin/python3.10: bad interpreter: No such file or directory
/bin/sh: /home/ge62niq/data/chi-gpu1/ge62niq/ser-progress-replication/.venv310/bin/pip: /home/ge62niq/data/chi-gpu1/ge62niq/ser-progress-replication/.venv310/bin/python3.10: bad interpreter: No such file or directory
/bin/sh: /home/ge62niq/data/chi-gpu1/ge62niq/ser-progress-replication/.venv310/bin/pip: /home/ge62niq/data/chi-gpu1/ge62niq/ser-progress-replication/.venv310/bin/python3.10: bad interpreter: No such file or directory
/bin/sh: /home/ge62niq/data/chi-gpu1/ge62niq/ser-progress-replication/.venv310/bin/pip: /home/ge62niq/data/chi-gpu1/ge62niq/ser-progress-replication/.venv310/bin/python3.10: bad interpreter: No such file or directory
/bin/sh: /home/ge62niq/data/chi-gpu1/ge62niq/ser-progress-replication/.venv310/bin/pip: /home/ge62niq/data/chi-gpu1/ge62niq/ser-progress-replication/.venv310/bin/python3.10: bad interpreter: No such file or directory
/bin/sh: /home/ge62niq/data/chi-gpu1/ge62niq/ser-progress-replication/.venv310/bin/pip: /home/ge62niq/data/chi-gpu1/ge62niq/ser-progress-replication/.venv310/bin/python3.10: bad interpreter: No such file or directory
/bin/sh: /home/ge62niq/data/chi-gpu1/ge62niq/ser-progress-replication/.venv310/bin/pip: /home/ge62niq/data/chi-gpu1/ge62niq/ser-progress-replication/.venv310/bin/python3.10: bad interpreter: No such file or directory
/bin/sh: /home/ge62niq/data/chi-gpu1/ge62niq/ser-progress-replication/.venv310/bin/pip: /home/ge62niq/data/chi-gpu1/ge62niq/ser-progress-replication/.venv310/bin/python3.10: bad interpreter: No such file or directory
/bin/sh: /home/ge62niq/data/chi-gpu1/ge62niq/ser-progress-replication/.venv310/bin/pip: /home/ge62niq/data/chi-gpu1/ge62niq/ser-progress-replication/.venv310/bin/python3.10: bad interpreter: No such file or directory
/bin/sh: /home/ge62niq/data/chi-gpu1/ge62niq/ser-progress-replication/.venv310/bin/pip: /home/ge62niq/data/chi-gpu1/ge62niq/ser-progress-replication/.venv310/bin/python3.10: bad interpreter: No such file or directory
/bin/sh: /home/ge62niq/data/chi-gpu1/ge62niq/ser-progress-replication/.venv310/bin/pip: /home/ge62niq/data/chi-gpu1/ge62niq/ser-progress-replication/.venv310/bin/python3.10: bad interpreter: No such file or directory
/bin/sh: /home/ge62niq/data/chi-gpu1/ge62niq/ser-progress-replication/.venv310/bin/pip: /home/ge62niq/data/chi-gpu1/ge62niq/ser-progress-replication/.venv310/bin/python3.10: bad interpreter: No such file or directory
/bin/sh: /home/ge62niq/data/chi-gpu1/ge62niq/ser-progress-replication/.venv310/bin/pip: /home/ge62niq/data/chi-gpu1/ge62niq/ser-progress-replication/.venv310/bin/python3.10: bad interpreter: No such file or directory
/bin/sh: /home/ge62niq/data/chi-gpu1/ge62niq/ser-progress-replication/.venv310/bin/pip: /home/ge62niq/data/chi-gpu1/ge62niq/ser-progress-replication/.venv310/bin/python3.10: bad interpreter: No such file or directory
/bin/sh: /home/ge62niq/data/chi-gpu1/ge62niq/ser-progress-replication/.venv310/bin/pip: /home/ge62niq/data/chi-gpu1/ge62niq/ser-progress-replication/.venv310/bin/python3.10: bad interpreter: No such file or directory
Error executing job with overrides: ["+loggers=['autrainer.loggers.TensorBoardLogger']", '+seed=1', '+learning_rate=0.01', '+batch_size=4', 'dataset=AIBO-2cl-IS09-llds', 'model=Seq-FFNN-IS09', 'optimizer=Adam']
Error in call to target 'autrainer.datasets.aibo.AIBO':
TypeError("AIBO.__init__() got an unexpected keyword argument 'standardize'")

Set the environment variable HYDRA_FULL_ERROR=1 for a complete stack trace.
slurmstepd: error: pam_close_session: Cannot make/remove an entry for the specified session
